[6089:0x73fe720]      179 ms: Scavenge 6.0 (6.1) -> 5.4 (7.1) MB, 1.9 / 0.0 ms  (average mu = 1.000, current mu = 1.000) allocation failure; 
[6089:0x73fe720]      233 ms: Scavenge 6.2 (7.4) -> 5.8 (7.9) MB, 2.6 / 0.0 ms  (average mu = 1.000, current mu = 1.000) allocation failure; 
[6089:0x73fe720]      307 ms: Scavenge 7.0 (8.1) -> 6.4 (8.6) MB, 1.4 / 0.0 ms  (average mu = 1.000, current mu = 1.000) allocation failure; 
[6089:0x73fe720]      335 ms: Scavenge 7.3 (8.6) -> 6.8 (11.1) MB, 1.2 / 0.0 ms  (average mu = 1.000, current mu = 1.000) allocation failure; 
[6089:0x73fe720]      376 ms: Scavenge 9.1 (11.3) -> 8.1 (11.9) MB, 1.6 / 0.0 ms  (average mu = 1.000, current mu = 1.000) allocation failure; 
[6089:0x73fe720]      409 ms: Scavenge 9.4 (11.9) -> 8.4 (12.6) MB, 1.8 / 0.0 ms  (average mu = 1.000, current mu = 1.000) allocation failure; 
listening to port 8001
[6089:0x73fe720]      920 ms: Scavenge 10.0 (12.6) -> 8.4 (16.6) MB, 2.6 / 0.0 ms  (average mu = 1.000, current mu = 1.000) allocation failure; 
[6089:0x73fe720]      939 ms: Scavenge 12.2 (16.6) -> 8.5 (17.1) MB, 1.0 / 0.0 ms  (average mu = 1.000, current mu = 1.000) allocation failure; 
[6089:0x73fe720]      945 ms: Scavenge 12.3 (17.1) -> 8.5 (17.1) MB, 0.8 / 0.0 ms  (average mu = 1.000, current mu = 1.000) allocation failure; 
[6089:0x73fe720]      952 ms: Scavenge 12.3 (17.1) -> 8.5 (17.1) MB, 0.8 / 0.0 ms  (average mu = 1.000, current mu = 1.000) allocation failure; 
[6089:0x73fe720]      956 ms: Scavenge 12.4 (17.1) -> 8.6 (17.1) MB, 0.4 / 0.0 ms  (average mu = 1.000, current mu = 1.000) allocation failure; 
[6089:0x73fe720]      960 ms: Scavenge 12.4 (17.1) -> 8.6 (17.1) MB, 0.5 / 0.0 ms  (average mu = 1.000, current mu = 1.000) allocation failure; 
[6089:0x73fe720]      963 ms: Scavenge 12.4 (17.1) -> 8.6 (17.1) MB, 0.4 / 0.0 ms  (average mu = 1.000, current mu = 1.000) allocation failure; 
[6089:0x73fe720]      966 ms: Scavenge 12.4 (17.1) -> 8.6 (17.1) MB, 0.4 / 0.0 ms  (average mu = 1.000, current mu = 1.000) allocation failure; 
[6089:0x73fe720]      970 ms: Scavenge 12.4 (17.1) -> 8.6 (17.1) MB, 0.5 / 0.0 ms  (average mu = 1.000, current mu = 1.000) allocation failure; 
[6089:0x73fe720]      973 ms: Scavenge 12.4 (17.1) -> 8.6 (17.1) MB, 0.3 / 0.0 ms  (average mu = 1.000, current mu = 1.000) allocation failure; 
[6089:0x73fe720]      974 ms: Scavenge 12.4 (17.1) -> 8.6 (17.1) MB, 0.2 / 0.0 ms  (average mu = 1.000, current mu = 1.000) allocation failure; 
[6089:0x73fe720]      976 ms: Scavenge 12.4 (17.1) -> 8.6 (17.1) MB, 0.4 / 0.0 ms  (average mu = 1.000, current mu = 1.000) allocation failure; 
[6089:0x73fe720]      978 ms: Scavenge 12.4 (17.1) -> 8.7 (17.1) MB, 0.4 / 0.0 ms  (average mu = 1.000, current mu = 1.000) allocation failure; 
[6089:0x73fe720]      980 ms: Scavenge 12.5 (17.1) -> 8.7 (17.1) MB, 0.3 / 0.0 ms  (average mu = 1.000, current mu = 1.000) allocation failure; 
[6089:0x73fe720]      982 ms: Scavenge 12.5 (17.1) -> 8.7 (17.1) MB, 0.4 / 0.0 ms  (average mu = 1.000, current mu = 1.000) allocation failure; 
[6089:0x73fe720]      984 ms: Scavenge 12.5 (17.1) -> 8.7 (17.1) MB, 0.3 / 0.0 ms  (average mu = 1.000, current mu = 1.000) allocation failure; 
[6089:0x73fe720]      986 ms: Scavenge 12.5 (17.1) -> 8.7 (17.1) MB, 0.4 / 0.0 ms  (average mu = 1.000, current mu = 1.000) allocation failure; 
[6089:0x73fe720]      989 ms: Scavenge 12.5 (17.1) -> 8.7 (17.1) MB, 0.4 / 0.0 ms  (average mu = 1.000, current mu = 1.000) allocation failure; 
[6089:0x73fe720]      992 ms: Scavenge 12.5 (17.1) -> 8.7 (17.1) MB, 0.4 / 0.0 ms  (average mu = 1.000, current mu = 1.000) allocation failure; 
[6089:0x73fe720]      994 ms: Scavenge 12.5 (17.1) -> 8.7 (17.1) MB, 0.3 / 0.0 ms  (average mu = 1.000, current mu = 1.000) allocation failure; 
[6089:0x73fe720]      996 ms: Scavenge 12.5 (17.1) -> 8.8 (17.1) MB, 0.4 / 0.0 ms  (average mu = 1.000, current mu = 1.000) allocation failure; 
[6089:0x73fe720]      999 ms: Scavenge 12.6 (17.1) -> 8.8 (17.1) MB, 0.4 / 0.0 ms  (average mu = 1.000, current mu = 1.000) allocation failure; 
[6089:0x73fe720]     1000 ms: Scavenge 12.6 (17.1) -> 8.8 (17.1) MB, 0.2 / 0.0 ms  (average mu = 1.000, current mu = 1.000) allocation failure; 
[6089:0x73fe720]     1002 ms: Scavenge 12.6 (17.1) -> 8.8 (17.1) MB, 0.2 / 0.0 ms  (average mu = 1.000, current mu = 1.000) allocation failure; 
[6089:0x73fe720]     1004 ms: Scavenge 12.6 (17.1) -> 8.8 (17.1) MB, 0.4 / 0.0 ms  (average mu = 1.000, current mu = 1.000) allocation failure; 
[6089:0x73fe720]     1006 ms: Scavenge 12.6 (17.1) -> 8.8 (17.1) MB, 0.4 / 0.0 ms  (average mu = 1.000, current mu = 1.000) allocation failure; 
[6089:0x73fe720]     1008 ms: Scavenge 12.6 (17.1) -> 8.8 (17.1) MB, 0.4 / 0.0 ms  (average mu = 1.000, current mu = 1.000) allocation failure; 
[6089:0x73fe720]     1010 ms: Scavenge 12.6 (17.1) -> 8.8 (17.1) MB, 0.3 / 0.0 ms  (average mu = 1.000, current mu = 1.000) allocation failure; 
[6089:0x73fe720]     1012 ms: Scavenge 12.6 (17.1) -> 8.8 (17.1) MB, 0.3 / 0.0 ms  (average mu = 1.000, current mu = 1.000) allocation failure; 
[6089:0x73fe720]     1013 ms: Scavenge 12.7 (17.1) -> 8.9 (17.1) MB, 0.2 / 0.0 ms  (average mu = 1.000, current mu = 1.000) allocation failure; 
[6089:0x73fe720]     1015 ms: Scavenge 12.7 (17.1) -> 8.9 (17.1) MB, 0.2 / 0.0 ms  (average mu = 1.000, current mu = 1.000) allocation failure; 
[6089:0x73fe720]     1017 ms: Scavenge 12.7 (17.1) -> 8.9 (17.1) MB, 0.2 / 0.0 ms  (average mu = 1.000, current mu = 1.000) allocation failure; 
[6089:0x73fe720]     1018 ms: Scavenge 12.7 (17.1) -> 8.9 (17.1) MB, 0.2 / 0.0 ms  (average mu = 1.000, current mu = 1.000) allocation failure; 
[6089:0x73fe720]     1020 ms: Scavenge 12.7 (17.1) -> 8.9 (17.1) MB, 0.2 / 0.0 ms  (average mu = 1.000, current mu = 1.000) allocation failure; 
[6089:0x73fe720]     1022 ms: Scavenge 12.7 (17.1) -> 8.9 (17.1) MB, 0.3 / 0.0 ms  (average mu = 1.000, current mu = 1.000) allocation failure; 
[6089:0x73fe720]     1024 ms: Scavenge 12.7 (17.1) -> 8.9 (17.1) MB, 0.2 / 0.0 ms  (average mu = 1.000, current mu = 1.000) allocation failure; 
[6089:0x73fe720]     1025 ms: Scavenge 12.7 (17.1) -> 8.9 (17.1) MB, 0.2 / 0.0 ms  (average mu = 1.000, current mu = 1.000) allocation failure; 
[6089:0x73fe720]     1028 ms: Scavenge 12.7 (17.1) -> 9.0 (25.1) MB, 0.7 / 0.0 ms  (average mu = 1.000, current mu = 1.000) allocation failure; 
[6089:0x73fe720]     1032 ms: Scavenge 16.7 (25.1) -> 9.0 (25.1) MB, 0.5 / 0.0 ms  (average mu = 1.000, current mu = 1.000) allocation failure; 
[6089:0x73fe720]     1037 ms: Scavenge 16.7 (25.1) -> 9.0 (25.1) MB, 0.5 / 0.0 ms  (average mu = 1.000, current mu = 1.000) allocation failure; 
[6089:0x73fe720]     1041 ms: Scavenge 16.7 (25.1) -> 9.0 (25.1) MB, 0.3 / 0.0 ms  (average mu = 1.000, current mu = 1.000) allocation failure; 
[6089:0x73fe720]     1044 ms: Scavenge 16.8 (25.1) -> 9.0 (25.4) MB, 0.3 / 0.0 ms  (average mu = 1.000, current mu = 1.000) allocation failure; 
[6089:0x73fe720]     1048 ms: Scavenge 16.8 (25.4) -> 9.1 (25.4) MB, 0.3 / 0.0 ms  (average mu = 1.000, current mu = 1.000) allocation failure; 
[6089:0x73fe720]     1051 ms: Scavenge 16.8 (25.4) -> 9.1 (25.4) MB, 0.4 / 0.0 ms  (average mu = 1.000, current mu = 1.000) allocation failure; 
[6089:0x73fe720]     1054 ms: Scavenge 16.8 (25.4) -> 9.1 (25.4) MB, 0.3 / 0.0 ms  (average mu = 1.000, current mu = 1.000) allocation failure; 
[6089:0x73fe720]     1058 ms: Scavenge 16.9 (25.4) -> 9.1 (25.4) MB, 0.3 / 0.0 ms  (average mu = 1.000, current mu = 1.000) allocation failure; 
[6089:0x73fe720]     1062 ms: Scavenge 16.9 (25.4) -> 9.2 (25.4) MB, 0.5 / 0.0 ms  (average mu = 1.000, current mu = 1.000) allocation failure; 
[6089:0x73fe720]     1065 ms: Scavenge 16.9 (25.4) -> 9.2 (25.4) MB, 0.3 / 0.0 ms  (average mu = 1.000, current mu = 1.000) allocation failure; 
[6089:0x73fe720]     1068 ms: Scavenge 16.9 (25.4) -> 9.2 (25.4) MB, 0.4 / 0.0 ms  (average mu = 1.000, current mu = 1.000) allocation failure; 
[6089:0x73fe720]     1072 ms: Scavenge 17.0 (25.4) -> 9.2 (25.4) MB, 0.5 / 0.0 ms  (average mu = 1.000, current mu = 1.000) allocation failure; 
[6089:0x73fe720]     1075 ms: Scavenge 17.0 (25.4) -> 9.3 (25.4) MB, 0.3 / 0.0 ms  (average mu = 1.000, current mu = 1.000) allocation failure; 
[6089:0x73fe720]     1079 ms: Scavenge 17.0 (25.4) -> 9.3 (25.6) MB, 0.3 / 0.0 ms  (average mu = 1.000, current mu = 1.000) allocation failure; 
[6089:0x73fe720]     1082 ms: Scavenge 17.0 (25.6) -> 9.3 (25.6) MB, 0.3 / 0.0 ms  (average mu = 1.000, current mu = 1.000) allocation failure; 
[6089:0x73fe720]     1085 ms: Scavenge 17.1 (25.6) -> 9.3 (25.6) MB, 0.3 / 0.0 ms  (average mu = 1.000, current mu = 1.000) allocation failure; 
[6089:0x73fe720]     1088 ms: Scavenge 17.1 (25.6) -> 9.4 (25.6) MB, 0.3 / 0.0 ms  (average mu = 1.000, current mu = 1.000) allocation failure; 
[6089:0x73fe720]     1092 ms: Scavenge 17.1 (25.6) -> 9.4 (25.6) MB, 0.4 / 0.0 ms  (average mu = 1.000, current mu = 1.000) allocation failure; 
[6089:0x73fe720]     1095 ms: Scavenge 17.1 (25.6) -> 9.4 (25.6) MB, 0.3 / 0.0 ms  (average mu = 1.000, current mu = 1.000) allocation failure; 
[6089:0x73fe720]     1099 ms: Scavenge 17.2 (25.6) -> 9.4 (25.6) MB, 0.3 / 0.0 ms  (average mu = 1.000, current mu = 1.000) allocation failure; 
[6089:0x73fe720]     1102 ms: Scavenge 17.2 (25.6) -> 9.5 (25.6) MB, 0.3 / 0.0 ms  (average mu = 1.000, current mu = 1.000) allocation failure; 
[6089:0x73fe720]     1105 ms: Scavenge 17.2 (25.6) -> 9.5 (25.6) MB, 0.3 / 0.0 ms  (average mu = 1.000, current mu = 1.000) allocation failure; 
[6089:0x73fe720]     1108 ms: Scavenge 17.2 (25.6) -> 9.5 (25.6) MB, 0.3 / 0.0 ms  (average mu = 1.000, current mu = 1.000) allocation failure; 
[6089:0x73fe720]     1112 ms: Scavenge 17.3 (25.6) -> 9.5 (25.9) MB, 0.4 / 0.0 ms  (average mu = 1.000, current mu = 1.000) allocation failure; 
[6089:0x73fe720]     1115 ms: Scavenge 17.3 (25.9) -> 9.6 (25.9) MB, 0.5 / 0.0 ms  (average mu = 1.000, current mu = 1.000) allocation failure; 
[6089:0x73fe720]     1119 ms: Scavenge 17.3 (25.9) -> 9.6 (25.9) MB, 0.5 / 0.0 ms  (average mu = 1.000, current mu = 1.000) allocation failure; 
[6089:0x73fe720]     1122 ms: Scavenge 17.3 (25.9) -> 9.6 (25.9) MB, 0.4 / 0.0 ms  (average mu = 1.000, current mu = 1.000) allocation failure; 
[6089:0x73fe720]     1125 ms: Scavenge 17.4 (25.9) -> 9.6 (25.9) MB, 0.3 / 0.0 ms  (average mu = 1.000, current mu = 1.000) allocation failure; 
[6089:0x73fe720]     1129 ms: Scavenge 17.4 (25.9) -> 9.7 (25.9) MB, 0.3 / 0.0 ms  (average mu = 1.000, current mu = 1.000) allocation failure; 
[6089:0x73fe720]     1132 ms: Scavenge 17.4 (25.9) -> 9.7 (25.9) MB, 0.4 / 0.0 ms  (average mu = 1.000, current mu = 1.000) allocation failure; 
[6089:0x73fe720]     1135 ms: Scavenge 17.4 (25.9) -> 9.7 (25.9) MB, 0.3 / 0.0 ms  (average mu = 1.000, current mu = 1.000) allocation failure; 
[6089:0x73fe720]     1139 ms: Scavenge 17.5 (25.9) -> 9.7 (25.9) MB, 0.4 / 0.0 ms  (average mu = 1.000, current mu = 1.000) allocation failure; 
[6089:0x73fe720]     1142 ms: Scavenge 17.5 (25.9) -> 9.8 (25.9) MB, 0.3 / 0.0 ms  (average mu = 1.000, current mu = 1.000) allocation failure; 
[6089:0x73fe720]     1146 ms: Scavenge 17.5 (25.9) -> 9.8 (26.1) MB, 0.3 / 0.0 ms  (average mu = 1.000, current mu = 1.000) allocation failure; 
[6089:0x73fe720]     1149 ms: Scavenge 17.5 (26.1) -> 9.8 (26.1) MB, 0.3 / 0.0 ms  (average mu = 1.000, current mu = 1.000) allocation failure; 
[6089:0x73fe720]     1153 ms: Scavenge 17.6 (26.1) -> 9.8 (26.1) MB, 0.5 / 0.0 ms  (average mu = 1.000, current mu = 1.000) allocation failure; 
[6089:0x73fe720]     1156 ms: Scavenge 17.6 (26.1) -> 9.9 (26.1) MB, 0.3 / 0.0 ms  (average mu = 1.000, current mu = 1.000) allocation failure; 
[6089:0x73fe720]     1159 ms: Scavenge 17.6 (26.1) -> 9.9 (26.1) MB, 0.5 / 0.0 ms  (average mu = 1.000, current mu = 1.000) allocation failure; 
[6089:0x73fe720]     1163 ms: Scavenge 17.6 (26.1) -> 9.9 (26.1) MB, 0.3 / 0.0 ms  (average mu = 1.000, current mu = 1.000) allocation failure; 
[6089:0x73fe720]     1166 ms: Scavenge 17.7 (26.1) -> 9.9 (26.1) MB, 0.5 / 0.0 ms  (average mu = 1.000, current mu = 1.000) allocation failure; 
[6089:0x73fe720]     1170 ms: Scavenge 17.7 (26.1) -> 10.0 (26.1) MB, 0.3 / 0.0 ms  (average mu = 1.000, current mu = 1.000) allocation failure; 
[6089:0x73fe720]     1173 ms: Scavenge 17.7 (26.1) -> 10.0 (26.1) MB, 0.5 / 0.0 ms  (average mu = 1.000, current mu = 1.000) allocation failure; 
[6089:0x73fe720]     1177 ms: Scavenge 17.7 (26.1) -> 10.0 (26.1) MB, 0.3 / 0.0 ms  (average mu = 1.000, current mu = 1.000) allocation failure; 
[6089:0x73fe720]     1180 ms: Scavenge 17.7 (26.1) -> 10.0 (26.4) MB, 0.5 / 0.0 ms  (average mu = 1.000, current mu = 1.000) allocation failure; 
[6089:0x73fe720]     1184 ms: Scavenge 17.8 (26.4) -> 10.0 (26.4) MB, 0.5 / 0.0 ms  (average mu = 1.000, current mu = 1.000) allocation failure; 
[6089:0x73fe720]     1188 ms: Scavenge 17.8 (26.4) -> 10.1 (26.6) MB, 0.6 / 0.0 ms  (average mu = 1.000, current mu = 1.000) allocation failure; 
[6089:0x73fe720]     1191 ms: Scavenge 17.9 (26.6) -> 10.1 (26.6) MB, 0.4 / 0.0 ms  (average mu = 1.000, current mu = 1.000) allocation failure; 
[6089:0x73fe720]     1195 ms: Scavenge 17.9 (26.6) -> 10.2 (26.6) MB, 0.3 / 0.0 ms  (average mu = 1.000, current mu = 1.000) allocation failure; 
[6089:0x73fe720]     1198 ms: Scavenge 17.9 (26.6) -> 10.2 (26.6) MB, 0.3 / 0.0 ms  (average mu = 1.000, current mu = 1.000) allocation failure; 
[6089:0x73fe720]     1201 ms: Scavenge 17.9 (26.6) -> 10.2 (26.6) MB, 0.3 / 0.0 ms  (average mu = 1.000, current mu = 1.000) allocation failure; 
[6089:0x73fe720]     1205 ms: Scavenge 17.9 (26.6) -> 10.2 (26.6) MB, 0.3 / 0.0 ms  (average mu = 1.000, current mu = 1.000) allocation failure; 
[6089:0x73fe720]     1208 ms: Scavenge 18.0 (26.6) -> 10.3 (26.6) MB, 0.4 / 0.0 ms  (average mu = 1.000, current mu = 1.000) allocation failure; 
[6089:0x73fe720]     1212 ms: Scavenge 18.0 (26.6) -> 10.3 (26.6) MB, 0.3 / 0.0 ms  (average mu = 1.000, current mu = 1.000) allocation failure; 
[6089:0x73fe720]     1216 ms: Scavenge 18.0 (26.6) -> 10.3 (26.6) MB, 0.4 / 0.0 ms  (average mu = 1.000, current mu = 1.000) allocation failure; 
[6089:0x73fe720]     1219 ms: Scavenge 18.0 (26.6) -> 10.3 (26.6) MB, 0.3 / 0.0 ms  (average mu = 1.000, current mu = 1.000) allocation failure; 
[6089:0x73fe720]     1223 ms: Scavenge 18.1 (26.6) -> 10.3 (26.6) MB, 0.4 / 0.0 ms  (average mu = 1.000, current mu = 1.000) allocation failure; 
[6089:0x73fe720]     1226 ms: Scavenge 18.1 (26.6) -> 10.4 (26.6) MB, 0.3 / 0.0 ms  (average mu = 1.000, current mu = 1.000) allocation failure; 
[6089:0x73fe720]     1229 ms: Scavenge 18.1 (26.6) -> 10.4 (26.6) MB, 0.4 / 0.0 ms  (average mu = 1.000, current mu = 1.000) allocation failure; 
[6089:0x73fe720]     1233 ms: Scavenge 18.1 (26.6) -> 10.4 (26.6) MB, 0.3 / 0.0 ms  (average mu = 1.000, current mu = 1.000) allocation failure; 
[6089:0x73fe720]     1236 ms: Scavenge 18.2 (26.6) -> 10.4 (26.6) MB, 0.4 / 0.0 ms  (average mu = 1.000, current mu = 1.000) allocation failure; 
[6089:0x73fe720]     1240 ms: Scavenge 18.2 (26.6) -> 10.5 (26.6) MB, 0.3 / 0.0 ms  (average mu = 1.000, current mu = 1.000) allocation failure; 
[6089:0x73fe720]     1243 ms: Scavenge 18.2 (26.6) -> 10.5 (26.6) MB, 0.4 / 0.0 ms  (average mu = 1.000, current mu = 1.000) allocation failure; 
[6089:0x73fe720]     1246 ms: Scavenge 18.2 (26.6) -> 10.5 (26.6) MB, 0.3 / 0.0 ms  (average mu = 1.000, current mu = 1.000) allocation failure; 
[6089:0x73fe720]     1250 ms: Scavenge 18.3 (26.6) -> 10.5 (26.9) MB, 0.4 / 0.0 ms  (average mu = 1.000, current mu = 1.000) allocation failure; 
[6089:0x73fe720]     1253 ms: Scavenge 18.3 (26.9) -> 10.6 (42.9) MB, 0.7 / 0.0 ms  (average mu = 1.000, current mu = 1.000) allocation failure; 
[6089:0x73fe720]     1261 ms: Scavenge 26.2 (42.9) -> 10.6 (42.9) MB, 0.4 / 0.0 ms  (average mu = 1.000, current mu = 1.000) allocation failure; 
[6089:0x73fe720]     1270 ms: Scavenge 26.2 (42.9) -> 10.6 (42.9) MB, 0.7 / 0.0 ms  (average mu = 1.000, current mu = 1.000) allocation failure; 
[6089:0x73fe720]     1277 ms: Scavenge 26.2 (42.9) -> 10.7 (42.9) MB, 0.5 / 0.0 ms  (average mu = 1.000, current mu = 1.000) allocation failure; 
[6089:0x73fe720]     1284 ms: Scavenge 26.3 (42.9) -> 10.7 (42.9) MB, 0.7 / 0.0 ms  (average mu = 1.000, current mu = 1.000) allocation failure; 
[6089:0x73fe720]     1290 ms: Scavenge 26.3 (42.9) -> 10.8 (43.1) MB, 0.5 / 0.0 ms  (average mu = 1.000, current mu = 1.000) allocation failure; 
[6089:0x73fe720]     1297 ms: Scavenge 26.4 (43.1) -> 10.8 (43.1) MB, 0.6 / 0.0 ms  (average mu = 1.000, current mu = 1.000) allocation failure; 
[6089:0x73fe720]     1304 ms: Scavenge 26.4 (43.1) -> 10.9 (43.4) MB, 0.5 / 0.0 ms  (average mu = 1.000, current mu = 1.000) allocation failure; 
[6089:0x73fe720]     1310 ms: Scavenge 26.5 (43.4) -> 11.0 (43.4) MB, 0.5 / 0.0 ms  (average mu = 1.000, current mu = 1.000) allocation failure; 
[6089:0x73fe720]     1317 ms: Scavenge 26.6 (43.4) -> 11.0 (43.4) MB, 0.5 / 0.0 ms  (average mu = 1.000, current mu = 1.000) allocation failure; 
[6089:0x73fe720]     1324 ms: Scavenge 26.6 (43.4) -> 11.1 (43.4) MB, 0.5 / 0.0 ms  (average mu = 1.000, current mu = 1.000) allocation failure; 
[6089:0x73fe720]     1330 ms: Scavenge 26.7 (43.4) -> 11.1 (43.4) MB, 0.4 / 0.0 ms  (average mu = 1.000, current mu = 1.000) allocation failure; 
[6089:0x73fe720]     1337 ms: Scavenge 26.7 (43.4) -> 11.2 (43.4) MB, 0.6 / 0.0 ms  (average mu = 1.000, current mu = 1.000) allocation failure; 
[6089:0x73fe720]     1343 ms: Scavenge 26.8 (43.4) -> 11.2 (43.4) MB, 0.5 / 0.0 ms  (average mu = 1.000, current mu = 1.000) allocation failure; 
[6089:0x73fe720]     1350 ms: Scavenge 26.8 (43.4) -> 11.3 (43.6) MB, 0.5 / 0.0 ms  (average mu = 1.000, current mu = 1.000) allocation failure; 
[6089:0x73fe720]     1356 ms: Scavenge 26.9 (43.6) -> 11.3 (43.6) MB, 0.5 / 0.0 ms  (average mu = 1.000, current mu = 1.000) allocation failure; 
[6089:0x73fe720]     1362 ms: Scavenge 26.9 (43.6) -> 11.4 (43.6) MB, 0.4 / 0.0 ms  (average mu = 1.000, current mu = 1.000) allocation failure; 
[6089:0x73fe720]     1369 ms: Scavenge 27.0 (43.6) -> 11.4 (43.6) MB, 0.6 / 0.0 ms  (average mu = 1.000, current mu = 1.000) allocation failure; 
[6089:0x73fe720]     1375 ms: Scavenge 27.0 (43.6) -> 11.5 (43.6) MB, 0.5 / 0.0 ms  (average mu = 1.000, current mu = 1.000) allocation failure; 
[6089:0x73fe720]     1381 ms: Scavenge 27.1 (43.6) -> 11.5 (43.6) MB, 0.4 / 0.0 ms  (average mu = 1.000, current mu = 1.000) allocation failure; 
[6089:0x73fe720]     1388 ms: Scavenge 27.1 (43.6) -> 11.6 (43.9) MB, 0.7 / 0.0 ms  (average mu = 1.000, current mu = 1.000) allocation failure; 
[6089:0x73fe720]     1395 ms: Scavenge 27.2 (43.9) -> 11.6 (43.9) MB, 0.5 / 0.0 ms  (average mu = 1.000, current mu = 1.000) allocation failure; 
[6089:0x73fe720]     1401 ms: Scavenge 27.2 (43.9) -> 11.7 (43.9) MB, 0.5 / 0.0 ms  (average mu = 1.000, current mu = 1.000) allocation failure; 
[6089:0x73fe720]     1407 ms: Scavenge 27.2 (43.9) -> 11.7 (43.9) MB, 0.5 / 0.0 ms  (average mu = 1.000, current mu = 1.000) allocation failure; 
[6089:0x73fe720]     1414 ms: Scavenge 27.3 (43.9) -> 11.8 (43.9) MB, 0.5 / 0.0 ms  (average mu = 1.000, current mu = 1.000) allocation failure; 
[6089:0x73fe720]     1420 ms: Scavenge 27.3 (43.9) -> 11.8 (44.1) MB, 0.4 / 0.0 ms  (average mu = 1.000, current mu = 1.000) allocation failure; 
[6089:0x73fe720]     1426 ms: Scavenge 27.4 (44.1) -> 11.8 (44.1) MB, 0.4 / 0.0 ms  (average mu = 1.000, current mu = 1.000) allocation failure; 
[6089:0x73fe720]     1432 ms: Scavenge 27.4 (44.1) -> 11.9 (44.1) MB, 0.4 / 0.0 ms  (average mu = 1.000, current mu = 1.000) allocation failure; 
[6089:0x73fe720]     1438 ms: Scavenge 27.5 (44.1) -> 11.9 (44.1) MB, 0.6 / 0.0 ms  (average mu = 1.000, current mu = 1.000) allocation failure; 
[6089:0x73fe720]     1444 ms: Scavenge 27.5 (44.1) -> 12.0 (44.1) MB, 0.5 / 0.0 ms  (average mu = 1.000, current mu = 1.000) allocation failure; 
[6089:0x73fe720]     1450 ms: Scavenge 27.6 (44.1) -> 12.1 (44.6) MB, 0.5 / 0.0 ms  (average mu = 1.000, current mu = 1.000) allocation failure; 
[6089:0x73fe720]     1456 ms: Scavenge 27.7 (44.6) -> 12.2 (44.6) MB, 0.6 / 0.0 ms  (average mu = 1.000, current mu = 1.000) allocation failure; 
[6089:0x73fe720]     1462 ms: Scavenge 27.8 (44.6) -> 12.2 (44.6) MB, 0.4 / 0.0 ms  (average mu = 1.000, current mu = 1.000) allocation failure; 
[6089:0x73fe720]     1468 ms: Scavenge 27.8 (44.6) -> 12.3 (44.6) MB, 0.6 / 0.0 ms  (average mu = 1.000, current mu = 1.000) allocation failure; 
[6089:0x73fe720]     1475 ms: Scavenge 27.8 (44.6) -> 12.3 (44.6) MB, 0.6 / 0.0 ms  (average mu = 1.000, current mu = 1.000) allocation failure; 
[6089:0x73fe720]     1482 ms: Scavenge 27.9 (44.6) -> 12.4 (44.6) MB, 0.7 / 0.0 ms  (average mu = 1.000, current mu = 1.000) allocation failure; 
[6089:0x73fe720]     1487 ms: Scavenge 27.9 (44.6) -> 12.4 (44.6) MB, 0.4 / 0.0 ms  (average mu = 1.000, current mu = 1.000) allocation failure; 
[6089:0x73fe720]     1493 ms: Scavenge 28.0 (44.6) -> 12.5 (44.6) MB, 0.4 / 0.0 ms  (average mu = 1.000, current mu = 1.000) allocation failure; 
[6089:0x73fe720]     1499 ms: Scavenge 28.0 (44.6) -> 12.5 (44.6) MB, 0.4 / 0.0 ms  (average mu = 1.000, current mu = 1.000) allocation failure; 
[6089:0x73fe720]     1505 ms: Scavenge 28.1 (44.6) -> 12.5 (44.9) MB, 0.4 / 0.0 ms  (average mu = 1.000, current mu = 1.000) allocation failure; 
[6089:0x73fe720]     1511 ms: Scavenge 28.1 (44.9) -> 12.6 (44.9) MB, 0.4 / 0.0 ms  (average mu = 1.000, current mu = 1.000) allocation failure; 
[6089:0x73fe720]     1517 ms: Scavenge 28.2 (44.9) -> 12.7 (44.9) MB, 0.4 / 0.0 ms  (average mu = 1.000, current mu = 1.000) allocation failure; 
[6089:0x73fe720]     1522 ms: Scavenge 28.2 (44.9) -> 12.7 (44.9) MB, 0.5 / 0.0 ms  (average mu = 1.000, current mu = 1.000) allocation failure; 
[6089:0x73fe720]     1529 ms: Scavenge 28.3 (44.9) -> 12.7 (44.9) MB, 0.6 / 0.0 ms  (average mu = 1.000, current mu = 1.000) allocation failure; 
[6089:0x73fe720]     1535 ms: Scavenge 28.3 (44.9) -> 12.8 (45.1) MB, 0.6 / 0.0 ms  (average mu = 1.000, current mu = 1.000) allocation failure; 
[6089:0x73fe720]     1541 ms: Scavenge 28.4 (45.1) -> 12.8 (45.1) MB, 0.5 / 0.0 ms  (average mu = 1.000, current mu = 1.000) allocation failure; 
[6089:0x73fe720]     1547 ms: Scavenge 28.4 (45.1) -> 12.9 (45.1) MB, 0.5 / 0.0 ms  (average mu = 1.000, current mu = 1.000) allocation failure; 
[6089:0x73fe720]     1554 ms: Scavenge 28.5 (45.1) -> 12.9 (45.1) MB, 0.5 / 0.0 ms  (average mu = 1.000, current mu = 1.000) allocation failure; 
[6089:0x73fe720]     1560 ms: Scavenge 28.5 (45.1) -> 13.0 (45.1) MB, 0.6 / 0.0 ms  (average mu = 1.000, current mu = 1.000) allocation failure; 
[6089:0x73fe720]     1566 ms: Scavenge 28.6 (45.1) -> 13.0 (45.4) MB, 0.5 / 0.0 ms  (average mu = 1.000, current mu = 1.000) allocation failure; 
[6089:0x73fe720]     1572 ms: Scavenge 28.6 (45.4) -> 13.1 (45.4) MB, 0.5 / 0.0 ms  (average mu = 1.000, current mu = 1.000) allocation failure; 
[6089:0x73fe720]     1580 ms: Scavenge 28.7 (45.4) -> 13.1 (45.4) MB, 0.7 / 0.0 ms  (average mu = 1.000, current mu = 1.000) allocation failure; 
[6089:0x73fe720]     1590 ms: Scavenge 28.7 (45.4) -> 13.2 (45.4) MB, 0.7 / 0.0 ms  (average mu = 1.000, current mu = 1.000) allocation failure; 
[6089:0x73fe720]     1597 ms: Scavenge 28.8 (45.4) -> 13.2 (45.4) MB, 0.5 / 0.0 ms  (average mu = 1.000, current mu = 1.000) allocation failure; 
[6089:0x73fe720]     1604 ms: Scavenge 28.8 (45.4) -> 13.3 (45.6) MB, 0.4 / 0.0 ms  (average mu = 1.000, current mu = 1.000) allocation failure; 
[6089:0x73fe720]     1610 ms: Scavenge 28.9 (45.6) -> 13.3 (45.6) MB, 0.6 / 0.0 ms  (average mu = 1.000, current mu = 1.000) allocation failure; 
[6089:0x73fe720]     1616 ms: Scavenge 28.9 (45.6) -> 13.4 (45.6) MB, 0.4 / 0.0 ms  (average mu = 1.000, current mu = 1.000) allocation failure; 
[6089:0x73fe720]     1622 ms: Scavenge 28.9 (45.6) -> 13.4 (45.6) MB, 0.6 / 0.0 ms  (average mu = 1.000, current mu = 1.000) allocation failure; 
[6089:0x73fe720]     1628 ms: Scavenge 29.0 (45.6) -> 13.5 (45.6) MB, 0.5 / 0.0 ms  (average mu = 1.000, current mu = 1.000) allocation failure; 
[6089:0x73fe720]     1634 ms: Scavenge 29.0 (45.6) -> 13.5 (45.9) MB, 0.5 / 0.0 ms  (average mu = 1.000, current mu = 1.000) allocation failure; 
[6089:0x73fe720]     1640 ms: Scavenge 29.1 (45.9) -> 13.6 (45.9) MB, 0.4 / 0.0 ms  (average mu = 1.000, current mu = 1.000) allocation failure; 
[6089:0x73fe720]     1646 ms: Scavenge 29.1 (45.9) -> 13.6 (45.9) MB, 0.6 / 0.0 ms  (average mu = 1.000, current mu = 1.000) allocation failure; 
[6089:0x73fe720]     1652 ms: Scavenge 29.2 (45.9) -> 13.6 (45.9) MB, 0.5 / 0.0 ms  (average mu = 1.000, current mu = 1.000) allocation failure; 
[6089:0x73fe720]     1658 ms: Scavenge 29.2 (45.9) -> 13.7 (45.9) MB, 0.5 / 0.0 ms  (average mu = 1.000, current mu = 1.000) allocation failure; 
[6089:0x73fe720]     1664 ms: Scavenge 29.3 (45.9) -> 13.7 (46.1) MB, 0.5 / 0.0 ms  (average mu = 1.000, current mu = 1.000) allocation failure; 
[6089:0x73fe720]     1673 ms: Mark-sweep 17.3 (46.1) -> 13.7 (47.4) MB, 2.6 / 0.0 ms  (+ 3.9 ms in 33 steps since start of marking, biggest step 0.2 ms, walltime since start of marking 8 ms) (average mu = 1.000, current mu = 1.000) finalize incremental marking via stack guard; GC in old space requested
[6089:0x73fe720]     1679 ms: Scavenge 29.5 (47.4) -> 13.9 (47.4) MB, 0.5 / 0.0 ms  (average mu = 1.000, current mu = 1.000) allocation failure; 
[6089:0x73fe720]     1685 ms: Scavenge 29.4 (47.4) -> 14.0 (47.6) MB, 0.6 / 0.0 ms  (average mu = 1.000, current mu = 1.000) allocation failure; 
[6089:0x73fe720]     1691 ms: Scavenge 29.6 (47.6) -> 14.1 (47.6) MB, 0.4 / 0.0 ms  (average mu = 1.000, current mu = 1.000) allocation failure; 
[6089:0x73fe720]     1697 ms: Scavenge 29.7 (47.6) -> 14.1 (47.6) MB, 0.5 / 0.0 ms  (average mu = 1.000, current mu = 1.000) allocation failure; 
[6089:0x73fe720]     1703 ms: Scavenge 29.7 (47.6) -> 14.2 (47.6) MB, 0.5 / 0.0 ms  (average mu = 1.000, current mu = 1.000) allocation failure; 
[6089:0x73fe720]     1709 ms: Scavenge 29.8 (47.6) -> 14.2 (47.6) MB, 0.5 / 0.0 ms  (average mu = 1.000, current mu = 1.000) allocation failure; 
[6089:0x73fe720]     1715 ms: Scavenge 29.8 (47.6) -> 14.3 (47.6) MB, 0.5 / 0.0 ms  (average mu = 1.000, current mu = 1.000) allocation failure; 
[6089:0x73fe720]     1721 ms: Scavenge 29.9 (47.6) -> 14.3 (47.6) MB, 0.5 / 0.0 ms  (average mu = 1.000, current mu = 1.000) allocation failure; 
[6089:0x73fe720]     1727 ms: Scavenge 29.9 (47.6) -> 14.4 (47.6) MB, 0.5 / 0.0 ms  (average mu = 1.000, current mu = 1.000) allocation failure; 
[6089:0x73fe720]     1733 ms: Scavenge 29.9 (47.6) -> 14.4 (47.6) MB, 0.5 / 0.0 ms  (average mu = 1.000, current mu = 1.000) allocation failure; 
[6089:0x73fe720]     1739 ms: Scavenge 30.0 (47.6) -> 14.5 (47.6) MB, 0.5 / 0.0 ms  (average mu = 1.000, current mu = 1.000) allocation failure; 
[6089:0x73fe720]     1745 ms: Scavenge 30.0 (47.6) -> 14.5 (47.6) MB, 0.4 / 0.0 ms  (average mu = 1.000, current mu = 1.000) allocation failure; 
[6089:0x73fe720]     1750 ms: Scavenge 30.1 (47.6) -> 14.5 (47.6) MB, 0.5 / 0.0 ms  (average mu = 1.000, current mu = 1.000) allocation failure; 
[6089:0x73fe720]     1756 ms: Scavenge 30.1 (47.6) -> 14.6 (47.6) MB, 0.4 / 0.0 ms  (average mu = 1.000, current mu = 1.000) allocation failure; 
[6089:0x73fe720]     1762 ms: Scavenge 30.2 (47.6) -> 14.6 (47.6) MB, 0.6 / 0.0 ms  (average mu = 1.000, current mu = 1.000) allocation failure; 
[6089:0x73fe720]     1768 ms: Scavenge 30.2 (47.6) -> 14.7 (47.6) MB, 0.4 / 0.0 ms  (average mu = 1.000, current mu = 1.000) allocation failure; 
[6089:0x73fe720]     1774 ms: Scavenge 30.3 (47.6) -> 14.8 (47.6) MB, 0.5 / 0.0 ms  (average mu = 1.000, current mu = 1.000) allocation failure; 
[6089:0x73fe720]     1780 ms: Scavenge 30.3 (47.6) -> 14.8 (47.6) MB, 0.5 / 0.0 ms  (average mu = 1.000, current mu = 1.000) allocation failure; 
[6089:0x73fe720]     1786 ms: Scavenge 30.4 (47.6) -> 14.8 (47.6) MB, 0.4 / 0.0 ms  (average mu = 1.000, current mu = 1.000) allocation failure; 
[6089:0x73fe720]     1791 ms: Scavenge 30.4 (47.6) -> 14.9 (47.6) MB, 0.4 / 0.0 ms  (average mu = 1.000, current mu = 1.000) allocation failure; 
[6089:0x73fe720]     1797 ms: Scavenge 30.5 (47.6) -> 14.9 (47.6) MB, 0.5 / 0.0 ms  (average mu = 1.000, current mu = 1.000) allocation failure; 
[6089:0x73fe720]     1803 ms: Scavenge 30.5 (47.6) -> 15.0 (47.6) MB, 0.5 / 0.0 ms  (average mu = 1.000, current mu = 1.000) allocation failure; 
[6089:0x73fe720]     1809 ms: Scavenge 30.6 (47.6) -> 15.0 (47.6) MB, 0.4 / 0.0 ms  (average mu = 1.000, current mu = 1.000) allocation failure; 
[6089:0x73fe720]     1815 ms: Scavenge 30.6 (47.6) -> 15.1 (47.6) MB, 0.5 / 0.0 ms  (average mu = 1.000, current mu = 1.000) allocation failure; 
[6089:0x73fe720]     1823 ms: Scavenge 30.7 (47.6) -> 15.2 (47.9) MB, 0.5 / 0.0 ms  (average mu = 1.000, current mu = 1.000) allocation failure; 
[6089:0x73fe720]     1828 ms: Scavenge 30.8 (47.9) -> 15.2 (47.9) MB, 0.5 / 0.0 ms  (average mu = 1.000, current mu = 1.000) allocation failure; 
[6089:0x73fe720]     1834 ms: Scavenge 30.8 (47.9) -> 15.3 (47.9) MB, 0.4 / 0.0 ms  (average mu = 1.000, current mu = 1.000) allocation failure; 
[6089:0x73fe720]     1840 ms: Scavenge 30.9 (47.9) -> 15.3 (47.9) MB, 0.6 / 0.0 ms  (average mu = 1.000, current mu = 1.000) allocation failure; 
[6089:0x73fe720]     1846 ms: Scavenge 30.9 (47.9) -> 15.4 (47.9) MB, 0.4 / 0.0 ms  (average mu = 1.000, current mu = 1.000) allocation failure; 
[6089:0x73fe720]     1852 ms: Scavenge 30.9 (47.9) -> 15.4 (48.1) MB, 0.5 / 0.0 ms  (average mu = 1.000, current mu = 1.000) allocation failure; 
[6089:0x73fe720]     1857 ms: Scavenge 31.0 (48.1) -> 15.5 (48.1) MB, 0.5 / 0.0 ms  (average mu = 1.000, current mu = 1.000) allocation failure; 
[6089:0x73fe720]     1863 ms: Scavenge 31.0 (48.1) -> 15.5 (48.1) MB, 0.4 / 0.0 ms  (average mu = 1.000, current mu = 1.000) allocation failure; 
[6089:0x73fe720]     1869 ms: Scavenge 31.1 (48.1) -> 15.5 (48.1) MB, 0.5 / 0.0 ms  (average mu = 1.000, current mu = 1.000) allocation failure; 
[6089:0x73fe720]     1875 ms: Scavenge 31.1 (48.1) -> 15.6 (48.1) MB, 0.5 / 0.0 ms  (average mu = 1.000, current mu = 1.000) allocation failure; 
[6089:0x73fe720]     1881 ms: Scavenge 31.2 (48.1) -> 15.6 (48.4) MB, 0.5 / 0.0 ms  (average mu = 1.000, current mu = 1.000) allocation failure; 
[6089:0x73fe720]     1886 ms: Scavenge 31.2 (48.4) -> 15.7 (48.4) MB, 0.5 / 0.0 ms  (average mu = 1.000, current mu = 1.000) allocation failure; 
[6089:0x73fe720]     1892 ms: Scavenge 31.3 (48.4) -> 15.7 (48.4) MB, 0.4 / 0.0 ms  (average mu = 1.000, current mu = 1.000) allocation failure; 
[6089:0x73fe720]     1898 ms: Scavenge 31.3 (48.4) -> 15.8 (48.4) MB, 0.5 / 0.0 ms  (average mu = 1.000, current mu = 1.000) allocation failure; 
[6089:0x73fe720]     1903 ms: Scavenge 31.4 (48.4) -> 15.8 (48.4) MB, 0.4 / 0.0 ms  (average mu = 1.000, current mu = 1.000) allocation failure; 
[6089:0x73fe720]     1909 ms: Scavenge 31.4 (48.4) -> 15.9 (48.6) MB, 0.5 / 0.0 ms  (average mu = 1.000, current mu = 1.000) allocation failure; 
[6089:0x73fe720]     1915 ms: Scavenge 31.5 (48.6) -> 15.9 (48.6) MB, 0.4 / 0.0 ms  (average mu = 1.000, current mu = 1.000) allocation failure; 
[6089:0x73fe720]     1921 ms: Scavenge 31.5 (48.6) -> 16.0 (48.6) MB, 0.5 / 0.0 ms  (average mu = 1.000, current mu = 1.000) allocation failure; 
[6089:0x73fe720]     1926 ms: Scavenge 31.6 (48.6) -> 16.0 (48.6) MB, 0.5 / 0.0 ms  (average mu = 1.000, current mu = 1.000) allocation failure; 
[6089:0x73fe720]     1932 ms: Scavenge 31.6 (48.6) -> 16.1 (48.6) MB, 0.5 / 0.0 ms  (average mu = 1.000, current mu = 1.000) allocation failure; 
[6089:0x73fe720]     1938 ms: Scavenge 31.7 (48.6) -> 16.1 (48.9) MB, 0.4 / 0.0 ms  (average mu = 1.000, current mu = 1.000) allocation failure; 
[6089:0x73fe720]     1944 ms: Scavenge 31.7 (48.9) -> 16.2 (48.9) MB, 0.5 / 0.0 ms  (average mu = 1.000, current mu = 1.000) allocation failure; 
[6089:0x73fe720]     1950 ms: Scavenge 31.8 (48.9) -> 16.2 (48.9) MB, 0.6 / 0.0 ms  (average mu = 1.000, current mu = 1.000) allocation failure; 
[6089:0x73fe720]     1955 ms: Scavenge 31.8 (48.9) -> 16.3 (48.9) MB, 0.4 / 0.0 ms  (average mu = 1.000, current mu = 1.000) allocation failure; 
[6089:0x73fe720]     1961 ms: Scavenge 31.9 (48.9) -> 16.3 (48.9) MB, 0.6 / 0.0 ms  (average mu = 1.000, current mu = 1.000) allocation failure; 
[6089:0x73fe720]     1967 ms: Scavenge 31.9 (48.9) -> 16.4 (49.1) MB, 0.5 / 0.0 ms  (average mu = 1.000, current mu = 1.000) allocation failure; 
[6089:0x73fe720]     1973 ms: Scavenge 32.0 (49.1) -> 16.4 (49.1) MB, 0.5 / 0.0 ms  (average mu = 1.000, current mu = 1.000) allocation failure; 
[6089:0x73fe720]     1979 ms: Scavenge 32.0 (49.1) -> 16.5 (49.1) MB, 0.7 / 0.0 ms  (average mu = 1.000, current mu = 1.000) allocation failure; 
[6089:0x73fe720]     1986 ms: Scavenge 32.2 (49.3) -> 16.7 (49.3) MB, 0.6 / 0.0 ms  (average mu = 1.000, current mu = 1.000) allocation failure; 
[6089:0x73fe720]     1993 ms: Scavenge 32.3 (49.3) -> 16.8 (49.6) MB, 0.6 / 0.0 ms  (average mu = 1.000, current mu = 1.000) allocation failure; 
[6089:0x73fe720]     2000 ms: Scavenge 32.3 (49.6) -> 16.8 (49.6) MB, 0.5 / 0.0 ms  (average mu = 1.000, current mu = 1.000) allocation failure; 
[6089:0x73fe720]     2006 ms: Scavenge 32.4 (49.6) -> 16.8 (49.6) MB, 0.5 / 0.0 ms  (average mu = 1.000, current mu = 1.000) allocation failure; 
[6089:0x73fe720]     2013 ms: Scavenge 32.4 (49.6) -> 16.9 (49.6) MB, 0.5 / 0.0 ms  (average mu = 1.000, current mu = 1.000) allocation failure; 
[6089:0x73fe720]     2019 ms: Scavenge 32.5 (49.6) -> 16.9 (49.6) MB, 0.5 / 0.0 ms  (average mu = 1.000, current mu = 1.000) allocation failure; 
[6089:0x73fe720]     2025 ms: Scavenge 32.5 (49.6) -> 17.0 (49.6) MB, 0.6 / 0.0 ms  (average mu = 1.000, current mu = 1.000) allocation failure; 
[6089:0x73fe720]     2031 ms: Scavenge 32.6 (49.6) -> 17.0 (49.8) MB, 0.6 / 0.0 ms  (average mu = 1.000, current mu = 1.000) allocation failure; 
[6089:0x73fe720]     2037 ms: Scavenge 32.6 (49.8) -> 17.1 (49.8) MB, 0.5 / 0.0 ms  (average mu = 1.000, current mu = 1.000) allocation failure; 
[6089:0x73fe720]     2044 ms: Scavenge 32.7 (49.8) -> 17.1 (49.8) MB, 0.6 / 0.0 ms  (average mu = 1.000, current mu = 1.000) allocation failure; 
[6089:0x73fe720]     2050 ms: Scavenge 32.7 (49.8) -> 17.2 (49.8) MB, 0.7 / 0.0 ms  (average mu = 1.000, current mu = 1.000) allocation failure; 
[6089:0x73fe720]     2058 ms: Scavenge 32.7 (49.8) -> 17.2 (49.8) MB, 0.5 / 0.0 ms  (average mu = 1.000, current mu = 1.000) allocation failure; 
[6089:0x73fe720]     2064 ms: Scavenge 32.8 (49.8) -> 17.3 (49.8) MB, 0.5 / 0.0 ms  (average mu = 1.000, current mu = 1.000) allocation failure; 
[6089:0x73fe720]     2070 ms: Scavenge 32.8 (49.8) -> 17.3 (50.1) MB, 0.5 / 0.0 ms  (average mu = 1.000, current mu = 1.000) allocation failure; 
[6089:0x73fe720]     2077 ms: Scavenge 32.9 (50.1) -> 17.3 (50.1) MB, 0.5 / 0.0 ms  (average mu = 1.000, current mu = 1.000) allocation failure; 
[6089:0x73fe720]     2083 ms: Scavenge 32.9 (50.1) -> 17.4 (50.1) MB, 0.5 / 0.0 ms  (average mu = 1.000, current mu = 1.000) allocation failure; 
[6089:0x73fe720]     2089 ms: Scavenge 33.0 (50.1) -> 17.4 (50.1) MB, 0.5 / 0.0 ms  (average mu = 1.000, current mu = 1.000) allocation failure; 
[6089:0x73fe720]     2096 ms: Scavenge 33.0 (50.1) -> 17.5 (50.1) MB, 0.6 / 0.0 ms  (average mu = 1.000, current mu = 1.000) allocation failure; 
[6089:0x73fe720]     2102 ms: Scavenge 33.1 (50.1) -> 17.5 (50.3) MB, 0.6 / 0.0 ms  (average mu = 1.000, current mu = 1.000) allocation failure; 
[6089:0x73fe720]     2108 ms: Scavenge 33.1 (50.3) -> 17.6 (50.3) MB, 0.5 / 0.0 ms  (average mu = 1.000, current mu = 1.000) allocation failure; 
[6089:0x73fe720]     2114 ms: Scavenge 33.2 (50.3) -> 17.6 (50.3) MB, 0.5 / 0.0 ms  (average mu = 1.000, current mu = 1.000) allocation failure; 
[6089:0x73fe720]     2121 ms: Scavenge 33.2 (50.3) -> 17.7 (50.3) MB, 0.5 / 0.0 ms  (average mu = 1.000, current mu = 1.000) allocation failure; 
[6089:0x73fe720]     2127 ms: Scavenge 33.3 (50.3) -> 17.7 (50.3) MB, 0.4 / 0.0 ms  (average mu = 1.000, current mu = 1.000) allocation failure; 
[6089:0x73fe720]     2133 ms: Scavenge 33.3 (50.3) -> 17.8 (50.6) MB, 0.6 / 0.0 ms  (average mu = 1.000, current mu = 1.000) allocation failure; 
[6089:0x73fe720]     2139 ms: Scavenge 33.4 (50.6) -> 17.8 (50.6) MB, 0.5 / 0.0 ms  (average mu = 1.000, current mu = 1.000) allocation failure; 
[6089:0x73fe720]     2145 ms: Scavenge 33.4 (50.6) -> 17.9 (50.6) MB, 0.5 / 0.0 ms  (average mu = 1.000, current mu = 1.000) allocation failure; 
[6089:0x73fe720]     2151 ms: Scavenge 33.5 (50.6) -> 17.9 (50.6) MB, 0.4 / 0.0 ms  (average mu = 1.000, current mu = 1.000) allocation failure; 
[6089:0x73fe720]     2157 ms: Scavenge 33.5 (50.6) -> 18.0 (50.6) MB, 0.6 / 0.0 ms  (average mu = 1.000, current mu = 1.000) allocation failure; 
[6089:0x73fe720]     2163 ms: Scavenge 33.6 (50.6) -> 18.0 (50.8) MB, 0.6 / 0.0 ms  (average mu = 1.000, current mu = 1.000) allocation failure; 
[6089:0x73fe720]     2169 ms: Scavenge 33.6 (50.8) -> 18.1 (50.8) MB, 0.5 / 0.0 ms  (average mu = 1.000, current mu = 1.000) allocation failure; 
[6089:0x73fe720]     2176 ms: Scavenge 33.7 (50.8) -> 18.1 (50.8) MB, 0.5 / 0.0 ms  (average mu = 1.000, current mu = 1.000) allocation failure; 
[6089:0x73fe720]     2182 ms: Scavenge 33.7 (50.8) -> 18.2 (50.8) MB, 0.5 / 0.0 ms  (average mu = 1.000, current mu = 1.000) allocation failure; 
[6089:0x73fe720]     2188 ms: Scavenge 33.8 (50.8) -> 18.2 (50.8) MB, 0.5 / 0.0 ms  (average mu = 1.000, current mu = 1.000) allocation failure; 
[6089:0x73fe720]     2194 ms: Scavenge 33.8 (50.8) -> 18.3 (51.1) MB, 0.5 / 0.0 ms  (average mu = 1.000, current mu = 1.000) allocation failure; 
[6089:0x73fe720]     2200 ms: Scavenge 33.8 (51.1) -> 18.3 (51.1) MB, 0.5 / 0.0 ms  (average mu = 1.000, current mu = 1.000) allocation failure; 
[6089:0x73fe720]     2206 ms: Scavenge 33.9 (51.1) -> 18.4 (51.1) MB, 0.5 / 0.0 ms  (average mu = 1.000, current mu = 1.000) allocation failure; 
[6089:0x73fe720]     2212 ms: Scavenge 33.9 (51.1) -> 18.4 (51.1) MB, 0.5 / 0.0 ms  (average mu = 1.000, current mu = 1.000) allocation failure; 
[6089:0x73fe720]     2218 ms: Scavenge 34.0 (51.1) -> 18.4 (51.1) MB, 0.5 / 0.0 ms  (average mu = 1.000, current mu = 1.000) allocation failure; 
[6089:0x73fe720]     2224 ms: Scavenge 34.0 (51.1) -> 18.5 (51.3) MB, 0.5 / 0.0 ms  (average mu = 1.000, current mu = 1.000) allocation failure; 
[6089:0x73fe720]     2229 ms: Scavenge 34.1 (51.3) -> 18.5 (51.3) MB, 0.4 / 0.0 ms  (average mu = 1.000, current mu = 1.000) allocation failure; 
[6089:0x73fe720]     2235 ms: Scavenge 34.1 (51.3) -> 18.6 (51.3) MB, 0.5 / 0.0 ms  (average mu = 1.000, current mu = 1.000) allocation failure; 
[6089:0x73fe720]     2241 ms: Scavenge 34.2 (51.3) -> 18.6 (51.3) MB, 0.4 / 0.0 ms  (average mu = 1.000, current mu = 1.000) allocation failure; 
[6089:0x73fe720]     2246 ms: Scavenge 34.2 (51.3) -> 18.7 (51.3) MB, 0.4 / 0.0 ms  (average mu = 1.000, current mu = 1.000) allocation failure; 
[6089:0x73fe720]     2252 ms: Scavenge 34.3 (51.3) -> 18.7 (51.6) MB, 0.5 / 0.0 ms  (average mu = 1.000, current mu = 1.000) allocation failure; 
[6089:0x73fe720]     2258 ms: Scavenge 34.3 (51.6) -> 18.8 (51.6) MB, 0.4 / 0.0 ms  (average mu = 1.000, current mu = 1.000) allocation failure; 
[6089:0x73fe720]     2263 ms: Scavenge 34.4 (51.6) -> 18.8 (51.6) MB, 0.4 / 0.0 ms  (average mu = 1.000, current mu = 1.000) allocation failure; 
[6089:0x73fe720]     2269 ms: Scavenge 34.4 (51.6) -> 18.9 (51.6) MB, 0.5 / 0.0 ms  (average mu = 1.000, current mu = 1.000) allocation failure; 
[6089:0x73fe720]     2275 ms: Scavenge 34.5 (51.6) -> 18.9 (51.6) MB, 0.4 / 0.0 ms  (average mu = 1.000, current mu = 1.000) allocation failure; 
[6089:0x73fe720]     2281 ms: Scavenge 34.5 (51.6) -> 19.0 (51.6) MB, 0.5 / 0.0 ms  (average mu = 1.000, current mu = 1.000) allocation failure; 
[6089:0x73fe720]     2286 ms: Scavenge 34.6 (51.6) -> 19.0 (51.8) MB, 0.4 / 0.0 ms  (average mu = 1.000, current mu = 1.000) allocation failure; 
[6089:0x73fe720]     2292 ms: Scavenge 34.6 (51.8) -> 19.1 (51.8) MB, 0.6 / 0.0 ms  (average mu = 1.000, current mu = 1.000) allocation failure; 
[6089:0x73fe720]     2298 ms: Scavenge 34.7 (51.8) -> 19.1 (51.8) MB, 0.5 / 0.0 ms  (average mu = 1.000, current mu = 1.000) allocation failure; 
[6089:0x73fe720]     2304 ms: Scavenge 34.7 (51.8) -> 19.2 (51.8) MB, 0.4 / 0.0 ms  (average mu = 1.000, current mu = 1.000) allocation failure; 
[6089:0x73fe720]     2311 ms: Scavenge 34.8 (51.8) -> 19.2 (51.8) MB, 0.5 / 0.0 ms  (average mu = 1.000, current mu = 1.000) allocation failure; 
[6089:0x73fe720]     2317 ms: Scavenge 34.8 (51.8) -> 19.3 (52.1) MB, 0.7 / 0.0 ms  (average mu = 1.000, current mu = 1.000) allocation failure; 
[6089:0x73fe720]     2323 ms: Scavenge 34.9 (52.1) -> 19.3 (52.1) MB, 0.6 / 0.0 ms  (average mu = 1.000, current mu = 1.000) allocation failure; 
[6089:0x73fe720]     2329 ms: Scavenge 34.9 (52.1) -> 19.4 (52.1) MB, 0.5 / 0.0 ms  (average mu = 1.000, current mu = 1.000) allocation failure; 
[6089:0x73fe720]     2335 ms: Scavenge 34.9 (52.1) -> 19.4 (52.1) MB, 0.4 / 0.0 ms  (average mu = 1.000, current mu = 1.000) allocation failure; 
[6089:0x73fe720]     2341 ms: Scavenge 35.0 (52.1) -> 19.5 (52.1) MB, 0.6 / 0.0 ms  (average mu = 1.000, current mu = 1.000) allocation failure; 
[6089:0x73fe720]     2347 ms: Scavenge 35.0 (52.1) -> 19.5 (52.6) MB, 0.5 / 0.0 ms  (average mu = 1.000, current mu = 1.000) allocation failure; 
[6089:0x73fe720]     2353 ms: Scavenge 35.1 (52.6) -> 19.6 (52.6) MB, 0.5 / 0.0 ms  (average mu = 1.000, current mu = 1.000) allocation failure; 
[6089:0x73fe720]     2359 ms: Scavenge 35.1 (52.6) -> 19.6 (52.6) MB, 0.6 / 0.0 ms  (average mu = 1.000, current mu = 1.000) allocation failure; 
[6089:0x73fe720]     2365 ms: Scavenge 35.2 (52.6) -> 19.7 (52.6) MB, 0.4 / 0.0 ms  (average mu = 1.000, current mu = 1.000) allocation failure; 
[6089:0x73fe720]     2371 ms: Scavenge 35.2 (52.6) -> 19.7 (52.6) MB, 0.6 / 0.0 ms  (average mu = 1.000, current mu = 1.000) allocation failure; 
[6089:0x73fe720]     2377 ms: Scavenge 35.3 (52.6) -> 19.7 (52.6) MB, 0.4 / 0.0 ms  (average mu = 1.000, current mu = 1.000) allocation failure; 
[6089:0x73fe720]     2383 ms: Scavenge 35.3 (52.6) -> 19.8 (52.6) MB, 0.6 / 0.0 ms  (average mu = 1.000, current mu = 1.000) allocation failure; 
[6089:0x73fe720]     2389 ms: Scavenge 35.4 (52.6) -> 19.8 (52.6) MB, 0.5 / 0.0 ms  (average mu = 1.000, current mu = 1.000) allocation failure; 
[6089:0x73fe720]     2395 ms: Scavenge 35.4 (52.6) -> 19.9 (52.6) MB, 0.4 / 0.0 ms  (average mu = 1.000, current mu = 1.000) allocation failure; 
[6089:0x73fe720]     2401 ms: Scavenge 35.5 (52.6) -> 19.9 (52.6) MB, 0.6 / 0.0 ms  (average mu = 1.000, current mu = 1.000) allocation failure; 
[6089:0x73fe720]     2407 ms: Scavenge 35.5 (52.6) -> 20.0 (52.8) MB, 0.4 / 0.0 ms  (average mu = 1.000, current mu = 1.000) allocation failure; 
[6089:0x73fe720]     2413 ms: Scavenge 35.6 (52.8) -> 20.0 (52.8) MB, 0.6 / 0.0 ms  (average mu = 1.000, current mu = 1.000) allocation failure; 
[6089:0x73fe720]     2419 ms: Scavenge 35.6 (52.8) -> 20.1 (52.8) MB, 0.4 / 0.0 ms  (average mu = 1.000, current mu = 1.000) allocation failure; 
[6089:0x73fe720]     2424 ms: Scavenge 35.7 (52.8) -> 20.1 (52.8) MB, 0.5 / 0.0 ms  (average mu = 1.000, current mu = 1.000) allocation failure; 
[6089:0x73fe720]     2430 ms: Scavenge 35.7 (52.8) -> 20.2 (53.1) MB, 0.6 / 0.0 ms  (average mu = 1.000, current mu = 1.000) allocation failure; 
[6089:0x73fe720]     2436 ms: Scavenge 35.8 (53.1) -> 20.2 (53.1) MB, 0.5 / 0.0 ms  (average mu = 1.000, current mu = 1.000) allocation failure; 
[6089:0x73fe720]     2442 ms: Scavenge 35.8 (53.1) -> 20.3 (53.1) MB, 0.5 / 0.0 ms  (average mu = 1.000, current mu = 1.000) allocation failure; 
[6089:0x73fe720]     2447 ms: Scavenge 35.9 (53.1) -> 20.3 (53.1) MB, 0.5 / 0.0 ms  (average mu = 1.000, current mu = 1.000) allocation failure; 
[6089:0x73fe720]     2453 ms: Scavenge 35.9 (53.1) -> 20.4 (53.1) MB, 0.5 / 0.0 ms  (average mu = 1.000, current mu = 1.000) allocation failure; 
[6089:0x73fe720]     2459 ms: Scavenge 36.0 (53.1) -> 20.4 (53.1) MB, 0.4 / 0.0 ms  (average mu = 1.000, current mu = 1.000) allocation failure; 
[6089:0x73fe720]     2465 ms: Scavenge 36.0 (53.1) -> 20.5 (53.3) MB, 0.6 / 0.0 ms  (average mu = 1.000, current mu = 1.000) allocation failure; 
[6089:0x73fe720]     2471 ms: Scavenge 36.3 (53.6) -> 20.8 (53.6) MB, 0.5 / 0.0 ms  (average mu = 1.000, current mu = 1.000) allocation failure; 
[6089:0x73fe720]     2477 ms: Scavenge 36.4 (53.6) -> 20.8 (53.8) MB, 0.5 / 0.0 ms  (average mu = 1.000, current mu = 1.000) allocation failure; 
[6089:0x73fe720]     2482 ms: Scavenge 36.4 (53.8) -> 20.9 (53.8) MB, 0.5 / 0.0 ms  (average mu = 1.000, current mu = 1.000) allocation failure; 
[6089:0x73fe720]     2489 ms: Scavenge 36.4 (53.8) -> 20.9 (53.8) MB, 0.5 / 0.0 ms  (average mu = 1.000, current mu = 1.000) allocation failure; 
[6089:0x73fe720]     2495 ms: Scavenge 36.5 (53.8) -> 21.0 (53.8) MB, 0.5 / 0.0 ms  (average mu = 1.000, current mu = 1.000) allocation failure; 
[6089:0x73fe720]     2500 ms: Scavenge 36.5 (53.8) -> 21.0 (53.8) MB, 0.5 / 0.0 ms  (average mu = 1.000, current mu = 1.000) allocation failure; 
[6089:0x73fe720]     2506 ms: Scavenge 36.6 (53.8) -> 21.0 (53.8) MB, 0.5 / 0.0 ms  (average mu = 1.000, current mu = 1.000) allocation failure; 
[6089:0x73fe720]     2512 ms: Scavenge 36.6 (53.8) -> 21.1 (53.8) MB, 0.4 / 0.0 ms  (average mu = 1.000, current mu = 1.000) allocation failure; 
[6089:0x73fe720]     2518 ms: Scavenge 36.7 (53.8) -> 21.1 (53.8) MB, 0.5 / 0.0 ms  (average mu = 1.000, current mu = 1.000) allocation failure; 
[6089:0x73fe720]     2524 ms: Scavenge 36.7 (53.8) -> 21.2 (53.8) MB, 0.5 / 0.0 ms  (average mu = 1.000, current mu = 1.000) allocation failure; 
[6089:0x73fe720]     2530 ms: Scavenge 36.8 (53.8) -> 21.2 (54.1) MB, 0.5 / 0.0 ms  (average mu = 1.000, current mu = 1.000) allocation failure; 
[6089:0x73fe720]     2536 ms: Scavenge 36.8 (54.1) -> 21.3 (54.1) MB, 0.4 / 0.0 ms  (average mu = 1.000, current mu = 1.000) allocation failure; 
[6089:0x73fe720]     2542 ms: Scavenge 36.9 (54.1) -> 21.3 (54.1) MB, 0.7 / 0.0 ms  (average mu = 1.000, current mu = 1.000) allocation failure; 
[6089:0x73fe720]     2548 ms: Scavenge 36.9 (54.1) -> 21.4 (54.1) MB, 0.5 / 0.0 ms  (average mu = 1.000, current mu = 1.000) allocation failure; 
[6089:0x73fe720]     2554 ms: Scavenge 37.0 (54.1) -> 21.4 (54.1) MB, 0.4 / 0.0 ms  (average mu = 1.000, current mu = 1.000) allocation failure; 
[6089:0x73fe720]     2559 ms: Scavenge 37.0 (54.1) -> 21.5 (54.3) MB, 0.4 / 0.0 ms  (average mu = 1.000, current mu = 1.000) allocation failure; 
[6089:0x73fe720]     2566 ms: Scavenge 37.1 (54.3) -> 21.5 (54.3) MB, 0.6 / 0.0 ms  (average mu = 1.000, current mu = 1.000) allocation failure; 
[6089:0x73fe720]     2572 ms: Scavenge 37.1 (54.3) -> 21.6 (54.3) MB, 0.5 / 0.0 ms  (average mu = 1.000, current mu = 1.000) allocation failure; 
[6089:0x73fe720]     2578 ms: Scavenge 37.2 (54.3) -> 21.6 (54.3) MB, 0.5 / 0.0 ms  (average mu = 1.000, current mu = 1.000) allocation failure; 
[6089:0x73fe720]     2583 ms: Scavenge 37.2 (54.3) -> 21.7 (54.3) MB, 0.4 / 0.0 ms  (average mu = 1.000, current mu = 1.000) allocation failure; 
[6089:0x73fe720]     2589 ms: Scavenge 37.3 (54.3) -> 21.7 (54.6) MB, 0.6 / 0.0 ms  (average mu = 1.000, current mu = 1.000) allocation failure; 
[6089:0x73fe720]     2595 ms: Scavenge 37.3 (54.6) -> 21.8 (54.6) MB, 0.5 / 0.0 ms  (average mu = 1.000, current mu = 1.000) allocation failure; 
[6089:0x73fe720]     2601 ms: Scavenge 37.4 (54.6) -> 21.8 (54.6) MB, 0.5 / 0.0 ms  (average mu = 1.000, current mu = 1.000) allocation failure; 
[6089:0x73fe720]     2607 ms: Scavenge 37.4 (54.6) -> 21.9 (54.6) MB, 0.4 / 0.0 ms  (average mu = 1.000, current mu = 1.000) allocation failure; 
[6089:0x73fe720]     2613 ms: Scavenge 37.5 (54.6) -> 21.9 (54.6) MB, 0.6 / 0.0 ms  (average mu = 1.000, current mu = 1.000) allocation failure; 
[6089:0x73fe720]     2619 ms: Scavenge 37.5 (54.6) -> 22.0 (54.8) MB, 0.4 / 0.0 ms  (average mu = 1.000, current mu = 1.000) allocation failure; 
[6089:0x73fe720]     2625 ms: Scavenge 37.5 (54.8) -> 22.0 (54.8) MB, 0.6 / 0.0 ms  (average mu = 1.000, current mu = 1.000) allocation failure; 
[6089:0x73fe720]     2631 ms: Scavenge 37.6 (54.8) -> 22.1 (54.8) MB, 0.5 / 0.0 ms  (average mu = 1.000, current mu = 1.000) allocation failure; 
[6089:0x73fe720]     2636 ms: Scavenge 37.6 (54.8) -> 22.1 (54.8) MB, 0.5 / 0.0 ms  (average mu = 1.000, current mu = 1.000) allocation failure; 
[6089:0x73fe720]     2642 ms: Scavenge 37.7 (54.8) -> 22.1 (54.8) MB, 0.5 / 0.0 ms  (average mu = 1.000, current mu = 1.000) allocation failure; 
[6089:0x73fe720]     2648 ms: Scavenge 37.7 (54.8) -> 22.2 (55.1) MB, 0.4 / 0.0 ms  (average mu = 1.000, current mu = 1.000) allocation failure; 
[6089:0x73fe720]     2654 ms: Scavenge 37.8 (55.1) -> 22.2 (55.1) MB, 0.7 / 0.0 ms  (average mu = 1.000, current mu = 1.000) allocation failure; 
[6089:0x73fe720]     2660 ms: Scavenge 37.8 (55.1) -> 22.3 (55.1) MB, 0.5 / 0.0 ms  (average mu = 1.000, current mu = 1.000) allocation failure; 
[6089:0x73fe720]     2666 ms: Scavenge 37.9 (55.1) -> 22.3 (55.1) MB, 0.4 / 0.0 ms  (average mu = 1.000, current mu = 1.000) allocation failure; 
[6089:0x73fe720]     2671 ms: Scavenge 37.9 (55.1) -> 22.4 (55.1) MB, 0.4 / 0.0 ms  (average mu = 1.000, current mu = 1.000) allocation failure; 
[6089:0x73fe720]     2677 ms: Scavenge 38.0 (55.1) -> 22.4 (55.3) MB, 0.5 / 0.0 ms  (average mu = 1.000, current mu = 1.000) allocation failure; 
[6089:0x73fe720]     2683 ms: Scavenge 38.0 (55.3) -> 22.5 (55.3) MB, 0.4 / 0.0 ms  (average mu = 1.000, current mu = 1.000) allocation failure; 
[6089:0x73fe720]     2689 ms: Scavenge 38.1 (55.3) -> 22.5 (55.3) MB, 0.6 / 0.0 ms  (average mu = 1.000, current mu = 1.000) allocation failure; 
[6089:0x73fe720]     2695 ms: Scavenge 38.1 (55.3) -> 22.6 (55.3) MB, 0.4 / 0.0 ms  (average mu = 1.000, current mu = 1.000) allocation failure; 
[6089:0x73fe720]     2700 ms: Scavenge 38.2 (55.3) -> 22.6 (55.3) MB, 0.6 / 0.0 ms  (average mu = 1.000, current mu = 1.000) allocation failure; 
[6089:0x73fe720]     2706 ms: Scavenge 38.2 (55.3) -> 22.7 (55.3) MB, 0.4 / 0.0 ms  (average mu = 1.000, current mu = 1.000) allocation failure; 
[6089:0x73fe720]     2712 ms: Scavenge 38.3 (55.3) -> 22.7 (55.6) MB, 0.6 / 0.0 ms  (average mu = 1.000, current mu = 1.000) allocation failure; 
[6089:0x73fe720]     2718 ms: Scavenge 38.3 (55.6) -> 22.8 (55.6) MB, 0.4 / 0.0 ms  (average mu = 1.000, current mu = 1.000) allocation failure; 
[6089:0x73fe720]     2724 ms: Scavenge 38.4 (55.6) -> 22.8 (55.6) MB, 0.6 / 0.0 ms  (average mu = 1.000, current mu = 1.000) allocation failure; 
[6089:0x73fe720]     2730 ms: Scavenge 38.4 (55.6) -> 22.9 (55.6) MB, 0.5 / 0.0 ms  (average mu = 1.000, current mu = 1.000) allocation failure; 
[6089:0x73fe720]     2736 ms: Scavenge 38.5 (55.6) -> 22.9 (55.6) MB, 0.5 / 0.0 ms  (average mu = 1.000, current mu = 1.000) allocation failure; 
[6089:0x73fe720]     2741 ms: Scavenge 38.5 (55.6) -> 23.0 (55.8) MB, 0.4 / 0.0 ms  (average mu = 1.000, current mu = 1.000) allocation failure; 
[6089:0x73fe720]     2747 ms: Scavenge 38.6 (55.8) -> 23.0 (55.8) MB, 0.6 / 0.0 ms  (average mu = 1.000, current mu = 1.000) allocation failure; 
[6089:0x73fe720]     2753 ms: Scavenge 38.6 (55.8) -> 23.1 (55.8) MB, 0.5 / 0.0 ms  (average mu = 1.000, current mu = 1.000) allocation failure; 
[6089:0x73fe720]     2759 ms: Scavenge 38.6 (55.8) -> 23.1 (55.8) MB, 0.4 / 0.0 ms  (average mu = 1.000, current mu = 1.000) allocation failure; 
[6089:0x73fe720]     2765 ms: Scavenge 38.7 (55.8) -> 23.2 (55.8) MB, 0.6 / 0.0 ms  (average mu = 1.000, current mu = 1.000) allocation failure; 
[6089:0x73fe720]     2770 ms: Scavenge 38.7 (55.8) -> 23.2 (56.1) MB, 0.5 / 0.0 ms  (average mu = 1.000, current mu = 1.000) allocation failure; 
[6089:0x73fe720]     2776 ms: Scavenge 38.8 (56.1) -> 23.3 (56.1) MB, 0.4 / 0.0 ms  (average mu = 1.000, current mu = 1.000) allocation failure; 
[6089:0x73fe720]     2782 ms: Scavenge 38.8 (56.1) -> 23.3 (56.1) MB, 0.6 / 0.0 ms  (average mu = 1.000, current mu = 1.000) allocation failure; 
[6089:0x73fe720]     2787 ms: Scavenge 38.9 (56.1) -> 23.4 (56.1) MB, 0.4 / 0.0 ms  (average mu = 1.000, current mu = 1.000) allocation failure; 
[6089:0x73fe720]     2793 ms: Scavenge 38.9 (56.1) -> 23.4 (56.1) MB, 0.5 / 0.0 ms  (average mu = 1.000, current mu = 1.000) allocation failure; 
[6089:0x73fe720]     2799 ms: Scavenge 39.0 (56.1) -> 23.4 (56.3) MB, 0.5 / 0.0 ms  (average mu = 1.000, current mu = 1.000) allocation failure; 
[6089:0x73fe720]     2805 ms: Scavenge 39.0 (56.3) -> 23.5 (56.3) MB, 0.4 / 0.0 ms  (average mu = 1.000, current mu = 1.000) allocation failure; 
[6089:0x73fe720]     2811 ms: Scavenge 39.1 (56.3) -> 23.5 (56.3) MB, 0.6 / 0.0 ms  (average mu = 1.000, current mu = 1.000) allocation failure; 
[6089:0x73fe720]     2816 ms: Scavenge 39.1 (56.3) -> 23.6 (56.3) MB, 0.4 / 0.0 ms  (average mu = 1.000, current mu = 1.000) allocation failure; 
[6089:0x73fe720]     2822 ms: Scavenge 39.2 (56.3) -> 23.6 (56.3) MB, 0.5 / 0.0 ms  (average mu = 1.000, current mu = 1.000) allocation failure; 
[6089:0x73fe720]     2828 ms: Scavenge 39.2 (56.3) -> 23.7 (56.6) MB, 0.5 / 0.0 ms  (average mu = 1.000, current mu = 1.000) allocation failure; 
[6089:0x73fe720]     2834 ms: Scavenge 39.3 (56.6) -> 23.7 (56.6) MB, 0.5 / 0.0 ms  (average mu = 1.000, current mu = 1.000) allocation failure; 
[6089:0x73fe720]     2840 ms: Scavenge 39.3 (56.6) -> 23.8 (56.6) MB, 0.4 / 0.0 ms  (average mu = 1.000, current mu = 1.000) allocation failure; 
[6089:0x73fe720]     2846 ms: Scavenge 39.4 (56.6) -> 23.8 (56.6) MB, 0.5 / 0.0 ms  (average mu = 1.000, current mu = 1.000) allocation failure; 
[6089:0x73fe720]     2852 ms: Scavenge 39.4 (56.6) -> 23.9 (56.6) MB, 0.5 / 0.0 ms  (average mu = 1.000, current mu = 1.000) allocation failure; 
[6089:0x73fe720]     2857 ms: Scavenge 39.5 (56.6) -> 23.9 (56.8) MB, 0.5 / 0.0 ms  (average mu = 1.000, current mu = 1.000) allocation failure; 
[6089:0x73fe720]     2863 ms: Scavenge 39.5 (56.8) -> 24.0 (56.8) MB, 0.5 / 0.0 ms  (average mu = 1.000, current mu = 1.000) allocation failure; 
[6089:0x73fe720]     2869 ms: Scavenge 39.6 (56.8) -> 24.0 (56.8) MB, 0.4 / 0.0 ms  (average mu = 1.000, current mu = 1.000) allocation failure; 
[6089:0x73fe720]     2874 ms: Scavenge 39.6 (56.8) -> 24.1 (56.8) MB, 0.4 / 0.0 ms  (average mu = 1.000, current mu = 1.000) allocation failure; 
[6089:0x73fe720]     2880 ms: Scavenge 39.7 (56.8) -> 24.1 (56.8) MB, 0.6 / 0.0 ms  (average mu = 1.000, current mu = 1.000) allocation failure; 
[6089:0x73fe720]     2886 ms: Scavenge 39.7 (56.8) -> 24.2 (57.1) MB, 0.5 / 0.0 ms  (average mu = 1.000, current mu = 1.000) allocation failure; 
[6089:0x73fe720]     2892 ms: Scavenge 39.7 (57.1) -> 24.2 (57.1) MB, 0.4 / 0.0 ms  (average mu = 1.000, current mu = 1.000) allocation failure; 
[6089:0x73fe720]     2898 ms: Scavenge 39.8 (57.1) -> 24.3 (57.1) MB, 0.6 / 0.0 ms  (average mu = 1.000, current mu = 1.000) allocation failure; 
[6089:0x73fe720]     2904 ms: Scavenge 39.8 (57.1) -> 24.3 (57.1) MB, 0.4 / 0.0 ms  (average mu = 1.000, current mu = 1.000) allocation failure; 
[6089:0x73fe720]     2909 ms: Scavenge 39.9 (57.1) -> 24.3 (57.1) MB, 0.6 / 0.0 ms  (average mu = 1.000, current mu = 1.000) allocation failure; 
[6089:0x73fe720]     2915 ms: Scavenge 39.9 (57.1) -> 24.4 (57.3) MB, 0.5 / 0.0 ms  (average mu = 1.000, current mu = 1.000) allocation failure; 
[6089:0x73fe720]     2921 ms: Scavenge 40.0 (57.3) -> 24.5 (57.3) MB, 0.4 / 0.0 ms  (average mu = 1.000, current mu = 1.000) allocation failure; 
[6089:0x73fe720]     2927 ms: Scavenge 40.0 (57.3) -> 24.5 (57.3) MB, 0.6 / 0.0 ms  (average mu = 1.000, current mu = 1.000) allocation failure; 
[6089:0x73fe720]     2933 ms: Scavenge 40.1 (57.3) -> 24.5 (57.3) MB, 0.5 / 0.0 ms  (average mu = 1.000, current mu = 1.000) allocation failure; 
[6089:0x73fe720]     2938 ms: Scavenge 40.1 (57.3) -> 24.6 (57.3) MB, 0.4 / 0.0 ms  (average mu = 1.000, current mu = 1.000) allocation failure; 
[6089:0x73fe720]     2944 ms: Scavenge 40.2 (57.3) -> 24.6 (57.3) MB, 0.4 / 0.0 ms  (average mu = 1.000, current mu = 1.000) allocation failure; 
[6089:0x73fe720]     2950 ms: Scavenge 40.2 (57.3) -> 24.7 (57.6) MB, 0.5 / 0.0 ms  (average mu = 1.000, current mu = 1.000) allocation failure; 
[6089:0x73fe720]     2956 ms: Scavenge 40.3 (57.6) -> 24.7 (57.6) MB, 0.5 / 0.0 ms  (average mu = 1.000, current mu = 1.000) allocation failure; 
[6089:0x73fe720]     2961 ms: Scavenge 40.3 (57.6) -> 24.8 (57.6) MB, 0.4 / 0.0 ms  (average mu = 1.000, current mu = 1.000) allocation failure; 
[6089:0x73fe720]     2967 ms: Scavenge 40.4 (57.6) -> 24.8 (57.6) MB, 0.5 / 0.0 ms  (average mu = 1.000, current mu = 1.000) allocation failure; 
[6089:0x73fe720]     2973 ms: Scavenge 40.4 (57.6) -> 24.9 (57.6) MB, 0.4 / 0.0 ms  (average mu = 1.000, current mu = 1.000) allocation failure; 
[6089:0x73fe720]     2979 ms: Scavenge 40.5 (57.6) -> 24.9 (57.8) MB, 0.5 / 0.0 ms  (average mu = 1.000, current mu = 1.000) allocation failure; 
[6089:0x73fe720]     2985 ms: Scavenge 40.5 (57.8) -> 25.0 (57.8) MB, 0.4 / 0.0 ms  (average mu = 1.000, current mu = 1.000) allocation failure; 
[6089:0x73fe720]     2990 ms: Scavenge 40.6 (57.8) -> 25.0 (57.8) MB, 0.4 / 0.0 ms  (average mu = 1.000, current mu = 1.000) allocation failure; 
[6089:0x73fe720]     2996 ms: Scavenge 40.6 (57.8) -> 25.1 (57.8) MB, 0.4 / 0.0 ms  (average mu = 1.000, current mu = 1.000) allocation failure; 
[6089:0x73fe720]     3002 ms: Scavenge 40.7 (57.8) -> 25.1 (57.8) MB, 0.4 / 0.0 ms  (average mu = 1.000, current mu = 1.000) allocation failure; 
[6089:0x73fe720]     3007 ms: Scavenge 40.7 (57.8) -> 25.2 (58.1) MB, 0.4 / 0.0 ms  (average mu = 1.000, current mu = 1.000) allocation failure; 
[6089:0x73fe720]     3013 ms: Scavenge 40.8 (58.1) -> 25.2 (58.1) MB, 0.5 / 0.0 ms  (average mu = 1.000, current mu = 1.000) allocation failure; 
[6089:0x73fe720]     3019 ms: Scavenge 40.8 (58.1) -> 25.3 (58.1) MB, 0.5 / 0.0 ms  (average mu = 1.000, current mu = 1.000) allocation failure; 
[6089:0x73fe720]     3025 ms: Scavenge 40.8 (58.1) -> 25.3 (58.1) MB, 0.4 / 0.0 ms  (average mu = 1.000, current mu = 1.000) allocation failure; 
[6089:0x73fe720]     3031 ms: Scavenge 40.9 (58.1) -> 25.4 (58.1) MB, 0.5 / 0.0 ms  (average mu = 1.000, current mu = 1.000) allocation failure; 
[6089:0x73fe720]     3037 ms: Scavenge 40.9 (58.1) -> 25.4 (58.3) MB, 0.5 / 0.0 ms  (average mu = 1.000, current mu = 1.000) allocation failure; 
[6089:0x73fe720]     3042 ms: Scavenge 41.0 (58.3) -> 25.5 (58.3) MB, 0.4 / 0.0 ms  (average mu = 1.000, current mu = 1.000) allocation failure; 
[6089:0x73fe720]     3049 ms: Scavenge 41.0 (58.3) -> 25.5 (58.3) MB, 0.4 / 0.0 ms  (average mu = 1.000, current mu = 1.000) allocation failure; 
[6089:0x73fe720]     3054 ms: Scavenge 41.1 (58.3) -> 25.5 (58.3) MB, 0.4 / 0.0 ms  (average mu = 1.000, current mu = 1.000) allocation failure; 
[6089:0x73fe720]     3060 ms: Scavenge 41.1 (58.3) -> 25.6 (58.3) MB, 0.5 / 0.0 ms  (average mu = 1.000, current mu = 1.000) allocation failure; 
[6089:0x73fe720]     3066 ms: Scavenge 41.2 (58.3) -> 25.6 (58.6) MB, 0.5 / 0.0 ms  (average mu = 1.000, current mu = 1.000) allocation failure; 
[6089:0x73fe720]     3073 ms: Scavenge 41.2 (58.6) -> 25.7 (58.6) MB, 0.5 / 0.0 ms  (average mu = 1.000, current mu = 1.000) allocation failure; 
[6089:0x73fe720]     3079 ms: Scavenge 41.3 (58.6) -> 25.7 (58.6) MB, 0.5 / 0.0 ms  (average mu = 1.000, current mu = 1.000) allocation failure; 
[6089:0x73fe720]     3086 ms: Scavenge 41.3 (58.6) -> 25.8 (58.6) MB, 0.5 / 0.0 ms  (average mu = 1.000, current mu = 1.000) allocation failure; 
[6089:0x73fe720]     3092 ms: Scavenge 41.4 (58.6) -> 25.8 (58.6) MB, 0.5 / 0.0 ms  (average mu = 1.000, current mu = 1.000) allocation failure; 
[6089:0x73fe720]     3098 ms: Scavenge 41.4 (58.6) -> 25.9 (58.8) MB, 0.5 / 0.0 ms  (average mu = 1.000, current mu = 1.000) allocation failure; 
[6089:0x73fe720]     3104 ms: Scavenge 41.5 (58.8) -> 25.9 (58.8) MB, 0.5 / 0.0 ms  (average mu = 1.000, current mu = 1.000) allocation failure; 
[6089:0x73fe720]     3111 ms: Scavenge 41.5 (58.8) -> 26.0 (58.8) MB, 0.5 / 0.0 ms  (average mu = 1.000, current mu = 1.000) allocation failure; 
[6089:0x73fe720]     3117 ms: Scavenge 41.6 (58.8) -> 26.0 (58.8) MB, 0.5 / 0.0 ms  (average mu = 1.000, current mu = 1.000) allocation failure; 
[6089:0x73fe720]     3123 ms: Scavenge 41.6 (58.8) -> 26.1 (58.8) MB, 0.4 / 0.0 ms  (average mu = 1.000, current mu = 1.000) allocation failure; 
[6089:0x73fe720]     3129 ms: Scavenge 41.7 (58.8) -> 26.1 (59.1) MB, 0.6 / 0.0 ms  (average mu = 1.000, current mu = 1.000) allocation failure; 
[6089:0x73fe720]     3135 ms: Scavenge 41.7 (59.1) -> 26.2 (59.1) MB, 0.5 / 0.0 ms  (average mu = 1.000, current mu = 1.000) allocation failure; 
[6089:0x73fe720]     3141 ms: Scavenge 41.8 (59.1) -> 26.2 (59.1) MB, 0.4 / 0.0 ms  (average mu = 1.000, current mu = 1.000) allocation failure; 
[6089:0x73fe720]     3147 ms: Scavenge 41.8 (59.1) -> 26.3 (59.1) MB, 0.6 / 0.0 ms  (average mu = 1.000, current mu = 1.000) allocation failure; 
[6089:0x73fe720]     3153 ms: Scavenge 41.9 (59.1) -> 26.3 (59.1) MB, 0.4 / 0.0 ms  (average mu = 1.000, current mu = 1.000) allocation failure; 
[6089:0x73fe720]     3159 ms: Scavenge 41.9 (59.1) -> 26.4 (59.1) MB, 0.6 / 0.0 ms  (average mu = 1.000, current mu = 1.000) allocation failure; 
[6089:0x73fe720]     3165 ms: Scavenge 42.0 (59.1) -> 26.4 (59.3) MB, 0.4 / 0.0 ms  (average mu = 1.000, current mu = 1.000) allocation failure; 
[6089:0x73fe720]     3171 ms: Scavenge 42.4 (59.7) -> 26.8 (59.7) MB, 0.6 / 0.0 ms  (average mu = 1.000, current mu = 1.000) allocation failure; 
[6089:0x73fe720]     3177 ms: Scavenge 42.4 (59.7) -> 26.9 (60.0) MB, 0.5 / 0.0 ms  (average mu = 1.000, current mu = 1.000) allocation failure; 
[6089:0x73fe720]     3183 ms: Scavenge 42.5 (60.0) -> 26.9 (60.0) MB, 0.4 / 0.0 ms  (average mu = 1.000, current mu = 1.000) allocation failure; 
[6089:0x73fe720]     3189 ms: Scavenge 42.5 (60.0) -> 27.0 (60.0) MB, 0.5 / 0.0 ms  (average mu = 1.000, current mu = 1.000) allocation failure; 
[6089:0x73fe720]     3195 ms: Scavenge 42.6 (60.0) -> 27.0 (60.0) MB, 0.4 / 0.0 ms  (average mu = 1.000, current mu = 1.000) allocation failure; 
[6089:0x73fe720]     3200 ms: Scavenge 42.6 (60.0) -> 27.1 (60.0) MB, 0.4 / 0.0 ms  (average mu = 1.000, current mu = 1.000) allocation failure; 
[6089:0x73fe720]     3206 ms: Scavenge 42.7 (60.0) -> 27.1 (60.0) MB, 0.4 / 0.0 ms  (average mu = 1.000, current mu = 1.000) allocation failure; 
[6089:0x73fe720]     3212 ms: Scavenge 42.7 (60.0) -> 27.2 (60.0) MB, 0.4 / 0.0 ms  (average mu = 1.000, current mu = 1.000) allocation failure; 
[6089:0x73fe720]     3217 ms: Scavenge 42.8 (60.0) -> 27.2 (60.0) MB, 0.4 / 0.0 ms  (average mu = 1.000, current mu = 1.000) allocation failure; 
[6089:0x73fe720]     3223 ms: Scavenge 42.8 (60.0) -> 27.3 (60.2) MB, 0.4 / 0.0 ms  (average mu = 1.000, current mu = 1.000) allocation failure; 
[6089:0x73fe720]     3229 ms: Scavenge 42.9 (60.2) -> 27.3 (60.2) MB, 0.5 / 0.0 ms  (average mu = 1.000, current mu = 1.000) allocation failure; 
[6089:0x73fe720]     3235 ms: Scavenge 42.9 (60.2) -> 27.4 (60.2) MB, 0.4 / 0.0 ms  (average mu = 1.000, current mu = 1.000) allocation failure; 
[6089:0x73fe720]     3240 ms: Scavenge 43.0 (60.2) -> 27.4 (60.2) MB, 0.5 / 0.0 ms  (average mu = 1.000, current mu = 1.000) allocation failure; 
[6089:0x73fe720]     3246 ms: Scavenge 43.0 (60.2) -> 27.5 (60.2) MB, 0.5 / 0.0 ms  (average mu = 1.000, current mu = 1.000) allocation failure; 
[6089:0x73fe720]     3252 ms: Scavenge 43.1 (60.2) -> 27.5 (60.5) MB, 0.5 / 0.0 ms  (average mu = 1.000, current mu = 1.000) allocation failure; 
[6089:0x73fe720]     3258 ms: Scavenge 43.1 (60.5) -> 27.6 (60.5) MB, 0.5 / 0.0 ms  (average mu = 1.000, current mu = 1.000) allocation failure; 
[6089:0x73fe720]     3264 ms: Scavenge 43.2 (60.5) -> 27.6 (60.5) MB, 0.4 / 0.0 ms  (average mu = 1.000, current mu = 1.000) allocation failure; 
[6089:0x73fe720]     3269 ms: Scavenge 43.2 (60.5) -> 27.7 (60.5) MB, 0.4 / 0.0 ms  (average mu = 1.000, current mu = 1.000) allocation failure; 
[6089:0x73fe720]     3276 ms: Scavenge 43.2 (60.5) -> 27.7 (60.5) MB, 0.5 / 0.0 ms  (average mu = 1.000, current mu = 1.000) allocation failure; 
[6089:0x73fe720]     3282 ms: Scavenge 43.3 (60.5) -> 27.8 (60.7) MB, 0.6 / 0.0 ms  (average mu = 1.000, current mu = 1.000) allocation failure; 
[6089:0x73fe720]     3288 ms: Scavenge 43.3 (60.7) -> 27.8 (60.7) MB, 0.4 / 0.0 ms  (average mu = 1.000, current mu = 1.000) allocation failure; 
[6089:0x73fe720]     3293 ms: Scavenge 43.4 (60.7) -> 27.8 (60.7) MB, 0.5 / 0.0 ms  (average mu = 1.000, current mu = 1.000) allocation failure; 
[6089:0x73fe720]     3299 ms: Scavenge 43.4 (60.7) -> 27.9 (60.7) MB, 0.5 / 0.0 ms  (average mu = 1.000, current mu = 1.000) allocation failure; 
[6089:0x73fe720]     3305 ms: Scavenge 43.5 (60.7) -> 27.9 (60.7) MB, 0.5 / 0.0 ms  (average mu = 1.000, current mu = 1.000) allocation failure; 
[6089:0x73fe720]     3311 ms: Scavenge 43.5 (60.7) -> 28.0 (61.0) MB, 0.5 / 0.0 ms  (average mu = 1.000, current mu = 1.000) allocation failure; 
[6089:0x73fe720]     3317 ms: Scavenge 43.6 (61.0) -> 28.0 (61.0) MB, 0.5 / 0.0 ms  (average mu = 1.000, current mu = 1.000) allocation failure; 
[6089:0x73fe720]     3323 ms: Scavenge 43.6 (61.0) -> 28.1 (61.0) MB, 0.5 / 0.0 ms  (average mu = 1.000, current mu = 1.000) allocation failure; 
[6089:0x73fe720]     3329 ms: Scavenge 43.7 (61.0) -> 28.1 (61.0) MB, 0.5 / 0.0 ms  (average mu = 1.000, current mu = 1.000) allocation failure; 
[6089:0x73fe720]     3336 ms: Scavenge 43.7 (61.0) -> 28.2 (61.0) MB, 0.5 / 0.0 ms  (average mu = 1.000, current mu = 1.000) allocation failure; 
[6089:0x73fe720]     3342 ms: Scavenge 43.8 (61.0) -> 28.2 (61.2) MB, 0.5 / 0.0 ms  (average mu = 1.000, current mu = 1.000) allocation failure; 
[6089:0x73fe720]     3348 ms: Scavenge 43.8 (61.2) -> 28.3 (61.5) MB, 0.6 / 0.0 ms  (average mu = 1.000, current mu = 1.000) allocation failure; 
[6089:0x73fe720]     3354 ms: Scavenge 43.9 (61.5) -> 28.3 (61.5) MB, 0.5 / 0.0 ms  (average mu = 1.000, current mu = 1.000) allocation failure; 
[6089:0x73fe720]     3359 ms: Scavenge 43.9 (61.5) -> 28.4 (61.5) MB, 0.5 / 0.0 ms  (average mu = 1.000, current mu = 1.000) allocation failure; 
[6089:0x73fe720]     3365 ms: Scavenge 44.0 (61.5) -> 28.4 (61.5) MB, 0.4 / 0.0 ms  (average mu = 1.000, current mu = 1.000) allocation failure; 
[6089:0x73fe720]     3371 ms: Scavenge 44.0 (61.5) -> 28.5 (61.5) MB, 0.5 / 0.0 ms  (average mu = 1.000, current mu = 1.000) allocation failure; 
[6089:0x73fe720]     3377 ms: Scavenge 44.1 (61.5) -> 28.5 (61.5) MB, 0.5 / 0.0 ms  (average mu = 1.000, current mu = 1.000) allocation failure; 
[6089:0x73fe720]     3383 ms: Scavenge 44.1 (61.5) -> 28.6 (61.5) MB, 0.6 / 0.0 ms  (average mu = 1.000, current mu = 1.000) allocation failure; 
[6089:0x73fe720]     3389 ms: Scavenge 44.2 (61.5) -> 28.6 (61.5) MB, 0.4 / 0.0 ms  (average mu = 1.000, current mu = 1.000) allocation failure; 
[6089:0x73fe720]     3394 ms: Scavenge 44.2 (61.5) -> 28.7 (61.5) MB, 0.6 / 0.0 ms  (average mu = 1.000, current mu = 1.000) allocation failure; 
[6089:0x73fe720]     3400 ms: Scavenge 44.3 (61.5) -> 28.7 (61.5) MB, 0.4 / 0.0 ms  (average mu = 1.000, current mu = 1.000) allocation failure; 
[6089:0x73fe720]     3406 ms: Scavenge 44.3 (61.5) -> 28.8 (61.7) MB, 0.6 / 0.0 ms  (average mu = 1.000, current mu = 1.000) allocation failure; 
[6089:0x73fe720]     3413 ms: Scavenge 44.3 (61.7) -> 28.8 (61.7) MB, 0.4 / 0.0 ms  (average mu = 1.000, current mu = 1.000) allocation failure; 
[6089:0x73fe720]     3419 ms: Scavenge 44.4 (61.7) -> 28.9 (61.7) MB, 0.6 / 0.0 ms  (average mu = 1.000, current mu = 1.000) allocation failure; 
[6089:0x73fe720]     3425 ms: Scavenge 44.4 (61.7) -> 28.9 (61.7) MB, 0.5 / 0.0 ms  (average mu = 1.000, current mu = 1.000) allocation failure; 
[6089:0x73fe720]     3431 ms: Scavenge 44.5 (61.7) -> 29.0 (61.7) MB, 0.4 / 0.0 ms  (average mu = 1.000, current mu = 1.000) allocation failure; 
[6089:0x73fe720]     3436 ms: Scavenge 44.5 (61.7) -> 29.0 (62.0) MB, 0.6 / 0.0 ms  (average mu = 1.000, current mu = 1.000) allocation failure; 
[6089:0x73fe720]     3442 ms: Scavenge 44.6 (62.0) -> 29.0 (62.0) MB, 0.5 / 0.0 ms  (average mu = 1.000, current mu = 1.000) allocation failure; 
[6089:0x73fe720]     3448 ms: Scavenge 44.6 (62.0) -> 29.1 (62.0) MB, 0.5 / 0.0 ms  (average mu = 1.000, current mu = 1.000) allocation failure; 
[6089:0x73fe720]     3454 ms: Scavenge 44.7 (62.0) -> 29.1 (62.0) MB, 0.5 / 0.0 ms  (average mu = 1.000, current mu = 1.000) allocation failure; 
[6089:0x73fe720]     3460 ms: Scavenge 44.7 (62.0) -> 29.2 (62.0) MB, 0.5 / 0.0 ms  (average mu = 1.000, current mu = 1.000) allocation failure; 
[6089:0x73fe720]     3466 ms: Scavenge 44.8 (62.0) -> 29.2 (62.2) MB, 0.5 / 0.0 ms  (average mu = 1.000, current mu = 1.000) allocation failure; 
[6089:0x73fe720]     3471 ms: Scavenge 44.8 (62.2) -> 29.3 (62.2) MB, 0.5 / 0.0 ms  (average mu = 1.000, current mu = 1.000) allocation failure; 
[6089:0x73fe720]     3477 ms: Scavenge 44.9 (62.2) -> 29.3 (62.2) MB, 0.4 / 0.0 ms  (average mu = 1.000, current mu = 1.000) allocation failure; 
[6089:0x73fe720]     3483 ms: Scavenge 44.9 (62.2) -> 29.4 (62.2) MB, 0.7 / 0.0 ms  (average mu = 1.000, current mu = 1.000) allocation failure; 
[6089:0x73fe720]     3489 ms: Scavenge 45.0 (62.2) -> 29.4 (62.5) MB, 0.5 / 0.0 ms  (average mu = 1.000, current mu = 1.000) allocation failure; 
[6089:0x73fe720]     3495 ms: Scavenge 45.0 (62.5) -> 29.5 (62.5) MB, 0.5 / 0.0 ms  (average mu = 1.000, current mu = 1.000) allocation failure; 
[6089:0x73fe720]     3501 ms: Scavenge 45.1 (62.5) -> 29.5 (62.5) MB, 0.5 / 0.0 ms  (average mu = 1.000, current mu = 1.000) allocation failure; 
[6089:0x73fe720]     3506 ms: Scavenge 45.1 (62.5) -> 29.6 (62.5) MB, 0.4 / 0.0 ms  (average mu = 1.000, current mu = 1.000) allocation failure; 
[6089:0x73fe720]     3512 ms: Scavenge 45.2 (62.5) -> 29.6 (62.5) MB, 0.6 / 0.0 ms  (average mu = 1.000, current mu = 1.000) allocation failure; 
[6089:0x73fe720]     3518 ms: Scavenge 45.2 (62.5) -> 29.7 (62.5) MB, 0.5 / 0.0 ms  (average mu = 1.000, current mu = 1.000) allocation failure; 
[6089:0x73fe720]     3524 ms: Scavenge 45.3 (62.5) -> 29.7 (62.7) MB, 0.4 / 0.0 ms  (average mu = 1.000, current mu = 1.000) allocation failure; 
[6089:0x73fe720]     3529 ms: Scavenge 45.3 (62.7) -> 29.8 (62.7) MB, 0.5 / 0.0 ms  (average mu = 1.000, current mu = 1.000) allocation failure; 
[6089:0x73fe720]     3535 ms: Scavenge 45.4 (62.7) -> 29.8 (62.7) MB, 0.6 / 0.0 ms  (average mu = 1.000, current mu = 1.000) allocation failure; 
[6089:0x73fe720]     3541 ms: Scavenge 45.4 (62.7) -> 29.9 (62.7) MB, 0.6 / 0.0 ms  (average mu = 1.000, current mu = 1.000) allocation failure; 
[6089:0x73fe720]     3548 ms: Scavenge 45.4 (62.7) -> 29.9 (62.7) MB, 0.6 / 0.0 ms  (average mu = 1.000, current mu = 1.000) allocation failure; 
[6089:0x73fe720]     3554 ms: Scavenge 45.5 (62.7) -> 30.0 (63.0) MB, 0.6 / 0.0 ms  (average mu = 1.000, current mu = 1.000) allocation failure; 
[6089:0x73fe720]     3561 ms: Scavenge 45.5 (63.0) -> 30.0 (63.0) MB, 0.5 / 0.0 ms  (average mu = 1.000, current mu = 1.000) allocation failure; 
[6089:0x73fe720]     3567 ms: Scavenge 45.6 (63.0) -> 30.0 (63.0) MB, 0.5 / 0.0 ms  (average mu = 1.000, current mu = 1.000) allocation failure; 
[6089:0x73fe720]     3573 ms: Scavenge 45.6 (63.0) -> 30.1 (63.0) MB, 0.6 / 0.0 ms  (average mu = 1.000, current mu = 1.000) allocation failure; 
[6089:0x73fe720]     3579 ms: Scavenge 45.7 (63.0) -> 30.1 (63.0) MB, 0.5 / 0.0 ms  (average mu = 1.000, current mu = 1.000) allocation failure; 
[6089:0x73fe720]     3585 ms: Scavenge 45.7 (63.0) -> 30.2 (63.0) MB, 0.5 / 0.0 ms  (average mu = 1.000, current mu = 1.000) allocation failure; 
[6089:0x73fe720]     3592 ms: Scavenge 45.8 (63.0) -> 30.2 (63.2) MB, 0.5 / 0.0 ms  (average mu = 1.000, current mu = 1.000) allocation failure; 
[6089:0x73fe720]     3598 ms: Scavenge 45.8 (63.2) -> 30.3 (63.2) MB, 0.5 / 0.0 ms  (average mu = 1.000, current mu = 1.000) allocation failure; 
[6089:0x73fe720]     3604 ms: Scavenge 45.9 (63.2) -> 30.3 (63.2) MB, 0.5 / 0.0 ms  (average mu = 1.000, current mu = 1.000) allocation failure; 
[6089:0x73fe720]     3611 ms: Scavenge 45.9 (63.2) -> 30.4 (63.2) MB, 0.6 / 0.0 ms  (average mu = 1.000, current mu = 1.000) allocation failure; 
[6089:0x73fe720]     3617 ms: Scavenge 46.0 (63.2) -> 30.4 (63.2) MB, 0.5 / 0.0 ms  (average mu = 1.000, current mu = 1.000) allocation failure; 
[6089:0x73fe720]     3623 ms: Scavenge 46.0 (63.2) -> 30.5 (63.5) MB, 0.4 / 0.0 ms  (average mu = 1.000, current mu = 1.000) allocation failure; 
[6089:0x73fe720]     3630 ms: Scavenge 46.1 (63.5) -> 30.5 (63.5) MB, 0.7 / 0.0 ms  (average mu = 1.000, current mu = 1.000) allocation failure; 
[6089:0x73fe720]     3636 ms: Scavenge 46.1 (63.5) -> 30.6 (63.5) MB, 0.5 / 0.0 ms  (average mu = 1.000, current mu = 1.000) allocation failure; 
[6089:0x73fe720]     3642 ms: Scavenge 46.2 (63.5) -> 30.6 (63.5) MB, 0.5 / 0.0 ms  (average mu = 1.000, current mu = 1.000) allocation failure; 
[6089:0x73fe720]     3648 ms: Scavenge 46.2 (63.5) -> 30.7 (63.5) MB, 0.4 / 0.0 ms  (average mu = 1.000, current mu = 1.000) allocation failure; 
[6089:0x73fe720]     3655 ms: Scavenge 46.3 (63.5) -> 30.7 (63.7) MB, 0.7 / 0.0 ms  (average mu = 1.000, current mu = 1.000) allocation failure; 
[6089:0x73fe720]     3661 ms: Scavenge 46.3 (63.7) -> 30.8 (63.7) MB, 0.5 / 0.0 ms  (average mu = 1.000, current mu = 1.000) allocation failure; 
[6089:0x73fe720]     3667 ms: Scavenge 46.4 (63.7) -> 30.8 (63.7) MB, 0.4 / 0.0 ms  (average mu = 1.000, current mu = 1.000) allocation failure; 
[6089:0x73fe720]     3673 ms: Scavenge 46.4 (63.7) -> 30.9 (63.7) MB, 0.6 / 0.0 ms  (average mu = 1.000, current mu = 1.000) allocation failure; 
[6089:0x73fe720]     3679 ms: Scavenge 46.5 (63.7) -> 30.9 (63.7) MB, 0.5 / 0.0 ms  (average mu = 1.000, current mu = 1.000) allocation failure; 
[6089:0x73fe720]     3684 ms: Scavenge 46.5 (63.7) -> 31.0 (64.0) MB, 0.5 / 0.0 ms  (average mu = 1.000, current mu = 1.000) allocation failure; 
[6089:0x73fe720]     3690 ms: Scavenge 46.5 (64.0) -> 31.0 (64.0) MB, 0.4 / 0.0 ms  (average mu = 1.000, current mu = 1.000) allocation failure; 
[6089:0x73fe720]     3696 ms: Scavenge 46.6 (64.0) -> 31.1 (64.0) MB, 0.6 / 0.0 ms  (average mu = 1.000, current mu = 1.000) allocation failure; 
[6089:0x73fe720]     3702 ms: Scavenge 46.6 (64.0) -> 31.1 (64.0) MB, 0.5 / 0.0 ms  (average mu = 1.000, current mu = 1.000) allocation failure; 
[6089:0x73fe720]     3708 ms: Scavenge 46.7 (64.0) -> 31.1 (64.0) MB, 0.5 / 0.0 ms  (average mu = 1.000, current mu = 1.000) allocation failure; 
[6089:0x73fe720]     3713 ms: Scavenge 46.7 (64.0) -> 31.2 (64.2) MB, 0.4 / 0.0 ms  (average mu = 1.000, current mu = 1.000) allocation failure; 
[6089:0x73fe720]     3719 ms: Scavenge 46.8 (64.2) -> 31.2 (64.2) MB, 0.6 / 0.0 ms  (average mu = 1.000, current mu = 1.000) allocation failure; 
[6089:0x73fe720]     3725 ms: Scavenge 46.8 (64.2) -> 31.3 (64.2) MB, 0.5 / 0.0 ms  (average mu = 1.000, current mu = 1.000) allocation failure; 
[6089:0x73fe720]     3731 ms: Scavenge 46.9 (64.2) -> 31.4 (64.2) MB, 0.4 / 0.0 ms  (average mu = 1.000, current mu = 1.000) allocation failure; 
[6089:0x73fe720]     3737 ms: Scavenge 46.9 (64.2) -> 31.4 (64.2) MB, 0.6 / 0.0 ms  (average mu = 1.000, current mu = 1.000) allocation failure; 
[6089:0x73fe720]     3742 ms: Scavenge 47.0 (64.2) -> 31.4 (64.5) MB, 0.5 / 0.0 ms  (average mu = 1.000, current mu = 1.000) allocation failure; 
[6089:0x73fe720]     3748 ms: Scavenge 47.0 (64.5) -> 31.5 (64.5) MB, 0.5 / 0.0 ms  (average mu = 1.000, current mu = 1.000) allocation failure; 
[6089:0x73fe720]     3754 ms: Scavenge 47.1 (64.5) -> 31.5 (64.5) MB, 0.5 / 0.0 ms  (average mu = 1.000, current mu = 1.000) allocation failure; 
[6089:0x73fe720]     3759 ms: Scavenge 47.1 (64.5) -> 31.6 (64.5) MB, 0.4 / 0.0 ms  (average mu = 1.000, current mu = 1.000) allocation failure; 
[6089:0x73fe720]     3765 ms: Scavenge 47.2 (64.5) -> 31.6 (64.5) MB, 0.7 / 0.0 ms  (average mu = 1.000, current mu = 1.000) allocation failure; 
[6089:0x73fe720]     3771 ms: Scavenge 47.2 (64.5) -> 31.7 (64.7) MB, 0.5 / 0.0 ms  (average mu = 1.000, current mu = 1.000) allocation failure; 
[6089:0x73fe720]     3777 ms: Scavenge 47.3 (64.7) -> 31.7 (64.7) MB, 0.5 / 0.0 ms  (average mu = 1.000, current mu = 1.000) allocation failure; 
[6089:0x73fe720]     3783 ms: Scavenge 47.3 (64.7) -> 31.8 (64.7) MB, 0.4 / 0.0 ms  (average mu = 1.000, current mu = 1.000) allocation failure; 
[6089:0x73fe720]     3789 ms: Scavenge 47.4 (64.7) -> 31.8 (64.7) MB, 0.6 / 0.0 ms  (average mu = 1.000, current mu = 1.000) allocation failure; 
[6089:0x73fe720]     3794 ms: Scavenge 47.4 (64.7) -> 31.9 (64.7) MB, 0.5 / 0.0 ms  (average mu = 1.000, current mu = 1.000) allocation failure; 
[6089:0x73fe720]     3800 ms: Scavenge 47.5 (64.7) -> 31.9 (65.0) MB, 0.5 / 0.0 ms  (average mu = 1.000, current mu = 1.000) allocation failure; 
[6089:0x73fe720]     3806 ms: Scavenge 47.5 (65.0) -> 32.0 (65.0) MB, 0.5 / 0.0 ms  (average mu = 1.000, current mu = 1.000) allocation failure; 
[6089:0x73fe720]     3812 ms: Scavenge 47.6 (65.0) -> 32.0 (65.0) MB, 0.5 / 0.0 ms  (average mu = 1.000, current mu = 1.000) allocation failure; 
[6089:0x73fe720]     3817 ms: Scavenge 47.6 (65.0) -> 32.1 (65.0) MB, 0.5 / 0.0 ms  (average mu = 1.000, current mu = 1.000) allocation failure; 
[6089:0x73fe720]     3823 ms: Scavenge 47.6 (65.0) -> 32.1 (65.0) MB, 0.4 / 0.0 ms  (average mu = 1.000, current mu = 1.000) allocation failure; 
[6089:0x73fe720]     3829 ms: Scavenge 47.7 (65.0) -> 32.2 (65.0) MB, 0.6 / 0.0 ms  (average mu = 1.000, current mu = 1.000) allocation failure; 
[6089:0x73fe720]     3835 ms: Scavenge 47.7 (65.0) -> 32.2 (65.2) MB, 0.5 / 0.0 ms  (average mu = 1.000, current mu = 1.000) allocation failure; 
[6089:0x73fe720]     3840 ms: Scavenge 47.8 (65.2) -> 32.3 (65.2) MB, 0.4 / 0.0 ms  (average mu = 1.000, current mu = 1.000) allocation failure; 
[6089:0x73fe720]     3846 ms: Scavenge 47.8 (65.2) -> 32.3 (65.2) MB, 0.5 / 0.0 ms  (average mu = 1.000, current mu = 1.000) allocation failure; 
[6089:0x73fe720]     3852 ms: Scavenge 47.9 (65.2) -> 32.4 (65.5) MB, 0.6 / 0.0 ms  (average mu = 1.000, current mu = 1.000) allocation failure; 
[6089:0x73fe720]     3858 ms: Scavenge 47.9 (65.5) -> 32.4 (65.5) MB, 0.5 / 0.0 ms  (average mu = 1.000, current mu = 1.000) allocation failure; 
[6089:0x73fe720]     3864 ms: Scavenge 48.0 (65.5) -> 32.4 (65.5) MB, 0.6 / 0.0 ms  (average mu = 1.000, current mu = 1.000) allocation failure; 
[6089:0x73fe720]     3870 ms: Scavenge 48.0 (65.5) -> 32.5 (65.5) MB, 0.5 / 0.0 ms  (average mu = 1.000, current mu = 1.000) allocation failure; 
[6089:0x73fe720]     3875 ms: Scavenge 48.1 (65.5) -> 32.5 (65.5) MB, 0.5 / 0.0 ms  (average mu = 1.000, current mu = 1.000) allocation failure; 
[6089:0x73fe720]     3881 ms: Scavenge 48.1 (65.5) -> 32.6 (65.5) MB, 0.5 / 0.0 ms  (average mu = 1.000, current mu = 1.000) allocation failure; 
[6089:0x73fe720]     3887 ms: Scavenge 48.2 (65.5) -> 32.6 (65.5) MB, 0.5 / 0.0 ms  (average mu = 1.000, current mu = 1.000) allocation failure; 
[6089:0x73fe720]     3893 ms: Scavenge 48.2 (65.5) -> 32.7 (66.0) MB, 0.5 / 0.0 ms  (average mu = 1.000, current mu = 1.000) allocation failure; 
[6089:0x73fe720]     3899 ms: Scavenge 48.3 (66.0) -> 32.7 (66.0) MB, 0.6 / 0.0 ms  (average mu = 1.000, current mu = 1.000) allocation failure; 
[6089:0x73fe720]     3904 ms: Scavenge 48.3 (66.0) -> 32.8 (66.0) MB, 0.5 / 0.0 ms  (average mu = 1.000, current mu = 1.000) allocation failure; 
[6089:0x73fe720]     3910 ms: Scavenge 48.4 (66.0) -> 32.8 (66.0) MB, 0.5 / 0.0 ms  (average mu = 1.000, current mu = 1.000) allocation failure; 
[6089:0x73fe720]     3916 ms: Scavenge 48.4 (66.0) -> 32.9 (66.0) MB, 0.5 / 0.0 ms  (average mu = 1.000, current mu = 1.000) allocation failure; 
[6089:0x73fe720]     3922 ms: Scavenge 48.5 (66.0) -> 32.9 (66.0) MB, 0.5 / 0.0 ms  (average mu = 1.000, current mu = 1.000) allocation failure; 
[6089:0x73fe720]     3927 ms: Scavenge 48.5 (66.0) -> 33.0 (66.0) MB, 0.5 / 0.0 ms  (average mu = 1.000, current mu = 1.000) allocation failure; 
[6089:0x73fe720]     3933 ms: Scavenge 48.6 (66.0) -> 33.0 (66.0) MB, 0.5 / 0.0 ms  (average mu = 1.000, current mu = 1.000) allocation failure; 
[6089:0x73fe720]     3939 ms: Scavenge 48.6 (66.0) -> 33.1 (66.0) MB, 0.4 / 0.0 ms  (average mu = 1.000, current mu = 1.000) allocation failure; 
[6089:0x73fe720]     3945 ms: Scavenge 48.7 (66.0) -> 33.1 (66.0) MB, 0.6 / 0.0 ms  (average mu = 1.000, current mu = 1.000) allocation failure; 
[6089:0x73fe720]     3951 ms: Scavenge 48.7 (66.0) -> 33.2 (66.2) MB, 0.6 / 0.0 ms  (average mu = 1.000, current mu = 1.000) allocation failure; 
[6089:0x73fe720]     3956 ms: Scavenge 48.7 (66.2) -> 33.2 (66.2) MB, 0.4 / 0.0 ms  (average mu = 1.000, current mu = 1.000) allocation failure; 
[6089:0x73fe720]     3962 ms: Scavenge 48.8 (66.2) -> 33.3 (66.2) MB, 0.6 / 0.0 ms  (average mu = 1.000, current mu = 1.000) allocation failure; 
[6089:0x73fe720]     3968 ms: Scavenge 48.8 (66.2) -> 33.3 (66.2) MB, 0.5 / 0.0 ms  (average mu = 1.000, current mu = 1.000) allocation failure; 
[6089:0x73fe720]     3974 ms: Scavenge 48.9 (66.2) -> 33.3 (66.2) MB, 0.5 / 0.0 ms  (average mu = 1.000, current mu = 1.000) allocation failure; 
[6089:0x73fe720]     3979 ms: Scavenge 48.9 (66.2) -> 33.4 (66.5) MB, 0.4 / 0.0 ms  (average mu = 1.000, current mu = 1.000) allocation failure; 
[6089:0x73fe720]     3985 ms: Scavenge 49.0 (66.5) -> 33.4 (66.5) MB, 0.6 / 0.0 ms  (average mu = 1.000, current mu = 1.000) allocation failure; 
[6089:0x73fe720]     3991 ms: Scavenge 49.0 (66.5) -> 33.5 (66.5) MB, 0.5 / 0.0 ms  (average mu = 1.000, current mu = 1.000) allocation failure; 
[6089:0x73fe720]     3997 ms: Scavenge 49.1 (66.5) -> 33.5 (66.5) MB, 0.5 / 0.0 ms  (average mu = 1.000, current mu = 1.000) allocation failure; 
[6089:0x73fe720]     4002 ms: Scavenge 49.1 (66.5) -> 33.6 (66.5) MB, 0.4 / 0.0 ms  (average mu = 1.000, current mu = 1.000) allocation failure; 
[6089:0x73fe720]     4008 ms: Scavenge 49.2 (66.5) -> 33.6 (66.7) MB, 0.6 / 0.0 ms  (average mu = 1.000, current mu = 1.000) allocation failure; 
[6089:0x73fe720]     4014 ms: Scavenge 49.2 (66.7) -> 33.7 (66.7) MB, 0.5 / 0.0 ms  (average mu = 1.000, current mu = 1.000) allocation failure; 
[6089:0x73fe720]     4020 ms: Scavenge 49.3 (66.7) -> 33.7 (66.7) MB, 0.5 / 0.0 ms  (average mu = 1.000, current mu = 1.000) allocation failure; 
[6089:0x73fe720]     4026 ms: Scavenge 49.3 (66.7) -> 33.8 (66.7) MB, 0.4 / 0.0 ms  (average mu = 1.000, current mu = 1.000) allocation failure; 
[6089:0x73fe720]     4032 ms: Scavenge 49.4 (66.7) -> 33.8 (66.7) MB, 0.6 / 0.0 ms  (average mu = 1.000, current mu = 1.000) allocation failure; 
[6089:0x73fe720]     4037 ms: Scavenge 49.4 (66.7) -> 33.9 (66.7) MB, 0.5 / 0.0 ms  (average mu = 1.000, current mu = 1.000) allocation failure; 
[6089:0x73fe720]     4043 ms: Scavenge 49.5 (66.7) -> 33.9 (67.0) MB, 0.6 / 0.0 ms  (average mu = 1.000, current mu = 1.000) allocation failure; 
[6089:0x73fe720]     4049 ms: Scavenge 49.5 (67.0) -> 34.0 (67.0) MB, 0.5 / 0.0 ms  (average mu = 1.000, current mu = 1.000) allocation failure; 
[6089:0x73fe720]     4055 ms: Scavenge 49.6 (67.0) -> 34.0 (67.0) MB, 0.5 / 0.0 ms  (average mu = 1.000, current mu = 1.000) allocation failure; 
[6089:0x73fe720]     4061 ms: Scavenge 49.6 (67.0) -> 34.1 (67.0) MB, 0.5 / 0.0 ms  (average mu = 1.000, current mu = 1.000) allocation failure; 
[6089:0x73fe720]     4066 ms: Scavenge 49.7 (67.0) -> 34.1 (67.0) MB, 0.5 / 0.0 ms  (average mu = 1.000, current mu = 1.000) allocation failure; 
[6089:0x73fe720]     4072 ms: Scavenge 49.7 (67.0) -> 34.2 (67.2) MB, 0.5 / 0.0 ms  (average mu = 1.000, current mu = 1.000) allocation failure; 
[6089:0x73fe720]     4078 ms: Scavenge 49.8 (67.2) -> 34.2 (67.2) MB, 0.5 / 0.0 ms  (average mu = 1.000, current mu = 1.000) allocation failure; 
[6089:0x73fe720]     4085 ms: Scavenge 49.8 (67.2) -> 34.3 (67.2) MB, 0.5 / 0.0 ms  (average mu = 1.000, current mu = 1.000) allocation failure; 
[6089:0x73fe720]     4091 ms: Scavenge 49.8 (67.2) -> 34.3 (67.2) MB, 0.5 / 0.0 ms  (average mu = 1.000, current mu = 1.000) allocation failure; 
[6089:0x73fe720]     4097 ms: Scavenge 49.9 (67.2) -> 34.4 (67.2) MB, 0.5 / 0.0 ms  (average mu = 1.000, current mu = 1.000) allocation failure; 
[6089:0x73fe720]     4103 ms: Scavenge 49.9 (67.2) -> 34.4 (67.5) MB, 0.5 / 0.0 ms  (average mu = 1.000, current mu = 1.000) allocation failure; 
[6089:0x73fe720]     4109 ms: Scavenge 50.0 (67.5) -> 34.4 (67.5) MB, 0.5 / 0.0 ms  (average mu = 1.000, current mu = 1.000) allocation failure; 
[6089:0x73fe720]     4115 ms: Scavenge 50.0 (67.5) -> 34.5 (67.5) MB, 0.4 / 0.0 ms  (average mu = 1.000, current mu = 1.000) allocation failure; 
[6089:0x73fe720]     4121 ms: Scavenge 50.1 (67.5) -> 34.5 (67.5) MB, 0.6 / 0.0 ms  (average mu = 1.000, current mu = 1.000) allocation failure; 
[6089:0x73fe720]     4127 ms: Scavenge 50.1 (67.5) -> 34.6 (67.5) MB, 0.5 / 0.0 ms  (average mu = 1.000, current mu = 1.000) allocation failure; 
[6089:0x73fe720]     4132 ms: Scavenge 50.2 (67.5) -> 34.7 (67.7) MB, 0.4 / 0.0 ms  (average mu = 1.000, current mu = 1.000) allocation failure; 
[6089:0x73fe720]     4138 ms: Scavenge 50.2 (67.7) -> 34.7 (67.7) MB, 0.6 / 0.0 ms  (average mu = 1.000, current mu = 1.000) allocation failure; 
[6089:0x73fe720]     4144 ms: Scavenge 50.3 (67.7) -> 34.7 (67.7) MB, 0.5 / 0.0 ms  (average mu = 1.000, current mu = 1.000) allocation failure; 
[6089:0x73fe720]     4150 ms: Scavenge 50.3 (67.7) -> 34.8 (67.7) MB, 0.5 / 0.0 ms  (average mu = 1.000, current mu = 1.000) allocation failure; 
[6089:0x73fe720]     4156 ms: Scavenge 50.4 (67.7) -> 34.8 (68.0) MB, 0.6 / 0.0 ms  (average mu = 1.000, current mu = 1.000) allocation failure; 
[6089:0x73fe720]     4161 ms: Scavenge 50.4 (68.0) -> 34.9 (68.0) MB, 0.4 / 0.0 ms  (average mu = 1.000, current mu = 1.000) allocation failure; 
[6089:0x73fe720]     4167 ms: Scavenge 48.8 (68.0) -> 34.8 (68.0) MB, 0.6 / 0.0 ms  (average mu = 1.000, current mu = 1.000) task; 
[6089:0x73fe720]     4173 ms: Scavenge 50.5 (68.0) -> 35.0 (68.0) MB, 0.6 / 0.0 ms  (average mu = 1.000, current mu = 1.000) allocation failure; 
[6089:0x73fe720]     4178 ms: Scavenge 50.6 (68.0) -> 35.0 (68.0) MB, 0.5 / 0.0 ms  (average mu = 1.000, current mu = 1.000) allocation failure; 
[6089:0x73fe720]     4184 ms: Scavenge 50.6 (68.0) -> 35.1 (68.0) MB, 0.5 / 0.0 ms  (average mu = 1.000, current mu = 1.000) allocation failure; 
[6089:0x73fe720]     4191 ms: Scavenge 50.7 (68.0) -> 35.1 (68.2) MB, 0.5 / 0.0 ms  (average mu = 1.000, current mu = 1.000) allocation failure; 
[6089:0x73fe720]     4196 ms: Scavenge 50.7 (68.2) -> 35.2 (68.2) MB, 0.5 / 0.0 ms  (average mu = 1.000, current mu = 1.000) allocation failure; 
[6089:0x73fe720]     4202 ms: Scavenge 50.8 (68.2) -> 35.2 (68.2) MB, 0.5 / 0.0 ms  (average mu = 1.000, current mu = 1.000) allocation failure; 
[6089:0x73fe720]     4208 ms: Scavenge 50.8 (68.2) -> 35.3 (68.2) MB, 0.4 / 0.0 ms  (average mu = 1.000, current mu = 1.000) allocation failure; 
[6089:0x73fe720]     4214 ms: Scavenge 50.9 (68.2) -> 35.3 (68.2) MB, 0.6 / 0.0 ms  (average mu = 1.000, current mu = 1.000) allocation failure; 
[6089:0x73fe720]     4220 ms: Scavenge 50.9 (68.2) -> 35.4 (68.2) MB, 0.5 / 0.0 ms  (average mu = 1.000, current mu = 1.000) allocation failure; 
[6089:0x73fe720]     4226 ms: Scavenge 51.5 (68.8) -> 36.0 (69.1) MB, 0.6 / 0.0 ms  (average mu = 1.000, current mu = 1.000) allocation failure; 
[6089:0x73fe720]     4232 ms: Scavenge 51.6 (69.1) -> 36.0 (69.1) MB, 0.5 / 0.0 ms  (average mu = 1.000, current mu = 1.000) allocation failure; 
[6089:0x73fe720]     4238 ms: Scavenge 51.6 (69.1) -> 36.1 (69.1) MB, 0.5 / 0.0 ms  (average mu = 1.000, current mu = 1.000) allocation failure; 
[6089:0x73fe720]     4243 ms: Scavenge 51.7 (69.1) -> 36.1 (69.1) MB, 0.5 / 0.0 ms  (average mu = 1.000, current mu = 1.000) allocation failure; 
[6089:0x73fe720]     4249 ms: Scavenge 51.7 (69.1) -> 36.2 (69.1) MB, 0.4 / 0.0 ms  (average mu = 1.000, current mu = 1.000) allocation failure; 
[6089:0x73fe720]     4255 ms: Scavenge 51.8 (69.1) -> 36.2 (69.3) MB, 0.6 / 0.0 ms  (average mu = 1.000, current mu = 1.000) allocation failure; 
[6089:0x73fe720]     4262 ms: Scavenge 51.8 (69.3) -> 36.3 (69.3) MB, 0.6 / 0.0 ms  (average mu = 1.000, current mu = 1.000) allocation failure; 
[6089:0x73fe720]     4270 ms: Scavenge 51.9 (69.3) -> 36.3 (69.3) MB, 0.6 / 0.0 ms  (average mu = 1.000, current mu = 1.000) allocation failure; 
[6089:0x73fe720]     4277 ms: Scavenge 51.9 (69.3) -> 36.4 (69.3) MB, 0.9 / 0.0 ms  (average mu = 1.000, current mu = 1.000) allocation failure; 
[6089:0x73fe720]     4284 ms: Scavenge 52.0 (69.3) -> 36.4 (69.3) MB, 0.6 / 0.0 ms  (average mu = 1.000, current mu = 1.000) allocation failure; 
[6089:0x73fe720]     4290 ms: Scavenge 52.0 (69.3) -> 36.5 (69.6) MB, 0.6 / 0.0 ms  (average mu = 1.000, current mu = 1.000) allocation failure; 
[6089:0x73fe720]     4297 ms: Scavenge 52.1 (69.6) -> 36.5 (69.6) MB, 0.7 / 0.0 ms  (average mu = 1.000, current mu = 1.000) allocation failure; 
[6089:0x73fe720]     4304 ms: Scavenge 52.1 (69.6) -> 36.6 (69.6) MB, 0.6 / 0.0 ms  (average mu = 1.000, current mu = 1.000) allocation failure; 
[6089:0x73fe720]     4310 ms: Scavenge 52.2 (69.6) -> 36.6 (69.6) MB, 0.6 / 0.0 ms  (average mu = 1.000, current mu = 1.000) allocation failure; 
[6089:0x73fe720]     4317 ms: Scavenge 52.2 (69.6) -> 36.7 (69.6) MB, 0.6 / 0.0 ms  (average mu = 1.000, current mu = 1.000) allocation failure; 
[6089:0x73fe720]     4324 ms: Scavenge 52.2 (69.6) -> 36.7 (69.8) MB, 0.5 / 0.0 ms  (average mu = 1.000, current mu = 1.000) allocation failure; 
[6089:0x73fe720]     4330 ms: Scavenge 52.3 (69.8) -> 36.8 (69.8) MB, 0.5 / 0.0 ms  (average mu = 1.000, current mu = 1.000) allocation failure; 
[6089:0x73fe720]     4337 ms: Scavenge 52.3 (69.8) -> 36.8 (69.8) MB, 0.6 / 0.0 ms  (average mu = 1.000, current mu = 1.000) allocation failure; 
[6089:0x73fe720]     4343 ms: Scavenge 52.4 (69.8) -> 36.8 (69.8) MB, 0.5 / 0.0 ms  (average mu = 1.000, current mu = 1.000) allocation failure; 
[6089:0x73fe720]     4350 ms: Scavenge 52.4 (69.8) -> 36.9 (69.8) MB, 0.5 / 0.0 ms  (average mu = 1.000, current mu = 1.000) allocation failure; 
[6089:0x73fe720]     4356 ms: Scavenge 52.5 (69.8) -> 37.0 (70.1) MB, 0.5 / 0.0 ms  (average mu = 1.000, current mu = 1.000) allocation failure; 
[6089:0x73fe720]     4363 ms: Scavenge 52.5 (70.1) -> 37.0 (70.1) MB, 0.5 / 0.0 ms  (average mu = 1.000, current mu = 1.000) allocation failure; 
[6089:0x73fe720]     4369 ms: Scavenge 52.6 (70.1) -> 37.0 (70.1) MB, 0.6 / 0.0 ms  (average mu = 1.000, current mu = 1.000) allocation failure; 
[6089:0x73fe720]     4376 ms: Scavenge 52.6 (70.1) -> 37.1 (70.1) MB, 0.6 / 0.0 ms  (average mu = 1.000, current mu = 1.000) allocation failure; 
[6089:0x73fe720]     4382 ms: Scavenge 52.7 (70.1) -> 37.1 (70.1) MB, 0.5 / 0.0 ms  (average mu = 1.000, current mu = 1.000) allocation failure; 
[6089:0x73fe720]     4389 ms: Scavenge 52.7 (70.1) -> 37.2 (70.3) MB, 0.6 / 0.0 ms  (average mu = 1.000, current mu = 1.000) allocation failure; 
[6089:0x73fe720]     4395 ms: Scavenge 52.8 (70.3) -> 37.2 (70.3) MB, 0.5 / 0.0 ms  (average mu = 1.000, current mu = 1.000) allocation failure; 
[6089:0x73fe720]     4401 ms: Scavenge 52.8 (70.3) -> 37.3 (70.3) MB, 0.7 / 0.0 ms  (average mu = 1.000, current mu = 1.000) allocation failure; 
[6089:0x73fe720]     4408 ms: Scavenge 52.9 (70.3) -> 37.3 (70.3) MB, 0.7 / 0.0 ms  (average mu = 1.000, current mu = 1.000) allocation failure; 
[6089:0x73fe720]     4414 ms: Scavenge 52.9 (70.3) -> 37.4 (70.3) MB, 0.5 / 0.0 ms  (average mu = 1.000, current mu = 1.000) allocation failure; 
[6089:0x73fe720]     4420 ms: Scavenge 53.0 (70.3) -> 37.4 (70.6) MB, 0.5 / 0.0 ms  (average mu = 1.000, current mu = 1.000) allocation failure; 
[6089:0x73fe720]     4427 ms: Scavenge 53.0 (70.6) -> 37.5 (70.6) MB, 0.7 / 0.0 ms  (average mu = 1.000, current mu = 1.000) allocation failure; 
[6089:0x73fe720]     4433 ms: Scavenge 53.1 (70.6) -> 37.5 (70.6) MB, 0.4 / 0.0 ms  (average mu = 1.000, current mu = 1.000) allocation failure; 
[6089:0x73fe720]     4440 ms: Scavenge 53.1 (70.6) -> 37.6 (70.6) MB, 0.7 / 0.0 ms  (average mu = 1.000, current mu = 1.000) allocation failure; 
[6089:0x73fe720]     4446 ms: Scavenge 53.2 (70.6) -> 37.6 (70.6) MB, 0.6 / 0.0 ms  (average mu = 1.000, current mu = 1.000) allocation failure; 
[6089:0x73fe720]     4453 ms: Scavenge 53.2 (70.6) -> 37.7 (70.8) MB, 0.6 / 0.0 ms  (average mu = 1.000, current mu = 1.000) allocation failure; 
[6089:0x73fe720]     4459 ms: Scavenge 53.3 (70.8) -> 37.7 (70.8) MB, 0.5 / 0.0 ms  (average mu = 1.000, current mu = 1.000) allocation failure; 
[6089:0x73fe720]     4465 ms: Scavenge 53.3 (70.8) -> 37.8 (70.8) MB, 0.6 / 0.0 ms  (average mu = 1.000, current mu = 1.000) allocation failure; 
[6089:0x73fe720]     4472 ms: Scavenge 53.3 (70.8) -> 37.8 (70.8) MB, 0.6 / 0.0 ms  (average mu = 1.000, current mu = 1.000) allocation failure; 
[6089:0x73fe720]     4478 ms: Scavenge 53.4 (70.8) -> 37.9 (70.8) MB, 0.5 / 0.0 ms  (average mu = 1.000, current mu = 1.000) allocation failure; 
[6089:0x73fe720]     4484 ms: Scavenge 53.4 (70.8) -> 37.9 (70.8) MB, 0.6 / 0.0 ms  (average mu = 1.000, current mu = 1.000) allocation failure; 
[6089:0x73fe720]     4492 ms: Scavenge 53.5 (70.8) -> 37.9 (71.1) MB, 0.6 / 0.0 ms  (average mu = 1.000, current mu = 1.000) allocation failure; 
[6089:0x73fe720]     4499 ms: Scavenge 53.5 (71.1) -> 38.0 (71.1) MB, 0.7 / 0.0 ms  (average mu = 1.000, current mu = 1.000) allocation failure; 
[6089:0x73fe720]     4506 ms: Scavenge 53.6 (71.1) -> 38.0 (71.1) MB, 0.7 / 0.0 ms  (average mu = 1.000, current mu = 1.000) allocation failure; 
[6089:0x73fe720]     4513 ms: Scavenge 53.6 (71.1) -> 38.1 (71.1) MB, 0.6 / 0.0 ms  (average mu = 1.000, current mu = 1.000) allocation failure; 
[6089:0x73fe720]     4522 ms: Scavenge 53.7 (71.1) -> 38.1 (71.1) MB, 0.7 / 0.0 ms  (average mu = 1.000, current mu = 1.000) allocation failure; 
[6089:0x73fe720]     4530 ms: Scavenge 53.7 (71.1) -> 38.2 (71.3) MB, 0.6 / 0.0 ms  (average mu = 1.000, current mu = 1.000) allocation failure; 
[6089:0x73fe720]     4538 ms: Scavenge 53.8 (71.3) -> 38.2 (71.3) MB, 0.6 / 0.0 ms  (average mu = 1.000, current mu = 1.000) allocation failure; 
[6089:0x73fe720]     4546 ms: Scavenge 53.8 (71.3) -> 38.3 (71.3) MB, 0.6 / 0.0 ms  (average mu = 1.000, current mu = 1.000) allocation failure; 
[6089:0x73fe720]     4553 ms: Scavenge 53.9 (71.3) -> 38.3 (71.3) MB, 0.5 / 0.0 ms  (average mu = 1.000, current mu = 1.000) allocation failure; 
[6089:0x73fe720]     4559 ms: Scavenge 53.9 (71.3) -> 38.4 (71.3) MB, 0.6 / 0.0 ms  (average mu = 1.000, current mu = 1.000) allocation failure; 
[6089:0x73fe720]     4567 ms: Scavenge 54.0 (71.3) -> 38.4 (71.6) MB, 0.7 / 0.0 ms  (average mu = 1.000, current mu = 1.000) allocation failure; 
[6089:0x73fe720]     4574 ms: Scavenge 54.0 (71.6) -> 38.5 (71.6) MB, 0.6 / 0.0 ms  (average mu = 1.000, current mu = 1.000) allocation failure; 
[6089:0x73fe720]     4581 ms: Scavenge 54.1 (71.6) -> 38.5 (71.6) MB, 0.6 / 0.0 ms  (average mu = 1.000, current mu = 1.000) allocation failure; 
[6089:0x73fe720]     4588 ms: Scavenge 54.1 (71.6) -> 38.6 (71.6) MB, 0.6 / 0.0 ms  (average mu = 1.000, current mu = 1.000) allocation failure; 
[6089:0x73fe720]     4595 ms: Scavenge 54.2 (71.6) -> 38.6 (71.6) MB, 0.6 / 0.0 ms  (average mu = 1.000, current mu = 1.000) allocation failure; 
[6089:0x73fe720]     4601 ms: Scavenge 54.2 (71.6) -> 38.7 (71.8) MB, 0.6 / 0.0 ms  (average mu = 1.000, current mu = 1.000) allocation failure; 
[6089:0x73fe720]     4608 ms: Scavenge 54.3 (71.8) -> 38.7 (71.8) MB, 0.6 / 0.0 ms  (average mu = 1.000, current mu = 1.000) allocation failure; 
[6089:0x73fe720]     4614 ms: Scavenge 54.3 (71.8) -> 38.8 (71.8) MB, 0.5 / 0.0 ms  (average mu = 1.000, current mu = 1.000) allocation failure; 
[6089:0x73fe720]     4621 ms: Scavenge 54.4 (71.8) -> 38.8 (71.8) MB, 0.6 / 0.0 ms  (average mu = 1.000, current mu = 1.000) allocation failure; 
[6089:0x73fe720]     4627 ms: Scavenge 54.4 (71.8) -> 38.9 (71.8) MB, 0.5 / 0.0 ms  (average mu = 1.000, current mu = 1.000) allocation failure; 
[6089:0x73fe720]     4634 ms: Scavenge 54.4 (71.8) -> 38.9 (72.1) MB, 0.5 / 0.0 ms  (average mu = 1.000, current mu = 1.000) allocation failure; 
[6089:0x73fe720]     4640 ms: Scavenge 54.5 (72.1) -> 39.0 (72.1) MB, 0.6 / 0.0 ms  (average mu = 1.000, current mu = 1.000) allocation failure; 
[6089:0x73fe720]     4647 ms: Scavenge 54.5 (72.1) -> 39.0 (72.1) MB, 0.6 / 0.0 ms  (average mu = 1.000, current mu = 1.000) allocation failure; 
[6089:0x73fe720]     4653 ms: Scavenge 54.6 (72.1) -> 39.0 (72.1) MB, 0.6 / 0.0 ms  (average mu = 1.000, current mu = 1.000) allocation failure; 
[6089:0x73fe720]     4660 ms: Scavenge 54.6 (72.1) -> 39.1 (72.1) MB, 0.6 / 0.0 ms  (average mu = 1.000, current mu = 1.000) allocation failure; 
[6089:0x73fe720]     4666 ms: Scavenge 54.7 (72.1) -> 39.1 (72.3) MB, 0.7 / 0.0 ms  (average mu = 1.000, current mu = 1.000) allocation failure; 
[6089:0x73fe720]     4673 ms: Scavenge 54.7 (72.3) -> 39.2 (72.3) MB, 0.7 / 0.0 ms  (average mu = 1.000, current mu = 1.000) allocation failure; 
[6089:0x73fe720]     4680 ms: Scavenge 54.8 (72.3) -> 39.2 (72.3) MB, 0.7 / 0.0 ms  (average mu = 1.000, current mu = 1.000) allocation failure; 
[6089:0x73fe720]     4686 ms: Scavenge 54.8 (72.3) -> 39.3 (72.3) MB, 0.6 / 0.0 ms  (average mu = 1.000, current mu = 1.000) allocation failure; 
[6089:0x73fe720]     4692 ms: Scavenge 54.9 (72.3) -> 39.3 (72.3) MB, 0.5 / 0.0 ms  (average mu = 1.000, current mu = 1.000) allocation failure; 
[6089:0x73fe720]     4699 ms: Scavenge 54.9 (72.3) -> 39.4 (72.6) MB, 0.7 / 0.0 ms  (average mu = 1.000, current mu = 1.000) allocation failure; 
[6089:0x73fe720]     4706 ms: Scavenge 55.0 (72.6) -> 39.4 (72.6) MB, 0.5 / 0.0 ms  (average mu = 1.000, current mu = 1.000) allocation failure; 
[6089:0x73fe720]     4713 ms: Scavenge 55.0 (72.6) -> 39.5 (72.6) MB, 0.5 / 0.0 ms  (average mu = 1.000, current mu = 1.000) allocation failure; 
[6089:0x73fe720]     4719 ms: Scavenge 55.1 (72.6) -> 39.5 (72.6) MB, 0.6 / 0.0 ms  (average mu = 1.000, current mu = 1.000) allocation failure; 
[6089:0x73fe720]     4726 ms: Scavenge 55.1 (72.6) -> 39.6 (72.6) MB, 0.6 / 0.0 ms  (average mu = 1.000, current mu = 1.000) allocation failure; 
[6089:0x73fe720]     4732 ms: Scavenge 55.2 (72.6) -> 39.6 (72.6) MB, 0.5 / 0.0 ms  (average mu = 1.000, current mu = 1.000) allocation failure; 
[6089:0x73fe720]     4739 ms: Scavenge 55.2 (72.6) -> 39.7 (72.8) MB, 0.6 / 0.0 ms  (average mu = 1.000, current mu = 1.000) allocation failure; 
[6089:0x73fe720]     4745 ms: Scavenge 55.3 (72.8) -> 39.7 (72.8) MB, 0.6 / 0.0 ms  (average mu = 1.000, current mu = 1.000) allocation failure; 
[6089:0x73fe720]     4752 ms: Scavenge 55.3 (72.8) -> 39.8 (72.8) MB, 0.6 / 0.0 ms  (average mu = 1.000, current mu = 1.000) allocation failure; 
[6089:0x73fe720]     4759 ms: Scavenge 55.4 (72.8) -> 39.8 (72.8) MB, 0.5 / 0.0 ms  (average mu = 1.000, current mu = 1.000) allocation failure; 
[6089:0x73fe720]     4765 ms: Scavenge 55.4 (72.8) -> 39.9 (72.8) MB, 0.6 / 0.0 ms  (average mu = 1.000, current mu = 1.000) allocation failure; 
[6089:0x73fe720]     4772 ms: Scavenge 55.5 (72.8) -> 39.9 (73.1) MB, 0.5 / 0.0 ms  (average mu = 1.000, current mu = 1.000) allocation failure; 
[6089:0x73fe720]     4778 ms: Scavenge 55.5 (73.1) -> 40.0 (73.1) MB, 0.7 / 0.0 ms  (average mu = 1.000, current mu = 1.000) allocation failure; 
[6089:0x73fe720]     4785 ms: Scavenge 55.5 (73.1) -> 40.0 (73.1) MB, 0.6 / 0.0 ms  (average mu = 1.000, current mu = 1.000) allocation failure; 
[6089:0x73fe720]     4791 ms: Scavenge 55.6 (73.1) -> 40.1 (73.1) MB, 0.6 / 0.0 ms  (average mu = 1.000, current mu = 1.000) allocation failure; 
[6089:0x73fe720]     4798 ms: Scavenge 55.6 (73.1) -> 40.1 (73.1) MB, 0.7 / 0.0 ms  (average mu = 1.000, current mu = 1.000) allocation failure; 
[6089:0x73fe720]     4805 ms: Scavenge 55.7 (73.1) -> 40.1 (73.3) MB, 0.7 / 0.0 ms  (average mu = 1.000, current mu = 1.000) allocation failure; 
[6089:0x73fe720]     4812 ms: Scavenge 55.7 (73.3) -> 40.2 (73.3) MB, 0.7 / 0.0 ms  (average mu = 1.000, current mu = 1.000) allocation failure; 
[6089:0x73fe720]     4818 ms: Scavenge 55.8 (73.3) -> 40.2 (73.3) MB, 0.6 / 0.0 ms  (average mu = 1.000, current mu = 1.000) allocation failure; 
[6089:0x73fe720]     4825 ms: Scavenge 55.8 (73.3) -> 40.3 (73.3) MB, 0.6 / 0.0 ms  (average mu = 1.000, current mu = 1.000) allocation failure; 
[6089:0x73fe720]     4831 ms: Scavenge 55.9 (73.3) -> 40.3 (73.3) MB, 0.5 / 0.0 ms  (average mu = 1.000, current mu = 1.000) allocation failure; 
[6089:0x73fe720]     4838 ms: Scavenge 55.9 (73.3) -> 40.4 (73.6) MB, 0.6 / 0.0 ms  (average mu = 1.000, current mu = 1.000) allocation failure; 
[6089:0x73fe720]     4844 ms: Scavenge 56.0 (73.6) -> 40.4 (73.6) MB, 0.6 / 0.0 ms  (average mu = 1.000, current mu = 1.000) allocation failure; 
[6089:0x73fe720]     4850 ms: Scavenge 56.0 (73.6) -> 40.5 (73.6) MB, 0.6 / 0.0 ms  (average mu = 1.000, current mu = 1.000) allocation failure; 
[6089:0x73fe720]     4857 ms: Scavenge 56.1 (73.6) -> 40.5 (73.6) MB, 0.6 / 0.0 ms  (average mu = 1.000, current mu = 1.000) allocation failure; 
[6089:0x73fe720]     4864 ms: Scavenge 56.1 (73.6) -> 40.6 (73.6) MB, 0.6 / 0.0 ms  (average mu = 1.000, current mu = 1.000) allocation failure; 
[6089:0x73fe720]     4870 ms: Scavenge 56.2 (73.6) -> 40.6 (73.8) MB, 0.6 / 0.0 ms  (average mu = 1.000, current mu = 1.000) allocation failure; 
[6089:0x73fe720]     4876 ms: Scavenge 56.2 (73.8) -> 40.7 (73.8) MB, 0.6 / 0.0 ms  (average mu = 1.000, current mu = 1.000) allocation failure; 
[6089:0x73fe720]     4883 ms: Scavenge 56.3 (73.8) -> 40.7 (73.8) MB, 0.5 / 0.0 ms  (average mu = 1.000, current mu = 1.000) allocation failure; 
[6089:0x73fe720]     4889 ms: Scavenge 56.3 (73.8) -> 40.8 (73.8) MB, 0.6 / 0.0 ms  (average mu = 1.000, current mu = 1.000) allocation failure; 
[6089:0x73fe720]     4896 ms: Scavenge 56.4 (73.8) -> 40.8 (73.8) MB, 0.6 / 0.0 ms  (average mu = 1.000, current mu = 1.000) allocation failure; 
[6089:0x73fe720]     4902 ms: Scavenge 56.4 (73.8) -> 40.9 (74.1) MB, 0.7 / 0.0 ms  (average mu = 1.000, current mu = 1.000) allocation failure; 
[6089:0x73fe720]     4908 ms: Scavenge 56.5 (74.1) -> 40.9 (74.1) MB, 0.6 / 0.0 ms  (average mu = 1.000, current mu = 1.000) allocation failure; 
[6089:0x73fe720]     4915 ms: Scavenge 56.5 (74.1) -> 41.0 (74.1) MB, 0.5 / 0.0 ms  (average mu = 1.000, current mu = 1.000) allocation failure; 
[6089:0x73fe720]     4921 ms: Scavenge 56.6 (74.1) -> 41.0 (74.1) MB, 0.5 / 0.0 ms  (average mu = 1.000, current mu = 1.000) allocation failure; 
[6089:0x73fe720]     4927 ms: Scavenge 56.6 (74.1) -> 41.1 (74.1) MB, 0.6 / 0.0 ms  (average mu = 1.000, current mu = 1.000) allocation failure; 
[6089:0x73fe720]     4934 ms: Scavenge 56.6 (74.1) -> 41.1 (74.3) MB, 0.6 / 0.0 ms  (average mu = 1.000, current mu = 1.000) allocation failure; 
[6089:0x73fe720]     4940 ms: Scavenge 56.7 (74.3) -> 41.2 (74.3) MB, 0.5 / 0.0 ms  (average mu = 1.000, current mu = 1.000) allocation failure; 
[6089:0x73fe720]     4947 ms: Scavenge 56.7 (74.3) -> 41.2 (74.3) MB, 0.7 / 0.0 ms  (average mu = 1.000, current mu = 1.000) allocation failure; 
[6089:0x73fe720]     4953 ms: Scavenge 56.8 (74.3) -> 41.2 (74.3) MB, 0.7 / 0.0 ms  (average mu = 1.000, current mu = 1.000) allocation failure; 
[6089:0x73fe720]     4960 ms: Scavenge 56.8 (74.3) -> 41.3 (74.3) MB, 0.6 / 0.0 ms  (average mu = 1.000, current mu = 1.000) allocation failure; 
[6089:0x73fe720]     4967 ms: Scavenge 56.9 (74.3) -> 41.4 (74.3) MB, 0.4 / 0.0 ms  (average mu = 1.000, current mu = 1.000) allocation failure; 
[6089:0x73fe720]     4973 ms: Scavenge 56.9 (74.3) -> 41.4 (74.6) MB, 0.7 / 0.0 ms  (average mu = 1.000, current mu = 1.000) allocation failure; 
[6089:0x73fe720]     4980 ms: Scavenge 57.0 (74.6) -> 41.4 (74.6) MB, 0.6 / 0.0 ms  (average mu = 1.000, current mu = 1.000) allocation failure; 
[6089:0x73fe720]     4987 ms: Scavenge 57.0 (74.6) -> 41.5 (74.6) MB, 0.6 / 0.0 ms  (average mu = 1.000, current mu = 1.000) allocation failure; 
[6089:0x73fe720]     4995 ms: Scavenge 57.1 (74.6) -> 41.5 (74.8) MB, 0.7 / 0.0 ms  (average mu = 1.000, current mu = 1.000) allocation failure; 
[6089:0x73fe720]     5002 ms: Scavenge 57.1 (74.8) -> 41.6 (74.8) MB, 0.7 / 0.0 ms  (average mu = 1.000, current mu = 1.000) allocation failure; 
[6089:0x73fe720]     5009 ms: Scavenge 57.2 (74.8) -> 41.6 (74.8) MB, 0.6 / 0.0 ms  (average mu = 1.000, current mu = 1.000) allocation failure; 
[6089:0x73fe720]     5016 ms: Scavenge 57.2 (74.8) -> 41.7 (74.8) MB, 0.5 / 0.0 ms  (average mu = 1.000, current mu = 1.000) allocation failure; 
[6089:0x73fe720]     5022 ms: Scavenge 57.3 (74.8) -> 41.7 (74.8) MB, 0.7 / 0.0 ms  (average mu = 1.000, current mu = 1.000) allocation failure; 
[6089:0x73fe720]     5029 ms: Scavenge 57.3 (74.8) -> 41.8 (74.8) MB, 0.6 / 0.0 ms  (average mu = 1.000, current mu = 1.000) allocation failure; 
[6089:0x73fe720]     5036 ms: Scavenge 57.4 (74.8) -> 41.8 (74.8) MB, 0.6 / 0.0 ms  (average mu = 1.000, current mu = 1.000) allocation failure; 
[6089:0x73fe720]     5042 ms: Scavenge 57.4 (74.8) -> 41.9 (75.1) MB, 0.6 / 0.0 ms  (average mu = 1.000, current mu = 1.000) allocation failure; 
[6089:0x73fe720]     5049 ms: Scavenge 57.5 (75.1) -> 41.9 (75.1) MB, 0.6 / 0.0 ms  (average mu = 1.000, current mu = 1.000) allocation failure; 
[6089:0x73fe720]     5056 ms: Scavenge 57.5 (75.1) -> 42.0 (75.1) MB, 0.7 / 0.0 ms  (average mu = 1.000, current mu = 1.000) allocation failure; 
[6089:0x73fe720]     5062 ms: Scavenge 57.6 (75.1) -> 42.0 (75.1) MB, 0.6 / 0.0 ms  (average mu = 1.000, current mu = 1.000) allocation failure; 
[6089:0x73fe720]     5069 ms: Scavenge 57.6 (75.1) -> 42.1 (75.1) MB, 0.8 / 0.0 ms  (average mu = 1.000, current mu = 1.000) allocation failure; 
[6089:0x73fe720]     5076 ms: Scavenge 57.7 (75.1) -> 42.1 (75.3) MB, 0.8 / 0.0 ms  (average mu = 1.000, current mu = 1.000) allocation failure; 
[6089:0x73fe720]     5084 ms: Scavenge 57.7 (75.3) -> 42.2 (75.3) MB, 0.8 / 0.0 ms  (average mu = 1.000, current mu = 1.000) allocation failure; 
[6089:0x73fe720]     5090 ms: Scavenge 57.7 (75.3) -> 42.2 (75.3) MB, 0.6 / 0.0 ms  (average mu = 1.000, current mu = 1.000) allocation failure; 
[6089:0x73fe720]     5098 ms: Scavenge 57.8 (75.3) -> 42.3 (75.3) MB, 0.8 / 0.0 ms  (average mu = 1.000, current mu = 1.000) allocation failure; 
[6089:0x73fe720]     5105 ms: Scavenge 57.8 (75.3) -> 42.3 (75.6) MB, 0.9 / 0.0 ms  (average mu = 1.000, current mu = 1.000) allocation failure; 
[6089:0x73fe720]     5112 ms: Scavenge 57.9 (75.6) -> 42.3 (75.6) MB, 0.7 / 0.0 ms  (average mu = 1.000, current mu = 1.000) allocation failure; 
[6089:0x73fe720]     5119 ms: Scavenge 57.9 (75.6) -> 42.4 (75.6) MB, 0.7 / 0.0 ms  (average mu = 1.000, current mu = 1.000) allocation failure; 
[6089:0x73fe720]     5125 ms: Scavenge 58.0 (75.6) -> 42.4 (75.6) MB, 0.6 / 0.0 ms  (average mu = 1.000, current mu = 1.000) allocation failure; 
[6089:0x73fe720]     5132 ms: Scavenge 58.0 (75.6) -> 42.5 (75.6) MB, 0.6 / 0.0 ms  (average mu = 1.000, current mu = 1.000) allocation failure; 
[6089:0x73fe720]     5138 ms: Scavenge 58.1 (75.6) -> 42.5 (75.6) MB, 0.7 / 0.0 ms  (average mu = 1.000, current mu = 1.000) allocation failure; 
[6089:0x73fe720]     5145 ms: Scavenge 58.1 (75.6) -> 42.6 (75.8) MB, 0.7 / 0.0 ms  (average mu = 1.000, current mu = 1.000) allocation failure; 
[6089:0x73fe720]     5151 ms: Scavenge 58.2 (75.8) -> 42.6 (75.8) MB, 0.5 / 0.0 ms  (average mu = 1.000, current mu = 1.000) allocation failure; 
[6089:0x73fe720]     5158 ms: Scavenge 58.2 (75.8) -> 42.7 (75.8) MB, 0.7 / 0.0 ms  (average mu = 1.000, current mu = 1.000) allocation failure; 
[6089:0x73fe720]     5164 ms: Scavenge 58.3 (75.8) -> 42.7 (75.8) MB, 0.5 / 0.0 ms  (average mu = 1.000, current mu = 1.000) allocation failure; 
[6089:0x73fe720]     5171 ms: Scavenge 58.3 (75.8) -> 42.8 (75.8) MB, 0.6 / 0.0 ms  (average mu = 1.000, current mu = 1.000) allocation failure; 
[6089:0x73fe720]     5177 ms: Scavenge 58.4 (75.8) -> 42.8 (76.1) MB, 0.5 / 0.0 ms  (average mu = 1.000, current mu = 1.000) allocation failure; 
[6089:0x73fe720]     5184 ms: Scavenge 58.4 (76.1) -> 42.9 (76.1) MB, 0.7 / 0.0 ms  (average mu = 1.000, current mu = 1.000) allocation failure; 
[6089:0x73fe720]     5191 ms: Scavenge 58.5 (76.1) -> 42.9 (76.1) MB, 0.6 / 0.0 ms  (average mu = 1.000, current mu = 1.000) allocation failure; 
[6089:0x73fe720]     5197 ms: Scavenge 58.5 (76.1) -> 43.0 (76.1) MB, 0.5 / 0.0 ms  (average mu = 1.000, current mu = 1.000) allocation failure; 
[6089:0x73fe720]     5204 ms: Scavenge 58.6 (76.1) -> 43.0 (76.1) MB, 0.5 / 0.0 ms  (average mu = 1.000, current mu = 1.000) allocation failure; 
[6089:0x73fe720]     5210 ms: Scavenge 58.6 (76.1) -> 43.1 (76.1) MB, 0.7 / 0.0 ms  (average mu = 1.000, current mu = 1.000) allocation failure; 
[6089:0x73fe720]     5217 ms: Scavenge 58.7 (76.1) -> 43.1 (76.3) MB, 0.7 / 0.0 ms  (average mu = 1.000, current mu = 1.000) allocation failure; 
[6089:0x73fe720]     5224 ms: Scavenge 58.7 (76.3) -> 43.2 (76.3) MB, 0.6 / 0.0 ms  (average mu = 1.000, current mu = 1.000) allocation failure; 
[6089:0x73fe720]     5230 ms: Scavenge 58.8 (76.3) -> 43.2 (76.3) MB, 0.5 / 0.0 ms  (average mu = 1.000, current mu = 1.000) allocation failure; 
[6089:0x73fe720]     5237 ms: Scavenge 58.8 (76.3) -> 43.3 (76.3) MB, 0.7 / 0.0 ms  (average mu = 1.000, current mu = 1.000) allocation failure; 
[6089:0x73fe720]     5243 ms: Scavenge 58.8 (76.3) -> 43.3 (76.3) MB, 0.6 / 0.0 ms  (average mu = 1.000, current mu = 1.000) allocation failure; 
[6089:0x73fe720]     5250 ms: Scavenge 58.9 (76.3) -> 43.4 (76.6) MB, 0.6 / 0.0 ms  (average mu = 1.000, current mu = 1.000) allocation failure; 
[6089:0x73fe720]     5257 ms: Scavenge 58.9 (76.6) -> 43.4 (76.6) MB, 0.6 / 0.0 ms  (average mu = 1.000, current mu = 1.000) allocation failure; 
[6089:0x73fe720]     5263 ms: Scavenge 59.0 (76.6) -> 43.4 (76.6) MB, 0.6 / 0.0 ms  (average mu = 1.000, current mu = 1.000) allocation failure; 
[6089:0x73fe720]     5269 ms: Scavenge 59.0 (76.6) -> 43.5 (76.6) MB, 0.7 / 0.0 ms  (average mu = 1.000, current mu = 1.000) allocation failure; 
[6089:0x73fe720]     5276 ms: Scavenge 59.1 (76.6) -> 43.5 (76.6) MB, 0.6 / 0.0 ms  (average mu = 1.000, current mu = 1.000) allocation failure; 
[6089:0x73fe720]     5283 ms: Scavenge 59.1 (76.6) -> 43.6 (76.8) MB, 0.6 / 0.0 ms  (average mu = 1.000, current mu = 1.000) allocation failure; 
[6089:0x73fe720]     5290 ms: Scavenge 59.2 (76.8) -> 43.6 (76.8) MB, 0.6 / 0.0 ms  (average mu = 1.000, current mu = 1.000) allocation failure; 
[6089:0x73fe720]     5297 ms: Scavenge 59.2 (76.8) -> 43.7 (76.8) MB, 0.6 / 0.0 ms  (average mu = 1.000, current mu = 1.000) allocation failure; 
[6089:0x73fe720]     5303 ms: Scavenge 59.3 (76.8) -> 43.7 (76.8) MB, 0.4 / 0.0 ms  (average mu = 1.000, current mu = 1.000) allocation failure; 
[6089:0x73fe720]     5310 ms: Scavenge 59.3 (76.8) -> 43.8 (76.8) MB, 0.7 / 0.0 ms  (average mu = 1.000, current mu = 1.000) allocation failure; 
[6089:0x73fe720]     5316 ms: Scavenge 59.4 (76.8) -> 43.8 (77.1) MB, 0.6 / 0.0 ms  (average mu = 1.000, current mu = 1.000) allocation failure; 
[6089:0x73fe720]     5323 ms: Scavenge 59.4 (77.1) -> 43.9 (77.1) MB, 0.6 / 0.0 ms  (average mu = 1.000, current mu = 1.000) allocation failure; 
[6089:0x73fe720]     5329 ms: Scavenge 59.5 (77.1) -> 43.9 (77.1) MB, 0.5 / 0.0 ms  (average mu = 1.000, current mu = 1.000) allocation failure; 
[6089:0x73fe720]     5335 ms: Scavenge 59.5 (77.1) -> 44.0 (77.1) MB, 0.5 / 0.0 ms  (average mu = 1.000, current mu = 1.000) allocation failure; 
[6089:0x73fe720]     5342 ms: Scavenge 59.6 (77.1) -> 44.0 (77.1) MB, 0.5 / 0.0 ms  (average mu = 1.000, current mu = 1.000) allocation failure; 
[6089:0x73fe720]     5348 ms: Scavenge 59.6 (77.1) -> 44.1 (77.3) MB, 0.6 / 0.0 ms  (average mu = 1.000, current mu = 1.000) allocation failure; 
[6089:0x73fe720]     5355 ms: Scavenge 59.7 (77.3) -> 44.1 (77.3) MB, 0.5 / 0.0 ms  (average mu = 1.000, current mu = 1.000) allocation failure; 
[6089:0x73fe720]     5361 ms: Scavenge 59.7 (77.3) -> 44.2 (77.3) MB, 0.6 / 0.0 ms  (average mu = 1.000, current mu = 1.000) allocation failure; 
[6089:0x73fe720]     5367 ms: Scavenge 59.8 (77.3) -> 44.2 (77.3) MB, 0.5 / 0.0 ms  (average mu = 1.000, current mu = 1.000) allocation failure; 
[6089:0x73fe720]     5374 ms: Scavenge 59.8 (77.3) -> 44.3 (77.3) MB, 0.5 / 0.0 ms  (average mu = 1.000, current mu = 1.000) allocation failure; 
[6089:0x73fe720]     5380 ms: Scavenge 59.9 (77.3) -> 44.3 (77.6) MB, 0.4 / 0.0 ms  (average mu = 1.000, current mu = 1.000) allocation failure; 
[6089:0x73fe720]     5386 ms: Scavenge 59.9 (77.6) -> 44.4 (77.6) MB, 0.6 / 0.0 ms  (average mu = 1.000, current mu = 1.000) allocation failure; 
[6089:0x73fe720]     5392 ms: Scavenge 59.9 (77.6) -> 44.4 (77.6) MB, 0.5 / 0.0 ms  (average mu = 1.000, current mu = 1.000) allocation failure; 
[6089:0x73fe720]     5398 ms: Scavenge 60.0 (77.6) -> 44.5 (77.6) MB, 0.5 / 0.0 ms  (average mu = 1.000, current mu = 1.000) allocation failure; 
[6089:0x73fe720]     5403 ms: Scavenge 60.0 (77.6) -> 44.5 (77.6) MB, 0.4 / 0.0 ms  (average mu = 1.000, current mu = 1.000) allocation failure; 
[6089:0x73fe720]     5410 ms: Scavenge 60.1 (77.6) -> 44.5 (77.8) MB, 0.7 / 0.0 ms  (average mu = 1.000, current mu = 1.000) allocation failure; 
[6089:0x73fe720]     5416 ms: Scavenge 60.1 (77.8) -> 44.6 (77.8) MB, 0.4 / 0.0 ms  (average mu = 1.000, current mu = 1.000) allocation failure; 
[6089:0x73fe720]     5422 ms: Scavenge 60.2 (77.8) -> 44.6 (77.8) MB, 0.7 / 0.0 ms  (average mu = 1.000, current mu = 1.000) allocation failure; 
[6089:0x73fe720]     5428 ms: Scavenge 60.2 (77.8) -> 44.7 (77.8) MB, 0.5 / 0.0 ms  (average mu = 1.000, current mu = 1.000) allocation failure; 
[6089:0x73fe720]     5433 ms: Scavenge 60.3 (77.8) -> 44.7 (77.8) MB, 0.5 / 0.0 ms  (average mu = 1.000, current mu = 1.000) allocation failure; 
[6089:0x73fe720]     5439 ms: Scavenge 60.3 (77.8) -> 44.8 (78.1) MB, 0.5 / 0.0 ms  (average mu = 1.000, current mu = 1.000) allocation failure; 
[6089:0x73fe720]     5445 ms: Scavenge 60.4 (78.1) -> 44.8 (78.1) MB, 0.4 / 0.0 ms  (average mu = 1.000, current mu = 1.000) allocation failure; 
[6089:0x73fe720]     5451 ms: Scavenge 60.4 (78.1) -> 44.9 (78.1) MB, 0.7 / 0.0 ms  (average mu = 1.000, current mu = 1.000) allocation failure; 
[6089:0x73fe720]     5457 ms: Scavenge 60.5 (78.1) -> 44.9 (78.1) MB, 0.6 / 0.0 ms  (average mu = 1.000, current mu = 1.000) allocation failure; 
[6089:0x73fe720]     5463 ms: Scavenge 60.5 (78.1) -> 45.0 (78.1) MB, 0.5 / 0.0 ms  (average mu = 1.000, current mu = 1.000) allocation failure; 
[6089:0x73fe720]     5469 ms: Scavenge 60.6 (78.1) -> 45.0 (78.1) MB, 0.5 / 0.0 ms  (average mu = 1.000, current mu = 1.000) allocation failure; 
[6089:0x73fe720]     5475 ms: Scavenge 60.6 (78.1) -> 45.1 (78.3) MB, 0.5 / 0.0 ms  (average mu = 1.000, current mu = 1.000) allocation failure; 
[6089:0x73fe720]     5481 ms: Scavenge 60.7 (78.3) -> 45.1 (78.3) MB, 0.5 / 0.0 ms  (average mu = 1.000, current mu = 1.000) allocation failure; 
[6089:0x73fe720]     5487 ms: Scavenge 60.7 (78.3) -> 45.2 (78.3) MB, 0.5 / 0.0 ms  (average mu = 1.000, current mu = 1.000) allocation failure; 
[6089:0x73fe720]     5493 ms: Scavenge 60.8 (78.3) -> 45.2 (78.3) MB, 0.4 / 0.0 ms  (average mu = 1.000, current mu = 1.000) allocation failure; 
[6089:0x73fe720]     5500 ms: Scavenge 60.8 (78.3) -> 45.3 (78.3) MB, 0.7 / 0.0 ms  (average mu = 1.000, current mu = 1.000) allocation failure; 
[6089:0x73fe720]     5506 ms: Scavenge 60.9 (78.3) -> 45.3 (78.6) MB, 0.5 / 0.0 ms  (average mu = 1.000, current mu = 1.000) allocation failure; 
[6089:0x73fe720]     5512 ms: Scavenge 60.9 (78.6) -> 45.4 (78.6) MB, 0.5 / 0.0 ms  (average mu = 1.000, current mu = 1.000) allocation failure; 
[6089:0x73fe720]     5518 ms: Scavenge 61.0 (78.6) -> 45.4 (78.6) MB, 0.5 / 0.0 ms  (average mu = 1.000, current mu = 1.000) allocation failure; 
[6089:0x73fe720]     5524 ms: Scavenge 61.0 (78.6) -> 45.5 (78.6) MB, 0.5 / 0.0 ms  (average mu = 1.000, current mu = 1.000) allocation failure; 
[6089:0x73fe720]     5530 ms: Scavenge 61.0 (78.6) -> 45.5 (78.6) MB, 0.7 / 0.0 ms  (average mu = 1.000, current mu = 1.000) allocation failure; 
[6089:0x73fe720]     5537 ms: Scavenge 61.1 (78.6) -> 45.6 (78.8) MB, 0.6 / 0.0 ms  (average mu = 1.000, current mu = 1.000) allocation failure; 
[6089:0x73fe720]     5543 ms: Scavenge 61.1 (78.8) -> 45.6 (78.8) MB, 0.6 / 0.0 ms  (average mu = 1.000, current mu = 1.000) allocation failure; 
[6089:0x73fe720]     5550 ms: Scavenge 61.2 (78.8) -> 45.6 (78.8) MB, 0.9 / 0.0 ms  (average mu = 1.000, current mu = 1.000) allocation failure; 
[6089:0x73fe720]     5557 ms: Scavenge 61.2 (78.8) -> 45.7 (78.8) MB, 0.8 / 0.0 ms  (average mu = 1.000, current mu = 1.000) allocation failure; 
[6089:0x73fe720]     5564 ms: Scavenge 61.3 (78.8) -> 45.8 (78.8) MB, 0.5 / 0.0 ms  (average mu = 1.000, current mu = 1.000) allocation failure; 
[6089:0x73fe720]     5570 ms: Scavenge 61.3 (78.8) -> 45.8 (79.1) MB, 0.7 / 0.0 ms  (average mu = 1.000, current mu = 1.000) allocation failure; 
[6089:0x73fe720]     5577 ms: Scavenge 61.4 (79.1) -> 45.8 (79.1) MB, 0.6 / 0.0 ms  (average mu = 1.000, current mu = 1.000) allocation failure; 
[6089:0x73fe720]     5583 ms: Scavenge 61.4 (79.1) -> 45.9 (79.1) MB, 0.6 / 0.0 ms  (average mu = 1.000, current mu = 1.000) allocation failure; 
[6089:0x73fe720]     5590 ms: Scavenge 61.5 (79.1) -> 45.9 (79.1) MB, 0.4 / 0.0 ms  (average mu = 1.000, current mu = 1.000) allocation failure; 
[6089:0x73fe720]     5596 ms: Scavenge 61.5 (79.1) -> 46.0 (79.1) MB, 0.6 / 0.0 ms  (average mu = 1.000, current mu = 1.000) allocation failure; 
[6089:0x73fe720]     5603 ms: Scavenge 61.6 (79.1) -> 46.0 (79.3) MB, 0.6 / 0.0 ms  (average mu = 1.000, current mu = 1.000) allocation failure; 
[6089:0x73fe720]     5609 ms: Scavenge 61.6 (79.3) -> 46.1 (79.3) MB, 0.5 / 0.0 ms  (average mu = 1.000, current mu = 1.000) allocation failure; 
[6089:0x73fe720]     5615 ms: Scavenge 61.7 (79.3) -> 46.1 (79.3) MB, 0.4 / 0.0 ms  (average mu = 1.000, current mu = 1.000) allocation failure; 
[6089:0x73fe720]     5621 ms: Scavenge 61.7 (79.3) -> 46.2 (79.3) MB, 0.6 / 0.0 ms  (average mu = 1.000, current mu = 1.000) allocation failure; 
[6089:0x73fe720]     5627 ms: Scavenge 61.8 (79.3) -> 46.2 (79.3) MB, 0.5 / 0.0 ms  (average mu = 1.000, current mu = 1.000) allocation failure; 
[6089:0x73fe720]     5633 ms: Scavenge 61.8 (79.3) -> 46.3 (79.6) MB, 0.5 / 0.0 ms  (average mu = 1.000, current mu = 1.000) allocation failure; 
[6089:0x73fe720]     5639 ms: Scavenge 61.9 (79.6) -> 46.3 (79.6) MB, 0.6 / 0.0 ms  (average mu = 1.000, current mu = 1.000) allocation failure; 
[6089:0x73fe720]     5644 ms: Scavenge 61.9 (79.6) -> 46.4 (79.6) MB, 0.6 / 0.0 ms  (average mu = 1.000, current mu = 1.000) allocation failure; 
[6089:0x73fe720]     5650 ms: Scavenge 62.0 (79.6) -> 46.4 (79.6) MB, 0.5 / 0.0 ms  (average mu = 1.000, current mu = 1.000) allocation failure; 
[6089:0x73fe720]     5657 ms: Scavenge 62.0 (79.6) -> 46.5 (79.6) MB, 0.9 / 0.0 ms  (average mu = 1.000, current mu = 1.000) allocation failure; 
[6089:0x73fe720]     5663 ms: Scavenge 62.1 (79.6) -> 46.5 (79.8) MB, 0.5 / 0.0 ms  (average mu = 1.000, current mu = 1.000) allocation failure; 
[6089:0x73fe720]     5669 ms: Scavenge 62.1 (79.8) -> 46.6 (79.8) MB, 0.8 / 0.0 ms  (average mu = 1.000, current mu = 1.000) allocation failure; 
[6089:0x73fe720]     5676 ms: Scavenge 62.1 (79.8) -> 46.6 (80.1) MB, 0.8 / 0.0 ms  (average mu = 1.000, current mu = 1.000) allocation failure; 
[6089:0x73fe720]     5683 ms: Scavenge 62.2 (80.1) -> 46.7 (80.1) MB, 0.6 / 0.0 ms  (average mu = 1.000, current mu = 1.000) allocation failure; 
[6089:0x73fe720]     5689 ms: Scavenge 62.2 (80.1) -> 46.7 (80.1) MB, 0.5 / 0.0 ms  (average mu = 1.000, current mu = 1.000) allocation failure; 
[6089:0x73fe720]     5696 ms: Scavenge 62.3 (80.1) -> 46.8 (80.1) MB, 0.6 / 0.0 ms  (average mu = 1.000, current mu = 1.000) allocation failure; 
[6089:0x73fe720]     5702 ms: Scavenge 62.3 (80.1) -> 46.8 (80.1) MB, 0.6 / 0.0 ms  (average mu = 1.000, current mu = 1.000) allocation failure; 
[6089:0x73fe720]     5708 ms: Scavenge 62.4 (80.1) -> 46.9 (80.1) MB, 0.6 / 0.0 ms  (average mu = 1.000, current mu = 1.000) allocation failure; 
[6089:0x73fe720]     5715 ms: Scavenge 62.4 (80.1) -> 46.9 (80.1) MB, 0.6 / 0.0 ms  (average mu = 1.000, current mu = 1.000) allocation failure; 
[6089:0x73fe720]     5721 ms: Scavenge 62.5 (80.1) -> 46.9 (80.1) MB, 0.6 / 0.0 ms  (average mu = 1.000, current mu = 1.000) allocation failure; 
[6089:0x73fe720]     5728 ms: Scavenge 62.5 (80.1) -> 47.0 (80.1) MB, 0.6 / 0.0 ms  (average mu = 1.000, current mu = 1.000) allocation failure; 
[6089:0x73fe720]     5735 ms: Scavenge 62.6 (80.1) -> 47.0 (80.3) MB, 0.7 / 0.0 ms  (average mu = 1.000, current mu = 1.000) allocation failure; 
[6089:0x73fe720]     5741 ms: Scavenge 62.6 (80.3) -> 47.1 (80.3) MB, 0.6 / 0.0 ms  (average mu = 1.000, current mu = 1.000) allocation failure; 
[6089:0x73fe720]     5747 ms: Scavenge 62.7 (80.3) -> 47.1 (80.3) MB, 0.5 / 0.0 ms  (average mu = 1.000, current mu = 1.000) allocation failure; 
[6089:0x73fe720]     5754 ms: Scavenge 62.7 (80.3) -> 47.2 (80.3) MB, 0.5 / 0.0 ms  (average mu = 1.000, current mu = 1.000) allocation failure; 
[6089:0x73fe720]     5760 ms: Scavenge 62.8 (80.3) -> 47.2 (80.3) MB, 0.6 / 0.0 ms  (average mu = 1.000, current mu = 1.000) allocation failure; 
[6089:0x73fe720]     5767 ms: Scavenge 62.8 (80.3) -> 47.3 (80.6) MB, 0.6 / 0.0 ms  (average mu = 1.000, current mu = 1.000) allocation failure; 
[6089:0x73fe720]     5773 ms: Scavenge 62.9 (80.6) -> 47.3 (80.6) MB, 0.5 / 0.0 ms  (average mu = 1.000, current mu = 1.000) allocation failure; 
[6089:0x73fe720]     5780 ms: Scavenge 62.9 (80.6) -> 47.4 (80.6) MB, 0.7 / 0.0 ms  (average mu = 1.000, current mu = 1.000) allocation failure; 
[6089:0x73fe720]     5786 ms: Scavenge 63.0 (80.6) -> 47.4 (80.6) MB, 0.5 / 0.0 ms  (average mu = 1.000, current mu = 1.000) allocation failure; 
[6089:0x73fe720]     5792 ms: Scavenge 63.0 (80.6) -> 47.5 (80.6) MB, 0.6 / 0.0 ms  (average mu = 1.000, current mu = 1.000) allocation failure; 
[6089:0x73fe720]     5799 ms: Scavenge 63.1 (80.6) -> 47.5 (80.8) MB, 0.6 / 0.0 ms  (average mu = 1.000, current mu = 1.000) allocation failure; 
[6089:0x73fe720]     5805 ms: Scavenge 63.1 (80.8) -> 47.6 (80.8) MB, 0.6 / 0.0 ms  (average mu = 1.000, current mu = 1.000) allocation failure; 
[6089:0x73fe720]     5812 ms: Scavenge 63.2 (80.8) -> 47.6 (80.8) MB, 0.7 / 0.0 ms  (average mu = 1.000, current mu = 1.000) allocation failure; 
[6089:0x73fe720]     5819 ms: Scavenge 63.2 (80.8) -> 47.7 (80.8) MB, 0.6 / 0.0 ms  (average mu = 1.000, current mu = 1.000) allocation failure; 
[6089:0x73fe720]     5825 ms: Scavenge 63.3 (80.8) -> 47.7 (80.8) MB, 0.6 / 0.0 ms  (average mu = 1.000, current mu = 1.000) allocation failure; 
[6089:0x73fe720]     5832 ms: Scavenge 63.3 (80.8) -> 47.8 (81.1) MB, 0.7 / 0.0 ms  (average mu = 1.000, current mu = 1.000) allocation failure; 
[6089:0x73fe720]     5838 ms: Scavenge 63.3 (81.1) -> 47.8 (81.1) MB, 0.5 / 0.0 ms  (average mu = 1.000, current mu = 1.000) allocation failure; 
[6089:0x73fe720]     5845 ms: Scavenge 63.4 (81.1) -> 47.9 (81.1) MB, 0.5 / 0.0 ms  (average mu = 1.000, current mu = 1.000) allocation failure; 
[6089:0x73fe720]     5851 ms: Scavenge 63.4 (81.1) -> 47.9 (81.1) MB, 0.7 / 0.0 ms  (average mu = 1.000, current mu = 1.000) allocation failure; 
[6089:0x73fe720]     5858 ms: Scavenge 63.5 (81.1) -> 47.9 (81.1) MB, 0.6 / 0.0 ms  (average mu = 1.000, current mu = 1.000) allocation failure; 
[6089:0x73fe720]     5865 ms: Scavenge 63.5 (81.1) -> 48.0 (81.3) MB, 0.6 / 0.0 ms  (average mu = 1.000, current mu = 1.000) allocation failure; 
[6089:0x73fe720]     5871 ms: Scavenge 63.6 (81.3) -> 48.0 (81.3) MB, 0.6 / 0.0 ms  (average mu = 1.000, current mu = 1.000) allocation failure; 
[6089:0x73fe720]     5878 ms: Scavenge 63.6 (81.3) -> 48.1 (81.3) MB, 0.6 / 0.0 ms  (average mu = 1.000, current mu = 1.000) allocation failure; 
[6089:0x73fe720]     5884 ms: Scavenge 63.7 (81.3) -> 48.1 (81.3) MB, 0.6 / 0.0 ms  (average mu = 1.000, current mu = 1.000) allocation failure; 
[6089:0x73fe720]     5890 ms: Scavenge 63.7 (81.3) -> 48.2 (81.3) MB, 0.6 / 0.0 ms  (average mu = 1.000, current mu = 1.000) allocation failure; 
[6089:0x73fe720]     5897 ms: Scavenge 63.8 (81.3) -> 48.2 (81.6) MB, 0.6 / 0.0 ms  (average mu = 1.000, current mu = 1.000) allocation failure; 
[6089:0x73fe720]     5904 ms: Scavenge 63.8 (81.6) -> 48.3 (81.6) MB, 0.6 / 0.0 ms  (average mu = 1.000, current mu = 1.000) allocation failure; 
[6089:0x73fe720]     5910 ms: Scavenge 63.9 (81.6) -> 48.3 (81.6) MB, 0.6 / 0.0 ms  (average mu = 1.000, current mu = 1.000) allocation failure; 
[6089:0x73fe720]     5916 ms: Scavenge 63.9 (81.6) -> 48.4 (81.6) MB, 0.6 / 0.0 ms  (average mu = 1.000, current mu = 1.000) allocation failure; 
[6089:0x73fe720]     5923 ms: Scavenge 64.0 (81.6) -> 48.4 (81.6) MB, 0.6 / 0.0 ms  (average mu = 1.000, current mu = 1.000) allocation failure; 
[6089:0x73fe720]     5929 ms: Scavenge 64.0 (81.6) -> 48.5 (81.6) MB, 0.6 / 0.0 ms  (average mu = 1.000, current mu = 1.000) allocation failure; 
[6089:0x73fe720]     5936 ms: Scavenge 64.1 (81.6) -> 48.5 (81.8) MB, 0.5 / 0.0 ms  (average mu = 1.000, current mu = 1.000) allocation failure; 
[6089:0x73fe720]     5942 ms: Scavenge 64.1 (81.8) -> 48.6 (81.8) MB, 0.7 / 0.0 ms  (average mu = 1.000, current mu = 1.000) allocation failure; 
[6089:0x73fe720]     5949 ms: Scavenge 64.2 (81.8) -> 48.6 (81.8) MB, 0.5 / 0.0 ms  (average mu = 1.000, current mu = 1.000) allocation failure; 
[6089:0x73fe720]     5955 ms: Scavenge 64.2 (81.8) -> 48.7 (81.8) MB, 0.5 / 0.0 ms  (average mu = 1.000, current mu = 1.000) allocation failure; 
[6089:0x73fe720]     5961 ms: Scavenge 64.3 (81.8) -> 48.7 (81.8) MB, 0.4 / 0.0 ms  (average mu = 1.000, current mu = 1.000) allocation failure; 
[6089:0x73fe720]     5968 ms: Scavenge 65.2 (82.7) -> 49.6 (82.9) MB, 0.9 / 0.0 ms  (average mu = 1.000, current mu = 1.000) allocation failure; 
[6089:0x73fe720]     5975 ms: Scavenge 65.2 (82.9) -> 49.7 (83.2) MB, 0.5 / 0.0 ms  (average mu = 1.000, current mu = 1.000) allocation failure; 
[6089:0x73fe720]     5981 ms: Scavenge 65.3 (83.2) -> 49.7 (83.2) MB, 0.5 / 0.0 ms  (average mu = 1.000, current mu = 1.000) allocation failure; 
[6089:0x73fe720]     5987 ms: Scavenge 65.3 (83.2) -> 49.8 (83.2) MB, 0.4 / 0.0 ms  (average mu = 1.000, current mu = 1.000) allocation failure; 
[6089:0x73fe720]     5993 ms: Scavenge 65.4 (83.2) -> 49.8 (83.2) MB, 0.5 / 0.0 ms  (average mu = 1.000, current mu = 1.000) allocation failure; 
[6089:0x73fe720]     5999 ms: Scavenge 65.4 (83.2) -> 49.9 (83.2) MB, 0.4 / 0.0 ms  (average mu = 1.000, current mu = 1.000) allocation failure; 
[6089:0x73fe720]     6005 ms: Scavenge 65.5 (83.2) -> 49.9 (83.2) MB, 0.5 / 0.0 ms  (average mu = 1.000, current mu = 1.000) allocation failure; 
[6089:0x73fe720]     6011 ms: Scavenge 65.5 (83.2) -> 50.0 (83.2) MB, 0.5 / 0.0 ms  (average mu = 1.000, current mu = 1.000) allocation failure; 
[6089:0x73fe720]     6018 ms: Scavenge 65.6 (83.2) -> 50.0 (83.2) MB, 0.5 / 0.0 ms  (average mu = 1.000, current mu = 1.000) allocation failure; 
[6089:0x73fe720]     6024 ms: Scavenge 65.6 (83.2) -> 50.1 (83.2) MB, 0.5 / 0.0 ms  (average mu = 1.000, current mu = 1.000) allocation failure; 
[6089:0x73fe720]     6030 ms: Scavenge 65.7 (83.2) -> 50.1 (83.4) MB, 0.5 / 0.0 ms  (average mu = 1.000, current mu = 1.000) allocation failure; 
[6089:0x73fe720]     6036 ms: Scavenge 65.7 (83.4) -> 50.2 (83.4) MB, 0.5 / 0.0 ms  (average mu = 1.000, current mu = 1.000) allocation failure; 
[6089:0x73fe720]     6042 ms: Scavenge 65.7 (83.4) -> 50.2 (83.4) MB, 0.5 / 0.0 ms  (average mu = 1.000, current mu = 1.000) allocation failure; 
[6089:0x73fe720]     6048 ms: Scavenge 65.8 (83.4) -> 50.3 (83.4) MB, 0.5 / 0.0 ms  (average mu = 1.000, current mu = 1.000) allocation failure; 
[6089:0x73fe720]     6054 ms: Scavenge 65.8 (83.4) -> 50.3 (83.4) MB, 0.7 / 0.0 ms  (average mu = 1.000, current mu = 1.000) allocation failure; 
[6089:0x73fe720]     6060 ms: Scavenge 65.9 (83.4) -> 50.4 (83.7) MB, 0.6 / 0.0 ms  (average mu = 1.000, current mu = 1.000) allocation failure; 
[6089:0x73fe720]     6066 ms: Scavenge 65.9 (83.7) -> 50.4 (83.7) MB, 0.5 / 0.0 ms  (average mu = 1.000, current mu = 1.000) allocation failure; 
[6089:0x73fe720]     6072 ms: Scavenge 66.0 (83.7) -> 50.4 (83.7) MB, 0.6 / 0.0 ms  (average mu = 1.000, current mu = 1.000) allocation failure; 
[6089:0x73fe720]     6078 ms: Scavenge 66.0 (83.7) -> 50.5 (83.7) MB, 0.5 / 0.0 ms  (average mu = 1.000, current mu = 1.000) allocation failure; 
[6089:0x73fe720]     6084 ms: Scavenge 66.1 (83.7) -> 50.5 (83.7) MB, 0.5 / 0.0 ms  (average mu = 1.000, current mu = 1.000) allocation failure; 
[6089:0x73fe720]     6091 ms: Scavenge 66.1 (83.7) -> 50.6 (83.9) MB, 0.6 / 0.0 ms  (average mu = 1.000, current mu = 1.000) allocation failure; 
[6089:0x73fe720]     6097 ms: Scavenge 66.2 (83.9) -> 50.6 (83.9) MB, 0.6 / 0.0 ms  (average mu = 1.000, current mu = 1.000) allocation failure; 
[6089:0x73fe720]     6104 ms: Scavenge 66.2 (83.9) -> 50.7 (83.9) MB, 0.5 / 0.0 ms  (average mu = 1.000, current mu = 1.000) allocation failure; 
[6089:0x73fe720]     6110 ms: Scavenge 66.3 (83.9) -> 50.7 (83.9) MB, 0.6 / 0.0 ms  (average mu = 1.000, current mu = 1.000) allocation failure; 
[6089:0x73fe720]     6116 ms: Scavenge 66.3 (83.9) -> 50.8 (83.9) MB, 0.6 / 0.0 ms  (average mu = 1.000, current mu = 1.000) allocation failure; 
[6089:0x73fe720]     6123 ms: Scavenge 66.4 (83.9) -> 50.8 (84.2) MB, 0.6 / 0.0 ms  (average mu = 1.000, current mu = 1.000) allocation failure; 
[6089:0x73fe720]     6129 ms: Scavenge 66.4 (84.2) -> 50.9 (84.2) MB, 0.5 / 0.0 ms  (average mu = 1.000, current mu = 1.000) allocation failure; 
[6089:0x73fe720]     6135 ms: Scavenge 66.5 (84.2) -> 50.9 (84.2) MB, 0.5 / 0.0 ms  (average mu = 1.000, current mu = 1.000) allocation failure; 
[6089:0x73fe720]     6142 ms: Scavenge 66.5 (84.2) -> 51.0 (84.2) MB, 0.6 / 0.0 ms  (average mu = 1.000, current mu = 1.000) allocation failure; 
[6089:0x73fe720]     6148 ms: Scavenge 66.6 (84.2) -> 51.0 (84.2) MB, 0.6 / 0.0 ms  (average mu = 1.000, current mu = 1.000) allocation failure; 
[6089:0x73fe720]     6154 ms: Scavenge 66.6 (84.2) -> 51.1 (84.2) MB, 0.4 / 0.0 ms  (average mu = 1.000, current mu = 1.000) allocation failure; 
[6089:0x73fe720]     6160 ms: Scavenge 66.7 (84.2) -> 51.1 (84.4) MB, 0.5 / 0.0 ms  (average mu = 1.000, current mu = 1.000) allocation failure; 
[6089:0x73fe720]     6166 ms: Scavenge 66.7 (84.4) -> 51.2 (84.4) MB, 0.5 / 0.0 ms  (average mu = 1.000, current mu = 1.000) allocation failure; 
[6089:0x73fe720]     6172 ms: Scavenge 66.8 (84.4) -> 51.2 (84.4) MB, 0.6 / 0.0 ms  (average mu = 1.000, current mu = 1.000) allocation failure; 
[6089:0x73fe720]     6178 ms: Scavenge 66.8 (84.4) -> 51.3 (84.4) MB, 0.6 / 0.0 ms  (average mu = 1.000, current mu = 1.000) allocation failure; 
[6089:0x73fe720]     6184 ms: Scavenge 66.9 (84.4) -> 51.3 (84.4) MB, 0.6 / 0.0 ms  (average mu = 1.000, current mu = 1.000) allocation failure; 
[6089:0x73fe720]     6190 ms: Scavenge 66.9 (84.4) -> 51.4 (84.7) MB, 0.6 / 0.0 ms  (average mu = 1.000, current mu = 1.000) allocation failure; 
[6089:0x73fe720]     6197 ms: Scavenge 66.9 (84.7) -> 51.4 (84.7) MB, 0.6 / 0.0 ms  (average mu = 1.000, current mu = 1.000) allocation failure; 
[6089:0x73fe720]     6204 ms: Scavenge 67.0 (84.7) -> 51.5 (84.7) MB, 0.6 / 0.0 ms  (average mu = 1.000, current mu = 1.000) allocation failure; 
[6089:0x73fe720]     6211 ms: Scavenge 67.1 (84.7) -> 51.5 (84.7) MB, 0.6 / 0.0 ms  (average mu = 1.000, current mu = 1.000) allocation failure; 
[6089:0x73fe720]     6217 ms: Scavenge 67.1 (84.7) -> 51.6 (84.9) MB, 0.6 / 0.0 ms  (average mu = 1.000, current mu = 1.000) allocation failure; 
[6089:0x73fe720]     6223 ms: Scavenge 67.2 (84.9) -> 51.6 (84.9) MB, 0.5 / 0.0 ms  (average mu = 1.000, current mu = 1.000) allocation failure; 
[6089:0x73fe720]     6230 ms: Scavenge 67.2 (84.9) -> 51.7 (84.9) MB, 0.6 / 0.0 ms  (average mu = 1.000, current mu = 1.000) allocation failure; 
[6089:0x73fe720]     6236 ms: Scavenge 67.3 (84.9) -> 51.7 (85.2) MB, 0.7 / 0.0 ms  (average mu = 1.000, current mu = 1.000) allocation failure; 
[6089:0x73fe720]     6243 ms: Scavenge 67.3 (85.2) -> 51.8 (85.2) MB, 0.6 / 0.0 ms  (average mu = 1.000, current mu = 1.000) allocation failure; 
[6089:0x73fe720]     6249 ms: Scavenge 67.4 (85.2) -> 51.8 (85.2) MB, 0.5 / 0.0 ms  (average mu = 1.000, current mu = 1.000) allocation failure; 
[6089:0x73fe720]     6256 ms: Scavenge 67.4 (85.2) -> 51.9 (85.2) MB, 0.6 / 0.0 ms  (average mu = 1.000, current mu = 1.000) allocation failure; 
[6089:0x73fe720]     6262 ms: Scavenge 67.5 (85.2) -> 51.9 (85.2) MB, 0.6 / 0.0 ms  (average mu = 1.000, current mu = 1.000) allocation failure; 
[6089:0x73fe720]     6268 ms: Scavenge 67.5 (85.2) -> 52.0 (85.2) MB, 0.5 / 0.0 ms  (average mu = 1.000, current mu = 1.000) allocation failure; 
[6089:0x73fe720]     6274 ms: Scavenge 67.6 (85.2) -> 52.0 (85.4) MB, 0.6 / 0.0 ms  (average mu = 1.000, current mu = 1.000) allocation failure; 
[6089:0x73fe720]     6281 ms: Scavenge 67.6 (85.4) -> 52.1 (85.4) MB, 0.5 / 0.0 ms  (average mu = 1.000, current mu = 1.000) allocation failure; 
[6089:0x73fe720]     6287 ms: Scavenge 67.6 (85.4) -> 52.1 (85.4) MB, 0.8 / 0.0 ms  (average mu = 1.000, current mu = 1.000) allocation failure; 
[6089:0x73fe720]     6293 ms: Scavenge 67.7 (85.4) -> 52.2 (85.4) MB, 0.5 / 0.0 ms  (average mu = 1.000, current mu = 1.000) allocation failure; 
[6089:0x73fe720]     6299 ms: Scavenge 67.7 (85.4) -> 52.2 (85.4) MB, 0.5 / 0.0 ms  (average mu = 1.000, current mu = 1.000) allocation failure; 
[6089:0x73fe720]     6305 ms: Scavenge 67.8 (85.4) -> 52.2 (85.4) MB, 0.5 / 0.0 ms  (average mu = 1.000, current mu = 1.000) allocation failure; 
[6089:0x73fe720]     6312 ms: Scavenge 67.8 (85.4) -> 52.3 (85.4) MB, 0.5 / 0.0 ms  (average mu = 1.000, current mu = 1.000) allocation failure; 
[6089:0x73fe720]     6318 ms: Scavenge 67.9 (85.4) -> 52.3 (85.7) MB, 0.6 / 0.0 ms  (average mu = 1.000, current mu = 1.000) allocation failure; 
[6089:0x73fe720]     6324 ms: Scavenge 67.9 (85.7) -> 52.4 (85.7) MB, 0.5 / 0.0 ms  (average mu = 1.000, current mu = 1.000) allocation failure; 
[6089:0x73fe720]     6330 ms: Scavenge 68.0 (85.7) -> 52.4 (85.7) MB, 0.6 / 0.0 ms  (average mu = 1.000, current mu = 1.000) allocation failure; 
[6089:0x73fe720]     6337 ms: Scavenge 68.0 (85.7) -> 52.5 (85.7) MB, 0.6 / 0.0 ms  (average mu = 1.000, current mu = 1.000) allocation failure; 
[6089:0x73fe720]     6343 ms: Scavenge 68.1 (85.7) -> 52.5 (85.7) MB, 0.6 / 0.0 ms  (average mu = 1.000, current mu = 1.000) allocation failure; 
[6089:0x73fe720]     6350 ms: Scavenge 68.1 (85.7) -> 52.6 (85.9) MB, 0.6 / 0.0 ms  (average mu = 1.000, current mu = 1.000) allocation failure; 
[6089:0x73fe720]     6356 ms: Scavenge 68.2 (85.9) -> 52.6 (85.9) MB, 0.5 / 0.0 ms  (average mu = 1.000, current mu = 1.000) allocation failure; 
[6089:0x73fe720]     6362 ms: Scavenge 68.2 (85.9) -> 52.7 (85.9) MB, 0.6 / 0.0 ms  (average mu = 1.000, current mu = 1.000) allocation failure; 
[6089:0x73fe720]     6369 ms: Scavenge 68.3 (85.9) -> 52.7 (85.9) MB, 0.5 / 0.0 ms  (average mu = 1.000, current mu = 1.000) allocation failure; 
[6089:0x73fe720]     6376 ms: Scavenge 68.3 (85.9) -> 52.8 (85.9) MB, 0.5 / 0.0 ms  (average mu = 1.000, current mu = 1.000) allocation failure; 
[6089:0x73fe720]     6383 ms: Scavenge 68.4 (85.9) -> 52.8 (86.2) MB, 0.7 / 0.0 ms  (average mu = 1.000, current mu = 1.000) allocation failure; 
[6089:0x73fe720]     6389 ms: Scavenge 68.4 (86.2) -> 52.9 (86.2) MB, 0.5 / 0.0 ms  (average mu = 1.000, current mu = 1.000) allocation failure; 
[6089:0x73fe720]     6396 ms: Scavenge 68.5 (86.2) -> 52.9 (86.2) MB, 0.8 / 0.0 ms  (average mu = 1.000, current mu = 1.000) allocation failure; 
[6089:0x73fe720]     6402 ms: Scavenge 68.5 (86.2) -> 53.0 (86.2) MB, 0.6 / 0.0 ms  (average mu = 1.000, current mu = 1.000) allocation failure; 
[6089:0x73fe720]     6409 ms: Scavenge 68.6 (86.2) -> 53.0 (86.2) MB, 0.6 / 0.0 ms  (average mu = 1.000, current mu = 1.000) allocation failure; 
[6089:0x73fe720]     6415 ms: Scavenge 68.6 (86.2) -> 53.1 (86.4) MB, 0.8 / 0.0 ms  (average mu = 1.000, current mu = 1.000) allocation failure; 
[6089:0x73fe720]     6422 ms: Scavenge 68.7 (86.4) -> 53.1 (86.4) MB, 0.6 / 0.0 ms  (average mu = 1.000, current mu = 1.000) allocation failure; 
[6089:0x73fe720]     6428 ms: Scavenge 68.7 (86.4) -> 53.2 (86.4) MB, 0.6 / 0.0 ms  (average mu = 1.000, current mu = 1.000) allocation failure; 
[6089:0x73fe720]     6434 ms: Scavenge 68.7 (86.4) -> 53.2 (86.4) MB, 0.6 / 0.0 ms  (average mu = 1.000, current mu = 1.000) allocation failure; 
[6089:0x73fe720]     6441 ms: Scavenge 68.8 (86.4) -> 53.3 (86.4) MB, 0.5 / 0.0 ms  (average mu = 1.000, current mu = 1.000) allocation failure; 
[6089:0x73fe720]     6447 ms: Scavenge 68.8 (86.4) -> 53.3 (86.7) MB, 0.8 / 0.0 ms  (average mu = 1.000, current mu = 1.000) allocation failure; 
[6089:0x73fe720]     6454 ms: Scavenge 68.9 (86.7) -> 53.3 (86.7) MB, 0.6 / 0.0 ms  (average mu = 1.000, current mu = 1.000) allocation failure; 
[6089:0x73fe720]     6460 ms: Scavenge 68.9 (86.7) -> 53.4 (86.7) MB, 0.6 / 0.0 ms  (average mu = 1.000, current mu = 1.000) allocation failure; 
[6089:0x73fe720]     6467 ms: Scavenge 69.0 (86.7) -> 53.5 (86.7) MB, 0.5 / 0.0 ms  (average mu = 1.000, current mu = 1.000) allocation failure; 
[6089:0x73fe720]     6473 ms: Scavenge 69.0 (86.7) -> 53.5 (86.7) MB, 0.7 / 0.0 ms  (average mu = 1.000, current mu = 1.000) allocation failure; 
[6089:0x73fe720]     6480 ms: Scavenge 69.1 (86.7) -> 53.5 (86.9) MB, 0.6 / 0.0 ms  (average mu = 1.000, current mu = 1.000) allocation failure; 
[6089:0x73fe720]     6487 ms: Scavenge 69.1 (86.9) -> 53.6 (86.9) MB, 0.6 / 0.0 ms  (average mu = 1.000, current mu = 1.000) allocation failure; 
[6089:0x73fe720]     6493 ms: Scavenge 69.2 (86.9) -> 53.6 (86.9) MB, 0.6 / 0.0 ms  (average mu = 1.000, current mu = 1.000) allocation failure; 
[6089:0x73fe720]     6499 ms: Scavenge 69.2 (86.9) -> 53.7 (86.9) MB, 0.7 / 0.0 ms  (average mu = 1.000, current mu = 1.000) allocation failure; 
[6089:0x73fe720]     6506 ms: Scavenge 69.3 (86.9) -> 53.7 (86.9) MB, 0.6 / 0.0 ms  (average mu = 1.000, current mu = 1.000) allocation failure; 
[6089:0x73fe720]     6514 ms: Scavenge 69.3 (86.9) -> 53.8 (87.2) MB, 2.6 / 0.0 ms  (average mu = 1.000, current mu = 1.000) allocation failure; 
[6089:0x73fe720]     6521 ms: Scavenge 69.4 (87.2) -> 53.8 (87.2) MB, 0.6 / 0.0 ms  (average mu = 1.000, current mu = 1.000) allocation failure; 
[6089:0x73fe720]     6527 ms: Scavenge 69.4 (87.2) -> 53.9 (87.2) MB, 0.5 / 0.0 ms  (average mu = 1.000, current mu = 1.000) allocation failure; 
[6089:0x73fe720]     6534 ms: Scavenge 69.5 (87.2) -> 53.9 (87.2) MB, 0.5 / 0.0 ms  (average mu = 1.000, current mu = 1.000) allocation failure; 
[6089:0x73fe720]     6540 ms: Scavenge 69.5 (87.2) -> 54.0 (87.2) MB, 0.6 / 0.0 ms  (average mu = 1.000, current mu = 1.000) allocation failure; 
[6089:0x73fe720]     6546 ms: Scavenge 69.6 (87.2) -> 54.0 (87.2) MB, 0.5 / 0.0 ms  (average mu = 1.000, current mu = 1.000) allocation failure; 
[6089:0x73fe720]     6552 ms: Scavenge 69.6 (87.2) -> 54.1 (87.4) MB, 0.9 / 0.0 ms  (average mu = 1.000, current mu = 1.000) allocation failure; 
[6089:0x73fe720]     6558 ms: Scavenge 69.7 (87.4) -> 54.1 (87.4) MB, 0.5 / 0.0 ms  (average mu = 1.000, current mu = 1.000) allocation failure; 
[6089:0x73fe720]     6564 ms: Scavenge 69.7 (87.4) -> 54.2 (87.4) MB, 0.4 / 0.0 ms  (average mu = 1.000, current mu = 1.000) allocation failure; 
[6089:0x73fe720]     6571 ms: Scavenge 69.8 (87.4) -> 54.2 (87.4) MB, 0.6 / 0.0 ms  (average mu = 1.000, current mu = 1.000) allocation failure; 
[6089:0x73fe720]     6577 ms: Scavenge 69.8 (87.4) -> 54.3 (87.4) MB, 0.6 / 0.0 ms  (average mu = 1.000, current mu = 1.000) allocation failure; 
[6089:0x73fe720]     6583 ms: Scavenge 69.8 (87.4) -> 54.3 (87.7) MB, 0.6 / 0.0 ms  (average mu = 1.000, current mu = 1.000) allocation failure; 
[6089:0x73fe720]     6589 ms: Scavenge 69.9 (87.7) -> 54.4 (87.7) MB, 0.5 / 0.0 ms  (average mu = 1.000, current mu = 1.000) allocation failure; 
[6089:0x73fe720]     6596 ms: Scavenge 69.9 (87.7) -> 54.4 (87.7) MB, 0.8 / 0.0 ms  (average mu = 1.000, current mu = 1.000) allocation failure; 
[6089:0x73fe720]     6602 ms: Scavenge 70.0 (87.7) -> 54.4 (87.7) MB, 0.6 / 0.0 ms  (average mu = 1.000, current mu = 1.000) allocation failure; 
[6089:0x73fe720]     6608 ms: Scavenge 70.0 (87.7) -> 54.5 (87.7) MB, 0.6 / 0.0 ms  (average mu = 1.000, current mu = 1.000) allocation failure; 
[6089:0x73fe720]     6615 ms: Scavenge 70.1 (87.7) -> 54.6 (87.9) MB, 0.5 / 0.0 ms  (average mu = 1.000, current mu = 1.000) allocation failure; 
[6089:0x73fe720]     6621 ms: Scavenge 70.1 (87.9) -> 54.6 (87.9) MB, 0.7 / 0.0 ms  (average mu = 1.000, current mu = 1.000) allocation failure; 
[6089:0x73fe720]     6628 ms: Scavenge 70.2 (87.9) -> 54.6 (87.9) MB, 0.6 / 0.0 ms  (average mu = 1.000, current mu = 1.000) allocation failure; 
[6089:0x73fe720]     6634 ms: Scavenge 70.2 (87.9) -> 54.7 (87.9) MB, 0.6 / 0.0 ms  (average mu = 1.000, current mu = 1.000) allocation failure; 
[6089:0x73fe720]     6641 ms: Scavenge 70.3 (87.9) -> 54.7 (87.9) MB, 0.5 / 0.0 ms  (average mu = 1.000, current mu = 1.000) allocation failure; 
[6089:0x73fe720]     6647 ms: Scavenge 70.3 (87.9) -> 54.8 (88.2) MB, 0.7 / 0.0 ms  (average mu = 1.000, current mu = 1.000) allocation failure; 
[6089:0x73fe720]     6654 ms: Scavenge 70.4 (88.2) -> 54.8 (88.2) MB, 0.6 / 0.0 ms  (average mu = 1.000, current mu = 1.000) allocation failure; 
[6089:0x73fe720]     6660 ms: Scavenge 70.4 (88.2) -> 54.9 (88.2) MB, 0.5 / 0.0 ms  (average mu = 1.000, current mu = 1.000) allocation failure; 
[6089:0x73fe720]     6666 ms: Scavenge 70.5 (88.2) -> 54.9 (88.2) MB, 0.6 / 0.0 ms  (average mu = 1.000, current mu = 1.000) allocation failure; 
[6089:0x73fe720]     6673 ms: Scavenge 70.5 (88.2) -> 55.0 (88.2) MB, 0.5 / 0.0 ms  (average mu = 1.000, current mu = 1.000) allocation failure; 
[6089:0x73fe720]     6679 ms: Scavenge 70.6 (88.2) -> 55.0 (88.4) MB, 0.5 / 0.0 ms  (average mu = 1.000, current mu = 1.000) allocation failure; 
[6089:0x73fe720]     6685 ms: Scavenge 70.6 (88.4) -> 55.1 (88.4) MB, 0.5 / 0.0 ms  (average mu = 1.000, current mu = 1.000) allocation failure; 
[6089:0x73fe720]     6691 ms: Scavenge 70.7 (88.4) -> 55.1 (88.4) MB, 0.5 / 0.0 ms  (average mu = 1.000, current mu = 1.000) allocation failure; 
[6089:0x73fe720]     6697 ms: Scavenge 70.7 (88.4) -> 55.2 (88.4) MB, 0.6 / 0.0 ms  (average mu = 1.000, current mu = 1.000) allocation failure; 
[6089:0x73fe720]     6703 ms: Scavenge 70.8 (88.4) -> 55.2 (88.4) MB, 0.5 / 0.0 ms  (average mu = 1.000, current mu = 1.000) allocation failure; 
[6089:0x73fe720]     6709 ms: Scavenge 70.8 (88.4) -> 55.3 (88.7) MB, 0.6 / 0.0 ms  (average mu = 1.000, current mu = 1.000) allocation failure; 
[6089:0x73fe720]     6715 ms: Scavenge 70.9 (88.7) -> 55.3 (88.7) MB, 0.5 / 0.0 ms  (average mu = 1.000, current mu = 1.000) allocation failure; 
[6089:0x73fe720]     6721 ms: Scavenge 70.9 (88.7) -> 55.4 (88.7) MB, 0.5 / 0.0 ms  (average mu = 1.000, current mu = 1.000) allocation failure; 
[6089:0x73fe720]     6728 ms: Scavenge 70.9 (88.7) -> 55.4 (88.7) MB, 0.7 / 0.0 ms  (average mu = 1.000, current mu = 1.000) allocation failure; 
[6089:0x73fe720]     6734 ms: Scavenge 71.0 (88.7) -> 55.5 (88.7) MB, 0.6 / 0.0 ms  (average mu = 1.000, current mu = 1.000) allocation failure; 
[6089:0x73fe720]     6740 ms: Scavenge 71.0 (88.7) -> 55.5 (88.9) MB, 0.6 / 0.0 ms  (average mu = 1.000, current mu = 1.000) allocation failure; 
[6089:0x73fe720]     6746 ms: Scavenge 71.1 (88.9) -> 55.5 (88.9) MB, 0.5 / 0.0 ms  (average mu = 1.000, current mu = 1.000) allocation failure; 
[6089:0x73fe720]     6752 ms: Scavenge 71.1 (88.9) -> 55.6 (88.9) MB, 0.5 / 0.0 ms  (average mu = 1.000, current mu = 1.000) allocation failure; 
[6089:0x73fe720]     6758 ms: Scavenge 71.2 (88.9) -> 55.6 (88.9) MB, 0.5 / 0.0 ms  (average mu = 1.000, current mu = 1.000) allocation failure; 
[6089:0x73fe720]     6765 ms: Scavenge 71.2 (88.9) -> 55.7 (88.9) MB, 0.6 / 0.0 ms  (average mu = 1.000, current mu = 1.000) allocation failure; 
[6089:0x73fe720]     6771 ms: Scavenge 71.3 (88.9) -> 55.7 (88.9) MB, 0.6 / 0.0 ms  (average mu = 1.000, current mu = 1.000) allocation failure; 
[6089:0x73fe720]     6777 ms: Scavenge 71.3 (88.9) -> 55.8 (89.2) MB, 0.6 / 0.0 ms  (average mu = 1.000, current mu = 1.000) allocation failure; 
[6089:0x73fe720]     6783 ms: Scavenge 71.4 (89.2) -> 55.8 (89.2) MB, 0.6 / 0.0 ms  (average mu = 1.000, current mu = 1.000) allocation failure; 
[6089:0x73fe720]     6789 ms: Scavenge 71.4 (89.2) -> 55.9 (89.2) MB, 0.5 / 0.0 ms  (average mu = 1.000, current mu = 1.000) allocation failure; 
[6089:0x73fe720]     6795 ms: Scavenge 71.5 (89.2) -> 55.9 (89.2) MB, 0.5 / 0.0 ms  (average mu = 1.000, current mu = 1.000) allocation failure; 
[6089:0x73fe720]     6802 ms: Scavenge 71.5 (89.2) -> 56.0 (89.2) MB, 0.7 / 0.0 ms  (average mu = 1.000, current mu = 1.000) allocation failure; 
[6089:0x73fe720]     6808 ms: Scavenge 71.6 (89.2) -> 56.0 (89.4) MB, 0.7 / 0.0 ms  (average mu = 1.000, current mu = 1.000) allocation failure; 
[6089:0x73fe720]     6814 ms: Scavenge 71.6 (89.4) -> 56.1 (89.4) MB, 0.7 / 0.0 ms  (average mu = 1.000, current mu = 1.000) allocation failure; 
[6089:0x73fe720]     6820 ms: Scavenge 71.7 (89.4) -> 56.1 (89.4) MB, 0.5 / 0.0 ms  (average mu = 1.000, current mu = 1.000) allocation failure; 
[6089:0x73fe720]     6827 ms: Scavenge 71.7 (89.4) -> 56.2 (89.4) MB, 0.6 / 0.0 ms  (average mu = 1.000, current mu = 1.000) allocation failure; 
[6089:0x73fe720]     6833 ms: Scavenge 71.8 (89.4) -> 56.2 (89.4) MB, 0.5 / 0.0 ms  (average mu = 1.000, current mu = 1.000) allocation failure; 
[6089:0x73fe720]     6839 ms: Scavenge 71.8 (89.4) -> 56.3 (89.7) MB, 0.6 / 0.0 ms  (average mu = 1.000, current mu = 1.000) allocation failure; 
[6089:0x73fe720]     6845 ms: Scavenge 71.9 (89.7) -> 56.3 (89.7) MB, 0.5 / 0.0 ms  (average mu = 1.000, current mu = 1.000) allocation failure; 
[6089:0x73fe720]     6851 ms: Scavenge 71.9 (89.7) -> 56.4 (89.7) MB, 0.5 / 0.0 ms  (average mu = 1.000, current mu = 1.000) allocation failure; 
[6089:0x73fe720]     6857 ms: Scavenge 72.0 (89.7) -> 56.4 (89.7) MB, 0.7 / 0.0 ms  (average mu = 1.000, current mu = 1.000) allocation failure; 
[6089:0x73fe720]     6863 ms: Scavenge 72.0 (89.7) -> 56.5 (89.7) MB, 0.5 / 0.0 ms  (average mu = 1.000, current mu = 1.000) allocation failure; 
[6089:0x73fe720]     6870 ms: Scavenge 72.0 (89.7) -> 56.5 (90.2) MB, 0.5 / 0.0 ms  (average mu = 1.000, current mu = 1.000) allocation failure; 
[6089:0x73fe720]     6876 ms: Scavenge 72.1 (90.2) -> 56.6 (90.2) MB, 0.7 / 0.0 ms  (average mu = 1.000, current mu = 1.000) allocation failure; 
[6089:0x73fe720]     6910 ms: Mark-sweep 69.9 (90.2) -> 59.5 (94.0) MB, 5.3 / 0.0 ms  (+ 23.1 ms in 154 steps since start of marking, biggest step 0.2 ms, walltime since start of marking 34 ms) (average mu = 0.995, current mu = 0.995) finalize incremental marking via stack guard; GC in old space requested
[6089:0x73fe720]     6917 ms: Scavenge 75.2 (94.0) -> 59.6 (94.0) MB, 0.7 / 0.0 ms  (average mu = 0.995, current mu = 0.995) allocation failure; 
[6089:0x73fe720]     6923 ms: Scavenge 75.2 (94.0) -> 59.7 (94.0) MB, 0.6 / 0.0 ms  (average mu = 0.995, current mu = 0.995) allocation failure; 
[6089:0x73fe720]     6929 ms: Scavenge 75.3 (94.0) -> 59.7 (94.0) MB, 0.6 / 0.0 ms  (average mu = 0.995, current mu = 0.995) allocation failure; 
[6089:0x73fe720]     6935 ms: Scavenge 75.3 (94.0) -> 59.8 (94.0) MB, 0.5 / 0.0 ms  (average mu = 0.995, current mu = 0.995) allocation failure; 
[6089:0x73fe720]     6941 ms: Scavenge 75.4 (94.0) -> 59.8 (94.0) MB, 0.4 / 0.0 ms  (average mu = 0.995, current mu = 0.995) allocation failure; 
[6089:0x73fe720]     6947 ms: Scavenge 75.4 (94.0) -> 59.9 (94.0) MB, 0.5 / 0.0 ms  (average mu = 0.995, current mu = 0.995) allocation failure; 
[6089:0x73fe720]     6953 ms: Scavenge 75.5 (94.0) -> 59.9 (94.0) MB, 0.7 / 0.0 ms  (average mu = 0.995, current mu = 0.995) allocation failure; 
[6089:0x73fe720]     6958 ms: Scavenge 75.5 (94.0) -> 60.0 (94.0) MB, 0.5 / 0.0 ms  (average mu = 0.995, current mu = 0.995) allocation failure; 
[6089:0x73fe720]     6964 ms: Scavenge 75.5 (94.0) -> 60.0 (94.0) MB, 0.4 / 0.0 ms  (average mu = 0.995, current mu = 0.995) allocation failure; 
[6089:0x73fe720]     6970 ms: Scavenge 75.6 (94.0) -> 60.1 (94.0) MB, 0.6 / 0.0 ms  (average mu = 0.995, current mu = 0.995) allocation failure; 
[6089:0x73fe720]     6976 ms: Scavenge 75.6 (94.0) -> 60.1 (94.0) MB, 0.7 / 0.0 ms  (average mu = 0.995, current mu = 0.995) allocation failure; 
[6089:0x73fe720]     6982 ms: Scavenge 75.7 (94.0) -> 60.1 (94.0) MB, 0.5 / 0.0 ms  (average mu = 0.995, current mu = 0.995) allocation failure; 
[6089:0x73fe720]     6988 ms: Scavenge 75.7 (94.0) -> 60.2 (94.0) MB, 0.5 / 0.0 ms  (average mu = 0.995, current mu = 0.995) allocation failure; 
[6089:0x73fe720]     6994 ms: Scavenge 75.8 (94.0) -> 60.3 (94.0) MB, 0.4 / 0.0 ms  (average mu = 0.995, current mu = 0.995) allocation failure; 
[6089:0x73fe720]     7000 ms: Scavenge 75.8 (94.0) -> 60.3 (94.0) MB, 0.7 / 0.0 ms  (average mu = 0.995, current mu = 0.995) allocation failure; 
[6089:0x73fe720]     7005 ms: Scavenge 75.9 (94.0) -> 60.3 (94.0) MB, 0.5 / 0.0 ms  (average mu = 0.995, current mu = 0.995) allocation failure; 
[6089:0x73fe720]     7011 ms: Scavenge 75.9 (94.0) -> 60.4 (94.0) MB, 0.4 / 0.0 ms  (average mu = 0.995, current mu = 0.995) allocation failure; 
[6089:0x73fe720]     7017 ms: Scavenge 76.0 (94.0) -> 60.4 (94.0) MB, 0.6 / 0.0 ms  (average mu = 0.995, current mu = 0.995) allocation failure; 
[6089:0x73fe720]     7023 ms: Scavenge 76.0 (94.0) -> 60.5 (94.0) MB, 0.5 / 0.0 ms  (average mu = 0.995, current mu = 0.995) allocation failure; 
[6089:0x73fe720]     7029 ms: Scavenge 76.1 (94.0) -> 60.5 (94.0) MB, 0.5 / 0.0 ms  (average mu = 0.995, current mu = 0.995) allocation failure; 
[6089:0x73fe720]     7035 ms: Scavenge 76.1 (94.0) -> 60.6 (94.0) MB, 0.5 / 0.0 ms  (average mu = 0.995, current mu = 0.995) allocation failure; 
[6089:0x73fe720]     7041 ms: Scavenge 76.2 (94.0) -> 60.6 (94.0) MB, 0.5 / 0.0 ms  (average mu = 0.995, current mu = 0.995) allocation failure; 
[6089:0x73fe720]     7047 ms: Scavenge 76.2 (94.0) -> 60.7 (94.0) MB, 0.7 / 0.0 ms  (average mu = 0.995, current mu = 0.995) allocation failure; 
[6089:0x73fe720]     7053 ms: Scavenge 76.3 (94.0) -> 60.7 (94.3) MB, 0.6 / 0.0 ms  (average mu = 0.995, current mu = 0.995) allocation failure; 
[6089:0x73fe720]     7059 ms: Scavenge 76.3 (94.3) -> 60.8 (94.3) MB, 0.6 / 0.0 ms  (average mu = 0.995, current mu = 0.995) allocation failure; 
[6089:0x73fe720]     7065 ms: Scavenge 76.4 (94.3) -> 60.8 (94.3) MB, 0.5 / 0.0 ms  (average mu = 0.995, current mu = 0.995) allocation failure; 
[6089:0x73fe720]     7071 ms: Scavenge 76.4 (94.3) -> 60.9 (94.3) MB, 0.6 / 0.0 ms  (average mu = 0.995, current mu = 0.995) allocation failure; 
[6089:0x73fe720]     7078 ms: Scavenge 76.5 (94.3) -> 60.9 (94.3) MB, 0.6 / 0.0 ms  (average mu = 0.995, current mu = 0.995) allocation failure; 
[6089:0x73fe720]     7084 ms: Scavenge 76.5 (94.3) -> 61.0 (94.5) MB, 0.5 / 0.0 ms  (average mu = 0.995, current mu = 0.995) allocation failure; 
[6089:0x73fe720]     7090 ms: Scavenge 76.6 (94.5) -> 61.0 (94.5) MB, 0.7 / 0.0 ms  (average mu = 0.995, current mu = 0.995) allocation failure; 
[6089:0x73fe720]     7096 ms: Scavenge 76.6 (94.5) -> 61.1 (94.5) MB, 0.6 / 0.0 ms  (average mu = 0.995, current mu = 0.995) allocation failure; 
[6089:0x73fe720]     7103 ms: Scavenge 76.6 (94.5) -> 61.1 (94.5) MB, 0.6 / 0.0 ms  (average mu = 0.995, current mu = 0.995) allocation failure; 
[6089:0x73fe720]     7109 ms: Scavenge 76.7 (94.5) -> 61.2 (94.5) MB, 0.5 / 0.0 ms  (average mu = 0.995, current mu = 0.995) allocation failure; 
[6089:0x73fe720]     7115 ms: Scavenge 76.7 (94.5) -> 61.2 (94.8) MB, 0.7 / 0.0 ms  (average mu = 0.995, current mu = 0.995) allocation failure; 
[6089:0x73fe720]     7124 ms: Scavenge 76.8 (94.8) -> 61.2 (94.8) MB, 0.9 / 0.0 ms  (average mu = 0.995, current mu = 0.995) allocation failure; 
[6089:0x73fe720]     7130 ms: Scavenge 76.8 (94.8) -> 61.3 (94.8) MB, 0.5 / 0.0 ms  (average mu = 0.995, current mu = 0.995) allocation failure; 
[6089:0x73fe720]     7136 ms: Scavenge 76.9 (94.8) -> 61.3 (94.8) MB, 0.7 / 0.0 ms  (average mu = 0.995, current mu = 0.995) allocation failure; 
[6089:0x73fe720]     7143 ms: Scavenge 76.9 (94.8) -> 61.4 (94.8) MB, 0.6 / 0.0 ms  (average mu = 0.995, current mu = 0.995) allocation failure; 
[6089:0x73fe720]     7149 ms: Scavenge 77.0 (94.8) -> 61.4 (95.0) MB, 0.6 / 0.0 ms  (average mu = 0.995, current mu = 0.995) allocation failure; 
[6089:0x73fe720]     7156 ms: Scavenge 77.0 (95.0) -> 61.5 (95.0) MB, 0.6 / 0.0 ms  (average mu = 0.995, current mu = 0.995) allocation failure; 
[6089:0x73fe720]     7162 ms: Scavenge 77.1 (95.0) -> 61.5 (95.0) MB, 0.6 / 0.0 ms  (average mu = 0.995, current mu = 0.995) allocation failure; 
[6089:0x73fe720]     7169 ms: Scavenge 77.1 (95.0) -> 61.6 (95.0) MB, 0.6 / 0.0 ms  (average mu = 0.995, current mu = 0.995) allocation failure; 
[6089:0x73fe720]     7175 ms: Scavenge 77.2 (95.0) -> 61.6 (95.0) MB, 0.6 / 0.0 ms  (average mu = 0.995, current mu = 0.995) allocation failure; 
[6089:0x73fe720]     7182 ms: Scavenge 77.2 (95.0) -> 61.7 (95.0) MB, 0.5 / 0.0 ms  (average mu = 0.995, current mu = 0.995) allocation failure; 
[6089:0x73fe720]     7188 ms: Scavenge 77.3 (95.0) -> 61.7 (95.3) MB, 0.7 / 0.0 ms  (average mu = 0.995, current mu = 0.995) allocation failure; 
[6089:0x73fe720]     7194 ms: Scavenge 77.3 (95.3) -> 61.8 (95.3) MB, 0.6 / 0.0 ms  (average mu = 0.995, current mu = 0.995) allocation failure; 
[6089:0x73fe720]     7201 ms: Scavenge 77.4 (95.3) -> 61.8 (95.3) MB, 0.6 / 0.0 ms  (average mu = 0.995, current mu = 0.995) allocation failure; 
[6089:0x73fe720]     7207 ms: Scavenge 77.4 (95.3) -> 61.9 (95.3) MB, 0.5 / 0.0 ms  (average mu = 0.995, current mu = 0.995) allocation failure; 
[6089:0x73fe720]     7214 ms: Scavenge 77.5 (95.3) -> 61.9 (95.3) MB, 0.7 / 0.0 ms  (average mu = 0.995, current mu = 0.995) allocation failure; 
[6089:0x73fe720]     7220 ms: Scavenge 77.5 (95.3) -> 62.0 (95.5) MB, 0.6 / 0.0 ms  (average mu = 0.995, current mu = 0.995) allocation failure; 
[6089:0x73fe720]     7226 ms: Scavenge 77.6 (95.5) -> 62.0 (95.5) MB, 0.4 / 0.0 ms  (average mu = 0.995, current mu = 0.995) allocation failure; 
[6089:0x73fe720]     7232 ms: Scavenge 77.6 (95.5) -> 62.1 (95.5) MB, 0.6 / 0.0 ms  (average mu = 0.995, current mu = 0.995) allocation failure; 
[6089:0x73fe720]     7238 ms: Scavenge 77.7 (95.5) -> 62.1 (95.5) MB, 0.7 / 0.0 ms  (average mu = 0.995, current mu = 0.995) allocation failure; 
[6089:0x73fe720]     7243 ms: Scavenge 77.7 (95.5) -> 62.2 (95.5) MB, 0.5 / 0.0 ms  (average mu = 0.995, current mu = 0.995) allocation failure; 
[6089:0x73fe720]     7249 ms: Scavenge 77.7 (95.5) -> 62.2 (95.8) MB, 0.5 / 0.0 ms  (average mu = 0.995, current mu = 0.995) allocation failure; 
[6089:0x73fe720]     7255 ms: Scavenge 77.8 (95.8) -> 62.3 (95.8) MB, 0.5 / 0.0 ms  (average mu = 0.995, current mu = 0.995) allocation failure; 
[6089:0x73fe720]     7261 ms: Scavenge 77.8 (95.8) -> 62.3 (96.0) MB, 0.6 / 0.0 ms  (average mu = 0.995, current mu = 0.995) allocation failure; 
[6089:0x73fe720]     7267 ms: Scavenge 77.9 (96.0) -> 62.3 (96.0) MB, 0.7 / 0.0 ms  (average mu = 0.995, current mu = 0.995) allocation failure; 
[6089:0x73fe720]     7273 ms: Scavenge 77.9 (96.0) -> 62.4 (96.0) MB, 0.6 / 0.0 ms  (average mu = 0.995, current mu = 0.995) allocation failure; 
[6089:0x73fe720]     7279 ms: Scavenge 78.0 (96.0) -> 62.4 (96.0) MB, 0.6 / 0.0 ms  (average mu = 0.995, current mu = 0.995) allocation failure; 
[6089:0x73fe720]     7285 ms: Scavenge 78.0 (96.0) -> 62.5 (96.0) MB, 0.5 / 0.0 ms  (average mu = 0.995, current mu = 0.995) allocation failure; 
[6089:0x73fe720]     7291 ms: Scavenge 78.1 (96.0) -> 62.5 (96.0) MB, 0.5 / 0.0 ms  (average mu = 0.995, current mu = 0.995) allocation failure; 
[6089:0x73fe720]     7297 ms: Scavenge 78.1 (96.0) -> 62.6 (96.0) MB, 0.6 / 0.0 ms  (average mu = 0.995, current mu = 0.995) allocation failure; 
[6089:0x73fe720]     7303 ms: Scavenge 78.2 (96.0) -> 62.6 (96.0) MB, 0.5 / 0.0 ms  (average mu = 0.995, current mu = 0.995) allocation failure; 
[6089:0x73fe720]     7310 ms: Scavenge 78.2 (96.0) -> 62.7 (96.3) MB, 0.5 / 0.0 ms  (average mu = 0.995, current mu = 0.995) allocation failure; 
[6089:0x73fe720]     7316 ms: Scavenge 78.3 (96.3) -> 62.7 (96.3) MB, 0.5 / 0.0 ms  (average mu = 0.995, current mu = 0.995) allocation failure; 
[6089:0x73fe720]     7321 ms: Scavenge 78.3 (96.3) -> 62.8 (96.5) MB, 0.6 / 0.0 ms  (average mu = 0.995, current mu = 0.995) allocation failure; 
[6089:0x73fe720]     7327 ms: Scavenge 78.4 (96.5) -> 62.8 (96.5) MB, 0.6 / 0.0 ms  (average mu = 0.995, current mu = 0.995) allocation failure; 
[6089:0x73fe720]     7333 ms: Scavenge 78.4 (96.5) -> 62.9 (96.5) MB, 0.5 / 0.0 ms  (average mu = 0.995, current mu = 0.995) allocation failure; 
[6089:0x73fe720]     7339 ms: Scavenge 78.5 (96.5) -> 62.9 (96.5) MB, 0.5 / 0.0 ms  (average mu = 0.995, current mu = 0.995) allocation failure; 
[6089:0x73fe720]     7345 ms: Scavenge 78.5 (96.5) -> 63.0 (96.5) MB, 0.6 / 0.0 ms  (average mu = 0.995, current mu = 0.995) allocation failure; 
[6089:0x73fe720]     7351 ms: Scavenge 78.6 (96.5) -> 63.0 (96.5) MB, 0.6 / 0.0 ms  (average mu = 0.995, current mu = 0.995) allocation failure; 
[6089:0x73fe720]     7357 ms: Scavenge 78.6 (96.5) -> 63.1 (96.5) MB, 0.5 / 0.0 ms  (average mu = 0.995, current mu = 0.995) allocation failure; 
[6089:0x73fe720]     7362 ms: Scavenge 78.7 (96.5) -> 63.1 (96.5) MB, 0.5 / 0.0 ms  (average mu = 0.995, current mu = 0.995) allocation failure; 
[6089:0x73fe720]     7368 ms: Scavenge 78.7 (96.5) -> 63.2 (96.8) MB, 0.5 / 0.0 ms  (average mu = 0.995, current mu = 0.995) allocation failure; 
[6089:0x73fe720]     7374 ms: Scavenge 78.8 (96.8) -> 63.2 (96.8) MB, 0.5 / 0.0 ms  (average mu = 0.995, current mu = 0.995) allocation failure; 
[6089:0x73fe720]     7381 ms: Scavenge 78.8 (96.8) -> 63.3 (96.8) MB, 0.9 / 0.0 ms  (average mu = 0.995, current mu = 0.995) allocation failure; 
[6089:0x73fe720]     7386 ms: Scavenge 78.8 (96.8) -> 63.3 (96.8) MB, 0.5 / 0.0 ms  (average mu = 0.995, current mu = 0.995) allocation failure; 
[6089:0x73fe720]     7392 ms: Scavenge 78.9 (96.8) -> 63.4 (96.8) MB, 0.7 / 0.0 ms  (average mu = 0.995, current mu = 0.995) allocation failure; 
[6089:0x73fe720]     7398 ms: Scavenge 78.9 (96.8) -> 63.4 (96.8) MB, 0.5 / 0.0 ms  (average mu = 0.995, current mu = 0.995) allocation failure; 
[6089:0x73fe720]     7404 ms: Scavenge 79.0 (96.8) -> 63.5 (97.0) MB, 0.5 / 0.0 ms  (average mu = 0.995, current mu = 0.995) allocation failure; 
[6089:0x73fe720]     7410 ms: Scavenge 79.0 (97.0) -> 63.5 (97.0) MB, 0.6 / 0.0 ms  (average mu = 0.995, current mu = 0.995) allocation failure; 
[6089:0x73fe720]     7416 ms: Scavenge 79.1 (97.0) -> 63.5 (97.0) MB, 0.6 / 0.0 ms  (average mu = 0.995, current mu = 0.995) allocation failure; 
[6089:0x73fe720]     7422 ms: Scavenge 79.1 (97.0) -> 63.6 (97.0) MB, 0.7 / 0.0 ms  (average mu = 0.995, current mu = 0.995) allocation failure; 
[6089:0x73fe720]     7428 ms: Scavenge 79.2 (97.0) -> 63.6 (97.0) MB, 0.6 / 0.0 ms  (average mu = 0.995, current mu = 0.995) allocation failure; 
[6089:0x73fe720]     7434 ms: Scavenge 79.2 (97.0) -> 63.7 (97.3) MB, 0.5 / 0.0 ms  (average mu = 0.995, current mu = 0.995) allocation failure; 
[6089:0x73fe720]     7440 ms: Scavenge 79.3 (97.3) -> 63.7 (97.3) MB, 0.7 / 0.0 ms  (average mu = 0.995, current mu = 0.995) allocation failure; 
[6089:0x73fe720]     7446 ms: Scavenge 79.3 (97.3) -> 63.8 (97.3) MB, 0.5 / 0.0 ms  (average mu = 0.995, current mu = 0.995) allocation failure; 
[6089:0x73fe720]     7453 ms: Scavenge 79.4 (97.3) -> 63.8 (97.3) MB, 0.7 / 0.0 ms  (average mu = 0.995, current mu = 0.995) allocation failure; 
[6089:0x73fe720]     7459 ms: Scavenge 79.4 (97.3) -> 63.9 (97.3) MB, 0.6 / 0.0 ms  (average mu = 0.995, current mu = 0.995) allocation failure; 
[6089:0x73fe720]     7465 ms: Scavenge 79.5 (97.3) -> 63.9 (97.8) MB, 0.7 / 0.0 ms  (average mu = 0.995, current mu = 0.995) allocation failure; 
[6089:0x73fe720]     7471 ms: Scavenge 79.5 (97.8) -> 64.0 (97.8) MB, 0.6 / 0.0 ms  (average mu = 0.995, current mu = 0.995) allocation failure; 
[6089:0x73fe720]     7477 ms: Scavenge 79.6 (97.8) -> 64.0 (97.8) MB, 0.5 / 0.0 ms  (average mu = 0.995, current mu = 0.995) allocation failure; 
[6089:0x73fe720]     7483 ms: Scavenge 79.6 (97.8) -> 64.1 (97.8) MB, 0.6 / 0.0 ms  (average mu = 0.995, current mu = 0.995) allocation failure; 
[6089:0x73fe720]     7489 ms: Scavenge 79.7 (97.8) -> 64.1 (97.8) MB, 0.5 / 0.0 ms  (average mu = 0.995, current mu = 0.995) allocation failure; 
[6089:0x73fe720]     7495 ms: Scavenge 79.7 (97.8) -> 64.2 (97.8) MB, 0.5 / 0.0 ms  (average mu = 0.995, current mu = 0.995) allocation failure; 
[6089:0x73fe720]     7501 ms: Scavenge 79.8 (97.8) -> 64.2 (97.8) MB, 0.7 / 0.0 ms  (average mu = 0.995, current mu = 0.995) allocation failure; 
[6089:0x73fe720]     7507 ms: Scavenge 79.8 (97.8) -> 64.3 (97.8) MB, 0.6 / 0.0 ms  (average mu = 0.995, current mu = 0.995) allocation failure; 
[6089:0x73fe720]     7513 ms: Scavenge 79.9 (97.8) -> 64.3 (97.8) MB, 0.5 / 0.0 ms  (average mu = 0.995, current mu = 0.995) allocation failure; 
[6089:0x73fe720]     7520 ms: Scavenge 79.9 (97.8) -> 64.4 (97.8) MB, 0.6 / 0.0 ms  (average mu = 0.995, current mu = 0.995) allocation failure; 
[6089:0x73fe720]     7526 ms: Scavenge 79.9 (97.8) -> 64.4 (98.0) MB, 0.6 / 0.0 ms  (average mu = 0.995, current mu = 0.995) allocation failure; 
[6089:0x73fe720]     7532 ms: Scavenge 80.0 (98.0) -> 64.5 (98.0) MB, 0.6 / 0.0 ms  (average mu = 0.995, current mu = 0.995) allocation failure; 
[6089:0x73fe720]     7539 ms: Scavenge 80.0 (98.0) -> 64.5 (98.0) MB, 0.6 / 0.0 ms  (average mu = 0.995, current mu = 0.995) allocation failure; 
[6089:0x73fe720]     7545 ms: Scavenge 80.1 (98.0) -> 64.6 (98.0) MB, 0.7 / 0.0 ms  (average mu = 0.995, current mu = 0.995) allocation failure; 
[6089:0x73fe720]     7552 ms: Scavenge 80.2 (98.0) -> 64.7 (98.3) MB, 0.7 / 0.0 ms  (average mu = 0.995, current mu = 0.995) allocation failure; 
[6089:0x73fe720]     7558 ms: Scavenge 80.3 (98.3) -> 64.7 (98.3) MB, 0.6 / 0.0 ms  (average mu = 0.995, current mu = 0.995) allocation failure; 
[6089:0x73fe720]     7565 ms: Scavenge 80.3 (98.3) -> 64.8 (98.3) MB, 0.6 / 0.0 ms  (average mu = 0.995, current mu = 0.995) allocation failure; 
[6089:0x73fe720]     7571 ms: Scavenge 80.4 (98.3) -> 64.8 (98.3) MB, 0.5 / 0.0 ms  (average mu = 0.995, current mu = 0.995) allocation failure; 
[6089:0x73fe720]     7577 ms: Scavenge 80.4 (98.3) -> 64.9 (98.3) MB, 0.5 / 0.0 ms  (average mu = 0.995, current mu = 0.995) allocation failure; 
[6089:0x73fe720]     7584 ms: Scavenge 80.5 (98.3) -> 64.9 (98.5) MB, 1.0 / 0.0 ms  (average mu = 0.995, current mu = 0.995) allocation failure; 
[6089:0x73fe720]     7590 ms: Scavenge 80.5 (98.5) -> 65.0 (98.5) MB, 0.6 / 0.0 ms  (average mu = 0.995, current mu = 0.995) allocation failure; 
[6089:0x73fe720]     7597 ms: Scavenge 80.6 (98.5) -> 65.0 (98.5) MB, 0.6 / 0.0 ms  (average mu = 0.995, current mu = 0.995) allocation failure; 
[6089:0x73fe720]     7603 ms: Scavenge 80.6 (98.5) -> 65.1 (98.5) MB, 0.6 / 0.0 ms  (average mu = 0.995, current mu = 0.995) allocation failure; 
[6089:0x73fe720]     7609 ms: Scavenge 80.7 (98.5) -> 65.1 (98.5) MB, 0.5 / 0.0 ms  (average mu = 0.995, current mu = 0.995) allocation failure; 
[6089:0x73fe720]     7615 ms: Scavenge 80.7 (98.5) -> 65.2 (98.8) MB, 0.5 / 0.0 ms  (average mu = 0.995, current mu = 0.995) allocation failure; 
[6089:0x73fe720]     7620 ms: Scavenge 80.8 (98.8) -> 65.2 (98.8) MB, 0.4 / 0.0 ms  (average mu = 0.995, current mu = 0.995) allocation failure; 
[6089:0x73fe720]     7626 ms: Scavenge 80.8 (98.8) -> 65.3 (98.8) MB, 0.7 / 0.0 ms  (average mu = 0.995, current mu = 0.995) allocation failure; 
[6089:0x73fe720]     7632 ms: Scavenge 80.8 (98.8) -> 65.3 (98.8) MB, 0.6 / 0.0 ms  (average mu = 0.995, current mu = 0.995) allocation failure; 
[6089:0x73fe720]     7638 ms: Scavenge 80.9 (98.8) -> 65.4 (98.8) MB, 0.5 / 0.0 ms  (average mu = 0.995, current mu = 0.995) allocation failure; 
[6089:0x73fe720]     7644 ms: Scavenge 80.9 (98.8) -> 65.4 (99.0) MB, 0.6 / 0.0 ms  (average mu = 0.995, current mu = 0.995) allocation failure; 
[6089:0x73fe720]     7650 ms: Scavenge 81.0 (99.0) -> 65.4 (99.0) MB, 0.5 / 0.0 ms  (average mu = 0.995, current mu = 0.995) allocation failure; 
[6089:0x73fe720]     7656 ms: Scavenge 81.0 (99.0) -> 65.5 (99.0) MB, 0.5 / 0.0 ms  (average mu = 0.995, current mu = 0.995) allocation failure; 
[6089:0x73fe720]     7662 ms: Scavenge 81.1 (99.0) -> 65.5 (99.0) MB, 0.6 / 0.0 ms  (average mu = 0.995, current mu = 0.995) allocation failure; 
[6089:0x73fe720]     7668 ms: Scavenge 81.1 (99.0) -> 65.6 (99.0) MB, 0.5 / 0.0 ms  (average mu = 0.995, current mu = 0.995) allocation failure; 
[6089:0x73fe720]     7675 ms: Scavenge 81.2 (99.0) -> 65.6 (99.3) MB, 0.7 / 0.0 ms  (average mu = 0.995, current mu = 0.995) allocation failure; 
[6089:0x73fe720]     7681 ms: Scavenge 81.2 (99.3) -> 65.7 (99.3) MB, 0.6 / 0.0 ms  (average mu = 0.995, current mu = 0.995) allocation failure; 
[6089:0x73fe720]     7687 ms: Scavenge 81.3 (99.3) -> 65.7 (99.3) MB, 0.6 / 0.0 ms  (average mu = 0.995, current mu = 0.995) allocation failure; 
[6089:0x73fe720]     7694 ms: Scavenge 81.3 (99.3) -> 65.8 (99.3) MB, 0.5 / 0.0 ms  (average mu = 0.995, current mu = 0.995) allocation failure; 
[6089:0x73fe720]     7700 ms: Scavenge 81.4 (99.3) -> 65.8 (99.3) MB, 0.9 / 0.0 ms  (average mu = 0.995, current mu = 0.995) allocation failure; 
[6089:0x73fe720]     7707 ms: Scavenge 81.4 (99.3) -> 65.9 (99.5) MB, 0.7 / 0.0 ms  (average mu = 0.995, current mu = 0.995) allocation failure; 
[6089:0x73fe720]     7713 ms: Scavenge 81.5 (99.5) -> 65.9 (99.5) MB, 0.6 / 0.0 ms  (average mu = 0.995, current mu = 0.995) allocation failure; 
[6089:0x73fe720]     7720 ms: Scavenge 81.5 (99.5) -> 66.0 (99.5) MB, 0.6 / 0.0 ms  (average mu = 0.995, current mu = 0.995) allocation failure; 
[6089:0x73fe720]     7727 ms: Scavenge 81.6 (99.5) -> 66.0 (99.5) MB, 0.6 / 0.0 ms  (average mu = 0.995, current mu = 0.995) allocation failure; 
[6089:0x73fe720]     7734 ms: Scavenge 81.6 (99.5) -> 66.1 (99.5) MB, 0.5 / 0.0 ms  (average mu = 0.995, current mu = 0.995) allocation failure; 
[6089:0x73fe720]     7740 ms: Scavenge 81.7 (99.5) -> 66.1 (99.8) MB, 0.8 / 0.0 ms  (average mu = 0.995, current mu = 0.995) allocation failure; 
[6089:0x73fe720]     7747 ms: Scavenge 81.7 (99.8) -> 66.2 (99.8) MB, 0.6 / 0.0 ms  (average mu = 0.995, current mu = 0.995) allocation failure; 
[6089:0x73fe720]     7753 ms: Scavenge 81.8 (99.8) -> 66.2 (99.8) MB, 0.6 / 0.0 ms  (average mu = 0.995, current mu = 0.995) allocation failure; 
[6089:0x73fe720]     7760 ms: Scavenge 81.8 (99.8) -> 66.3 (99.8) MB, 0.6 / 0.0 ms  (average mu = 0.995, current mu = 0.995) allocation failure; 
[6089:0x73fe720]     7767 ms: Scavenge 81.9 (99.8) -> 66.3 (99.8) MB, 0.6 / 0.0 ms  (average mu = 0.995, current mu = 0.995) allocation failure; 
[6089:0x73fe720]     7773 ms: Scavenge 81.9 (99.8) -> 66.4 (100.0) MB, 0.6 / 0.0 ms  (average mu = 0.995, current mu = 0.995) allocation failure; 
[6089:0x73fe720]     7780 ms: Scavenge 81.9 (100.0) -> 66.4 (100.0) MB, 0.6 / 0.0 ms  (average mu = 0.995, current mu = 0.995) allocation failure; 
[6089:0x73fe720]     7786 ms: Scavenge 82.0 (100.0) -> 66.5 (100.0) MB, 0.6 / 0.0 ms  (average mu = 0.995, current mu = 0.995) allocation failure; 
[6089:0x73fe720]     7793 ms: Scavenge 82.0 (100.0) -> 66.5 (100.0) MB, 0.5 / 0.0 ms  (average mu = 0.995, current mu = 0.995) allocation failure; 
[6089:0x73fe720]     7799 ms: Scavenge 82.1 (100.0) -> 66.5 (100.0) MB, 0.7 / 0.0 ms  (average mu = 0.995, current mu = 0.995) allocation failure; 
[6089:0x73fe720]     7805 ms: Scavenge 82.1 (100.0) -> 66.6 (100.0) MB, 0.6 / 0.0 ms  (average mu = 0.995, current mu = 0.995) allocation failure; 
[6089:0x73fe720]     7812 ms: Scavenge 82.2 (100.0) -> 66.6 (100.3) MB, 0.7 / 0.0 ms  (average mu = 0.995, current mu = 0.995) allocation failure; 
[6089:0x73fe720]     7818 ms: Scavenge 82.2 (100.3) -> 66.7 (100.3) MB, 0.6 / 0.0 ms  (average mu = 0.995, current mu = 0.995) allocation failure; 
[6089:0x73fe720]     7825 ms: Scavenge 82.3 (100.3) -> 66.7 (100.3) MB, 0.6 / 0.0 ms  (average mu = 0.995, current mu = 0.995) allocation failure; 
[6089:0x73fe720]     7831 ms: Scavenge 82.3 (100.3) -> 66.8 (100.3) MB, 0.6 / 0.0 ms  (average mu = 0.995, current mu = 0.995) allocation failure; 
[6089:0x73fe720]     7837 ms: Scavenge 82.4 (100.3) -> 66.8 (100.3) MB, 0.6 / 0.0 ms  (average mu = 0.995, current mu = 0.995) allocation failure; 
[6089:0x73fe720]     7844 ms: Scavenge 82.4 (100.3) -> 66.9 (100.5) MB, 0.8 / 0.0 ms  (average mu = 0.995, current mu = 0.995) allocation failure; 
[6089:0x73fe720]     7850 ms: Scavenge 82.5 (100.5) -> 66.9 (100.5) MB, 0.5 / 0.0 ms  (average mu = 0.995, current mu = 0.995) allocation failure; 
[6089:0x73fe720]     7856 ms: Scavenge 82.5 (100.5) -> 67.0 (100.5) MB, 0.7 / 0.0 ms  (average mu = 0.995, current mu = 0.995) allocation failure; 
[6089:0x73fe720]     7863 ms: Scavenge 82.6 (100.5) -> 67.0 (100.5) MB, 0.5 / 0.0 ms  (average mu = 0.995, current mu = 0.995) allocation failure; 
[6089:0x73fe720]     7869 ms: Scavenge 82.6 (100.5) -> 67.1 (100.5) MB, 0.5 / 0.0 ms  (average mu = 0.995, current mu = 0.995) allocation failure; 
[6089:0x73fe720]     7875 ms: Scavenge 82.7 (100.5) -> 67.1 (100.8) MB, 0.8 / 0.0 ms  (average mu = 0.995, current mu = 0.995) allocation failure; 
[6089:0x73fe720]     7881 ms: Scavenge 82.7 (100.8) -> 67.2 (100.8) MB, 0.6 / 0.0 ms  (average mu = 0.995, current mu = 0.995) allocation failure; 
[6089:0x73fe720]     7887 ms: Scavenge 82.8 (100.8) -> 67.2 (100.8) MB, 0.5 / 0.0 ms  (average mu = 0.995, current mu = 0.995) allocation failure; 
[6089:0x73fe720]     7893 ms: Scavenge 82.8 (100.8) -> 67.3 (100.8) MB, 0.4 / 0.0 ms  (average mu = 0.995, current mu = 0.995) allocation failure; 
[6089:0x73fe720]     7899 ms: Scavenge 82.9 (100.8) -> 67.3 (100.8) MB, 0.7 / 0.0 ms  (average mu = 0.995, current mu = 0.995) allocation failure; 
[6089:0x73fe720]     7905 ms: Scavenge 82.9 (100.8) -> 67.4 (101.0) MB, 0.5 / 0.0 ms  (average mu = 0.995, current mu = 0.995) allocation failure; 
[6089:0x73fe720]     7910 ms: Scavenge 83.0 (101.0) -> 67.4 (101.0) MB, 0.4 / 0.0 ms  (average mu = 0.995, current mu = 0.995) allocation failure; 
[6089:0x73fe720]     7917 ms: Scavenge 83.0 (101.0) -> 67.5 (101.0) MB, 0.7 / 0.0 ms  (average mu = 0.995, current mu = 0.995) allocation failure; 
[6089:0x73fe720]     7923 ms: Scavenge 83.0 (101.0) -> 67.5 (101.0) MB, 0.5 / 0.0 ms  (average mu = 0.995, current mu = 0.995) allocation failure; 
[6089:0x73fe720]     7929 ms: Scavenge 83.1 (101.0) -> 67.6 (101.0) MB, 0.8 / 0.0 ms  (average mu = 0.995, current mu = 0.995) allocation failure; 
[6089:0x73fe720]     7935 ms: Scavenge 83.1 (101.0) -> 67.6 (101.3) MB, 0.5 / 0.0 ms  (average mu = 0.995, current mu = 0.995) allocation failure; 
[6089:0x73fe720]     7940 ms: Scavenge 83.2 (101.3) -> 67.7 (101.3) MB, 0.4 / 0.0 ms  (average mu = 0.995, current mu = 0.995) allocation failure; 
[6089:0x73fe720]     7946 ms: Scavenge 83.2 (101.3) -> 67.7 (101.3) MB, 0.7 / 0.0 ms  (average mu = 0.995, current mu = 0.995) allocation failure; 
[6089:0x73fe720]     7952 ms: Scavenge 83.3 (101.3) -> 67.7 (101.3) MB, 0.5 / 0.0 ms  (average mu = 0.995, current mu = 0.995) allocation failure; 
[6089:0x73fe720]     7958 ms: Scavenge 83.3 (101.3) -> 67.8 (101.3) MB, 0.4 / 0.0 ms  (average mu = 0.995, current mu = 0.995) allocation failure; 
[6089:0x73fe720]     7964 ms: Scavenge 83.4 (101.3) -> 67.8 (101.5) MB, 0.7 / 0.0 ms  (average mu = 0.995, current mu = 0.995) allocation failure; 
[6089:0x73fe720]     7970 ms: Scavenge 83.4 (101.5) -> 67.9 (101.8) MB, 0.6 / 0.0 ms  (average mu = 0.995, current mu = 0.995) allocation failure; 
[6089:0x73fe720]     7976 ms: Scavenge 83.5 (101.8) -> 67.9 (101.8) MB, 0.7 / 0.0 ms  (average mu = 0.995, current mu = 0.995) allocation failure; 
[6089:0x73fe720]     7982 ms: Scavenge 83.5 (101.8) -> 68.0 (101.8) MB, 0.6 / 0.0 ms  (average mu = 0.995, current mu = 0.995) allocation failure; 
[6089:0x73fe720]     7988 ms: Scavenge 83.6 (101.8) -> 68.0 (101.8) MB, 0.5 / 0.0 ms  (average mu = 0.995, current mu = 0.995) allocation failure; 
[6089:0x73fe720]     7996 ms: Scavenge 83.6 (101.8) -> 68.1 (101.8) MB, 0.8 / 0.0 ms  (average mu = 0.995, current mu = 0.995) allocation failure; 
[6089:0x73fe720]     8003 ms: Scavenge 83.7 (101.8) -> 68.1 (101.8) MB, 0.6 / 0.0 ms  (average mu = 0.995, current mu = 0.995) allocation failure; 
[6089:0x73fe720]     8009 ms: Scavenge 83.7 (101.8) -> 68.2 (101.8) MB, 0.5 / 0.0 ms  (average mu = 0.995, current mu = 0.995) allocation failure; 
[6089:0x73fe720]     8015 ms: Scavenge 83.8 (101.8) -> 68.2 (101.8) MB, 0.8 / 0.0 ms  (average mu = 0.995, current mu = 0.995) allocation failure; 
[6089:0x73fe720]     8022 ms: Scavenge 83.8 (101.8) -> 68.3 (101.8) MB, 0.6 / 0.0 ms  (average mu = 0.995, current mu = 0.995) allocation failure; 
[6089:0x73fe720]     8028 ms: Scavenge 83.9 (101.8) -> 68.3 (101.8) MB, 0.6 / 0.0 ms  (average mu = 0.995, current mu = 0.995) allocation failure; 
[6089:0x73fe720]     8034 ms: Scavenge 83.9 (101.8) -> 68.4 (102.0) MB, 0.6 / 0.0 ms  (average mu = 0.995, current mu = 0.995) allocation failure; 
[6089:0x73fe720]     8041 ms: Scavenge 84.0 (102.0) -> 68.4 (102.0) MB, 0.7 / 0.0 ms  (average mu = 0.995, current mu = 0.995) allocation failure; 
[6089:0x73fe720]     8056 ms: Scavenge 84.0 (102.0) -> 68.5 (102.0) MB, 1.0 / 0.0 ms  (average mu = 0.995, current mu = 0.995) allocation failure; 
[6089:0x73fe720]     8066 ms: Scavenge 84.1 (102.0) -> 68.5 (102.0) MB, 0.8 / 0.0 ms  (average mu = 0.995, current mu = 0.995) allocation failure; 
[6089:0x73fe720]     8077 ms: Scavenge 84.1 (102.0) -> 68.6 (102.0) MB, 0.9 / 0.0 ms  (average mu = 0.995, current mu = 0.995) allocation failure; 
[6089:0x73fe720]     8087 ms: Scavenge 84.1 (102.0) -> 68.6 (102.3) MB, 1.0 / 0.0 ms  (average mu = 0.995, current mu = 0.995) allocation failure; 
[6089:0x73fe720]     8100 ms: Scavenge 84.2 (102.3) -> 68.7 (102.3) MB, 0.7 / 0.0 ms  (average mu = 0.995, current mu = 0.995) allocation failure; 
[6089:0x73fe720]     8108 ms: Scavenge 84.2 (102.3) -> 68.7 (102.3) MB, 0.8 / 0.0 ms  (average mu = 0.995, current mu = 0.995) allocation failure; 
[6089:0x73fe720]     8118 ms: Scavenge 84.3 (102.3) -> 68.7 (102.3) MB, 1.0 / 0.0 ms  (average mu = 0.995, current mu = 0.995) allocation failure; 
[6089:0x73fe720]     8128 ms: Scavenge 84.3 (102.3) -> 68.8 (102.3) MB, 1.3 / 0.0 ms  (average mu = 0.995, current mu = 0.995) allocation failure; 
[6089:0x73fe720]     8137 ms: Scavenge 84.4 (102.3) -> 68.8 (102.5) MB, 1.0 / 0.0 ms  (average mu = 0.995, current mu = 0.995) allocation failure; 
[6089:0x73fe720]     8146 ms: Scavenge 84.4 (102.5) -> 68.9 (102.5) MB, 0.7 / 0.0 ms  (average mu = 0.995, current mu = 0.995) allocation failure; 
[6089:0x73fe720]     8153 ms: Scavenge 84.5 (102.5) -> 68.9 (102.5) MB, 0.7 / 0.0 ms  (average mu = 0.995, current mu = 0.995) allocation failure; 
[6089:0x73fe720]     8160 ms: Scavenge 84.5 (102.5) -> 69.0 (102.5) MB, 0.6 / 0.0 ms  (average mu = 0.995, current mu = 0.995) allocation failure; 
[6089:0x73fe720]     8167 ms: Scavenge 84.6 (102.5) -> 69.0 (102.5) MB, 0.7 / 0.0 ms  (average mu = 0.995, current mu = 0.995) allocation failure; 
[6089:0x73fe720]     8174 ms: Scavenge 84.6 (102.5) -> 69.1 (102.8) MB, 0.7 / 0.0 ms  (average mu = 0.995, current mu = 0.995) allocation failure; 
[6089:0x73fe720]     8182 ms: Scavenge 84.7 (102.8) -> 69.1 (102.8) MB, 1.2 / 0.0 ms  (average mu = 0.995, current mu = 0.995) allocation failure; 
[6089:0x73fe720]     8191 ms: Scavenge 84.7 (102.8) -> 69.2 (102.8) MB, 0.8 / 0.0 ms  (average mu = 0.995, current mu = 0.995) allocation failure; 
[6089:0x73fe720]     8199 ms: Scavenge 84.8 (102.8) -> 69.2 (102.8) MB, 0.9 / 0.0 ms  (average mu = 0.995, current mu = 0.995) allocation failure; 
[6089:0x73fe720]     8206 ms: Scavenge 84.8 (102.8) -> 69.3 (102.8) MB, 0.6 / 0.0 ms  (average mu = 0.995, current mu = 0.995) allocation failure; 
[6089:0x73fe720]     8214 ms: Scavenge 84.9 (102.8) -> 69.3 (103.0) MB, 0.7 / 0.0 ms  (average mu = 0.995, current mu = 0.995) allocation failure; 
[6089:0x73fe720]     8223 ms: Scavenge 84.9 (103.0) -> 69.4 (103.0) MB, 0.8 / 0.0 ms  (average mu = 0.995, current mu = 0.995) allocation failure; 
[6089:0x73fe720]     8234 ms: Scavenge 85.0 (103.0) -> 69.4 (103.0) MB, 0.8 / 0.0 ms  (average mu = 0.995, current mu = 0.995) allocation failure; 
[6089:0x73fe720]     8243 ms: Scavenge 85.0 (103.0) -> 69.5 (103.0) MB, 0.9 / 0.0 ms  (average mu = 0.995, current mu = 0.995) allocation failure; 
[6089:0x73fe720]     8252 ms: Scavenge 85.1 (103.0) -> 69.5 (103.0) MB, 0.9 / 0.0 ms  (average mu = 0.995, current mu = 0.995) allocation failure; 
[6089:0x73fe720]     8262 ms: Scavenge 85.1 (103.0) -> 69.6 (103.3) MB, 1.1 / 0.0 ms  (average mu = 0.995, current mu = 0.995) allocation failure; 
[6089:0x73fe720]     8271 ms: Scavenge 85.2 (103.3) -> 69.6 (103.3) MB, 1.0 / 0.0 ms  (average mu = 0.995, current mu = 0.995) allocation failure; 
[6089:0x73fe720]     8279 ms: Scavenge 85.2 (103.3) -> 69.7 (103.3) MB, 0.7 / 0.0 ms  (average mu = 0.995, current mu = 0.995) allocation failure; 
[6089:0x73fe720]     8287 ms: Scavenge 85.2 (103.3) -> 69.7 (103.3) MB, 1.0 / 0.0 ms  (average mu = 0.995, current mu = 0.995) allocation failure; 
[6089:0x73fe720]     8295 ms: Scavenge 85.3 (103.3) -> 69.8 (103.3) MB, 0.8 / 0.0 ms  (average mu = 0.995, current mu = 0.995) allocation failure; 
[6089:0x73fe720]     8303 ms: Scavenge 85.3 (103.3) -> 69.8 (103.5) MB, 0.7 / 0.0 ms  (average mu = 0.995, current mu = 0.995) allocation failure; 
[6089:0x73fe720]     8311 ms: Scavenge 85.4 (103.5) -> 69.9 (103.5) MB, 0.8 / 0.0 ms  (average mu = 0.995, current mu = 0.995) allocation failure; 
[6089:0x73fe720]     8319 ms: Scavenge 85.4 (103.5) -> 69.9 (103.5) MB, 1.0 / 0.0 ms  (average mu = 0.995, current mu = 0.995) allocation failure; 
[6089:0x73fe720]     8327 ms: Scavenge 85.5 (103.5) -> 69.9 (103.5) MB, 0.8 / 0.0 ms  (average mu = 0.995, current mu = 0.995) allocation failure; 
[6089:0x73fe720]     8336 ms: Scavenge 85.5 (103.5) -> 70.0 (103.5) MB, 0.7 / 0.0 ms  (average mu = 0.995, current mu = 0.995) allocation failure; 
[6089:0x73fe720]     8343 ms: Scavenge 85.6 (103.5) -> 70.0 (103.5) MB, 0.7 / 0.0 ms  (average mu = 0.995, current mu = 0.995) allocation failure; 
[6089:0x73fe720]     8351 ms: Scavenge 85.6 (103.5) -> 70.1 (103.8) MB, 0.7 / 0.0 ms  (average mu = 0.995, current mu = 0.995) allocation failure; 
[6089:0x73fe720]     8358 ms: Scavenge 85.7 (103.8) -> 70.1 (103.8) MB, 0.6 / 0.0 ms  (average mu = 0.995, current mu = 0.995) allocation failure; 
[6089:0x73fe720]     8365 ms: Scavenge 85.7 (103.8) -> 70.2 (103.8) MB, 0.6 / 0.0 ms  (average mu = 0.995, current mu = 0.995) allocation failure; 
[6089:0x73fe720]     8372 ms: Scavenge 85.8 (103.8) -> 70.2 (103.8) MB, 0.8 / 0.0 ms  (average mu = 0.995, current mu = 0.995) allocation failure; 
[6089:0x73fe720]     8378 ms: Scavenge 85.8 (103.8) -> 70.3 (103.8) MB, 0.6 / 0.0 ms  (average mu = 0.995, current mu = 0.995) allocation failure; 
[6089:0x73fe720]     8385 ms: Scavenge 85.9 (103.8) -> 70.3 (104.0) MB, 0.6 / 0.0 ms  (average mu = 0.995, current mu = 0.995) allocation failure; 
[6089:0x73fe720]     8393 ms: Scavenge 85.9 (104.0) -> 70.4 (104.0) MB, 0.6 / 0.0 ms  (average mu = 0.995, current mu = 0.995) allocation failure; 
[6089:0x73fe720]     8400 ms: Scavenge 86.0 (104.0) -> 70.4 (104.0) MB, 0.6 / 0.0 ms  (average mu = 0.995, current mu = 0.995) allocation failure; 
[6089:0x73fe720]     8407 ms: Scavenge 86.0 (104.0) -> 70.5 (104.0) MB, 0.6 / 0.0 ms  (average mu = 0.995, current mu = 0.995) allocation failure; 
[6089:0x73fe720]     8414 ms: Scavenge 86.1 (104.0) -> 70.5 (104.0) MB, 0.6 / 0.0 ms  (average mu = 0.995, current mu = 0.995) allocation failure; 
[6089:0x73fe720]     8420 ms: Scavenge 86.1 (104.0) -> 70.6 (104.3) MB, 0.7 / 0.0 ms  (average mu = 0.995, current mu = 0.995) allocation failure; 
[6089:0x73fe720]     8427 ms: Scavenge 86.2 (104.3) -> 70.6 (104.3) MB, 0.7 / 0.0 ms  (average mu = 0.995, current mu = 0.995) allocation failure; 
[6089:0x73fe720]     8434 ms: Scavenge 86.2 (104.3) -> 70.7 (104.3) MB, 0.8 / 0.0 ms  (average mu = 0.995, current mu = 0.995) allocation failure; 
[6089:0x73fe720]     8441 ms: Scavenge 86.3 (104.3) -> 70.7 (104.3) MB, 0.6 / 0.0 ms  (average mu = 0.995, current mu = 0.995) allocation failure; 
[6089:0x73fe720]     8448 ms: Scavenge 86.3 (104.3) -> 70.8 (104.3) MB, 0.6 / 0.0 ms  (average mu = 0.995, current mu = 0.995) allocation failure; 
[6089:0x73fe720]     8454 ms: Scavenge 86.4 (104.3) -> 70.8 (104.5) MB, 0.6 / 0.0 ms  (average mu = 0.995, current mu = 0.995) allocation failure; 
[6089:0x73fe720]     8461 ms: Scavenge 86.4 (104.5) -> 70.9 (104.5) MB, 0.6 / 0.0 ms  (average mu = 0.995, current mu = 0.995) allocation failure; 
[6089:0x73fe720]     8468 ms: Scavenge 86.4 (104.5) -> 70.9 (104.5) MB, 0.5 / 0.0 ms  (average mu = 0.995, current mu = 0.995) allocation failure; 
[6089:0x73fe720]     8474 ms: Scavenge 86.5 (104.5) -> 71.0 (104.5) MB, 0.7 / 0.0 ms  (average mu = 0.995, current mu = 0.995) allocation failure; 
[6089:0x73fe720]     8480 ms: Scavenge 86.5 (104.5) -> 71.0 (104.5) MB, 0.6 / 0.0 ms  (average mu = 0.995, current mu = 0.995) allocation failure; 
[6089:0x73fe720]     8487 ms: Scavenge 86.6 (104.5) -> 71.1 (104.8) MB, 0.5 / 0.0 ms  (average mu = 0.995, current mu = 0.995) allocation failure; 
[6089:0x73fe720]     8493 ms: Scavenge 86.6 (104.8) -> 71.1 (104.8) MB, 0.8 / 0.0 ms  (average mu = 0.995, current mu = 0.995) allocation failure; 
[6089:0x73fe720]     8500 ms: Scavenge 86.7 (104.8) -> 71.1 (104.8) MB, 0.6 / 0.0 ms  (average mu = 0.995, current mu = 0.995) allocation failure; 
[6089:0x73fe720]     8509 ms: Scavenge 86.7 (104.8) -> 71.2 (104.8) MB, 0.8 / 0.0 ms  (average mu = 0.995, current mu = 0.995) allocation failure; 
[6089:0x73fe720]     8516 ms: Scavenge 86.8 (104.8) -> 71.2 (104.8) MB, 0.6 / 0.0 ms  (average mu = 0.995, current mu = 0.995) allocation failure; 
[6089:0x73fe720]     8523 ms: Scavenge 86.8 (104.8) -> 71.3 (105.0) MB, 0.8 / 0.0 ms  (average mu = 0.995, current mu = 0.995) allocation failure; 
[6089:0x73fe720]     8529 ms: Scavenge 86.9 (105.0) -> 71.3 (105.0) MB, 0.6 / 0.0 ms  (average mu = 0.995, current mu = 0.995) allocation failure; 
[6089:0x73fe720]     8536 ms: Scavenge 86.9 (105.0) -> 71.4 (105.0) MB, 0.6 / 0.0 ms  (average mu = 0.995, current mu = 0.995) allocation failure; 
[6089:0x73fe720]     8542 ms: Scavenge 87.0 (105.0) -> 71.4 (105.0) MB, 0.6 / 0.0 ms  (average mu = 0.995, current mu = 0.995) allocation failure; 
[6089:0x73fe720]     8549 ms: Scavenge 87.0 (105.0) -> 71.5 (105.0) MB, 0.7 / 0.0 ms  (average mu = 0.995, current mu = 0.995) allocation failure; 
[6089:0x73fe720]     8556 ms: Scavenge 87.1 (105.0) -> 71.5 (105.3) MB, 0.7 / 0.0 ms  (average mu = 0.995, current mu = 0.995) allocation failure; 
[6089:0x73fe720]     8562 ms: Scavenge 87.1 (105.3) -> 71.6 (105.3) MB, 0.6 / 0.0 ms  (average mu = 0.995, current mu = 0.995) allocation failure; 
[6089:0x73fe720]     8569 ms: Scavenge 87.2 (105.3) -> 71.6 (105.3) MB, 0.6 / 0.0 ms  (average mu = 0.995, current mu = 0.995) allocation failure; 
[6089:0x73fe720]     8576 ms: Scavenge 87.2 (105.3) -> 71.7 (105.3) MB, 0.6 / 0.0 ms  (average mu = 0.995, current mu = 0.995) allocation failure; 
[6089:0x73fe720]     8583 ms: Scavenge 87.3 (105.3) -> 71.7 (105.3) MB, 0.6 / 0.0 ms  (average mu = 0.995, current mu = 0.995) allocation failure; 
[6089:0x73fe720]     8591 ms: Scavenge 87.3 (105.3) -> 71.8 (105.3) MB, 0.8 / 0.0 ms  (average mu = 0.995, current mu = 0.995) allocation failure; 
[6089:0x73fe720]     8601 ms: Scavenge 87.4 (105.3) -> 71.8 (105.5) MB, 0.8 / 0.0 ms  (average mu = 0.995, current mu = 0.995) allocation failure; 
[6089:0x73fe720]     8610 ms: Scavenge 87.4 (105.5) -> 71.9 (105.5) MB, 0.8 / 0.0 ms  (average mu = 0.995, current mu = 0.995) allocation failure; 
[6089:0x73fe720]     8620 ms: Scavenge 87.5 (105.5) -> 71.9 (105.5) MB, 0.8 / 0.0 ms  (average mu = 0.995, current mu = 0.995) allocation failure; 
[6089:0x73fe720]     8631 ms: Scavenge 88.8 (106.8) -> 73.3 (106.8) MB, 1.2 / 0.0 ms  (average mu = 0.995, current mu = 0.995) allocation failure; 
[6089:0x73fe720]     8641 ms: Scavenge 88.9 (106.8) -> 73.3 (106.8) MB, 1.2 / 0.0 ms  (average mu = 0.995, current mu = 0.995) allocation failure; 
[6089:0x73fe720]     8651 ms: Scavenge 88.9 (106.8) -> 73.4 (107.1) MB, 0.9 / 0.0 ms  (average mu = 0.995, current mu = 0.995) allocation failure; 
[6089:0x73fe720]     8663 ms: Scavenge 89.0 (107.1) -> 73.4 (107.1) MB, 0.8 / 0.0 ms  (average mu = 0.995, current mu = 0.995) allocation failure; 
[6089:0x73fe720]     8669 ms: Scavenge 89.0 (107.1) -> 73.5 (107.1) MB, 0.6 / 0.0 ms  (average mu = 0.995, current mu = 0.995) allocation failure; 
[6089:0x73fe720]     8676 ms: Scavenge 89.0 (107.1) -> 73.5 (107.1) MB, 0.6 / 0.0 ms  (average mu = 0.995, current mu = 0.995) allocation failure; 
[6089:0x73fe720]     8682 ms: Scavenge 89.1 (107.1) -> 73.6 (107.1) MB, 0.6 / 0.0 ms  (average mu = 0.995, current mu = 0.995) allocation failure; 
[6089:0x73fe720]     8688 ms: Scavenge 89.1 (107.1) -> 73.6 (107.3) MB, 0.6 / 0.0 ms  (average mu = 0.995, current mu = 0.995) allocation failure; 
[6089:0x73fe720]     8695 ms: Scavenge 89.2 (107.3) -> 73.6 (107.3) MB, 0.6 / 0.0 ms  (average mu = 0.995, current mu = 0.995) allocation failure; 
[6089:0x73fe720]     8701 ms: Scavenge 89.2 (107.3) -> 73.7 (107.3) MB, 0.5 / 0.0 ms  (average mu = 0.995, current mu = 0.995) allocation failure; 
[6089:0x73fe720]     8707 ms: Scavenge 89.3 (107.3) -> 73.8 (107.3) MB, 0.7 / 0.0 ms  (average mu = 0.995, current mu = 0.995) allocation failure; 
[6089:0x73fe720]     8713 ms: Scavenge 89.3 (107.3) -> 73.8 (107.3) MB, 0.6 / 0.0 ms  (average mu = 0.995, current mu = 0.995) allocation failure; 
[6089:0x73fe720]     8720 ms: Scavenge 89.4 (107.3) -> 73.8 (107.6) MB, 0.6 / 0.0 ms  (average mu = 0.995, current mu = 0.995) allocation failure; 
[6089:0x73fe720]     8726 ms: Scavenge 89.4 (107.6) -> 73.9 (107.6) MB, 0.5 / 0.0 ms  (average mu = 0.995, current mu = 0.995) allocation failure; 
[6089:0x73fe720]     8732 ms: Scavenge 89.5 (107.6) -> 73.9 (107.6) MB, 0.8 / 0.0 ms  (average mu = 0.995, current mu = 0.995) allocation failure; 
[6089:0x73fe720]     8738 ms: Scavenge 89.5 (107.6) -> 74.0 (107.6) MB, 0.5 / 0.0 ms  (average mu = 0.995, current mu = 0.995) allocation failure; 
[6089:0x73fe720]     8745 ms: Scavenge 89.6 (107.6) -> 74.0 (107.6) MB, 0.7 / 0.0 ms  (average mu = 0.995, current mu = 0.995) allocation failure; 
[6089:0x73fe720]     8753 ms: Scavenge 89.6 (107.6) -> 74.1 (107.8) MB, 0.7 / 0.0 ms  (average mu = 0.995, current mu = 0.995) allocation failure; 
[6089:0x73fe720]     8759 ms: Scavenge 89.7 (107.8) -> 74.2 (107.8) MB, 0.8 / 0.0 ms  (average mu = 0.995, current mu = 0.995) allocation failure; 
[6089:0x73fe720]     8767 ms: Scavenge 89.7 (107.8) -> 74.2 (107.8) MB, 0.7 / 0.0 ms  (average mu = 0.995, current mu = 0.995) allocation failure; 
[6089:0x73fe720]     8774 ms: Scavenge 89.8 (107.8) -> 74.2 (107.8) MB, 0.6 / 0.0 ms  (average mu = 0.995, current mu = 0.995) allocation failure; 
[6089:0x73fe720]     8780 ms: Scavenge 89.8 (107.8) -> 74.3 (107.8) MB, 0.6 / 0.0 ms  (average mu = 0.995, current mu = 0.995) allocation failure; 
[6089:0x73fe720]     8786 ms: Scavenge 89.9 (107.8) -> 74.3 (108.1) MB, 0.6 / 0.0 ms  (average mu = 0.995, current mu = 0.995) allocation failure; 
[6089:0x73fe720]     8793 ms: Scavenge 89.9 (108.1) -> 74.4 (108.3) MB, 0.7 / 0.0 ms  (average mu = 0.995, current mu = 0.995) allocation failure; 
[6089:0x73fe720]     8801 ms: Scavenge 90.0 (108.3) -> 74.4 (108.3) MB, 0.8 / 0.0 ms  (average mu = 0.995, current mu = 0.995) allocation failure; 
[6089:0x73fe720]     8807 ms: Scavenge 90.0 (108.3) -> 74.5 (108.3) MB, 0.6 / 0.0 ms  (average mu = 0.995, current mu = 0.995) allocation failure; 
[6089:0x73fe720]     8814 ms: Scavenge 90.1 (108.3) -> 74.5 (108.3) MB, 0.6 / 0.0 ms  (average mu = 0.995, current mu = 0.995) allocation failure; 
[6089:0x73fe720]     8820 ms: Scavenge 90.1 (108.3) -> 74.6 (108.3) MB, 0.6 / 0.0 ms  (average mu = 0.995, current mu = 0.995) allocation failure; 
[6089:0x73fe720]     8827 ms: Scavenge 90.1 (108.3) -> 74.6 (108.3) MB, 0.6 / 0.0 ms  (average mu = 0.995, current mu = 0.995) allocation failure; 
[6089:0x73fe720]     8833 ms: Scavenge 90.2 (108.3) -> 74.7 (108.3) MB, 0.6 / 0.0 ms  (average mu = 0.995, current mu = 0.995) allocation failure; 
[6089:0x73fe720]     8839 ms: Scavenge 90.2 (108.3) -> 74.7 (108.3) MB, 0.6 / 0.0 ms  (average mu = 0.995, current mu = 0.995) allocation failure; 
[6089:0x73fe720]     8846 ms: Scavenge 90.3 (108.3) -> 74.7 (108.3) MB, 0.7 / 0.0 ms  (average mu = 0.995, current mu = 0.995) allocation failure; 
[6089:0x73fe720]     8852 ms: Scavenge 90.3 (108.3) -> 74.8 (108.6) MB, 0.6 / 0.0 ms  (average mu = 0.995, current mu = 0.995) allocation failure; 
[6089:0x73fe720]     8859 ms: Scavenge 90.4 (108.6) -> 74.8 (108.6) MB, 0.6 / 0.0 ms  (average mu = 0.995, current mu = 0.995) allocation failure; 
[6089:0x73fe720]     8865 ms: Scavenge 90.4 (108.6) -> 74.9 (108.6) MB, 0.6 / 0.0 ms  (average mu = 0.995, current mu = 0.995) allocation failure; 
[6089:0x73fe720]     8872 ms: Scavenge 90.5 (108.6) -> 74.9 (108.6) MB, 0.6 / 0.0 ms  (average mu = 0.995, current mu = 0.995) allocation failure; 
[6089:0x73fe720]     8878 ms: Scavenge 90.5 (108.6) -> 75.0 (108.6) MB, 0.6 / 0.0 ms  (average mu = 0.995, current mu = 0.995) allocation failure; 
[6089:0x73fe720]     8886 ms: Scavenge 90.6 (108.6) -> 75.0 (108.6) MB, 0.9 / 0.0 ms  (average mu = 0.995, current mu = 0.995) allocation failure; 
[6089:0x73fe720]     8893 ms: Scavenge 90.6 (108.6) -> 75.1 (108.8) MB, 0.5 / 0.0 ms  (average mu = 0.995, current mu = 0.995) allocation failure; 
[6089:0x73fe720]     8899 ms: Scavenge 90.7 (108.8) -> 75.1 (108.8) MB, 0.8 / 0.0 ms  (average mu = 0.995, current mu = 0.995) allocation failure; 
[6089:0x73fe720]     8906 ms: Scavenge 90.7 (108.8) -> 75.2 (108.8) MB, 0.6 / 0.0 ms  (average mu = 0.995, current mu = 0.995) allocation failure; 
[6089:0x73fe720]     8912 ms: Scavenge 90.8 (108.8) -> 75.2 (108.8) MB, 0.6 / 0.0 ms  (average mu = 0.995, current mu = 0.995) allocation failure; 
[6089:0x73fe720]     8918 ms: Scavenge 90.8 (108.8) -> 75.3 (108.8) MB, 0.5 / 0.0 ms  (average mu = 0.995, current mu = 0.995) allocation failure; 
[6089:0x73fe720]     8925 ms: Scavenge 90.9 (108.8) -> 75.3 (109.1) MB, 0.8 / 0.0 ms  (average mu = 0.995, current mu = 0.995) allocation failure; 
[6089:0x73fe720]     8932 ms: Scavenge 90.9 (109.1) -> 75.4 (109.1) MB, 1.1 / 0.0 ms  (average mu = 0.995, current mu = 0.995) allocation failure; 
[6089:0x73fe720]     8938 ms: Scavenge 91.0 (109.1) -> 75.4 (109.1) MB, 0.6 / 0.0 ms  (average mu = 0.995, current mu = 0.995) allocation failure; 
[6089:0x73fe720]     8945 ms: Scavenge 91.0 (109.1) -> 75.5 (109.1) MB, 0.6 / 0.0 ms  (average mu = 0.995, current mu = 0.995) allocation failure; 
[6089:0x73fe720]     8951 ms: Scavenge 91.1 (109.1) -> 75.5 (109.1) MB, 0.6 / 0.0 ms  (average mu = 0.995, current mu = 0.995) allocation failure; 
[6089:0x73fe720]     8957 ms: Scavenge 91.1 (109.1) -> 75.6 (109.3) MB, 0.6 / 0.0 ms  (average mu = 0.995, current mu = 0.995) allocation failure; 
[6089:0x73fe720]     8964 ms: Scavenge 91.2 (109.3) -> 75.6 (109.3) MB, 0.6 / 0.0 ms  (average mu = 0.995, current mu = 0.995) allocation failure; 
[6089:0x73fe720]     8970 ms: Scavenge 91.2 (109.3) -> 75.7 (109.3) MB, 0.6 / 0.0 ms  (average mu = 0.995, current mu = 0.995) allocation failure; 
[6089:0x73fe720]     8979 ms: Scavenge 91.2 (109.3) -> 75.7 (109.3) MB, 0.5 / 0.0 ms  (average mu = 0.995, current mu = 0.995) allocation failure; 
[6089:0x73fe720]     8985 ms: Scavenge 91.3 (109.3) -> 75.8 (109.3) MB, 0.8 / 0.0 ms  (average mu = 0.995, current mu = 0.995) allocation failure; 
[6089:0x73fe720]     8993 ms: Scavenge 91.3 (109.3) -> 75.8 (109.6) MB, 0.8 / 0.0 ms  (average mu = 0.995, current mu = 0.995) allocation failure; 
[6089:0x73fe720]     9000 ms: Scavenge 91.4 (109.6) -> 75.8 (109.6) MB, 0.9 / 0.0 ms  (average mu = 0.995, current mu = 0.995) allocation failure; 
[6089:0x73fe720]     9008 ms: Scavenge 91.4 (109.6) -> 75.9 (109.6) MB, 0.7 / 0.0 ms  (average mu = 0.995, current mu = 0.995) allocation failure; 
[6089:0x73fe720]     9016 ms: Scavenge 91.5 (109.6) -> 75.9 (109.6) MB, 0.8 / 0.0 ms  (average mu = 0.995, current mu = 0.995) allocation failure; 
[6089:0x73fe720]     9022 ms: Scavenge 91.5 (109.6) -> 76.0 (109.6) MB, 0.6 / 0.0 ms  (average mu = 0.995, current mu = 0.995) allocation failure; 
[6089:0x73fe720]     9028 ms: Scavenge 91.2 (109.6) -> 76.0 (109.8) MB, 0.6 / 0.0 ms  (average mu = 0.995, current mu = 0.995) task; 
[6089:0x73fe720]     9035 ms: Scavenge 91.6 (109.8) -> 76.1 (109.8) MB, 0.6 / 0.0 ms  (average mu = 0.995, current mu = 0.995) allocation failure; 
[6089:0x73fe720]     9041 ms: Scavenge 91.7 (109.8) -> 76.1 (109.8) MB, 0.8 / 0.0 ms  (average mu = 0.995, current mu = 0.995) allocation failure; 
[6089:0x73fe720]     9049 ms: Scavenge 91.7 (109.8) -> 76.2 (109.8) MB, 0.7 / 0.0 ms  (average mu = 0.995, current mu = 0.995) allocation failure; 
[6089:0x73fe720]     9056 ms: Scavenge 91.8 (109.8) -> 76.2 (109.8) MB, 0.6 / 0.0 ms  (average mu = 0.995, current mu = 0.995) allocation failure; 
[6089:0x73fe720]     9064 ms: Scavenge 91.8 (109.8) -> 76.3 (110.1) MB, 0.7 / 0.0 ms  (average mu = 0.995, current mu = 0.995) allocation failure; 
[6089:0x73fe720]     9071 ms: Scavenge 91.9 (110.1) -> 76.3 (110.1) MB, 0.6 / 0.0 ms  (average mu = 0.995, current mu = 0.995) allocation failure; 
[6089:0x73fe720]     9078 ms: Scavenge 91.9 (110.1) -> 76.4 (110.1) MB, 0.6 / 0.0 ms  (average mu = 0.995, current mu = 0.995) allocation failure; 
[6089:0x73fe720]     9085 ms: Scavenge 92.0 (110.1) -> 76.4 (110.1) MB, 0.6 / 0.0 ms  (average mu = 0.995, current mu = 0.995) allocation failure; 
[6089:0x73fe720]     9091 ms: Scavenge 92.0 (110.1) -> 76.5 (110.1) MB, 0.6 / 0.0 ms  (average mu = 0.995, current mu = 0.995) allocation failure; 
[6089:0x73fe720]     9098 ms: Scavenge 92.1 (110.1) -> 76.5 (110.3) MB, 0.6 / 0.0 ms  (average mu = 0.995, current mu = 0.995) allocation failure; 
[6089:0x73fe720]     9104 ms: Scavenge 92.1 (110.3) -> 76.6 (110.3) MB, 0.6 / 0.0 ms  (average mu = 0.995, current mu = 0.995) allocation failure; 
[6089:0x73fe720]     9111 ms: Scavenge 92.2 (110.3) -> 76.6 (110.3) MB, 0.9 / 0.0 ms  (average mu = 0.995, current mu = 0.995) allocation failure; 
[6089:0x73fe720]     9117 ms: Scavenge 92.2 (110.3) -> 76.7 (110.3) MB, 0.6 / 0.0 ms  (average mu = 0.995, current mu = 0.995) allocation failure; 
[6089:0x73fe720]     9124 ms: Scavenge 92.3 (110.3) -> 76.7 (110.3) MB, 0.6 / 0.0 ms  (average mu = 0.995, current mu = 0.995) allocation failure; 
[6089:0x73fe720]     9130 ms: Scavenge 92.3 (110.3) -> 76.8 (110.3) MB, 0.6 / 0.0 ms  (average mu = 0.995, current mu = 0.995) allocation failure; 
[6089:0x73fe720]     9137 ms: Scavenge 92.3 (110.3) -> 76.8 (110.6) MB, 0.7 / 0.0 ms  (average mu = 0.995, current mu = 0.995) allocation failure; 
[6089:0x73fe720]     9145 ms: Scavenge 92.4 (110.6) -> 76.9 (110.6) MB, 0.9 / 0.0 ms  (average mu = 0.995, current mu = 0.995) allocation failure; 
[6089:0x73fe720]     9152 ms: Scavenge 92.4 (110.6) -> 76.9 (110.6) MB, 0.6 / 0.0 ms  (average mu = 0.995, current mu = 0.995) allocation failure; 
[6089:0x73fe720]     9159 ms: Scavenge 92.5 (110.6) -> 76.9 (110.6) MB, 0.7 / 0.0 ms  (average mu = 0.995, current mu = 0.995) allocation failure; 
[6089:0x73fe720]     9165 ms: Scavenge 92.5 (110.6) -> 77.0 (110.6) MB, 0.6 / 0.0 ms  (average mu = 0.995, current mu = 0.995) allocation failure; 
[6089:0x73fe720]     9171 ms: Scavenge 92.6 (110.6) -> 77.0 (110.8) MB, 0.6 / 0.0 ms  (average mu = 0.995, current mu = 0.995) allocation failure; 
[6089:0x73fe720]     9178 ms: Scavenge 92.6 (110.8) -> 77.1 (110.8) MB, 0.6 / 0.0 ms  (average mu = 0.995, current mu = 0.995) allocation failure; 
[6089:0x73fe720]     9184 ms: Scavenge 92.7 (110.8) -> 77.1 (110.8) MB, 0.5 / 0.0 ms  (average mu = 0.995, current mu = 0.995) allocation failure; 
[6089:0x73fe720]     9190 ms: Scavenge 92.7 (110.8) -> 77.2 (110.8) MB, 0.6 / 0.0 ms  (average mu = 0.995, current mu = 0.995) allocation failure; 
[6089:0x73fe720]     9197 ms: Scavenge 92.8 (110.8) -> 77.2 (110.8) MB, 0.6 / 0.0 ms  (average mu = 0.995, current mu = 0.995) allocation failure; 
[6089:0x73fe720]     9203 ms: Scavenge 92.8 (110.8) -> 77.3 (111.1) MB, 0.6 / 0.0 ms  (average mu = 0.995, current mu = 0.995) allocation failure; 
[6089:0x73fe720]     9210 ms: Scavenge 92.9 (111.1) -> 77.3 (111.1) MB, 0.6 / 0.0 ms  (average mu = 0.995, current mu = 0.995) allocation failure; 
[6089:0x73fe720]     9216 ms: Scavenge 92.9 (111.1) -> 77.4 (111.1) MB, 0.6 / 0.0 ms  (average mu = 0.995, current mu = 0.995) allocation failure; 
[6089:0x73fe720]     9222 ms: Scavenge 93.0 (111.1) -> 77.4 (111.1) MB, 0.5 / 0.0 ms  (average mu = 0.995, current mu = 0.995) allocation failure; 
[6089:0x73fe720]     9229 ms: Scavenge 93.0 (111.1) -> 77.5 (111.1) MB, 0.7 / 0.0 ms  (average mu = 0.995, current mu = 0.995) allocation failure; 
[6089:0x73fe720]     9235 ms: Scavenge 93.1 (111.1) -> 77.5 (111.3) MB, 0.6 / 0.0 ms  (average mu = 0.995, current mu = 0.995) allocation failure; 
[6089:0x73fe720]     9241 ms: Scavenge 93.1 (111.3) -> 77.6 (111.3) MB, 0.5 / 0.0 ms  (average mu = 0.995, current mu = 0.995) allocation failure; 
[6089:0x73fe720]     9248 ms: Scavenge 93.2 (111.3) -> 77.6 (111.3) MB, 0.7 / 0.0 ms  (average mu = 0.995, current mu = 0.995) allocation failure; 
[6089:0x73fe720]     9253 ms: Scavenge 93.2 (111.3) -> 77.7 (111.3) MB, 0.5 / 0.0 ms  (average mu = 0.995, current mu = 0.995) allocation failure; 
[6089:0x73fe720]     9259 ms: Scavenge 93.3 (111.3) -> 77.7 (111.3) MB, 0.4 / 0.0 ms  (average mu = 0.995, current mu = 0.995) allocation failure; 
[6089:0x73fe720]     9265 ms: Scavenge 93.3 (111.3) -> 77.8 (111.6) MB, 0.6 / 0.0 ms  (average mu = 0.995, current mu = 0.995) allocation failure; 
[6089:0x73fe720]     9271 ms: Scavenge 93.4 (111.6) -> 77.8 (111.6) MB, 0.7 / 0.0 ms  (average mu = 0.995, current mu = 0.995) allocation failure; 
[6089:0x73fe720]     9277 ms: Scavenge 93.4 (111.6) -> 77.9 (111.6) MB, 0.5 / 0.0 ms  (average mu = 0.995, current mu = 0.995) allocation failure; 
[6089:0x73fe720]     9283 ms: Scavenge 93.4 (111.6) -> 77.9 (111.6) MB, 0.5 / 0.0 ms  (average mu = 0.995, current mu = 0.995) allocation failure; 
[6089:0x73fe720]     9289 ms: Scavenge 93.5 (111.6) -> 78.0 (111.8) MB, 0.6 / 0.0 ms  (average mu = 0.995, current mu = 0.995) allocation failure; 
[6089:0x73fe720]     9295 ms: Scavenge 93.5 (111.8) -> 78.0 (111.8) MB, 0.7 / 0.0 ms  (average mu = 0.995, current mu = 0.995) allocation failure; 
[6089:0x73fe720]     9301 ms: Scavenge 93.6 (111.8) -> 78.0 (111.8) MB, 0.6 / 0.0 ms  (average mu = 0.995, current mu = 0.995) allocation failure; 
[6089:0x73fe720]     9307 ms: Scavenge 93.6 (111.8) -> 78.1 (111.8) MB, 0.6 / 0.0 ms  (average mu = 0.995, current mu = 0.995) allocation failure; 
[6089:0x73fe720]     9313 ms: Scavenge 93.7 (111.8) -> 78.1 (111.8) MB, 0.6 / 0.0 ms  (average mu = 0.995, current mu = 0.995) allocation failure; 
[6089:0x73fe720]     9319 ms: Scavenge 93.7 (111.8) -> 78.2 (111.8) MB, 0.5 / 0.0 ms  (average mu = 0.995, current mu = 0.995) allocation failure; 
[6089:0x73fe720]     9325 ms: Scavenge 93.8 (111.8) -> 78.2 (112.1) MB, 0.8 / 0.0 ms  (average mu = 0.995, current mu = 0.995) allocation failure; 
[6089:0x73fe720]     9332 ms: Scavenge 93.8 (112.1) -> 78.3 (112.1) MB, 0.7 / 0.0 ms  (average mu = 0.995, current mu = 0.995) allocation failure; 
[6089:0x73fe720]     9338 ms: Scavenge 93.9 (112.1) -> 78.3 (112.1) MB, 0.6 / 0.0 ms  (average mu = 0.995, current mu = 0.995) allocation failure; 
[6089:0x73fe720]     9344 ms: Scavenge 93.9 (112.1) -> 78.4 (112.1) MB, 0.6 / 0.0 ms  (average mu = 0.995, current mu = 0.995) allocation failure; 
[6089:0x73fe720]     9351 ms: Scavenge 94.0 (112.1) -> 78.4 (112.1) MB, 0.6 / 0.0 ms  (average mu = 0.995, current mu = 0.995) allocation failure; 
[6089:0x73fe720]     9357 ms: Scavenge 94.0 (112.1) -> 78.5 (112.1) MB, 0.6 / 0.0 ms  (average mu = 0.995, current mu = 0.995) allocation failure; 
[6089:0x73fe720]     9363 ms: Scavenge 94.1 (112.1) -> 78.5 (112.3) MB, 0.6 / 0.0 ms  (average mu = 0.995, current mu = 0.995) allocation failure; 
[6089:0x73fe720]     9370 ms: Scavenge 94.1 (112.3) -> 78.6 (112.3) MB, 0.6 / 0.0 ms  (average mu = 0.995, current mu = 0.995) allocation failure; 
[6089:0x73fe720]     9376 ms: Scavenge 94.2 (112.3) -> 78.6 (112.3) MB, 0.9 / 0.0 ms  (average mu = 0.995, current mu = 0.995) allocation failure; 
[6089:0x73fe720]     9382 ms: Scavenge 94.2 (112.3) -> 78.7 (112.3) MB, 0.6 / 0.0 ms  (average mu = 0.995, current mu = 0.995) allocation failure; 
[6089:0x73fe720]     9388 ms: Scavenge 94.3 (112.3) -> 78.7 (112.3) MB, 0.5 / 0.0 ms  (average mu = 0.995, current mu = 0.995) allocation failure; 
[6089:0x73fe720]     9394 ms: Scavenge 94.3 (112.3) -> 78.8 (112.6) MB, 0.7 / 0.0 ms  (average mu = 0.995, current mu = 0.995) allocation failure; 
[6089:0x73fe720]     9400 ms: Scavenge 94.4 (112.6) -> 78.8 (112.6) MB, 0.5 / 0.0 ms  (average mu = 0.995, current mu = 0.995) allocation failure; 
[6089:0x73fe720]     9406 ms: Scavenge 94.4 (112.6) -> 78.9 (112.6) MB, 0.5 / 0.0 ms  (average mu = 0.995, current mu = 0.995) allocation failure; 
[6089:0x73fe720]     9412 ms: Scavenge 94.5 (112.6) -> 78.9 (112.6) MB, 0.5 / 0.0 ms  (average mu = 0.995, current mu = 0.995) allocation failure; 
[6089:0x73fe720]     9418 ms: Scavenge 94.5 (112.6) -> 79.0 (112.6) MB, 0.5 / 0.0 ms  (average mu = 0.995, current mu = 0.995) allocation failure; 
[6089:0x73fe720]     9423 ms: Scavenge 94.5 (112.6) -> 79.0 (112.8) MB, 0.5 / 0.0 ms  (average mu = 0.995, current mu = 0.995) allocation failure; 
[6089:0x73fe720]     9429 ms: Scavenge 94.6 (112.8) -> 79.1 (112.8) MB, 0.5 / 0.0 ms  (average mu = 0.995, current mu = 0.995) allocation failure; 
[6089:0x73fe720]     9435 ms: Scavenge 94.6 (112.8) -> 79.1 (112.8) MB, 0.5 / 0.0 ms  (average mu = 0.995, current mu = 0.995) allocation failure; 
[6089:0x73fe720]     9441 ms: Scavenge 94.7 (112.8) -> 79.1 (112.8) MB, 0.8 / 0.0 ms  (average mu = 0.995, current mu = 0.995) allocation failure; 
[6089:0x73fe720]     9447 ms: Scavenge 94.7 (112.8) -> 79.2 (112.8) MB, 0.5 / 0.0 ms  (average mu = 0.995, current mu = 0.995) allocation failure; 
[6089:0x73fe720]     9453 ms: Scavenge 94.8 (112.8) -> 79.3 (113.1) MB, 0.5 / 0.0 ms  (average mu = 0.995, current mu = 0.995) allocation failure; 
[6089:0x73fe720]     9459 ms: Scavenge 94.8 (113.1) -> 79.3 (113.1) MB, 0.6 / 0.0 ms  (average mu = 0.995, current mu = 0.995) allocation failure; 
[6089:0x73fe720]     9465 ms: Scavenge 94.9 (113.1) -> 79.4 (113.1) MB, 0.4 / 0.0 ms  (average mu = 0.995, current mu = 0.995) allocation failure; 
[6089:0x73fe720]     9471 ms: Scavenge 94.9 (113.1) -> 79.4 (113.1) MB, 0.6 / 0.0 ms  (average mu = 0.995, current mu = 0.995) allocation failure; 
[6089:0x73fe720]     9477 ms: Scavenge 95.0 (113.1) -> 79.4 (113.1) MB, 0.6 / 0.0 ms  (average mu = 0.995, current mu = 0.995) allocation failure; 
[6089:0x73fe720]     9483 ms: Scavenge 95.0 (113.1) -> 79.5 (113.3) MB, 0.6 / 0.0 ms  (average mu = 0.995, current mu = 0.995) allocation failure; 
[6089:0x73fe720]     9488 ms: Scavenge 95.1 (113.3) -> 79.5 (113.3) MB, 0.5 / 0.0 ms  (average mu = 0.995, current mu = 0.995) allocation failure; 
[6089:0x73fe720]     9494 ms: Scavenge 95.1 (113.3) -> 79.6 (113.3) MB, 0.5 / 0.0 ms  (average mu = 0.995, current mu = 0.995) allocation failure; 
[6089:0x73fe720]     9500 ms: Scavenge 95.2 (113.3) -> 79.6 (113.3) MB, 0.5 / 0.0 ms  (average mu = 0.995, current mu = 0.995) allocation failure; 
[6089:0x73fe720]     9506 ms: Scavenge 95.2 (113.3) -> 79.7 (113.3) MB, 0.6 / 0.0 ms  (average mu = 0.995, current mu = 0.995) allocation failure; 
[6089:0x73fe720]     9512 ms: Scavenge 95.3 (113.3) -> 79.7 (113.6) MB, 0.6 / 0.0 ms  (average mu = 0.995, current mu = 0.995) allocation failure; 
[6089:0x73fe720]     9518 ms: Scavenge 95.3 (113.6) -> 79.8 (113.6) MB, 0.5 / 0.0 ms  (average mu = 0.995, current mu = 0.995) allocation failure; 
[6089:0x73fe720]     9524 ms: Scavenge 95.4 (113.6) -> 79.8 (113.6) MB, 0.7 / 0.0 ms  (average mu = 0.995, current mu = 0.995) allocation failure; 
[6089:0x73fe720]     9530 ms: Scavenge 95.4 (113.6) -> 79.9 (113.6) MB, 0.5 / 0.0 ms  (average mu = 0.995, current mu = 0.995) allocation failure; 
[6089:0x73fe720]     9536 ms: Scavenge 95.5 (113.6) -> 79.9 (113.6) MB, 0.6 / 0.0 ms  (average mu = 0.995, current mu = 0.995) allocation failure; 
[6089:0x73fe720]     9542 ms: Scavenge 95.5 (113.6) -> 80.0 (113.8) MB, 0.7 / 0.0 ms  (average mu = 0.995, current mu = 0.995) allocation failure; 
[6089:0x73fe720]     9548 ms: Scavenge 95.6 (113.8) -> 80.0 (113.8) MB, 0.6 / 0.0 ms  (average mu = 0.995, current mu = 0.995) allocation failure; 
[6089:0x73fe720]     9557 ms: Scavenge 95.6 (113.8) -> 80.1 (113.8) MB, 0.8 / 0.0 ms  (average mu = 0.995, current mu = 0.995) allocation failure; 
[6089:0x73fe720]     9567 ms: Scavenge 95.6 (113.8) -> 80.1 (113.8) MB, 0.8 / 0.0 ms  (average mu = 0.995, current mu = 0.995) allocation failure; 
[6089:0x73fe720]     9576 ms: Scavenge 95.7 (113.8) -> 80.2 (113.8) MB, 0.7 / 0.0 ms  (average mu = 0.995, current mu = 0.995) allocation failure; 
[6089:0x73fe720]     9584 ms: Scavenge 95.7 (113.8) -> 80.2 (113.8) MB, 0.7 / 0.0 ms  (average mu = 0.995, current mu = 0.995) allocation failure; 
[6089:0x73fe720]     9593 ms: Scavenge 95.8 (113.8) -> 80.2 (114.1) MB, 0.6 / 0.0 ms  (average mu = 0.995, current mu = 0.995) allocation failure; 
[6089:0x73fe720]     9600 ms: Scavenge 95.8 (114.1) -> 80.3 (114.1) MB, 0.6 / 0.0 ms  (average mu = 0.995, current mu = 0.995) allocation failure; 
[6089:0x73fe720]     9606 ms: Scavenge 95.9 (114.1) -> 80.3 (114.1) MB, 0.6 / 0.0 ms  (average mu = 0.995, current mu = 0.995) allocation failure; 
[6089:0x73fe720]     9612 ms: Scavenge 95.9 (114.1) -> 80.4 (114.1) MB, 0.7 / 0.0 ms  (average mu = 0.995, current mu = 0.995) allocation failure; 
[6089:0x73fe720]     9619 ms: Scavenge 96.0 (114.1) -> 80.4 (114.1) MB, 0.6 / 0.0 ms  (average mu = 0.995, current mu = 0.995) allocation failure; 
[6089:0x73fe720]     9625 ms: Scavenge 96.0 (114.1) -> 80.5 (114.3) MB, 0.6 / 0.0 ms  (average mu = 0.995, current mu = 0.995) allocation failure; 
[6089:0x73fe720]     9632 ms: Scavenge 96.1 (114.3) -> 80.5 (114.3) MB, 0.6 / 0.0 ms  (average mu = 0.995, current mu = 0.995) allocation failure; 
[6089:0x73fe720]     9638 ms: Scavenge 96.1 (114.3) -> 80.6 (114.3) MB, 0.8 / 0.0 ms  (average mu = 0.995, current mu = 0.995) allocation failure; 
[6089:0x73fe720]     9646 ms: Scavenge 96.2 (114.3) -> 80.6 (114.3) MB, 0.8 / 0.0 ms  (average mu = 0.995, current mu = 0.995) allocation failure; 
[6089:0x73fe720]     9653 ms: Scavenge 96.2 (114.3) -> 80.7 (114.3) MB, 0.7 / 0.0 ms  (average mu = 0.995, current mu = 0.995) allocation failure; 
[6089:0x73fe720]     9659 ms: Scavenge 96.3 (114.3) -> 80.7 (114.6) MB, 0.7 / 0.0 ms  (average mu = 0.995, current mu = 0.995) allocation failure; 
[6089:0x73fe720]     9667 ms: Scavenge 96.3 (114.6) -> 80.8 (114.6) MB, 0.8 / 0.0 ms  (average mu = 0.995, current mu = 0.995) allocation failure; 
[6089:0x73fe720]     9676 ms: Scavenge 96.4 (114.6) -> 80.8 (114.6) MB, 0.8 / 0.0 ms  (average mu = 0.995, current mu = 0.995) allocation failure; 
[6089:0x73fe720]     9683 ms: Scavenge 96.4 (114.6) -> 80.9 (114.6) MB, 1.0 / 0.0 ms  (average mu = 0.995, current mu = 0.995) allocation failure; 
[6089:0x73fe720]     9689 ms: Scavenge 96.5 (114.6) -> 80.9 (114.6) MB, 0.8 / 0.0 ms  (average mu = 0.995, current mu = 0.995) allocation failure; 
[6089:0x73fe720]     9699 ms: Scavenge 96.5 (114.6) -> 81.0 (114.8) MB, 0.6 / 0.0 ms  (average mu = 0.995, current mu = 0.995) allocation failure; 
[6089:0x73fe720]     9705 ms: Scavenge 96.6 (114.8) -> 81.0 (114.8) MB, 0.6 / 0.0 ms  (average mu = 0.995, current mu = 0.995) allocation failure; 
[6089:0x73fe720]     9711 ms: Scavenge 96.6 (114.8) -> 81.1 (114.8) MB, 0.6 / 0.0 ms  (average mu = 0.995, current mu = 0.995) allocation failure; 
[6089:0x73fe720]     9718 ms: Scavenge 96.7 (114.8) -> 81.2 (114.8) MB, 0.6 / 0.0 ms  (average mu = 0.995, current mu = 0.995) allocation failure; 
[6089:0x73fe720]     9724 ms: Scavenge 96.7 (114.8) -> 81.2 (115.1) MB, 0.8 / 0.0 ms  (average mu = 0.995, current mu = 0.995) allocation failure; 
[6089:0x73fe720]     9730 ms: Scavenge 96.8 (115.1) -> 81.3 (115.1) MB, 0.6 / 0.0 ms  (average mu = 0.995, current mu = 0.995) allocation failure; 
[6089:0x73fe720]     9737 ms: Scavenge 96.8 (115.1) -> 81.3 (115.1) MB, 0.5 / 0.0 ms  (average mu = 0.995, current mu = 0.995) allocation failure; 
[6089:0x73fe720]     9743 ms: Scavenge 96.9 (115.1) -> 81.3 (115.1) MB, 0.5 / 0.0 ms  (average mu = 0.995, current mu = 0.995) allocation failure; 
[6089:0x73fe720]     9749 ms: Scavenge 96.9 (115.1) -> 81.4 (115.1) MB, 0.6 / 0.0 ms  (average mu = 0.995, current mu = 0.995) allocation failure; 
[6089:0x73fe720]     9754 ms: Scavenge 97.0 (115.1) -> 81.5 (115.1) MB, 0.5 / 0.0 ms  (average mu = 0.995, current mu = 0.995) allocation failure; 
[6089:0x73fe720]     9760 ms: Scavenge 97.0 (115.1) -> 81.5 (115.3) MB, 0.5 / 0.0 ms  (average mu = 0.995, current mu = 0.995) allocation failure; 
[6089:0x73fe720]     9766 ms: Scavenge 97.1 (115.3) -> 81.6 (115.3) MB, 0.5 / 0.0 ms  (average mu = 0.995, current mu = 0.995) allocation failure; 
[6089:0x73fe720]     9772 ms: Scavenge 97.1 (115.3) -> 81.6 (115.3) MB, 0.6 / 0.0 ms  (average mu = 0.995, current mu = 0.995) allocation failure; 
[6089:0x73fe720]     9778 ms: Scavenge 97.2 (115.3) -> 81.6 (115.3) MB, 0.5 / 0.0 ms  (average mu = 0.995, current mu = 0.995) allocation failure; 
[6089:0x73fe720]     9784 ms: Scavenge 97.2 (115.3) -> 81.7 (115.3) MB, 0.5 / 0.0 ms  (average mu = 0.995, current mu = 0.995) allocation failure; 
[6089:0x73fe720]     9789 ms: Scavenge 97.3 (115.3) -> 81.7 (115.6) MB, 0.5 / 0.0 ms  (average mu = 0.995, current mu = 0.995) allocation failure; 
[6089:0x73fe720]     9795 ms: Scavenge 97.3 (115.6) -> 81.8 (115.6) MB, 0.5 / 0.0 ms  (average mu = 0.995, current mu = 0.995) allocation failure; 
[6089:0x73fe720]     9801 ms: Scavenge 97.4 (115.6) -> 81.8 (115.6) MB, 0.5 / 0.0 ms  (average mu = 0.995, current mu = 0.995) allocation failure; 
[6089:0x73fe720]     9807 ms: Scavenge 97.4 (115.6) -> 81.9 (115.6) MB, 0.5 / 0.0 ms  (average mu = 0.995, current mu = 0.995) allocation failure; 
[6089:0x73fe720]     9813 ms: Scavenge 97.5 (115.6) -> 81.9 (115.6) MB, 0.5 / 0.0 ms  (average mu = 0.995, current mu = 0.995) allocation failure; 
[6089:0x73fe720]     9819 ms: Scavenge 97.5 (115.6) -> 82.0 (115.8) MB, 0.6 / 0.0 ms  (average mu = 0.995, current mu = 0.995) allocation failure; 
[6089:0x73fe720]     9824 ms: Scavenge 97.6 (115.8) -> 82.0 (115.8) MB, 0.4 / 0.0 ms  (average mu = 0.995, current mu = 0.995) allocation failure; 
[6089:0x73fe720]     9830 ms: Scavenge 97.6 (115.8) -> 82.1 (115.8) MB, 0.5 / 0.0 ms  (average mu = 0.995, current mu = 0.995) allocation failure; 
[6089:0x73fe720]     9836 ms: Scavenge 97.7 (115.8) -> 82.1 (115.8) MB, 0.5 / 0.0 ms  (average mu = 0.995, current mu = 0.995) allocation failure; 
[6089:0x73fe720]     9842 ms: Scavenge 97.7 (115.8) -> 82.2 (115.8) MB, 0.5 / 0.0 ms  (average mu = 0.995, current mu = 0.995) allocation failure; 
[6089:0x73fe720]     9847 ms: Scavenge 97.8 (115.8) -> 82.2 (116.1) MB, 0.5 / 0.0 ms  (average mu = 0.995, current mu = 0.995) allocation failure; 
[6089:0x73fe720]     9853 ms: Scavenge 97.8 (116.1) -> 82.3 (116.3) MB, 0.6 / 0.0 ms  (average mu = 0.995, current mu = 0.995) allocation failure; 
[6089:0x73fe720]     9859 ms: Scavenge 97.8 (116.3) -> 82.3 (116.3) MB, 0.5 / 0.0 ms  (average mu = 0.995, current mu = 0.995) allocation failure; 
[6089:0x73fe720]     9865 ms: Scavenge 97.9 (116.3) -> 82.4 (116.3) MB, 0.5 / 0.0 ms  (average mu = 0.995, current mu = 0.995) allocation failure; 
[6089:0x73fe720]     9871 ms: Scavenge 97.9 (116.3) -> 82.4 (116.3) MB, 0.4 / 0.0 ms  (average mu = 0.995, current mu = 0.995) allocation failure; 
[6089:0x73fe720]     9876 ms: Scavenge 98.0 (116.3) -> 82.4 (116.3) MB, 0.5 / 0.0 ms  (average mu = 0.995, current mu = 0.995) allocation failure; 
[6089:0x73fe720]     9882 ms: Scavenge 98.0 (116.3) -> 82.5 (116.3) MB, 0.5 / 0.0 ms  (average mu = 0.995, current mu = 0.995) allocation failure; 
[6089:0x73fe720]     9888 ms: Scavenge 98.1 (116.3) -> 82.5 (116.3) MB, 0.5 / 0.0 ms  (average mu = 0.995, current mu = 0.995) allocation failure; 
[6089:0x73fe720]     9894 ms: Scavenge 98.1 (116.3) -> 82.6 (116.3) MB, 0.5 / 0.0 ms  (average mu = 0.995, current mu = 0.995) allocation failure; 
[6089:0x73fe720]     9900 ms: Scavenge 98.2 (116.3) -> 82.6 (116.3) MB, 0.5 / 0.0 ms  (average mu = 0.995, current mu = 0.995) allocation failure; 
[6089:0x73fe720]     9905 ms: Scavenge 98.2 (116.3) -> 82.7 (116.6) MB, 0.5 / 0.0 ms  (average mu = 0.995, current mu = 0.995) allocation failure; 
[6089:0x73fe720]     9911 ms: Scavenge 98.3 (116.6) -> 82.7 (116.6) MB, 0.5 / 0.0 ms  (average mu = 0.995, current mu = 0.995) allocation failure; 
[6089:0x73fe720]     9917 ms: Scavenge 98.3 (116.6) -> 82.8 (116.6) MB, 0.4 / 0.0 ms  (average mu = 0.995, current mu = 0.995) allocation failure; 
[6089:0x73fe720]     9923 ms: Scavenge 98.4 (116.6) -> 82.8 (116.6) MB, 0.5 / 0.0 ms  (average mu = 0.995, current mu = 0.995) allocation failure; 
[6089:0x73fe720]     9929 ms: Scavenge 98.4 (116.6) -> 82.9 (116.6) MB, 0.5 / 0.0 ms  (average mu = 0.995, current mu = 0.995) allocation failure; 
[6089:0x73fe720]     9934 ms: Scavenge 98.5 (116.6) -> 82.9 (116.8) MB, 0.5 / 0.0 ms  (average mu = 0.995, current mu = 0.995) allocation failure; 
[6089:0x73fe720]     9940 ms: Scavenge 98.5 (116.8) -> 83.0 (116.8) MB, 0.7 / 0.0 ms  (average mu = 0.995, current mu = 0.995) allocation failure; 
[6089:0x73fe720]     9946 ms: Scavenge 98.6 (116.8) -> 83.0 (116.8) MB, 0.5 / 0.0 ms  (average mu = 0.995, current mu = 0.995) allocation failure; 
[6089:0x73fe720]     9952 ms: Scavenge 98.6 (116.8) -> 83.1 (116.8) MB, 0.5 / 0.0 ms  (average mu = 0.995, current mu = 0.995) allocation failure; 
[6089:0x73fe720]     9958 ms: Scavenge 98.7 (116.8) -> 83.1 (116.8) MB, 0.5 / 0.0 ms  (average mu = 0.995, current mu = 0.995) allocation failure; 
[6089:0x73fe720]     9964 ms: Scavenge 98.7 (116.8) -> 83.2 (116.8) MB, 0.5 / 0.0 ms  (average mu = 0.995, current mu = 0.995) allocation failure; 
[6089:0x73fe720]     9970 ms: Scavenge 98.8 (116.8) -> 83.2 (117.1) MB, 0.6 / 0.0 ms  (average mu = 0.995, current mu = 0.995) allocation failure; 
[6089:0x73fe720]     9975 ms: Scavenge 98.8 (117.1) -> 83.3 (117.1) MB, 0.5 / 0.0 ms  (average mu = 0.995, current mu = 0.995) allocation failure; 
[6089:0x73fe720]     9981 ms: Scavenge 98.9 (117.1) -> 83.3 (117.1) MB, 0.5 / 0.0 ms  (average mu = 0.995, current mu = 0.995) allocation failure; 
[6089:0x73fe720]     9987 ms: Scavenge 98.9 (117.1) -> 83.4 (117.1) MB, 0.5 / 0.0 ms  (average mu = 0.995, current mu = 0.995) allocation failure; 
[6089:0x73fe720]     9993 ms: Scavenge 98.9 (117.1) -> 83.4 (117.1) MB, 0.5 / 0.0 ms  (average mu = 0.995, current mu = 0.995) allocation failure; 
[6089:0x73fe720]     9999 ms: Scavenge 99.0 (117.1) -> 83.5 (117.3) MB, 0.5 / 0.0 ms  (average mu = 0.995, current mu = 0.995) allocation failure; 
[6089:0x73fe720]    10004 ms: Scavenge 99.0 (117.3) -> 83.5 (117.3) MB, 0.6 / 0.0 ms  (average mu = 0.995, current mu = 0.995) allocation failure; 
[6089:0x73fe720]    10010 ms: Scavenge 99.1 (117.3) -> 83.6 (117.3) MB, 0.5 / 0.0 ms  (average mu = 0.995, current mu = 0.995) allocation failure; 
[6089:0x73fe720]    10016 ms: Scavenge 99.1 (117.3) -> 83.6 (117.3) MB, 0.5 / 0.0 ms  (average mu = 0.995, current mu = 0.995) allocation failure; 
[6089:0x73fe720]    10022 ms: Scavenge 99.2 (117.3) -> 83.6 (117.3) MB, 0.6 / 0.0 ms  (average mu = 0.995, current mu = 0.995) allocation failure; 
[6089:0x73fe720]    10028 ms: Scavenge 99.2 (117.3) -> 83.7 (117.6) MB, 0.6 / 0.0 ms  (average mu = 0.995, current mu = 0.995) allocation failure; 
[6089:0x73fe720]    10034 ms: Scavenge 99.3 (117.6) -> 83.7 (117.6) MB, 0.5 / 0.0 ms  (average mu = 0.995, current mu = 0.995) allocation failure; 
[6089:0x73fe720]    10040 ms: Scavenge 99.3 (117.6) -> 83.8 (117.6) MB, 0.5 / 0.0 ms  (average mu = 0.995, current mu = 0.995) allocation failure; 
[6089:0x73fe720]    10045 ms: Scavenge 99.4 (117.6) -> 83.8 (117.6) MB, 0.5 / 0.0 ms  (average mu = 0.995, current mu = 0.995) allocation failure; 
[6089:0x73fe720]    10051 ms: Scavenge 99.4 (117.6) -> 83.9 (117.6) MB, 0.5 / 0.0 ms  (average mu = 0.995, current mu = 0.995) allocation failure; 
[6089:0x73fe720]    10057 ms: Scavenge 99.5 (117.6) -> 83.9 (117.8) MB, 0.5 / 0.0 ms  (average mu = 0.995, current mu = 0.995) allocation failure; 
[6089:0x73fe720]    10063 ms: Scavenge 99.5 (117.8) -> 84.0 (117.8) MB, 0.5 / 0.0 ms  (average mu = 0.995, current mu = 0.995) allocation failure; 
[6089:0x73fe720]    10069 ms: Scavenge 99.6 (117.8) -> 84.0 (117.8) MB, 0.5 / 0.0 ms  (average mu = 0.995, current mu = 0.995) allocation failure; 
[6089:0x73fe720]    10075 ms: Scavenge 99.6 (117.8) -> 84.1 (117.8) MB, 0.5 / 0.0 ms  (average mu = 0.995, current mu = 0.995) allocation failure; 
[6089:0x73fe720]    10081 ms: Scavenge 99.7 (117.8) -> 84.1 (117.8) MB, 0.5 / 0.0 ms  (average mu = 0.995, current mu = 0.995) allocation failure; 
[6089:0x73fe720]    10087 ms: Scavenge 99.7 (117.8) -> 84.2 (118.1) MB, 0.5 / 0.0 ms  (average mu = 0.995, current mu = 0.995) allocation failure; 
[6089:0x73fe720]    10092 ms: Scavenge 99.8 (118.1) -> 84.2 (118.1) MB, 0.5 / 0.0 ms  (average mu = 0.995, current mu = 0.995) allocation failure; 
[6089:0x73fe720]    10098 ms: Scavenge 99.8 (118.1) -> 84.3 (118.1) MB, 0.6 / 0.0 ms  (average mu = 0.995, current mu = 0.995) allocation failure; 
[6089:0x73fe720]    10104 ms: Scavenge 99.9 (118.1) -> 84.3 (118.1) MB, 0.5 / 0.0 ms  (average mu = 0.995, current mu = 0.995) allocation failure; 
[6089:0x73fe720]    10110 ms: Scavenge 99.9 (118.1) -> 84.4 (118.1) MB, 0.7 / 0.0 ms  (average mu = 0.995, current mu = 0.995) allocation failure; 
[6089:0x73fe720]    10116 ms: Scavenge 100.0 (118.1) -> 84.4 (118.3) MB, 0.6 / 0.0 ms  (average mu = 0.995, current mu = 0.995) allocation failure; 
[6089:0x73fe720]    10122 ms: Scavenge 100.0 (118.3) -> 84.5 (118.3) MB, 0.6 / 0.0 ms  (average mu = 0.995, current mu = 0.995) allocation failure; 
[6089:0x73fe720]    10128 ms: Scavenge 100.1 (118.3) -> 84.5 (118.3) MB, 0.6 / 0.0 ms  (average mu = 0.995, current mu = 0.995) allocation failure; 
[6089:0x73fe720]    10134 ms: Scavenge 100.1 (118.3) -> 84.6 (118.3) MB, 0.6 / 0.0 ms  (average mu = 0.995, current mu = 0.995) allocation failure; 
[6089:0x73fe720]    10140 ms: Scavenge 100.1 (118.3) -> 84.6 (118.3) MB, 0.6 / 0.0 ms  (average mu = 0.995, current mu = 0.995) allocation failure; 
[6089:0x73fe720]    10146 ms: Scavenge 100.2 (118.3) -> 84.7 (118.6) MB, 0.6 / 0.0 ms  (average mu = 0.995, current mu = 0.995) allocation failure; 
[6089:0x73fe720]    10152 ms: Scavenge 100.2 (118.6) -> 84.7 (118.6) MB, 0.6 / 0.0 ms  (average mu = 0.995, current mu = 0.995) allocation failure; 
[6089:0x73fe720]    10158 ms: Scavenge 100.3 (118.6) -> 84.7 (118.6) MB, 0.6 / 0.0 ms  (average mu = 0.995, current mu = 0.995) allocation failure; 
[6089:0x73fe720]    10164 ms: Scavenge 100.3 (118.6) -> 84.8 (118.6) MB, 0.5 / 0.0 ms  (average mu = 0.995, current mu = 0.995) allocation failure; 
[6089:0x73fe720]    10170 ms: Scavenge 100.4 (118.6) -> 84.8 (118.6) MB, 0.5 / 0.0 ms  (average mu = 0.995, current mu = 0.995) allocation failure; 
[6089:0x73fe720]    10176 ms: Scavenge 100.4 (118.6) -> 84.9 (118.6) MB, 0.6 / 0.0 ms  (average mu = 0.995, current mu = 0.995) allocation failure; 
[6089:0x73fe720]    10182 ms: Scavenge 100.5 (118.6) -> 84.9 (118.8) MB, 0.6 / 0.0 ms  (average mu = 0.995, current mu = 0.995) allocation failure; 
[6089:0x73fe720]    10188 ms: Scavenge 100.5 (118.8) -> 85.0 (118.8) MB, 0.5 / 0.0 ms  (average mu = 0.995, current mu = 0.995) allocation failure; 
[6089:0x73fe720]    10194 ms: Scavenge 100.6 (118.8) -> 85.0 (118.8) MB, 0.6 / 0.0 ms  (average mu = 0.995, current mu = 0.995) allocation failure; 
[6089:0x73fe720]    10200 ms: Scavenge 100.6 (118.8) -> 85.1 (118.8) MB, 0.6 / 0.0 ms  (average mu = 0.995, current mu = 0.995) allocation failure; 
[6089:0x73fe720]    10206 ms: Scavenge 100.7 (118.8) -> 85.1 (118.8) MB, 0.5 / 0.0 ms  (average mu = 0.995, current mu = 0.995) allocation failure; 
[6089:0x73fe720]    10212 ms: Scavenge 100.7 (118.8) -> 85.2 (119.1) MB, 0.6 / 0.0 ms  (average mu = 0.995, current mu = 0.995) allocation failure; 
[6089:0x73fe720]    10217 ms: Scavenge 100.8 (119.1) -> 85.2 (119.1) MB, 0.5 / 0.0 ms  (average mu = 0.995, current mu = 0.995) allocation failure; 
[6089:0x73fe720]    10223 ms: Scavenge 100.8 (119.1) -> 85.3 (119.1) MB, 0.5 / 0.0 ms  (average mu = 0.995, current mu = 0.995) allocation failure; 
[6089:0x73fe720]    10229 ms: Scavenge 100.9 (119.1) -> 85.3 (119.1) MB, 0.6 / 0.0 ms  (average mu = 0.995, current mu = 0.995) allocation failure; 
[6089:0x73fe720]    10235 ms: Scavenge 100.9 (119.1) -> 85.4 (119.1) MB, 0.6 / 0.0 ms  (average mu = 0.995, current mu = 0.995) allocation failure; 
[6089:0x73fe720]    10241 ms: Scavenge 101.0 (119.1) -> 85.4 (119.3) MB, 0.6 / 0.0 ms  (average mu = 0.995, current mu = 0.995) allocation failure; 
[6089:0x73fe720]    10247 ms: Scavenge 101.0 (119.3) -> 85.5 (119.3) MB, 0.5 / 0.0 ms  (average mu = 0.995, current mu = 0.995) allocation failure; 
[6089:0x73fe720]    10253 ms: Scavenge 101.1 (119.3) -> 85.5 (119.3) MB, 0.5 / 0.0 ms  (average mu = 0.995, current mu = 0.995) allocation failure; 
[6089:0x73fe720]    10259 ms: Scavenge 101.1 (119.3) -> 85.6 (119.3) MB, 0.5 / 0.0 ms  (average mu = 0.995, current mu = 0.995) allocation failure; 
[6089:0x73fe720]    10264 ms: Scavenge 101.2 (119.3) -> 85.6 (119.3) MB, 0.5 / 0.0 ms  (average mu = 0.995, current mu = 0.995) allocation failure; 
[6089:0x73fe720]    10270 ms: Scavenge 101.2 (119.3) -> 85.7 (119.6) MB, 0.6 / 0.0 ms  (average mu = 0.995, current mu = 0.995) allocation failure; 
[6089:0x73fe720]    10276 ms: Scavenge 101.2 (119.6) -> 85.7 (119.6) MB, 0.5 / 0.0 ms  (average mu = 0.995, current mu = 0.995) allocation failure; 
[6089:0x73fe720]    10282 ms: Scavenge 101.3 (119.6) -> 85.8 (119.6) MB, 0.7 / 0.0 ms  (average mu = 0.995, current mu = 0.995) allocation failure; 
[6089:0x73fe720]    10288 ms: Scavenge 101.3 (119.6) -> 85.8 (119.6) MB, 0.6 / 0.0 ms  (average mu = 0.995, current mu = 0.995) allocation failure; 
[6089:0x73fe720]    10294 ms: Scavenge 101.4 (119.6) -> 85.8 (119.6) MB, 0.5 / 0.0 ms  (average mu = 0.995, current mu = 0.995) allocation failure; 
[6089:0x73fe720]    10300 ms: Scavenge 101.4 (119.6) -> 85.9 (119.8) MB, 0.5 / 0.0 ms  (average mu = 0.995, current mu = 0.995) allocation failure; 
[6089:0x73fe720]    10306 ms: Scavenge 101.5 (119.8) -> 85.9 (119.8) MB, 0.5 / 0.0 ms  (average mu = 0.995, current mu = 0.995) allocation failure; 
[6089:0x73fe720]    10311 ms: Scavenge 101.5 (119.8) -> 86.0 (119.8) MB, 0.5 / 0.0 ms  (average mu = 0.995, current mu = 0.995) allocation failure; 
[6089:0x73fe720]    10317 ms: Scavenge 101.6 (119.8) -> 86.0 (119.8) MB, 0.5 / 0.0 ms  (average mu = 0.995, current mu = 0.995) allocation failure; 
[6089:0x73fe720]    10323 ms: Scavenge 101.6 (119.8) -> 86.1 (119.8) MB, 0.6 / 0.0 ms  (average mu = 0.995, current mu = 0.995) allocation failure; 
[6089:0x73fe720]    10329 ms: Scavenge 101.7 (119.8) -> 86.1 (120.1) MB, 0.6 / 0.0 ms  (average mu = 0.995, current mu = 0.995) allocation failure; 
[6089:0x73fe720]    10336 ms: Scavenge 101.7 (120.1) -> 86.2 (120.1) MB, 0.7 / 0.0 ms  (average mu = 0.995, current mu = 0.995) allocation failure; 
[6089:0x73fe720]    10343 ms: Scavenge 101.8 (120.1) -> 86.3 (120.3) MB, 0.9 / 0.0 ms  (average mu = 0.995, current mu = 0.995) allocation failure; 
[6089:0x73fe720]    10349 ms: Scavenge 101.8 (120.3) -> 86.3 (120.3) MB, 0.7 / 0.0 ms  (average mu = 0.995, current mu = 0.995) allocation failure; 
[6089:0x73fe720]    10355 ms: Scavenge 101.9 (120.3) -> 86.3 (120.3) MB, 0.5 / 0.0 ms  (average mu = 0.995, current mu = 0.995) allocation failure; 
[6089:0x73fe720]    10361 ms: Scavenge 101.9 (120.3) -> 86.4 (120.3) MB, 0.7 / 0.0 ms  (average mu = 0.995, current mu = 0.995) allocation failure; 
[6089:0x73fe720]    10367 ms: Scavenge 102.0 (120.3) -> 86.4 (120.3) MB, 0.7 / 0.0 ms  (average mu = 0.995, current mu = 0.995) allocation failure; 
[6089:0x73fe720]    10373 ms: Scavenge 102.0 (120.3) -> 86.5 (120.3) MB, 0.6 / 0.0 ms  (average mu = 0.995, current mu = 0.995) allocation failure; 
[6089:0x73fe720]    10379 ms: Scavenge 102.1 (120.3) -> 86.5 (120.3) MB, 0.6 / 0.0 ms  (average mu = 0.995, current mu = 0.995) allocation failure; 
[6089:0x73fe720]    10385 ms: Scavenge 102.1 (120.3) -> 86.6 (120.3) MB, 0.6 / 0.0 ms  (average mu = 0.995, current mu = 0.995) allocation failure; 
[6089:0x73fe720]    10391 ms: Scavenge 102.2 (120.3) -> 86.6 (120.6) MB, 0.8 / 0.0 ms  (average mu = 0.995, current mu = 0.995) allocation failure; 
[6089:0x73fe720]    10397 ms: Scavenge 102.2 (120.6) -> 86.7 (120.6) MB, 0.7 / 0.0 ms  (average mu = 0.995, current mu = 0.995) allocation failure; 
[6089:0x73fe720]    10404 ms: Scavenge 102.3 (120.6) -> 86.7 (120.6) MB, 0.6 / 0.0 ms  (average mu = 0.995, current mu = 0.995) allocation failure; 
[6089:0x73fe720]    10410 ms: Scavenge 102.3 (120.6) -> 86.8 (120.6) MB, 0.6 / 0.0 ms  (average mu = 0.995, current mu = 0.995) allocation failure; 
[6089:0x73fe720]    10416 ms: Scavenge 102.3 (120.6) -> 86.8 (120.6) MB, 0.5 / 0.0 ms  (average mu = 0.995, current mu = 0.995) allocation failure; 
[6089:0x73fe720]    10422 ms: Scavenge 102.4 (120.6) -> 86.9 (120.6) MB, 0.6 / 0.0 ms  (average mu = 0.995, current mu = 0.995) allocation failure; 
[6089:0x73fe720]    10428 ms: Scavenge 102.4 (120.6) -> 86.9 (120.8) MB, 0.6 / 0.0 ms  (average mu = 0.995, current mu = 0.995) allocation failure; 
[6089:0x73fe720]    10434 ms: Scavenge 102.5 (120.8) -> 86.9 (120.8) MB, 0.5 / 0.0 ms  (average mu = 0.995, current mu = 0.995) allocation failure; 
[6089:0x73fe720]    10439 ms: Scavenge 102.5 (120.8) -> 87.0 (120.8) MB, 0.5 / 0.0 ms  (average mu = 0.995, current mu = 0.995) allocation failure; 
[6089:0x73fe720]    10445 ms: Scavenge 102.6 (120.8) -> 87.0 (120.8) MB, 0.5 / 0.0 ms  (average mu = 0.995, current mu = 0.995) allocation failure; 
[6089:0x73fe720]    10451 ms: Scavenge 102.6 (120.8) -> 87.1 (120.8) MB, 0.5 / 0.0 ms  (average mu = 0.995, current mu = 0.995) allocation failure; 
[6089:0x73fe720]    10457 ms: Scavenge 102.7 (120.8) -> 87.1 (121.1) MB, 0.6 / 0.0 ms  (average mu = 0.995, current mu = 0.995) allocation failure; 
[6089:0x73fe720]    10463 ms: Scavenge 102.7 (121.1) -> 87.2 (121.1) MB, 0.6 / 0.0 ms  (average mu = 0.995, current mu = 0.995) allocation failure; 
[6089:0x73fe720]    10469 ms: Scavenge 102.8 (121.1) -> 87.2 (121.1) MB, 0.6 / 0.0 ms  (average mu = 0.995, current mu = 0.995) allocation failure; 
[6089:0x73fe720]    10475 ms: Scavenge 102.8 (121.1) -> 87.3 (121.1) MB, 0.5 / 0.0 ms  (average mu = 0.995, current mu = 0.995) allocation failure; 
[6089:0x73fe720]    10481 ms: Scavenge 102.9 (121.1) -> 87.3 (121.1) MB, 0.4 / 0.0 ms  (average mu = 0.995, current mu = 0.995) allocation failure; 
[6089:0x73fe720]    10487 ms: Scavenge 102.9 (121.1) -> 87.4 (121.3) MB, 0.7 / 0.0 ms  (average mu = 0.995, current mu = 0.995) allocation failure; 
[6089:0x73fe720]    10493 ms: Scavenge 103.0 (121.3) -> 87.4 (121.3) MB, 0.5 / 0.0 ms  (average mu = 0.995, current mu = 0.995) allocation failure; 
[6089:0x73fe720]    10498 ms: Scavenge 103.0 (121.3) -> 87.5 (121.3) MB, 0.5 / 0.0 ms  (average mu = 0.995, current mu = 0.995) allocation failure; 
[6089:0x73fe720]    10504 ms: Scavenge 103.1 (121.3) -> 87.5 (121.3) MB, 0.6 / 0.0 ms  (average mu = 0.995, current mu = 0.995) allocation failure; 
[6089:0x73fe720]    10510 ms: Scavenge 103.1 (121.3) -> 87.6 (121.3) MB, 0.5 / 0.0 ms  (average mu = 0.995, current mu = 0.995) allocation failure; 
[6089:0x73fe720]    10516 ms: Scavenge 103.2 (121.3) -> 87.6 (121.6) MB, 0.7 / 0.0 ms  (average mu = 0.995, current mu = 0.995) allocation failure; 
[6089:0x73fe720]    10522 ms: Scavenge 103.2 (121.6) -> 87.7 (121.6) MB, 0.6 / 0.0 ms  (average mu = 0.995, current mu = 0.995) allocation failure; 
[6089:0x73fe720]    10528 ms: Scavenge 103.3 (121.6) -> 87.7 (121.6) MB, 0.5 / 0.0 ms  (average mu = 0.995, current mu = 0.995) allocation failure; 
[6089:0x73fe720]    10534 ms: Scavenge 103.3 (121.6) -> 87.8 (121.6) MB, 0.5 / 0.0 ms  (average mu = 0.995, current mu = 0.995) allocation failure; 
[6089:0x73fe720]    10540 ms: Scavenge 103.4 (121.6) -> 87.8 (121.6) MB, 0.7 / 0.0 ms  (average mu = 0.995, current mu = 0.995) allocation failure; 
[6089:0x73fe720]    10545 ms: Scavenge 103.4 (121.6) -> 87.9 (121.8) MB, 0.6 / 0.0 ms  (average mu = 0.995, current mu = 0.995) allocation failure; 
[6089:0x73fe720]    10551 ms: Scavenge 103.4 (121.8) -> 87.9 (121.8) MB, 0.6 / 0.0 ms  (average mu = 0.995, current mu = 0.995) allocation failure; 
[6089:0x73fe720]    10557 ms: Scavenge 103.5 (121.8) -> 88.0 (121.8) MB, 0.5 / 0.0 ms  (average mu = 0.995, current mu = 0.995) allocation failure; 
[6089:0x73fe720]    10563 ms: Scavenge 103.5 (121.8) -> 88.0 (121.8) MB, 0.5 / 0.0 ms  (average mu = 0.995, current mu = 0.995) allocation failure; 
[6089:0x73fe720]    10569 ms: Scavenge 103.6 (121.8) -> 88.1 (121.8) MB, 0.5 / 0.0 ms  (average mu = 0.995, current mu = 0.995) allocation failure; 
[6089:0x73fe720]    10575 ms: Scavenge 103.6 (121.8) -> 88.1 (122.1) MB, 0.7 / 0.0 ms  (average mu = 0.995, current mu = 0.995) allocation failure; 
[6089:0x73fe720]    10581 ms: Scavenge 103.7 (122.1) -> 88.1 (122.1) MB, 0.6 / 0.0 ms  (average mu = 0.995, current mu = 0.995) allocation failure; 
[6089:0x73fe720]    10587 ms: Scavenge 103.7 (122.1) -> 88.2 (122.1) MB, 0.5 / 0.0 ms  (average mu = 0.995, current mu = 0.995) allocation failure; 
[6089:0x73fe720]    10592 ms: Scavenge 103.8 (122.1) -> 88.2 (122.1) MB, 0.6 / 0.0 ms  (average mu = 0.995, current mu = 0.995) allocation failure; 
[6089:0x73fe720]    10598 ms: Scavenge 103.8 (122.1) -> 88.3 (122.1) MB, 0.5 / 0.0 ms  (average mu = 0.995, current mu = 0.995) allocation failure; 
[6089:0x73fe720]    10604 ms: Scavenge 103.9 (122.1) -> 88.3 (122.3) MB, 0.7 / 0.0 ms  (average mu = 0.995, current mu = 0.995) allocation failure; 
[6089:0x73fe720]    10614 ms: Scavenge 103.9 (122.3) -> 88.4 (122.3) MB, 0.5 / 0.0 ms  (average mu = 0.995, current mu = 0.995) allocation failure; 
[6089:0x73fe720]    10620 ms: Scavenge 104.0 (122.3) -> 88.4 (122.3) MB, 0.5 / 0.0 ms  (average mu = 0.995, current mu = 0.995) allocation failure; 
[6089:0x73fe720]    10626 ms: Scavenge 104.0 (122.3) -> 88.5 (122.3) MB, 0.6 / 0.0 ms  (average mu = 0.995, current mu = 0.995) allocation failure; 
[6089:0x73fe720]    10632 ms: Scavenge 104.1 (122.3) -> 88.5 (122.3) MB, 0.6 / 0.0 ms  (average mu = 0.995, current mu = 0.995) allocation failure; 
[6089:0x73fe720]    10637 ms: Scavenge 104.1 (122.3) -> 88.6 (122.3) MB, 0.5 / 0.0 ms  (average mu = 0.995, current mu = 0.995) allocation failure; 
[6089:0x73fe720]    10643 ms: Scavenge 104.2 (122.3) -> 88.6 (122.6) MB, 0.5 / 0.0 ms  (average mu = 0.995, current mu = 0.995) allocation failure; 
[6089:0x73fe720]    10649 ms: Scavenge 104.2 (122.6) -> 88.7 (122.6) MB, 0.7 / 0.0 ms  (average mu = 0.995, current mu = 0.995) allocation failure; 
[6089:0x73fe720]    10655 ms: Scavenge 104.3 (122.6) -> 88.7 (122.6) MB, 0.5 / 0.0 ms  (average mu = 0.995, current mu = 0.995) allocation failure; 
[6089:0x73fe720]    10661 ms: Scavenge 104.3 (122.6) -> 88.8 (122.6) MB, 0.5 / 0.0 ms  (average mu = 0.995, current mu = 0.995) allocation failure; 
[6089:0x73fe720]    10667 ms: Scavenge 104.4 (122.6) -> 88.8 (122.6) MB, 0.5 / 0.0 ms  (average mu = 0.995, current mu = 0.995) allocation failure; 
[6089:0x73fe720]    10673 ms: Scavenge 104.4 (122.6) -> 88.9 (122.8) MB, 0.7 / 0.0 ms  (average mu = 0.995, current mu = 0.995) allocation failure; 
[6089:0x73fe720]    10679 ms: Scavenge 104.5 (122.8) -> 88.9 (122.8) MB, 0.5 / 0.0 ms  (average mu = 0.995, current mu = 0.995) allocation failure; 
[6089:0x73fe720]    10684 ms: Scavenge 104.5 (122.8) -> 89.0 (122.8) MB, 0.5 / 0.0 ms  (average mu = 0.995, current mu = 0.995) allocation failure; 
[6089:0x73fe720]    10690 ms: Scavenge 104.5 (122.8) -> 89.0 (122.8) MB, 0.5 / 0.0 ms  (average mu = 0.995, current mu = 0.995) allocation failure; 
[6089:0x73fe720]    10696 ms: Scavenge 104.6 (122.8) -> 89.1 (122.8) MB, 0.5 / 0.0 ms  (average mu = 0.995, current mu = 0.995) allocation failure; 
[6089:0x73fe720]    10702 ms: Scavenge 104.6 (122.8) -> 89.1 (123.1) MB, 0.6 / 0.0 ms  (average mu = 0.995, current mu = 0.995) allocation failure; 
[6089:0x73fe720]    10708 ms: Scavenge 104.7 (123.1) -> 89.2 (123.1) MB, 0.5 / 0.0 ms  (average mu = 0.995, current mu = 0.995) allocation failure; 
[6089:0x73fe720]    10714 ms: Scavenge 104.7 (123.1) -> 89.2 (123.1) MB, 0.6 / 0.0 ms  (average mu = 0.995, current mu = 0.995) allocation failure; 
[6089:0x73fe720]    10720 ms: Scavenge 104.8 (123.1) -> 89.2 (123.1) MB, 0.5 / 0.0 ms  (average mu = 0.995, current mu = 0.995) allocation failure; 
[6089:0x73fe720]    10725 ms: Scavenge 104.8 (123.1) -> 89.3 (123.1) MB, 0.7 / 0.0 ms  (average mu = 0.995, current mu = 0.995) allocation failure; 
[6089:0x73fe720]    10731 ms: Scavenge 104.9 (123.1) -> 89.3 (123.3) MB, 0.6 / 0.0 ms  (average mu = 0.995, current mu = 0.995) allocation failure; 
[6089:0x73fe720]    10737 ms: Scavenge 104.9 (123.3) -> 89.4 (123.3) MB, 0.5 / 0.0 ms  (average mu = 0.995, current mu = 0.995) allocation failure; 
[6089:0x73fe720]    10743 ms: Scavenge 105.0 (123.3) -> 89.4 (123.3) MB, 0.5 / 0.0 ms  (average mu = 0.995, current mu = 0.995) allocation failure; 
[6089:0x73fe720]    10749 ms: Scavenge 105.0 (123.3) -> 89.5 (123.3) MB, 0.6 / 0.0 ms  (average mu = 0.995, current mu = 0.995) allocation failure; 
[6089:0x73fe720]    10755 ms: Scavenge 105.1 (123.3) -> 89.5 (123.3) MB, 0.5 / 0.0 ms  (average mu = 0.995, current mu = 0.995) allocation failure; 
[6089:0x73fe720]    10760 ms: Scavenge 105.1 (123.3) -> 89.6 (123.6) MB, 0.6 / 0.0 ms  (average mu = 0.995, current mu = 0.995) allocation failure; 
[6089:0x73fe720]    10766 ms: Scavenge 105.2 (123.6) -> 89.6 (123.6) MB, 0.6 / 0.0 ms  (average mu = 0.995, current mu = 0.995) allocation failure; 
[6089:0x73fe720]    10772 ms: Scavenge 105.2 (123.6) -> 89.7 (123.6) MB, 0.6 / 0.0 ms  (average mu = 0.995, current mu = 0.995) allocation failure; 
[6089:0x73fe720]    10778 ms: Scavenge 105.3 (123.6) -> 89.7 (123.6) MB, 0.5 / 0.0 ms  (average mu = 0.995, current mu = 0.995) allocation failure; 
[6089:0x73fe720]    10784 ms: Scavenge 105.3 (123.6) -> 89.8 (123.6) MB, 0.6 / 0.0 ms  (average mu = 0.995, current mu = 0.995) allocation failure; 
[6089:0x73fe720]    10790 ms: Scavenge 105.4 (123.6) -> 89.8 (123.8) MB, 0.6 / 0.0 ms  (average mu = 0.995, current mu = 0.995) allocation failure; 
[6089:0x73fe720]    10796 ms: Scavenge 105.4 (123.8) -> 89.9 (123.8) MB, 0.5 / 0.0 ms  (average mu = 0.995, current mu = 0.995) allocation failure; 
[6089:0x73fe720]    10802 ms: Scavenge 105.5 (123.8) -> 89.9 (123.8) MB, 0.5 / 0.0 ms  (average mu = 0.995, current mu = 0.995) allocation failure; 
[6089:0x73fe720]    10807 ms: Scavenge 105.5 (123.8) -> 90.0 (123.8) MB, 0.6 / 0.0 ms  (average mu = 0.995, current mu = 0.995) allocation failure; 
[6089:0x73fe720]    10813 ms: Scavenge 105.6 (123.8) -> 90.0 (123.8) MB, 0.6 / 0.0 ms  (average mu = 0.995, current mu = 0.995) allocation failure; 
[6089:0x73fe720]    10819 ms: Scavenge 105.6 (123.8) -> 90.1 (124.1) MB, 0.6 / 0.0 ms  (average mu = 0.995, current mu = 0.995) allocation failure; 
[6089:0x73fe720]    10825 ms: Scavenge 105.6 (124.1) -> 90.1 (124.1) MB, 0.5 / 0.0 ms  (average mu = 0.995, current mu = 0.995) allocation failure; 
[6089:0x73fe720]    10831 ms: Scavenge 105.7 (124.1) -> 90.2 (124.1) MB, 0.5 / 0.0 ms  (average mu = 0.995, current mu = 0.995) allocation failure; 
[6089:0x73fe720]    10837 ms: Scavenge 105.7 (124.1) -> 90.2 (124.1) MB, 0.5 / 0.0 ms  (average mu = 0.995, current mu = 0.995) allocation failure; 
[6089:0x73fe720]    10843 ms: Scavenge 105.8 (124.1) -> 90.2 (124.1) MB, 0.5 / 0.0 ms  (average mu = 0.995, current mu = 0.995) allocation failure; 
[6089:0x73fe720]    10848 ms: Scavenge 105.8 (124.1) -> 90.3 (124.1) MB, 0.5 / 0.0 ms  (average mu = 0.995, current mu = 0.995) allocation failure; 
[6089:0x73fe720]    10854 ms: Scavenge 105.9 (124.1) -> 90.3 (124.3) MB, 0.6 / 0.0 ms  (average mu = 0.995, current mu = 0.995) allocation failure; 
[6089:0x73fe720]    10860 ms: Scavenge 105.9 (124.3) -> 90.4 (124.3) MB, 0.5 / 0.0 ms  (average mu = 0.995, current mu = 0.995) allocation failure; 
[6089:0x73fe720]    10866 ms: Scavenge 106.0 (124.3) -> 90.4 (124.3) MB, 0.5 / 0.0 ms  (average mu = 0.995, current mu = 0.995) allocation failure; 
[6089:0x73fe720]    10872 ms: Scavenge 106.0 (124.3) -> 90.5 (124.3) MB, 0.6 / 0.0 ms  (average mu = 0.995, current mu = 0.995) allocation failure; 
[6089:0x73fe720]    10878 ms: Scavenge 106.1 (124.3) -> 90.5 (124.3) MB, 0.5 / 0.0 ms  (average mu = 0.995, current mu = 0.995) allocation failure; 
[6089:0x73fe720]    10884 ms: Scavenge 106.1 (124.3) -> 90.6 (124.6) MB, 0.5 / 0.0 ms  (average mu = 0.995, current mu = 0.995) allocation failure; 
[6089:0x73fe720]    10890 ms: Scavenge 106.2 (124.6) -> 90.6 (124.8) MB, 0.5 / 0.0 ms  (average mu = 0.995, current mu = 0.995) allocation failure; 
[6089:0x73fe720]    10896 ms: Scavenge 106.2 (124.8) -> 90.7 (124.8) MB, 0.7 / 0.0 ms  (average mu = 0.995, current mu = 0.995) allocation failure; 
[6089:0x73fe720]    10901 ms: Scavenge 106.3 (124.8) -> 90.7 (124.8) MB, 0.5 / 0.0 ms  (average mu = 0.995, current mu = 0.995) allocation failure; 
[6089:0x73fe720]    10907 ms: Scavenge 106.3 (124.8) -> 90.8 (124.8) MB, 0.5 / 0.0 ms  (average mu = 0.995, current mu = 0.995) allocation failure; 
[6089:0x73fe720]    10913 ms: Scavenge 106.4 (124.8) -> 90.8 (124.8) MB, 0.5 / 0.0 ms  (average mu = 0.995, current mu = 0.995) allocation failure; 
[6089:0x73fe720]    10919 ms: Scavenge 106.4 (124.8) -> 90.9 (124.8) MB, 0.6 / 0.0 ms  (average mu = 0.995, current mu = 0.995) allocation failure; 
[6089:0x73fe720]    10925 ms: Scavenge 106.5 (124.8) -> 90.9 (124.8) MB, 0.5 / 0.0 ms  (average mu = 0.995, current mu = 0.995) allocation failure; 
[6089:0x73fe720]    10931 ms: Scavenge 106.5 (124.8) -> 91.0 (124.8) MB, 0.5 / 0.0 ms  (average mu = 0.995, current mu = 0.995) allocation failure; 
[6089:0x73fe720]    10936 ms: Scavenge 106.6 (124.8) -> 91.0 (124.8) MB, 0.5 / 0.0 ms  (average mu = 0.995, current mu = 0.995) allocation failure; 
[6089:0x73fe720]    10942 ms: Scavenge 106.6 (124.8) -> 91.1 (125.1) MB, 0.7 / 0.0 ms  (average mu = 0.995, current mu = 0.995) allocation failure; 
[6089:0x73fe720]    10948 ms: Scavenge 106.7 (125.1) -> 91.1 (125.1) MB, 0.5 / 0.0 ms  (average mu = 0.995, current mu = 0.995) allocation failure; 
[6089:0x73fe720]    10955 ms: Scavenge 106.7 (125.1) -> 91.2 (125.1) MB, 0.6 / 0.0 ms  (average mu = 0.995, current mu = 0.995) allocation failure; 
[6089:0x73fe720]    10960 ms: Scavenge 106.7 (125.1) -> 91.2 (125.1) MB, 0.6 / 0.0 ms  (average mu = 0.995, current mu = 0.995) allocation failure; 
[6089:0x73fe720]    10967 ms: Scavenge 106.8 (125.1) -> 91.3 (125.1) MB, 0.8 / 0.0 ms  (average mu = 0.995, current mu = 0.995) allocation failure; 
[6089:0x73fe720]    10972 ms: Scavenge 106.8 (125.1) -> 91.3 (125.3) MB, 0.6 / 0.0 ms  (average mu = 0.995, current mu = 0.995) allocation failure; 
[6089:0x73fe720]    10978 ms: Scavenge 106.9 (125.3) -> 91.3 (125.3) MB, 0.5 / 0.0 ms  (average mu = 0.995, current mu = 0.995) allocation failure; 
[6089:0x73fe720]    10984 ms: Scavenge 106.9 (125.3) -> 91.4 (125.3) MB, 0.5 / 0.0 ms  (average mu = 0.995, current mu = 0.995) allocation failure; 
[6089:0x73fe720]    10990 ms: Scavenge 107.0 (125.3) -> 91.4 (125.3) MB, 0.8 / 0.0 ms  (average mu = 0.995, current mu = 0.995) allocation failure; 
[6089:0x73fe720]    10996 ms: Scavenge 107.0 (125.3) -> 91.5 (125.3) MB, 0.6 / 0.0 ms  (average mu = 0.995, current mu = 0.995) allocation failure; 
[6089:0x73fe720]    11003 ms: Scavenge 107.1 (125.3) -> 91.5 (125.6) MB, 0.7 / 0.0 ms  (average mu = 0.995, current mu = 0.995) allocation failure; 
[6089:0x73fe720]    11010 ms: Scavenge 107.1 (125.6) -> 91.6 (125.6) MB, 0.9 / 0.0 ms  (average mu = 0.995, current mu = 0.995) allocation failure; 
[6089:0x73fe720]    11017 ms: Scavenge 107.2 (125.6) -> 91.6 (125.6) MB, 0.9 / 0.0 ms  (average mu = 0.995, current mu = 0.995) allocation failure; 
[6089:0x73fe720]    11024 ms: Scavenge 107.2 (125.6) -> 91.7 (125.6) MB, 0.6 / 0.0 ms  (average mu = 0.995, current mu = 0.995) allocation failure; 
[6089:0x73fe720]    11031 ms: Scavenge 107.3 (125.6) -> 91.7 (125.6) MB, 0.6 / 0.0 ms  (average mu = 0.995, current mu = 0.995) allocation failure; 
[6089:0x73fe720]    11038 ms: Scavenge 107.3 (125.6) -> 91.8 (125.8) MB, 0.6 / 0.0 ms  (average mu = 0.995, current mu = 0.995) allocation failure; 
[6089:0x73fe720]    11045 ms: Scavenge 107.4 (125.8) -> 91.8 (125.8) MB, 0.6 / 0.0 ms  (average mu = 0.995, current mu = 0.995) allocation failure; 
[6089:0x73fe720]    11051 ms: Scavenge 107.4 (125.8) -> 91.9 (125.8) MB, 0.6 / 0.0 ms  (average mu = 0.995, current mu = 0.995) allocation failure; 
[6089:0x73fe720]    11058 ms: Scavenge 107.5 (125.8) -> 91.9 (125.8) MB, 0.6 / 0.0 ms  (average mu = 0.995, current mu = 0.995) allocation failure; 
[6089:0x73fe720]    11064 ms: Scavenge 107.5 (125.8) -> 92.0 (125.8) MB, 0.6 / 0.0 ms  (average mu = 0.995, current mu = 0.995) allocation failure; 
[6089:0x73fe720]    11070 ms: Scavenge 107.6 (125.8) -> 92.0 (125.8) MB, 0.6 / 0.0 ms  (average mu = 0.995, current mu = 0.995) allocation failure; 
[6089:0x73fe720]    11077 ms: Scavenge 107.6 (125.8) -> 92.1 (126.1) MB, 0.6 / 0.0 ms  (average mu = 0.995, current mu = 0.995) allocation failure; 
[6089:0x73fe720]    11083 ms: Scavenge 107.7 (126.1) -> 92.1 (126.1) MB, 0.6 / 0.0 ms  (average mu = 0.995, current mu = 0.995) allocation failure; 
[6089:0x73fe720]    11089 ms: Scavenge 107.7 (126.1) -> 92.2 (126.1) MB, 0.6 / 0.0 ms  (average mu = 0.995, current mu = 0.995) allocation failure; 
[6089:0x73fe720]    11095 ms: Scavenge 107.8 (126.1) -> 92.2 (126.1) MB, 0.5 / 0.0 ms  (average mu = 0.995, current mu = 0.995) allocation failure; 
[6089:0x73fe720]    11101 ms: Scavenge 107.8 (126.1) -> 92.3 (126.1) MB, 0.5 / 0.0 ms  (average mu = 0.995, current mu = 0.995) allocation failure; 
[6089:0x73fe720]    11107 ms: Scavenge 107.8 (126.1) -> 92.3 (126.3) MB, 0.6 / 0.0 ms  (average mu = 0.995, current mu = 0.995) allocation failure; 
[6089:0x73fe720]    11113 ms: Scavenge 107.9 (126.3) -> 92.4 (126.3) MB, 0.5 / 0.0 ms  (average mu = 0.995, current mu = 0.995) allocation failure; 
[6089:0x73fe720]    11118 ms: Scavenge 107.9 (126.3) -> 92.4 (126.3) MB, 0.5 / 0.0 ms  (average mu = 0.995, current mu = 0.995) allocation failure; 
[6089:0x73fe720]    11124 ms: Scavenge 108.0 (126.3) -> 92.4 (126.3) MB, 0.6 / 0.0 ms  (average mu = 0.995, current mu = 0.995) allocation failure; 
[6089:0x73fe720]    11130 ms: Scavenge 108.0 (126.3) -> 92.5 (126.3) MB, 0.5 / 0.0 ms  (average mu = 0.995, current mu = 0.995) allocation failure; 
[6089:0x73fe720]    11136 ms: Scavenge 108.1 (126.3) -> 92.5 (126.6) MB, 0.7 / 0.0 ms  (average mu = 0.995, current mu = 0.995) allocation failure; 
[6089:0x73fe720]    11142 ms: Scavenge 108.1 (126.6) -> 92.6 (126.6) MB, 0.6 / 0.0 ms  (average mu = 0.995, current mu = 0.995) allocation failure; 
[6089:0x73fe720]    11148 ms: Scavenge 108.2 (126.6) -> 92.6 (126.6) MB, 0.6 / 0.0 ms  (average mu = 0.995, current mu = 0.995) allocation failure; 
[6089:0x73fe720]    11155 ms: Scavenge 108.2 (126.6) -> 92.7 (126.6) MB, 0.6 / 0.0 ms  (average mu = 0.995, current mu = 0.995) allocation failure; 
[6089:0x73fe720]    11160 ms: Scavenge 108.3 (126.6) -> 92.7 (126.6) MB, 0.5 / 0.0 ms  (average mu = 0.995, current mu = 0.995) allocation failure; 
[6089:0x73fe720]    11166 ms: Scavenge 108.3 (126.6) -> 92.8 (126.8) MB, 0.6 / 0.0 ms  (average mu = 0.995, current mu = 0.995) allocation failure; 
[6089:0x73fe720]    11172 ms: Scavenge 108.4 (126.8) -> 92.8 (126.8) MB, 0.6 / 0.0 ms  (average mu = 0.995, current mu = 0.995) allocation failure; 
[6089:0x73fe720]    11179 ms: Scavenge 108.4 (126.8) -> 92.9 (126.8) MB, 0.6 / 0.0 ms  (average mu = 0.995, current mu = 0.995) allocation failure; 
[6089:0x73fe720]    11186 ms: Scavenge 108.5 (126.8) -> 92.9 (126.8) MB, 0.7 / 0.0 ms  (average mu = 0.995, current mu = 0.995) allocation failure; 
[6089:0x73fe720]    11192 ms: Scavenge 108.5 (126.8) -> 93.0 (126.8) MB, 0.6 / 0.0 ms  (average mu = 0.995, current mu = 0.995) allocation failure; 
[6089:0x73fe720]    11199 ms: Scavenge 108.6 (126.8) -> 93.0 (127.1) MB, 0.6 / 0.0 ms  (average mu = 0.995, current mu = 0.995) allocation failure; 
[6089:0x73fe720]    11205 ms: Scavenge 108.6 (127.1) -> 93.1 (127.1) MB, 0.6 / 0.0 ms  (average mu = 0.995, current mu = 0.995) allocation failure; 
[6089:0x73fe720]    11212 ms: Scavenge 108.7 (127.1) -> 93.1 (127.1) MB, 0.6 / 0.0 ms  (average mu = 0.995, current mu = 0.995) allocation failure; 
[6089:0x73fe720]    11218 ms: Scavenge 108.7 (127.1) -> 93.2 (127.1) MB, 0.6 / 0.0 ms  (average mu = 0.995, current mu = 0.995) allocation failure; 
[6089:0x73fe720]    11224 ms: Scavenge 108.8 (127.1) -> 93.2 (127.1) MB, 0.7 / 0.0 ms  (average mu = 0.995, current mu = 0.995) allocation failure; 
[6089:0x73fe720]    11230 ms: Scavenge 108.8 (127.1) -> 93.3 (127.3) MB, 0.6 / 0.0 ms  (average mu = 0.995, current mu = 0.995) allocation failure; 
[6089:0x73fe720]    11236 ms: Scavenge 108.9 (127.3) -> 93.3 (127.3) MB, 0.6 / 0.0 ms  (average mu = 0.995, current mu = 0.995) allocation failure; 
[6089:0x73fe720]    11241 ms: Scavenge 108.9 (127.3) -> 93.4 (127.3) MB, 0.6 / 0.0 ms  (average mu = 0.995, current mu = 0.995) allocation failure; 
[6089:0x73fe720]    11247 ms: Scavenge 108.9 (127.3) -> 93.4 (127.3) MB, 0.5 / 0.0 ms  (average mu = 0.995, current mu = 0.995) allocation failure; 
[6089:0x73fe720]    11253 ms: Scavenge 109.0 (127.3) -> 93.5 (127.3) MB, 0.7 / 0.0 ms  (average mu = 0.995, current mu = 0.995) allocation failure; 
[6089:0x73fe720]    11259 ms: Scavenge 109.0 (127.3) -> 93.5 (127.6) MB, 0.6 / 0.0 ms  (average mu = 0.995, current mu = 0.995) allocation failure; 
[6089:0x73fe720]    11266 ms: Scavenge 109.1 (127.6) -> 93.5 (127.6) MB, 1.0 / 0.0 ms  (average mu = 0.995, current mu = 0.995) allocation failure; 
[6089:0x73fe720]    11272 ms: Scavenge 109.1 (127.6) -> 93.6 (127.6) MB, 0.6 / 0.0 ms  (average mu = 0.995, current mu = 0.995) allocation failure; 
[6089:0x73fe720]    11279 ms: Scavenge 109.2 (127.6) -> 93.6 (127.6) MB, 0.6 / 0.0 ms  (average mu = 0.995, current mu = 0.995) allocation failure; 
[6089:0x73fe720]    11286 ms: Scavenge 109.2 (127.6) -> 93.7 (127.6) MB, 0.6 / 0.0 ms  (average mu = 0.995, current mu = 0.995) allocation failure; 
[6089:0x73fe720]    11292 ms: Scavenge 109.3 (127.6) -> 93.7 (127.8) MB, 0.6 / 0.0 ms  (average mu = 0.995, current mu = 0.995) allocation failure; 
[6089:0x73fe720]    11299 ms: Scavenge 109.3 (127.8) -> 93.8 (127.8) MB, 0.6 / 0.0 ms  (average mu = 0.995, current mu = 0.995) allocation failure; 
[6089:0x73fe720]    11305 ms: Scavenge 109.4 (127.8) -> 93.8 (127.8) MB, 0.6 / 0.0 ms  (average mu = 0.995, current mu = 0.995) allocation failure; 
[6089:0x73fe720]    11312 ms: Scavenge 109.4 (127.8) -> 93.9 (127.8) MB, 0.6 / 0.0 ms  (average mu = 0.995, current mu = 0.995) allocation failure; 
[6089:0x73fe720]    11318 ms: Scavenge 109.5 (127.8) -> 93.9 (127.8) MB, 0.6 / 0.0 ms  (average mu = 0.995, current mu = 0.995) allocation failure; 
[6089:0x73fe720]    11324 ms: Scavenge 109.5 (127.8) -> 94.0 (127.8) MB, 0.5 / 0.0 ms  (average mu = 0.995, current mu = 0.995) allocation failure; 
[6089:0x73fe720]    11330 ms: Scavenge 109.6 (127.8) -> 94.0 (128.1) MB, 0.6 / 0.0 ms  (average mu = 0.995, current mu = 0.995) allocation failure; 
[6089:0x73fe720]    11336 ms: Scavenge 109.6 (128.1) -> 94.1 (128.1) MB, 0.6 / 0.0 ms  (average mu = 0.995, current mu = 0.995) allocation failure; 
[6089:0x73fe720]    11342 ms: Scavenge 109.7 (128.1) -> 94.1 (128.1) MB, 0.6 / 0.0 ms  (average mu = 0.995, current mu = 0.995) allocation failure; 
[6089:0x73fe720]    11347 ms: Scavenge 109.7 (128.1) -> 94.2 (128.1) MB, 0.5 / 0.0 ms  (average mu = 0.995, current mu = 0.995) allocation failure; 
[6089:0x73fe720]    11353 ms: Scavenge 109.8 (128.1) -> 94.2 (128.1) MB, 0.5 / 0.0 ms  (average mu = 0.995, current mu = 0.995) allocation failure; 
[6089:0x73fe720]    11359 ms: Scavenge 109.8 (128.1) -> 94.3 (128.3) MB, 0.6 / 0.0 ms  (average mu = 0.995, current mu = 0.995) allocation failure; 
[6089:0x73fe720]    11365 ms: Scavenge 109.9 (128.3) -> 94.3 (128.3) MB, 0.5 / 0.0 ms  (average mu = 0.995, current mu = 0.995) allocation failure; 
[6089:0x73fe720]    11371 ms: Scavenge 109.9 (128.3) -> 94.4 (128.3) MB, 0.6 / 0.0 ms  (average mu = 0.995, current mu = 0.995) allocation failure; 
[6089:0x73fe720]    11377 ms: Scavenge 110.0 (128.3) -> 94.4 (128.3) MB, 0.6 / 0.0 ms  (average mu = 0.995, current mu = 0.995) allocation failure; 
[6089:0x73fe720]    11383 ms: Scavenge 110.0 (128.3) -> 94.5 (128.3) MB, 0.5 / 0.0 ms  (average mu = 0.995, current mu = 0.995) allocation failure; 
[6089:0x73fe720]    11389 ms: Scavenge 110.0 (128.3) -> 94.5 (128.6) MB, 0.6 / 0.0 ms  (average mu = 0.995, current mu = 0.995) allocation failure; 
[6089:0x73fe720]    11394 ms: Scavenge 110.1 (128.6) -> 94.6 (128.6) MB, 0.6 / 0.0 ms  (average mu = 0.995, current mu = 0.995) allocation failure; 
[6089:0x73fe720]    11400 ms: Scavenge 110.1 (128.6) -> 94.6 (128.6) MB, 0.6 / 0.0 ms  (average mu = 0.995, current mu = 0.995) allocation failure; 
[6089:0x73fe720]    11406 ms: Scavenge 110.2 (128.6) -> 94.6 (128.6) MB, 0.6 / 0.0 ms  (average mu = 0.995, current mu = 0.995) allocation failure; 
[6089:0x73fe720]    11412 ms: Scavenge 110.2 (128.6) -> 94.7 (128.6) MB, 0.6 / 0.0 ms  (average mu = 0.995, current mu = 0.995) allocation failure; 
[6089:0x73fe720]    11418 ms: Scavenge 110.3 (128.6) -> 94.7 (128.8) MB, 0.6 / 0.0 ms  (average mu = 0.995, current mu = 0.995) allocation failure; 
[6089:0x73fe720]    11424 ms: Scavenge 110.3 (128.8) -> 94.8 (128.8) MB, 0.5 / 0.0 ms  (average mu = 0.995, current mu = 0.995) allocation failure; 
[6089:0x73fe720]    11429 ms: Scavenge 110.4 (128.8) -> 94.8 (128.8) MB, 0.6 / 0.0 ms  (average mu = 0.995, current mu = 0.995) allocation failure; 
[6089:0x73fe720]    11435 ms: Scavenge 110.4 (128.8) -> 94.9 (128.8) MB, 0.5 / 0.0 ms  (average mu = 0.995, current mu = 0.995) allocation failure; 
[6089:0x73fe720]    11441 ms: Scavenge 110.5 (128.8) -> 94.9 (128.8) MB, 0.8 / 0.0 ms  (average mu = 0.995, current mu = 0.995) allocation failure; 
[6089:0x73fe720]    11447 ms: Scavenge 110.5 (128.8) -> 95.0 (129.1) MB, 0.6 / 0.0 ms  (average mu = 0.995, current mu = 0.995) allocation failure; 
[6089:0x73fe720]    11453 ms: Scavenge 110.6 (129.1) -> 95.0 (129.1) MB, 0.6 / 0.0 ms  (average mu = 0.995, current mu = 0.995) allocation failure; 
[6089:0x73fe720]    11459 ms: Scavenge 110.6 (129.1) -> 95.1 (129.1) MB, 0.6 / 0.0 ms  (average mu = 0.995, current mu = 0.995) allocation failure; 
[6089:0x73fe720]    11465 ms: Scavenge 110.7 (129.1) -> 95.1 (129.1) MB, 0.5 / 0.0 ms  (average mu = 0.995, current mu = 0.995) allocation failure; 
[6089:0x73fe720]    11471 ms: Scavenge 110.7 (129.1) -> 95.2 (129.1) MB, 0.6 / 0.0 ms  (average mu = 0.995, current mu = 0.995) allocation failure; 
[6089:0x73fe720]    11477 ms: Scavenge 110.8 (129.1) -> 95.2 (129.3) MB, 0.5 / 0.0 ms  (average mu = 0.995, current mu = 0.995) allocation failure; 
[6089:0x73fe720]    11483 ms: Scavenge 110.8 (129.3) -> 95.3 (129.3) MB, 0.9 / 0.0 ms  (average mu = 0.995, current mu = 0.995) allocation failure; 
[6089:0x73fe720]    11489 ms: Scavenge 110.9 (129.3) -> 95.3 (129.3) MB, 0.6 / 0.0 ms  (average mu = 0.995, current mu = 0.995) allocation failure; 
[6089:0x73fe720]    11495 ms: Scavenge 110.9 (129.3) -> 95.4 (129.3) MB, 0.6 / 0.0 ms  (average mu = 0.995, current mu = 0.995) allocation failure; 
[6089:0x73fe720]    11501 ms: Scavenge 111.0 (129.3) -> 95.4 (129.3) MB, 0.6 / 0.0 ms  (average mu = 0.995, current mu = 0.995) allocation failure; 
[6089:0x73fe720]    11507 ms: Scavenge 111.0 (129.3) -> 95.5 (129.6) MB, 0.6 / 0.0 ms  (average mu = 0.995, current mu = 0.995) allocation failure; 
[6089:0x73fe720]    11513 ms: Scavenge 111.1 (129.6) -> 95.5 (129.6) MB, 0.6 / 0.0 ms  (average mu = 0.995, current mu = 0.995) allocation failure; 
[6089:0x73fe720]    11518 ms: Scavenge 111.1 (129.6) -> 95.6 (129.6) MB, 0.6 / 0.0 ms  (average mu = 0.995, current mu = 0.995) allocation failure; 
[6089:0x73fe720]    11524 ms: Scavenge 111.1 (129.6) -> 95.6 (129.6) MB, 0.5 / 0.0 ms  (average mu = 0.995, current mu = 0.995) allocation failure; 
[6089:0x73fe720]    11530 ms: Scavenge 111.2 (129.6) -> 95.7 (129.6) MB, 0.7 / 0.0 ms  (average mu = 0.995, current mu = 0.995) allocation failure; 
[6089:0x73fe720]    11536 ms: Scavenge 111.2 (129.6) -> 95.7 (129.6) MB, 0.5 / 0.0 ms  (average mu = 0.995, current mu = 0.995) allocation failure; 
[6089:0x73fe720]    11542 ms: Scavenge 111.3 (129.6) -> 95.7 (129.8) MB, 0.7 / 0.0 ms  (average mu = 0.995, current mu = 0.995) allocation failure; 
[6089:0x73fe720]    11548 ms: Scavenge 111.3 (129.8) -> 95.8 (129.8) MB, 0.5 / 0.0 ms  (average mu = 0.995, current mu = 0.995) allocation failure; 
[6089:0x73fe720]    11554 ms: Scavenge 111.4 (129.8) -> 95.8 (129.8) MB, 0.7 / 0.0 ms  (average mu = 0.995, current mu = 0.995) allocation failure; 
[6089:0x73fe720]    11560 ms: Scavenge 111.4 (129.8) -> 95.9 (129.8) MB, 0.6 / 0.0 ms  (average mu = 0.995, current mu = 0.995) allocation failure; 
[6089:0x73fe720]    11566 ms: Scavenge 111.5 (129.8) -> 95.9 (129.8) MB, 0.6 / 0.0 ms  (average mu = 0.995, current mu = 0.995) allocation failure; 
[6089:0x73fe720]    11572 ms: Scavenge 111.5 (129.8) -> 96.0 (130.1) MB, 0.5 / 0.0 ms  (average mu = 0.995, current mu = 0.995) allocation failure; 
[6089:0x73fe720]    11579 ms: Scavenge 111.6 (130.1) -> 96.0 (130.1) MB, 0.9 / 0.0 ms  (average mu = 0.995, current mu = 0.995) allocation failure; 
[6089:0x73fe720]    11586 ms: Scavenge 111.6 (130.1) -> 96.1 (130.1) MB, 0.6 / 0.0 ms  (average mu = 0.995, current mu = 0.995) allocation failure; 
[6089:0x73fe720]    11592 ms: Scavenge 111.7 (130.1) -> 96.1 (130.1) MB, 0.6 / 0.0 ms  (average mu = 0.995, current mu = 0.995) allocation failure; 
[6089:0x73fe720]    11598 ms: Scavenge 111.7 (130.1) -> 96.2 (130.1) MB, 0.5 / 0.0 ms  (average mu = 0.995, current mu = 0.995) allocation failure; 
[6089:0x73fe720]    11604 ms: Scavenge 111.8 (130.1) -> 96.2 (130.3) MB, 0.7 / 0.0 ms  (average mu = 0.995, current mu = 0.995) allocation failure; 
[6089:0x73fe720]    11610 ms: Scavenge 111.8 (130.3) -> 96.3 (130.3) MB, 0.6 / 0.0 ms  (average mu = 0.995, current mu = 0.995) allocation failure; 
[6089:0x73fe720]    11616 ms: Scavenge 111.9 (130.3) -> 96.3 (130.3) MB, 0.6 / 0.0 ms  (average mu = 0.995, current mu = 0.995) allocation failure; 
[6089:0x73fe720]    11622 ms: Scavenge 111.9 (130.3) -> 96.4 (130.3) MB, 0.6 / 0.0 ms  (average mu = 0.995, current mu = 0.995) allocation failure; 
[6089:0x73fe720]    11628 ms: Scavenge 112.0 (130.3) -> 96.4 (130.3) MB, 0.6 / 0.0 ms  (average mu = 0.995, current mu = 0.995) allocation failure; 
[6089:0x73fe720]    11634 ms: Scavenge 112.0 (130.3) -> 96.5 (130.6) MB, 0.6 / 0.0 ms  (average mu = 0.995, current mu = 0.995) allocation failure; 
[6089:0x73fe720]    11640 ms: Scavenge 112.1 (130.6) -> 96.5 (130.6) MB, 0.5 / 0.0 ms  (average mu = 0.995, current mu = 0.995) allocation failure; 
[6089:0x73fe720]    11646 ms: Scavenge 112.1 (130.6) -> 96.6 (130.6) MB, 0.6 / 0.0 ms  (average mu = 0.995, current mu = 0.995) allocation failure; 
[6089:0x73fe720]    11652 ms: Scavenge 112.2 (130.6) -> 96.6 (130.6) MB, 0.6 / 0.0 ms  (average mu = 0.995, current mu = 0.995) allocation failure; 
[6089:0x73fe720]    11658 ms: Scavenge 112.2 (130.6) -> 96.7 (130.6) MB, 0.6 / 0.0 ms  (average mu = 0.995, current mu = 0.995) allocation failure; 
[6089:0x73fe720]    11663 ms: Scavenge 112.2 (130.6) -> 96.7 (130.8) MB, 0.5 / 0.0 ms  (average mu = 0.995, current mu = 0.995) allocation failure; 
[6089:0x73fe720]    11670 ms: Scavenge 112.3 (130.8) -> 96.8 (130.8) MB, 0.5 / 0.0 ms  (average mu = 0.995, current mu = 0.995) allocation failure; 
[6089:0x73fe720]    11675 ms: Scavenge 112.3 (130.8) -> 96.8 (130.8) MB, 0.5 / 0.0 ms  (average mu = 0.995, current mu = 0.995) allocation failure; 
[6089:0x73fe720]    11681 ms: Scavenge 112.4 (130.8) -> 96.8 (130.8) MB, 0.6 / 0.0 ms  (average mu = 0.995, current mu = 0.995) allocation failure; 
[6089:0x73fe720]    11687 ms: Scavenge 112.4 (130.8) -> 96.9 (130.8) MB, 0.6 / 0.0 ms  (average mu = 0.995, current mu = 0.995) allocation failure; 
[6089:0x73fe720]    11693 ms: Scavenge 112.5 (130.8) -> 96.9 (131.1) MB, 0.6 / 0.0 ms  (average mu = 0.995, current mu = 0.995) allocation failure; 
[6089:0x73fe720]    11699 ms: Scavenge 112.5 (131.1) -> 97.0 (131.3) MB, 0.7 / 0.0 ms  (average mu = 0.995, current mu = 0.995) allocation failure; 
[6089:0x73fe720]    11705 ms: Scavenge 112.6 (131.3) -> 97.0 (131.3) MB, 0.6 / 0.0 ms  (average mu = 0.995, current mu = 0.995) allocation failure; 
[6089:0x73fe720]    11710 ms: Scavenge 112.6 (131.3) -> 97.1 (131.3) MB, 0.6 / 0.0 ms  (average mu = 0.995, current mu = 0.995) allocation failure; 
[6089:0x73fe720]    11716 ms: Scavenge 112.7 (131.3) -> 97.1 (131.3) MB, 0.6 / 0.0 ms  (average mu = 0.995, current mu = 0.995) allocation failure; 
[6089:0x73fe720]    11722 ms: Scavenge 112.7 (131.3) -> 97.2 (131.3) MB, 0.6 / 0.0 ms  (average mu = 0.995, current mu = 0.995) allocation failure; 
[6089:0x73fe720]    11728 ms: Scavenge 112.8 (131.3) -> 97.2 (131.3) MB, 0.4 / 0.0 ms  (average mu = 0.995, current mu = 0.995) allocation failure; 
[6089:0x73fe720]    11734 ms: Scavenge 112.8 (131.3) -> 97.3 (131.3) MB, 0.8 / 0.0 ms  (average mu = 0.995, current mu = 0.995) allocation failure; 
[6089:0x73fe720]    11740 ms: Scavenge 112.9 (131.3) -> 97.3 (131.3) MB, 0.5 / 0.0 ms  (average mu = 0.995, current mu = 0.995) allocation failure; 
[6089:0x73fe720]    11746 ms: Scavenge 112.9 (131.3) -> 97.4 (131.3) MB, 0.5 / 0.0 ms  (average mu = 0.995, current mu = 0.995) allocation failure; 
[6089:0x73fe720]    11752 ms: Scavenge 113.0 (131.3) -> 97.4 (131.3) MB, 0.5 / 0.0 ms  (average mu = 0.995, current mu = 0.995) allocation failure; 
[6089:0x73fe720]    11757 ms: Scavenge 113.0 (131.3) -> 97.5 (131.6) MB, 0.6 / 0.0 ms  (average mu = 0.995, current mu = 0.995) allocation failure; 
[6089:0x73fe720]    11763 ms: Scavenge 113.1 (131.6) -> 97.5 (131.6) MB, 0.5 / 0.0 ms  (average mu = 0.995, current mu = 0.995) allocation failure; 
[6089:0x73fe720]    11769 ms: Scavenge 113.1 (131.6) -> 97.6 (131.6) MB, 0.6 / 0.0 ms  (average mu = 0.995, current mu = 0.995) allocation failure; 
[6089:0x73fe720]    11775 ms: Scavenge 113.2 (131.6) -> 97.6 (131.6) MB, 0.5 / 0.0 ms  (average mu = 0.995, current mu = 0.995) allocation failure; 
[6089:0x73fe720]    11781 ms: Scavenge 113.2 (131.6) -> 97.7 (131.6) MB, 0.5 / 0.0 ms  (average mu = 0.995, current mu = 0.995) allocation failure; 
[6089:0x73fe720]    11787 ms: Scavenge 113.3 (131.6) -> 97.7 (131.8) MB, 0.6 / 0.0 ms  (average mu = 0.995, current mu = 0.995) allocation failure; 
[6089:0x73fe720]    11793 ms: Scavenge 113.3 (131.8) -> 97.8 (131.8) MB, 0.5 / 0.0 ms  (average mu = 0.995, current mu = 0.995) allocation failure; 
[6089:0x73fe720]    11798 ms: Scavenge 113.3 (131.8) -> 97.8 (131.8) MB, 0.6 / 0.0 ms  (average mu = 0.995, current mu = 0.995) allocation failure; 
[6089:0x73fe720]    11804 ms: Scavenge 113.4 (131.8) -> 97.9 (131.8) MB, 0.5 / 0.0 ms  (average mu = 0.995, current mu = 0.995) allocation failure; 
[6089:0x73fe720]    11810 ms: Scavenge 113.4 (131.8) -> 97.9 (132.1) MB, 0.6 / 0.0 ms  (average mu = 0.995, current mu = 0.995) allocation failure; 
[6089:0x73fe720]    11816 ms: Scavenge 113.5 (132.1) -> 97.9 (132.1) MB, 0.6 / 0.0 ms  (average mu = 0.995, current mu = 0.995) allocation failure; 
[6089:0x73fe720]    11822 ms: Scavenge 113.5 (132.1) -> 98.0 (132.1) MB, 0.6 / 0.0 ms  (average mu = 0.995, current mu = 0.995) allocation failure; 
[6089:0x73fe720]    11828 ms: Scavenge 113.6 (132.1) -> 98.0 (132.1) MB, 0.6 / 0.0 ms  (average mu = 0.995, current mu = 0.995) allocation failure; 
[6089:0x73fe720]    11834 ms: Scavenge 113.6 (132.1) -> 98.1 (132.1) MB, 0.6 / 0.0 ms  (average mu = 0.995, current mu = 0.995) allocation failure; 
[6089:0x73fe720]    11840 ms: Scavenge 113.7 (132.1) -> 98.1 (132.1) MB, 0.5 / 0.0 ms  (average mu = 0.995, current mu = 0.995) allocation failure; 
[6089:0x73fe720]    11850 ms: Scavenge 113.7 (132.1) -> 98.2 (132.3) MB, 0.6 / 0.0 ms  (average mu = 0.995, current mu = 0.995) allocation failure; 
[6089:0x73fe720]    11855 ms: Scavenge 113.8 (132.3) -> 98.2 (132.3) MB, 0.6 / 0.0 ms  (average mu = 0.995, current mu = 0.995) allocation failure; 
[6089:0x73fe720]    11861 ms: Scavenge 113.8 (132.3) -> 98.3 (132.3) MB, 0.6 / 0.0 ms  (average mu = 0.995, current mu = 0.995) allocation failure; 
[6089:0x73fe720]    11867 ms: Scavenge 113.9 (132.3) -> 98.3 (132.3) MB, 0.6 / 0.0 ms  (average mu = 0.995, current mu = 0.995) allocation failure; 
[6089:0x73fe720]    11873 ms: Scavenge 113.9 (132.3) -> 98.4 (132.3) MB, 0.6 / 0.0 ms  (average mu = 0.995, current mu = 0.995) allocation failure; 
[6089:0x73fe720]    11879 ms: Scavenge 114.0 (132.3) -> 98.4 (132.6) MB, 0.6 / 0.0 ms  (average mu = 0.995, current mu = 0.995) allocation failure; 
[6089:0x73fe720]    11885 ms: Scavenge 114.0 (132.6) -> 98.5 (132.6) MB, 0.6 / 0.0 ms  (average mu = 0.995, current mu = 0.995) allocation failure; 
[6089:0x73fe720]    11891 ms: Scavenge 114.1 (132.6) -> 98.5 (132.6) MB, 0.6 / 0.0 ms  (average mu = 0.995, current mu = 0.995) allocation failure; 
[6089:0x73fe720]    11897 ms: Scavenge 114.1 (132.6) -> 98.6 (132.6) MB, 0.6 / 0.0 ms  (average mu = 0.995, current mu = 0.995) allocation failure; 
[6089:0x73fe720]    11903 ms: Scavenge 114.2 (132.6) -> 98.6 (132.6) MB, 0.6 / 0.0 ms  (average mu = 0.995, current mu = 0.995) allocation failure; 
[6089:0x73fe720]    11908 ms: Scavenge 114.2 (132.6) -> 98.7 (132.8) MB, 0.6 / 0.0 ms  (average mu = 0.995, current mu = 0.995) allocation failure; 
[6089:0x73fe720]    11914 ms: Scavenge 114.3 (132.8) -> 98.7 (132.8) MB, 0.5 / 0.0 ms  (average mu = 0.995, current mu = 0.995) allocation failure; 
[6089:0x73fe720]    11920 ms: Scavenge 114.3 (132.8) -> 98.8 (132.8) MB, 0.5 / 0.0 ms  (average mu = 0.995, current mu = 0.995) allocation failure; 
[6089:0x73fe720]    11926 ms: Scavenge 114.4 (132.8) -> 98.8 (132.8) MB, 0.6 / 0.0 ms  (average mu = 0.995, current mu = 0.995) allocation failure; 
[6089:0x73fe720]    11932 ms: Scavenge 114.4 (132.8) -> 98.9 (132.8) MB, 0.6 / 0.0 ms  (average mu = 0.995, current mu = 0.995) allocation failure; 
[6089:0x73fe720]    11938 ms: Scavenge 114.4 (132.8) -> 98.9 (133.1) MB, 0.5 / 0.0 ms  (average mu = 0.995, current mu = 0.995) allocation failure; 
[6089:0x73fe720]    11944 ms: Scavenge 114.5 (133.1) -> 99.0 (133.1) MB, 0.7 / 0.0 ms  (average mu = 0.995, current mu = 0.995) allocation failure; 
[6089:0x73fe720]    11950 ms: Scavenge 114.5 (133.1) -> 99.0 (133.1) MB, 0.6 / 0.0 ms  (average mu = 0.995, current mu = 0.995) allocation failure; 
[6089:0x73fe720]    11955 ms: Scavenge 114.6 (133.1) -> 99.0 (133.1) MB, 0.6 / 0.0 ms  (average mu = 0.995, current mu = 0.995) allocation failure; 
[6089:0x73fe720]    11961 ms: Scavenge 114.6 (133.1) -> 99.1 (133.1) MB, 0.6 / 0.0 ms  (average mu = 0.995, current mu = 0.995) allocation failure; 
[6089:0x73fe720]    11967 ms: Scavenge 114.7 (133.1) -> 99.1 (133.1) MB, 0.6 / 0.0 ms  (average mu = 0.995, current mu = 0.995) allocation failure; 
[6089:0x73fe720]    11973 ms: Scavenge 114.7 (133.1) -> 99.2 (133.3) MB, 0.6 / 0.0 ms  (average mu = 0.995, current mu = 0.995) allocation failure; 
[6089:0x73fe720]    11979 ms: Scavenge 114.8 (133.3) -> 99.3 (133.6) MB, 0.6 / 0.0 ms  (average mu = 0.995, current mu = 0.995) allocation failure; 
[6089:0x73fe720]    11985 ms: Scavenge 114.8 (133.6) -> 99.3 (133.6) MB, 1.0 / 0.0 ms  (average mu = 0.995, current mu = 0.995) allocation failure; 
[6089:0x73fe720]    11991 ms: Scavenge 114.9 (133.6) -> 99.3 (133.6) MB, 0.6 / 0.0 ms  (average mu = 0.995, current mu = 0.995) allocation failure; 
[6089:0x73fe720]    11997 ms: Scavenge 114.9 (133.6) -> 99.4 (133.6) MB, 0.6 / 0.0 ms  (average mu = 0.995, current mu = 0.995) allocation failure; 
[6089:0x73fe720]    12003 ms: Scavenge 115.0 (133.6) -> 99.4 (133.6) MB, 0.6 / 0.0 ms  (average mu = 0.995, current mu = 0.995) allocation failure; 
[6089:0x73fe720]    12009 ms: Scavenge 115.0 (133.6) -> 99.5 (133.6) MB, 0.5 / 0.0 ms  (average mu = 0.995, current mu = 0.995) allocation failure; 
[6089:0x73fe720]    12014 ms: Scavenge 115.1 (133.6) -> 99.5 (133.6) MB, 0.7 / 0.0 ms  (average mu = 0.995, current mu = 0.995) allocation failure; 
[6089:0x73fe720]    12020 ms: Scavenge 115.1 (133.6) -> 99.6 (133.6) MB, 0.6 / 0.0 ms  (average mu = 0.995, current mu = 0.995) allocation failure; 
[6089:0x73fe720]    12026 ms: Scavenge 115.2 (133.6) -> 99.6 (133.6) MB, 0.5 / 0.0 ms  (average mu = 0.995, current mu = 0.995) allocation failure; 
[6089:0x73fe720]    12032 ms: Scavenge 115.2 (133.6) -> 99.7 (133.8) MB, 0.9 / 0.0 ms  (average mu = 0.995, current mu = 0.995) allocation failure; 
[6089:0x73fe720]    12038 ms: Scavenge 115.3 (133.8) -> 99.7 (133.8) MB, 0.6 / 0.0 ms  (average mu = 0.995, current mu = 0.995) allocation failure; 
[6089:0x73fe720]    12044 ms: Scavenge 115.3 (133.8) -> 99.8 (133.8) MB, 0.6 / 0.0 ms  (average mu = 0.995, current mu = 0.995) allocation failure; 
[6089:0x73fe720]    12051 ms: Scavenge 115.4 (133.8) -> 99.8 (133.8) MB, 0.7 / 0.0 ms  (average mu = 0.995, current mu = 0.995) allocation failure; 
[6089:0x73fe720]    12058 ms: Scavenge 115.4 (133.8) -> 99.9 (133.8) MB, 0.6 / 0.0 ms  (average mu = 0.995, current mu = 0.995) allocation failure; 
[6089:0x73fe720]    12065 ms: Scavenge 115.5 (133.8) -> 99.9 (134.1) MB, 0.7 / 0.0 ms  (average mu = 0.995, current mu = 0.995) allocation failure; 
[6089:0x73fe720]    12071 ms: Scavenge 115.5 (134.1) -> 100.0 (134.1) MB, 0.6 / 0.0 ms  (average mu = 0.995, current mu = 0.995) allocation failure; 
[6089:0x73fe720]    12079 ms: Scavenge 115.5 (134.1) -> 100.0 (134.1) MB, 0.9 / 0.0 ms  (average mu = 0.995, current mu = 0.995) allocation failure; 
[6089:0x73fe720]    12086 ms: Scavenge 115.6 (134.1) -> 100.1 (134.1) MB, 0.6 / 0.0 ms  (average mu = 0.995, current mu = 0.995) allocation failure; 
[6089:0x73fe720]    12093 ms: Scavenge 115.6 (134.1) -> 100.1 (134.1) MB, 0.6 / 0.0 ms  (average mu = 0.995, current mu = 0.995) allocation failure; 
[6089:0x73fe720]    12100 ms: Scavenge 115.7 (134.1) -> 100.2 (134.3) MB, 0.6 / 0.0 ms  (average mu = 0.995, current mu = 0.995) allocation failure; 
[6089:0x73fe720]    12107 ms: Scavenge 115.7 (134.3) -> 100.2 (134.3) MB, 0.8 / 0.0 ms  (average mu = 0.995, current mu = 0.995) allocation failure; 
[6089:0x73fe720]    12114 ms: Scavenge 115.8 (134.3) -> 100.2 (134.3) MB, 0.6 / 0.0 ms  (average mu = 0.995, current mu = 0.995) allocation failure; 
[6089:0x73fe720]    12121 ms: Scavenge 115.8 (134.3) -> 100.3 (134.3) MB, 0.6 / 0.0 ms  (average mu = 0.995, current mu = 0.995) allocation failure; 
[6089:0x73fe720]    12128 ms: Scavenge 115.9 (134.3) -> 100.3 (134.3) MB, 0.6 / 0.0 ms  (average mu = 0.995, current mu = 0.995) allocation failure; 
[6089:0x73fe720]    12135 ms: Scavenge 115.9 (134.3) -> 100.4 (134.6) MB, 0.6 / 0.0 ms  (average mu = 0.995, current mu = 0.995) allocation failure; 
[6089:0x73fe720]    12141 ms: Scavenge 116.0 (134.6) -> 100.4 (134.6) MB, 0.6 / 0.0 ms  (average mu = 0.995, current mu = 0.995) allocation failure; 
[6089:0x73fe720]    12147 ms: Scavenge 116.0 (134.6) -> 100.5 (134.6) MB, 0.6 / 0.0 ms  (average mu = 0.995, current mu = 0.995) allocation failure; 
[6089:0x73fe720]    12153 ms: Scavenge 116.1 (134.6) -> 100.5 (134.6) MB, 0.5 / 0.0 ms  (average mu = 0.995, current mu = 0.995) allocation failure; 
[6089:0x73fe720]    12159 ms: Scavenge 116.1 (134.6) -> 100.6 (134.6) MB, 0.6 / 0.0 ms  (average mu = 0.995, current mu = 0.995) allocation failure; 
[6089:0x73fe720]    12165 ms: Scavenge 116.2 (134.6) -> 100.6 (134.8) MB, 0.7 / 0.0 ms  (average mu = 0.995, current mu = 0.995) allocation failure; 
[6089:0x73fe720]    12171 ms: Scavenge 116.2 (134.8) -> 100.7 (135.1) MB, 0.7 / 0.0 ms  (average mu = 0.995, current mu = 0.995) allocation failure; 
[6089:0x73fe720]    12178 ms: Scavenge 116.3 (135.1) -> 100.7 (135.1) MB, 0.7 / 0.0 ms  (average mu = 0.995, current mu = 0.995) allocation failure; 
[6089:0x73fe720]    12184 ms: Scavenge 116.3 (135.1) -> 100.8 (135.1) MB, 0.7 / 0.0 ms  (average mu = 0.995, current mu = 0.995) allocation failure; 
[6089:0x73fe720]    12190 ms: Scavenge 116.4 (135.1) -> 100.8 (135.1) MB, 0.7 / 0.0 ms  (average mu = 0.995, current mu = 0.995) allocation failure; 
[6089:0x73fe720]    12195 ms: Scavenge 116.4 (135.1) -> 100.9 (135.1) MB, 0.6 / 0.0 ms  (average mu = 0.995, current mu = 0.995) allocation failure; 
[6089:0x73fe720]    12201 ms: Scavenge 116.5 (135.1) -> 100.9 (135.1) MB, 0.6 / 0.0 ms  (average mu = 0.995, current mu = 0.995) allocation failure; 
[6089:0x73fe720]    12207 ms: Scavenge 116.5 (135.1) -> 101.0 (135.1) MB, 0.5 / 0.0 ms  (average mu = 0.995, current mu = 0.995) allocation failure; 
[6089:0x73fe720]    12213 ms: Scavenge 116.6 (135.1) -> 101.0 (135.1) MB, 0.6 / 0.0 ms  (average mu = 0.995, current mu = 0.995) allocation failure; 
[6089:0x73fe720]    12219 ms: Scavenge 116.6 (135.1) -> 101.1 (135.1) MB, 0.6 / 0.0 ms  (average mu = 0.995, current mu = 0.995) allocation failure; 
[6089:0x73fe720]    12225 ms: Scavenge 116.6 (135.1) -> 101.1 (135.1) MB, 0.7 / 0.0 ms  (average mu = 0.995, current mu = 0.995) allocation failure; 
[6089:0x73fe720]    12231 ms: Scavenge 116.7 (135.1) -> 101.2 (135.3) MB, 0.6 / 0.0 ms  (average mu = 0.995, current mu = 0.995) allocation failure; 
[6089:0x73fe720]    12237 ms: Scavenge 116.7 (135.3) -> 101.2 (135.3) MB, 0.6 / 0.0 ms  (average mu = 0.995, current mu = 0.995) allocation failure; 
[6089:0x73fe720]    12242 ms: Scavenge 116.8 (135.3) -> 101.3 (135.3) MB, 0.5 / 0.0 ms  (average mu = 0.995, current mu = 0.995) allocation failure; 
[6089:0x73fe720]    12248 ms: Scavenge 116.8 (135.3) -> 101.3 (135.3) MB, 0.6 / 0.0 ms  (average mu = 0.995, current mu = 0.995) allocation failure; 
[6089:0x73fe720]    12255 ms: Scavenge 116.9 (135.3) -> 101.3 (135.3) MB, 0.8 / 0.0 ms  (average mu = 0.995, current mu = 0.995) allocation failure; 
[6089:0x73fe720]    12260 ms: Scavenge 116.9 (135.3) -> 101.4 (135.6) MB, 0.6 / 0.0 ms  (average mu = 0.995, current mu = 0.995) allocation failure; 
[6089:0x73fe720]    12266 ms: Scavenge 117.0 (135.6) -> 101.4 (135.6) MB, 0.6 / 0.0 ms  (average mu = 0.995, current mu = 0.995) allocation failure; 
[6089:0x73fe720]    12272 ms: Scavenge 117.0 (135.6) -> 101.5 (135.6) MB, 0.6 / 0.0 ms  (average mu = 0.995, current mu = 0.995) allocation failure; 
[6089:0x73fe720]    12278 ms: Scavenge 117.1 (135.6) -> 101.5 (135.6) MB, 0.6 / 0.0 ms  (average mu = 0.995, current mu = 0.995) allocation failure; 
[6089:0x73fe720]    12284 ms: Scavenge 117.1 (135.6) -> 101.6 (135.6) MB, 0.6 / 0.0 ms  (average mu = 0.995, current mu = 0.995) allocation failure; 
[6089:0x73fe720]    12290 ms: Scavenge 117.2 (135.6) -> 101.7 (135.8) MB, 0.7 / 0.0 ms  (average mu = 0.995, current mu = 0.995) allocation failure; 
[6089:0x73fe720]    12296 ms: Scavenge 117.2 (135.8) -> 101.7 (135.8) MB, 0.8 / 0.0 ms  (average mu = 0.995, current mu = 0.995) allocation failure; 
[6089:0x73fe720]    12302 ms: Scavenge 117.3 (135.8) -> 101.7 (135.8) MB, 0.6 / 0.0 ms  (average mu = 0.995, current mu = 0.995) allocation failure; 
[6089:0x73fe720]    12308 ms: Scavenge 117.3 (135.8) -> 101.8 (135.8) MB, 0.6 / 0.0 ms  (average mu = 0.995, current mu = 0.995) allocation failure; 
[6089:0x73fe720]    12314 ms: Scavenge 117.4 (135.8) -> 101.8 (135.8) MB, 0.6 / 0.0 ms  (average mu = 0.995, current mu = 0.995) allocation failure; 
[6089:0x73fe720]    12321 ms: Scavenge 117.4 (135.8) -> 101.9 (136.1) MB, 0.7 / 0.0 ms  (average mu = 0.995, current mu = 0.995) allocation failure; 
[6089:0x73fe720]    12327 ms: Scavenge 117.5 (136.1) -> 101.9 (136.1) MB, 0.7 / 0.0 ms  (average mu = 0.995, current mu = 0.995) allocation failure; 
[6089:0x73fe720]    12334 ms: Scavenge 117.5 (136.1) -> 102.0 (136.1) MB, 0.6 / 0.0 ms  (average mu = 0.995, current mu = 0.995) allocation failure; 
[6089:0x73fe720]    12340 ms: Scavenge 117.6 (136.1) -> 102.0 (136.1) MB, 0.7 / 0.0 ms  (average mu = 0.995, current mu = 0.995) allocation failure; 
[6089:0x73fe720]    12347 ms: Scavenge 117.6 (136.1) -> 102.1 (136.1) MB, 0.6 / 0.0 ms  (average mu = 0.995, current mu = 0.995) allocation failure; 
[6089:0x73fe720]    12353 ms: Scavenge 117.7 (136.1) -> 102.1 (136.3) MB, 0.6 / 0.0 ms  (average mu = 0.995, current mu = 0.995) allocation failure; 
[6089:0x73fe720]    12361 ms: Scavenge 119.7 (138.3) -> 104.1 (138.3) MB, 1.0 / 0.0 ms  (average mu = 0.995, current mu = 0.995) allocation failure; 
[6089:0x73fe720]    12367 ms: Scavenge 119.7 (138.3) -> 104.2 (138.6) MB, 0.7 / 0.0 ms  (average mu = 0.995, current mu = 0.995) allocation failure; 
[6089:0x73fe720]    12374 ms: Scavenge 119.8 (138.6) -> 104.2 (138.6) MB, 0.6 / 0.0 ms  (average mu = 0.995, current mu = 0.995) allocation failure; 
[6089:0x73fe720]    12380 ms: Scavenge 119.8 (138.6) -> 104.3 (138.6) MB, 0.6 / 0.0 ms  (average mu = 0.995, current mu = 0.995) allocation failure; 
[6089:0x73fe720]    12386 ms: Scavenge 119.9 (138.6) -> 104.3 (138.6) MB, 0.6 / 0.0 ms  (average mu = 0.995, current mu = 0.995) allocation failure; 
[6089:0x73fe720]    12393 ms: Scavenge 119.9 (138.6) -> 104.4 (138.6) MB, 0.5 / 0.0 ms  (average mu = 0.995, current mu = 0.995) allocation failure; 
[6089:0x73fe720]    12399 ms: Scavenge 120.0 (138.6) -> 104.4 (138.6) MB, 0.6 / 0.0 ms  (average mu = 0.995, current mu = 0.995) allocation failure; 
[6089:0x73fe720]    12405 ms: Scavenge 120.0 (138.6) -> 104.5 (138.6) MB, 0.6 / 0.0 ms  (average mu = 0.995, current mu = 0.995) allocation failure; 
[6089:0x73fe720]    12411 ms: Scavenge 120.1 (138.6) -> 104.5 (138.6) MB, 0.5 / 0.0 ms  (average mu = 0.995, current mu = 0.995) allocation failure; 
[6089:0x73fe720]    12417 ms: Scavenge 120.1 (138.6) -> 104.6 (138.8) MB, 0.6 / 0.0 ms  (average mu = 0.995, current mu = 0.995) allocation failure; 
[6089:0x73fe720]    12423 ms: Scavenge 120.1 (138.8) -> 104.6 (138.8) MB, 0.7 / 0.0 ms  (average mu = 0.995, current mu = 0.995) allocation failure; 
[6089:0x73fe720]    12429 ms: Scavenge 120.2 (138.8) -> 104.7 (138.8) MB, 0.8 / 0.0 ms  (average mu = 0.995, current mu = 0.995) allocation failure; 
[6089:0x73fe720]    12436 ms: Scavenge 120.2 (138.8) -> 104.7 (138.8) MB, 0.6 / 0.0 ms  (average mu = 0.995, current mu = 0.995) allocation failure; 
[6089:0x73fe720]    12442 ms: Scavenge 120.3 (138.8) -> 104.8 (138.8) MB, 0.5 / 0.0 ms  (average mu = 0.995, current mu = 0.995) allocation failure; 
[6089:0x73fe720]    12448 ms: Scavenge 120.3 (138.8) -> 104.8 (138.8) MB, 0.6 / 0.0 ms  (average mu = 0.995, current mu = 0.995) allocation failure; 
[6089:0x73fe720]    12455 ms: Scavenge 120.4 (138.8) -> 104.8 (139.1) MB, 0.6 / 0.0 ms  (average mu = 0.995, current mu = 0.995) allocation failure; 
[6089:0x73fe720]    12461 ms: Scavenge 120.4 (139.1) -> 104.9 (139.3) MB, 0.6 / 0.0 ms  (average mu = 0.995, current mu = 0.995) allocation failure; 
[6089:0x73fe720]    12467 ms: Scavenge 120.5 (139.3) -> 104.9 (139.3) MB, 0.8 / 0.0 ms  (average mu = 0.995, current mu = 0.995) allocation failure; 
[6089:0x73fe720]    12473 ms: Scavenge 120.5 (139.3) -> 105.0 (139.3) MB, 0.8 / 0.0 ms  (average mu = 0.995, current mu = 0.995) allocation failure; 
[6089:0x73fe720]    12479 ms: Scavenge 120.6 (139.3) -> 105.0 (139.3) MB, 0.6 / 0.0 ms  (average mu = 0.995, current mu = 0.995) allocation failure; 
[6089:0x73fe720]    12485 ms: Scavenge 120.6 (139.3) -> 105.1 (139.3) MB, 0.6 / 0.0 ms  (average mu = 0.995, current mu = 0.995) allocation failure; 
[6089:0x73fe720]    12490 ms: Scavenge 120.7 (139.3) -> 105.1 (139.3) MB, 0.6 / 0.0 ms  (average mu = 0.995, current mu = 0.995) allocation failure; 
[6089:0x73fe720]    12496 ms: Scavenge 120.7 (139.3) -> 105.2 (139.6) MB, 0.6 / 0.0 ms  (average mu = 0.995, current mu = 0.995) allocation failure; 
[6089:0x73fe720]    12503 ms: Scavenge 120.8 (139.6) -> 105.2 (139.6) MB, 0.7 / 0.0 ms  (average mu = 0.995, current mu = 0.995) allocation failure; 
[6089:0x73fe720]    12508 ms: Scavenge 120.8 (139.6) -> 105.3 (139.6) MB, 0.6 / 0.0 ms  (average mu = 0.995, current mu = 0.995) allocation failure; 
[6089:0x73fe720]    12514 ms: Scavenge 120.9 (139.6) -> 105.3 (139.6) MB, 0.6 / 0.0 ms  (average mu = 0.995, current mu = 0.995) allocation failure; 
[6089:0x73fe720]    12521 ms: Scavenge 120.9 (139.6) -> 105.4 (139.6) MB, 0.6 / 0.0 ms  (average mu = 0.995, current mu = 0.995) allocation failure; 
[6089:0x73fe720]    12527 ms: Scavenge 121.0 (139.6) -> 105.4 (139.6) MB, 0.7 / 0.0 ms  (average mu = 0.995, current mu = 0.995) allocation failure; 
[6089:0x73fe720]    12534 ms: Scavenge 121.0 (139.6) -> 105.5 (139.6) MB, 0.9 / 0.0 ms  (average mu = 0.995, current mu = 0.995) allocation failure; 
[6089:0x73fe720]    12541 ms: Scavenge 121.1 (139.6) -> 105.5 (139.6) MB, 0.7 / 0.0 ms  (average mu = 0.995, current mu = 0.995) allocation failure; 
[6089:0x73fe720]    12547 ms: Scavenge 121.1 (139.6) -> 105.6 (139.8) MB, 0.7 / 0.0 ms  (average mu = 0.995, current mu = 0.995) allocation failure; 
[6089:0x73fe720]    12554 ms: Scavenge 121.2 (139.8) -> 105.6 (139.8) MB, 0.6 / 0.0 ms  (average mu = 0.995, current mu = 0.995) allocation failure; 
[6089:0x73fe720]    12560 ms: Scavenge 121.2 (139.8) -> 105.7 (139.8) MB, 0.6 / 0.0 ms  (average mu = 0.995, current mu = 0.995) allocation failure; 
[6089:0x73fe720]    12566 ms: Scavenge 121.2 (139.8) -> 105.7 (139.8) MB, 0.6 / 0.0 ms  (average mu = 0.995, current mu = 0.995) allocation failure; 
[6089:0x73fe720]    12572 ms: Scavenge 121.3 (139.8) -> 105.8 (139.8) MB, 0.6 / 0.0 ms  (average mu = 0.995, current mu = 0.995) allocation failure; 
[6089:0x73fe720]    12578 ms: Scavenge 121.3 (139.8) -> 105.8 (140.1) MB, 0.6 / 0.0 ms  (average mu = 0.995, current mu = 0.995) allocation failure; 
[6089:0x73fe720]    12584 ms: Scavenge 121.4 (140.1) -> 105.8 (140.1) MB, 0.6 / 0.0 ms  (average mu = 0.995, current mu = 0.995) allocation failure; 
[6089:0x73fe720]    12589 ms: Scavenge 121.4 (140.1) -> 105.9 (140.1) MB, 0.5 / 0.0 ms  (average mu = 0.995, current mu = 0.995) allocation failure; 
[6089:0x73fe720]    12596 ms: Scavenge 121.5 (140.1) -> 105.9 (140.1) MB, 0.7 / 0.0 ms  (average mu = 0.995, current mu = 0.995) allocation failure; 
[6089:0x73fe720]    12601 ms: Scavenge 121.5 (140.1) -> 106.0 (140.1) MB, 0.5 / 0.0 ms  (average mu = 0.995, current mu = 0.995) allocation failure; 
[6089:0x73fe720]    12607 ms: Scavenge 121.6 (140.1) -> 106.0 (140.3) MB, 0.8 / 0.0 ms  (average mu = 0.995, current mu = 0.995) allocation failure; 
[6089:0x73fe720]    12613 ms: Scavenge 121.6 (140.3) -> 106.1 (140.3) MB, 0.6 / 0.0 ms  (average mu = 0.995, current mu = 0.995) allocation failure; 
[6089:0x73fe720]    12619 ms: Scavenge 121.7 (140.3) -> 106.1 (140.3) MB, 0.7 / 0.0 ms  (average mu = 0.995, current mu = 0.995) allocation failure; 
[6089:0x73fe720]    12625 ms: Scavenge 121.7 (140.3) -> 106.2 (140.3) MB, 0.6 / 0.0 ms  (average mu = 0.995, current mu = 0.995) allocation failure; 
[6089:0x73fe720]    12631 ms: Scavenge 121.8 (140.3) -> 106.3 (140.3) MB, 0.8 / 0.0 ms  (average mu = 0.995, current mu = 0.995) allocation failure; 
[6089:0x73fe720]    12638 ms: Scavenge 121.8 (140.3) -> 106.3 (140.6) MB, 0.6 / 0.0 ms  (average mu = 0.995, current mu = 0.995) allocation failure; 
[6089:0x73fe720]    12644 ms: Scavenge 121.9 (140.6) -> 106.3 (140.6) MB, 0.7 / 0.0 ms  (average mu = 0.995, current mu = 0.995) allocation failure; 
[6089:0x73fe720]    12651 ms: Scavenge 121.9 (140.6) -> 106.4 (140.6) MB, 0.9 / 0.0 ms  (average mu = 0.995, current mu = 0.995) allocation failure; 
[6089:0x73fe720]    12658 ms: Scavenge 122.0 (140.6) -> 106.4 (140.6) MB, 0.6 / 0.0 ms  (average mu = 0.995, current mu = 0.995) allocation failure; 
[6089:0x73fe720]    12664 ms: Scavenge 122.0 (140.6) -> 106.5 (140.6) MB, 0.6 / 0.0 ms  (average mu = 0.995, current mu = 0.995) allocation failure; 
[6089:0x73fe720]    12671 ms: Scavenge 122.1 (140.6) -> 106.5 (140.6) MB, 0.6 / 0.0 ms  (average mu = 0.995, current mu = 0.995) allocation failure; 
[6089:0x73fe720]    12677 ms: Scavenge 122.1 (140.6) -> 106.6 (140.8) MB, 0.6 / 0.0 ms  (average mu = 0.995, current mu = 0.995) allocation failure; 
[6089:0x73fe720]    12683 ms: Scavenge 122.2 (140.8) -> 106.6 (140.8) MB, 0.6 / 0.0 ms  (average mu = 0.995, current mu = 0.995) allocation failure; 
[6089:0x73fe720]    12689 ms: Scavenge 122.2 (140.8) -> 106.7 (140.8) MB, 0.6 / 0.0 ms  (average mu = 0.995, current mu = 0.995) allocation failure; 
[6089:0x73fe720]    12695 ms: Scavenge 122.3 (140.8) -> 106.7 (140.8) MB, 0.6 / 0.0 ms  (average mu = 0.995, current mu = 0.995) allocation failure; 
[6089:0x73fe720]    12701 ms: Scavenge 122.3 (140.8) -> 106.8 (140.8) MB, 0.6 / 0.0 ms  (average mu = 0.995, current mu = 0.995) allocation failure; 
[6089:0x73fe720]    12707 ms: Scavenge 122.3 (140.8) -> 106.8 (141.1) MB, 0.6 / 0.0 ms  (average mu = 0.995, current mu = 0.995) allocation failure; 
[6089:0x73fe720]    12712 ms: Scavenge 122.4 (141.1) -> 106.9 (141.1) MB, 0.6 / 0.0 ms  (average mu = 0.995, current mu = 0.995) allocation failure; 
[6089:0x73fe720]    12718 ms: Scavenge 122.4 (141.1) -> 106.9 (141.1) MB, 0.6 / 0.0 ms  (average mu = 0.995, current mu = 0.995) allocation failure; 
[6089:0x73fe720]    12724 ms: Scavenge 122.5 (141.1) -> 107.0 (141.1) MB, 0.5 / 0.0 ms  (average mu = 0.995, current mu = 0.995) allocation failure; 
[6089:0x73fe720]    12730 ms: Scavenge 122.5 (141.1) -> 107.0 (141.1) MB, 0.9 / 0.0 ms  (average mu = 0.995, current mu = 0.995) allocation failure; 
[6089:0x73fe720]    12736 ms: Scavenge 122.6 (141.1) -> 107.0 (141.3) MB, 0.6 / 0.0 ms  (average mu = 0.995, current mu = 0.995) allocation failure; 
[6089:0x73fe720]    12742 ms: Scavenge 122.6 (141.3) -> 107.1 (141.3) MB, 0.5 / 0.0 ms  (average mu = 0.995, current mu = 0.995) allocation failure; 
[6089:0x73fe720]    12748 ms: Scavenge 122.7 (141.3) -> 107.1 (141.3) MB, 0.7 / 0.0 ms  (average mu = 0.995, current mu = 0.995) allocation failure; 
[6089:0x73fe720]    12754 ms: Scavenge 122.7 (141.3) -> 107.2 (141.3) MB, 0.6 / 0.0 ms  (average mu = 0.995, current mu = 0.995) allocation failure; 
[6089:0x73fe720]    12760 ms: Scavenge 122.8 (141.3) -> 107.2 (141.3) MB, 0.6 / 0.0 ms  (average mu = 0.995, current mu = 0.995) allocation failure; 
[6089:0x73fe720]    12766 ms: Scavenge 122.8 (141.3) -> 107.3 (141.6) MB, 0.5 / 0.0 ms  (average mu = 0.995, current mu = 0.995) allocation failure; 
[6089:0x73fe720]    12772 ms: Scavenge 122.9 (141.6) -> 107.3 (141.6) MB, 0.7 / 0.0 ms  (average mu = 0.995, current mu = 0.995) allocation failure; 
[6089:0x73fe720]    12778 ms: Scavenge 122.9 (141.6) -> 107.4 (141.6) MB, 0.6 / 0.0 ms  (average mu = 0.995, current mu = 0.995) allocation failure; 
[6089:0x73fe720]    12784 ms: Scavenge 123.0 (141.6) -> 107.4 (141.6) MB, 0.6 / 0.0 ms  (average mu = 0.995, current mu = 0.995) allocation failure; 
[6089:0x73fe720]    12790 ms: Scavenge 123.0 (141.6) -> 107.5 (141.6) MB, 0.6 / 0.0 ms  (average mu = 0.995, current mu = 0.995) allocation failure; 
[6089:0x73fe720]    12796 ms: Scavenge 123.1 (141.6) -> 107.5 (141.8) MB, 0.6 / 0.0 ms  (average mu = 0.995, current mu = 0.995) allocation failure; 
[6089:0x73fe720]    12802 ms: Scavenge 123.1 (141.8) -> 107.6 (141.8) MB, 0.6 / 0.0 ms  (average mu = 0.995, current mu = 0.995) allocation failure; 
[6089:0x73fe720]    12808 ms: Scavenge 123.2 (141.8) -> 107.6 (141.8) MB, 0.6 / 0.0 ms  (average mu = 0.995, current mu = 0.995) allocation failure; 
[6089:0x73fe720]    12814 ms: Scavenge 123.2 (141.8) -> 107.7 (141.8) MB, 0.5 / 0.0 ms  (average mu = 0.995, current mu = 0.995) allocation failure; 
[6089:0x73fe720]    12820 ms: Scavenge 123.3 (141.8) -> 107.7 (141.8) MB, 0.7 / 0.0 ms  (average mu = 0.995, current mu = 0.995) allocation failure; 
[6089:0x73fe720]    12826 ms: Scavenge 123.3 (141.8) -> 107.8 (142.1) MB, 0.6 / 0.0 ms  (average mu = 0.995, current mu = 0.995) allocation failure; 
[6089:0x73fe720]    12832 ms: Scavenge 123.4 (142.1) -> 107.8 (142.1) MB, 0.6 / 0.0 ms  (average mu = 0.995, current mu = 0.995) allocation failure; 
[6089:0x73fe720]    12838 ms: Scavenge 123.4 (142.1) -> 107.9 (142.1) MB, 0.6 / 0.0 ms  (average mu = 0.995, current mu = 0.995) allocation failure; 
[6089:0x73fe720]    12843 ms: Scavenge 123.4 (142.1) -> 107.9 (142.1) MB, 0.6 / 0.0 ms  (average mu = 0.995, current mu = 0.995) allocation failure; 
[6089:0x73fe720]    12849 ms: Scavenge 123.5 (142.1) -> 108.0 (142.1) MB, 0.6 / 0.0 ms  (average mu = 0.995, current mu = 0.995) allocation failure; 
[6089:0x73fe720]    12855 ms: Scavenge 123.5 (142.1) -> 108.0 (142.3) MB, 0.6 / 0.0 ms  (average mu = 0.995, current mu = 0.995) allocation failure; 
[6089:0x73fe720]    12861 ms: Scavenge 123.6 (142.3) -> 108.0 (142.3) MB, 0.6 / 0.0 ms  (average mu = 0.995, current mu = 0.995) allocation failure; 
[6089:0x73fe720]    12867 ms: Scavenge 123.6 (142.3) -> 108.1 (142.3) MB, 0.5 / 0.0 ms  (average mu = 0.995, current mu = 0.995) allocation failure; 
[6089:0x73fe720]    12873 ms: Scavenge 123.7 (142.3) -> 108.1 (142.3) MB, 0.7 / 0.0 ms  (average mu = 0.995, current mu = 0.995) allocation failure; 
[6089:0x73fe720]    12879 ms: Scavenge 123.7 (142.3) -> 108.2 (142.3) MB, 0.6 / 0.0 ms  (average mu = 0.995, current mu = 0.995) allocation failure; 
[6089:0x73fe720]    12885 ms: Scavenge 123.8 (142.3) -> 108.2 (142.3) MB, 0.6 / 0.0 ms  (average mu = 0.995, current mu = 0.995) allocation failure; 
[6089:0x73fe720]    12904 ms: Scavenge 123.8 (142.3) -> 108.3 (142.6) MB, 2.3 / 0.0 ms  (average mu = 0.995, current mu = 0.995) allocation failure; 
[6089:0x73fe720]    12947 ms: Mark-sweep 121.9 (142.6) -> 106.5 (142.9) MB, 5.0 / 0.0 ms  (+ 42.2 ms in 248 steps since start of marking, biggest step 5.6 ms, walltime since start of marking 58 ms) (average mu = 0.993, current mu = 0.992) finalize incremental marking via stack guard; GC in old space requested
[6089:0x73fe720]    12953 ms: Scavenge 122.2 (142.9) -> 106.6 (142.9) MB, 0.9 / 0.0 ms  (average mu = 0.993, current mu = 0.992) allocation failure; 
[6089:0x73fe720]    12960 ms: Scavenge 122.2 (142.9) -> 106.6 (142.9) MB, 1.4 / 0.0 ms  (average mu = 0.993, current mu = 0.992) allocation failure; 
[6089:0x73fe720]    12966 ms: Scavenge 122.2 (142.9) -> 106.7 (142.9) MB, 0.7 / 0.0 ms  (average mu = 0.993, current mu = 0.992) allocation failure; 
[6089:0x73fe720]    12972 ms: Scavenge 122.3 (142.9) -> 106.8 (142.9) MB, 0.5 / 0.0 ms  (average mu = 0.993, current mu = 0.992) allocation failure; 
[6089:0x73fe720]    12978 ms: Scavenge 122.3 (142.9) -> 106.8 (142.9) MB, 0.5 / 0.0 ms  (average mu = 0.993, current mu = 0.992) allocation failure; 
[6089:0x73fe720]    12983 ms: Scavenge 122.4 (142.9) -> 106.8 (142.9) MB, 0.6 / 0.0 ms  (average mu = 0.993, current mu = 0.992) allocation failure; 
[6089:0x73fe720]    12989 ms: Scavenge 122.4 (142.9) -> 106.9 (142.9) MB, 0.6 / 0.0 ms  (average mu = 0.993, current mu = 0.992) allocation failure; 
[6089:0x73fe720]    12995 ms: Scavenge 122.5 (142.9) -> 106.9 (142.9) MB, 0.6 / 0.0 ms  (average mu = 0.993, current mu = 0.992) allocation failure; 
[6089:0x73fe720]    13001 ms: Scavenge 122.5 (142.9) -> 107.0 (142.9) MB, 0.5 / 0.0 ms  (average mu = 0.993, current mu = 0.992) allocation failure; 
[6089:0x73fe720]    13007 ms: Scavenge 122.6 (142.9) -> 107.0 (142.9) MB, 0.5 / 0.0 ms  (average mu = 0.993, current mu = 0.992) allocation failure; 
[6089:0x73fe720]    13013 ms: Scavenge 122.6 (142.9) -> 107.1 (142.9) MB, 0.5 / 0.0 ms  (average mu = 0.993, current mu = 0.992) allocation failure; 
[6089:0x73fe720]    13018 ms: Scavenge 122.7 (142.9) -> 107.1 (142.9) MB, 0.5 / 0.0 ms  (average mu = 0.993, current mu = 0.992) allocation failure; 
[6089:0x73fe720]    13024 ms: Scavenge 122.7 (142.9) -> 107.2 (142.9) MB, 0.5 / 0.0 ms  (average mu = 0.993, current mu = 0.992) allocation failure; 
[6089:0x73fe720]    13030 ms: Scavenge 122.8 (142.9) -> 107.2 (142.9) MB, 0.5 / 0.0 ms  (average mu = 0.993, current mu = 0.992) allocation failure; 
[6089:0x73fe720]    13036 ms: Scavenge 122.8 (142.9) -> 107.3 (142.9) MB, 0.6 / 0.0 ms  (average mu = 0.993, current mu = 0.992) allocation failure; 
[6089:0x73fe720]    13042 ms: Scavenge 122.9 (142.9) -> 107.3 (142.9) MB, 0.5 / 0.0 ms  (average mu = 0.993, current mu = 0.992) allocation failure; 
[6089:0x73fe720]    13048 ms: Scavenge 122.9 (142.9) -> 107.4 (142.9) MB, 0.5 / 0.0 ms  (average mu = 0.993, current mu = 0.992) allocation failure; 
[6089:0x73fe720]    13054 ms: Scavenge 123.0 (142.9) -> 107.4 (142.9) MB, 0.6 / 0.0 ms  (average mu = 0.993, current mu = 0.992) allocation failure; 
[6089:0x73fe720]    13060 ms: Scavenge 123.0 (142.9) -> 107.5 (142.9) MB, 0.5 / 0.0 ms  (average mu = 0.993, current mu = 0.992) allocation failure; 
[6089:0x73fe720]    13065 ms: Scavenge 123.1 (142.9) -> 107.5 (142.9) MB, 0.6 / 0.0 ms  (average mu = 0.993, current mu = 0.992) allocation failure; 
[6089:0x73fe720]    13071 ms: Scavenge 123.1 (142.9) -> 107.6 (142.9) MB, 0.6 / 0.0 ms  (average mu = 0.993, current mu = 0.992) allocation failure; 
[6089:0x73fe720]    13077 ms: Scavenge 123.1 (142.9) -> 107.6 (142.9) MB, 0.6 / 0.0 ms  (average mu = 0.993, current mu = 0.992) allocation failure; 
[6089:0x73fe720]    13083 ms: Scavenge 123.2 (142.9) -> 107.7 (142.9) MB, 0.6 / 0.0 ms  (average mu = 0.993, current mu = 0.992) allocation failure; 
[6089:0x73fe720]    13089 ms: Scavenge 123.2 (142.9) -> 107.7 (142.9) MB, 0.5 / 0.0 ms  (average mu = 0.993, current mu = 0.992) allocation failure; 
[6089:0x73fe720]    13095 ms: Scavenge 123.3 (142.9) -> 107.8 (142.9) MB, 0.5 / 0.0 ms  (average mu = 0.993, current mu = 0.992) allocation failure; 
[6089:0x73fe720]    13101 ms: Scavenge 123.3 (142.9) -> 107.8 (142.9) MB, 0.5 / 0.0 ms  (average mu = 0.993, current mu = 0.992) allocation failure; 
[6089:0x73fe720]    13106 ms: Scavenge 123.4 (142.9) -> 107.9 (142.9) MB, 0.5 / 0.0 ms  (average mu = 0.993, current mu = 0.992) allocation failure; 
[6089:0x73fe720]    13112 ms: Scavenge 123.4 (142.9) -> 107.9 (142.9) MB, 0.6 / 0.0 ms  (average mu = 0.993, current mu = 0.992) allocation failure; 
[6089:0x73fe720]    13118 ms: Scavenge 123.5 (142.9) -> 107.9 (142.9) MB, 0.7 / 0.0 ms  (average mu = 0.993, current mu = 0.992) allocation failure; 
[6089:0x73fe720]    13124 ms: Scavenge 123.5 (142.9) -> 108.0 (142.9) MB, 0.6 / 0.0 ms  (average mu = 0.993, current mu = 0.992) allocation failure; 
[6089:0x73fe720]    13130 ms: Scavenge 123.6 (142.9) -> 108.0 (142.9) MB, 0.6 / 0.0 ms  (average mu = 0.993, current mu = 0.992) allocation failure; 
[6089:0x73fe720]    13136 ms: Scavenge 123.6 (142.9) -> 108.1 (142.9) MB, 0.6 / 0.0 ms  (average mu = 0.993, current mu = 0.992) allocation failure; 
[6089:0x73fe720]    13142 ms: Scavenge 123.7 (142.9) -> 108.1 (142.9) MB, 0.6 / 0.0 ms  (average mu = 0.993, current mu = 0.992) allocation failure; 
[6089:0x73fe720]    13148 ms: Scavenge 123.7 (142.9) -> 108.2 (142.9) MB, 0.6 / 0.0 ms  (average mu = 0.993, current mu = 0.992) allocation failure; 
[6089:0x73fe720]    13154 ms: Scavenge 123.8 (142.9) -> 108.3 (142.9) MB, 0.6 / 0.0 ms  (average mu = 0.993, current mu = 0.992) allocation failure; 
[6089:0x73fe720]    13159 ms: Scavenge 123.8 (142.9) -> 108.3 (142.9) MB, 0.6 / 0.0 ms  (average mu = 0.993, current mu = 0.992) allocation failure; 
[6089:0x73fe720]    13165 ms: Scavenge 123.9 (142.9) -> 108.3 (142.9) MB, 0.5 / 0.0 ms  (average mu = 0.993, current mu = 0.992) allocation failure; 
[6089:0x73fe720]    13171 ms: Scavenge 123.9 (142.9) -> 108.4 (142.9) MB, 0.6 / 0.0 ms  (average mu = 0.993, current mu = 0.992) allocation failure; 
[6089:0x73fe720]    13177 ms: Scavenge 124.0 (142.9) -> 108.4 (142.9) MB, 0.5 / 0.0 ms  (average mu = 0.993, current mu = 0.992) allocation failure; 
[6089:0x73fe720]    13183 ms: Scavenge 124.0 (142.9) -> 108.5 (142.9) MB, 0.7 / 0.0 ms  (average mu = 0.993, current mu = 0.992) allocation failure; 
[6089:0x73fe720]    13189 ms: Scavenge 124.1 (142.9) -> 108.5 (142.9) MB, 0.6 / 0.0 ms  (average mu = 0.993, current mu = 0.992) allocation failure; 
[6089:0x73fe720]    13195 ms: Scavenge 124.1 (142.9) -> 108.6 (142.9) MB, 0.6 / 0.0 ms  (average mu = 0.993, current mu = 0.992) allocation failure; 
[6089:0x73fe720]    13201 ms: Scavenge 124.2 (142.9) -> 108.6 (142.9) MB, 0.7 / 0.0 ms  (average mu = 0.993, current mu = 0.992) allocation failure; 
[6089:0x73fe720]    13206 ms: Scavenge 124.2 (142.9) -> 108.7 (142.9) MB, 0.6 / 0.0 ms  (average mu = 0.993, current mu = 0.992) allocation failure; 
[6089:0x73fe720]    13212 ms: Scavenge 124.2 (142.9) -> 108.7 (142.9) MB, 0.6 / 0.0 ms  (average mu = 0.993, current mu = 0.992) allocation failure; 
[6089:0x73fe720]    13219 ms: Scavenge 124.3 (142.9) -> 108.8 (143.1) MB, 0.8 / 0.0 ms  (average mu = 0.993, current mu = 0.992) allocation failure; 
[6089:0x73fe720]    13224 ms: Scavenge 124.3 (143.1) -> 108.8 (143.1) MB, 0.6 / 0.0 ms  (average mu = 0.993, current mu = 0.992) allocation failure; 
[6089:0x73fe720]    13231 ms: Scavenge 124.4 (143.1) -> 108.8 (143.1) MB, 0.7 / 0.0 ms  (average mu = 0.993, current mu = 0.992) allocation failure; 
[6089:0x73fe720]    13237 ms: Scavenge 124.4 (143.1) -> 108.9 (143.1) MB, 0.6 / 0.0 ms  (average mu = 0.993, current mu = 0.992) allocation failure; 
[6089:0x73fe720]    13243 ms: Scavenge 124.5 (143.1) -> 108.9 (143.1) MB, 0.6 / 0.0 ms  (average mu = 0.993, current mu = 0.992) allocation failure; 
[6089:0x73fe720]    13249 ms: Scavenge 124.5 (143.1) -> 109.0 (143.1) MB, 0.6 / 0.0 ms  (average mu = 0.993, current mu = 0.992) allocation failure; 
[6089:0x73fe720]    13255 ms: Scavenge 124.6 (143.1) -> 109.1 (143.4) MB, 0.5 / 0.0 ms  (average mu = 0.993, current mu = 0.992) allocation failure; 
[6089:0x73fe720]    13261 ms: Scavenge 124.6 (143.4) -> 109.1 (143.4) MB, 0.7 / 0.0 ms  (average mu = 0.993, current mu = 0.992) allocation failure; 
[6089:0x73fe720]    13267 ms: Scavenge 124.7 (143.4) -> 109.1 (143.4) MB, 0.6 / 0.0 ms  (average mu = 0.993, current mu = 0.992) allocation failure; 
[6089:0x73fe720]    13273 ms: Scavenge 124.7 (143.4) -> 109.2 (143.4) MB, 0.5 / 0.0 ms  (average mu = 0.993, current mu = 0.992) allocation failure; 
[6089:0x73fe720]    13279 ms: Scavenge 124.8 (143.4) -> 109.2 (143.4) MB, 0.7 / 0.0 ms  (average mu = 0.993, current mu = 0.992) allocation failure; 
[6089:0x73fe720]    13285 ms: Scavenge 124.8 (143.4) -> 109.3 (143.6) MB, 0.7 / 0.0 ms  (average mu = 0.993, current mu = 0.992) allocation failure; 
[6089:0x73fe720]    13291 ms: Scavenge 124.9 (143.6) -> 109.3 (143.6) MB, 0.6 / 0.0 ms  (average mu = 0.993, current mu = 0.992) allocation failure; 
[6089:0x73fe720]    13298 ms: Scavenge 124.9 (143.6) -> 109.4 (143.6) MB, 0.6 / 0.0 ms  (average mu = 0.993, current mu = 0.992) allocation failure; 
[6089:0x73fe720]    13304 ms: Scavenge 125.0 (143.6) -> 109.4 (143.6) MB, 0.6 / 0.0 ms  (average mu = 0.993, current mu = 0.992) allocation failure; 
[6089:0x73fe720]    13310 ms: Scavenge 125.0 (143.6) -> 109.5 (143.6) MB, 0.6 / 0.0 ms  (average mu = 0.993, current mu = 0.992) allocation failure; 
[6089:0x73fe720]    13316 ms: Scavenge 125.1 (143.6) -> 109.5 (143.9) MB, 0.6 / 0.0 ms  (average mu = 0.993, current mu = 0.992) allocation failure; 
[6089:0x73fe720]    13322 ms: Scavenge 125.1 (143.9) -> 109.6 (143.9) MB, 0.6 / 0.0 ms  (average mu = 0.993, current mu = 0.992) allocation failure; 
[6089:0x73fe720]    13328 ms: Scavenge 125.2 (143.9) -> 109.6 (143.9) MB, 0.6 / 0.0 ms  (average mu = 0.993, current mu = 0.992) allocation failure; 
[6089:0x73fe720]    13334 ms: Scavenge 125.2 (143.9) -> 109.7 (143.9) MB, 0.6 / 0.0 ms  (average mu = 0.993, current mu = 0.992) allocation failure; 
[6089:0x73fe720]    13340 ms: Scavenge 125.3 (143.9) -> 109.7 (143.9) MB, 0.6 / 0.0 ms  (average mu = 0.993, current mu = 0.992) allocation failure; 
[6089:0x73fe720]    13346 ms: Scavenge 125.3 (143.9) -> 109.8 (144.1) MB, 0.6 / 0.0 ms  (average mu = 0.993, current mu = 0.992) allocation failure; 
[6089:0x73fe720]    13352 ms: Scavenge 125.3 (144.1) -> 109.8 (144.1) MB, 0.6 / 0.0 ms  (average mu = 0.993, current mu = 0.992) allocation failure; 
[6089:0x73fe720]    13357 ms: Scavenge 125.4 (144.1) -> 109.9 (144.1) MB, 0.6 / 0.0 ms  (average mu = 0.993, current mu = 0.992) allocation failure; 
[6089:0x73fe720]    13363 ms: Scavenge 125.4 (144.1) -> 109.9 (144.1) MB, 0.6 / 0.0 ms  (average mu = 0.993, current mu = 0.992) allocation failure; 
[6089:0x73fe720]    13369 ms: Scavenge 125.5 (144.1) -> 109.9 (144.1) MB, 0.6 / 0.0 ms  (average mu = 0.993, current mu = 0.992) allocation failure; 
[6089:0x73fe720]    13375 ms: Scavenge 125.5 (144.1) -> 110.0 (144.4) MB, 0.6 / 0.0 ms  (average mu = 0.993, current mu = 0.992) allocation failure; 
[6089:0x73fe720]    13381 ms: Scavenge 125.6 (144.4) -> 110.0 (144.4) MB, 0.8 / 0.0 ms  (average mu = 0.993, current mu = 0.992) allocation failure; 
[6089:0x73fe720]    13387 ms: Scavenge 125.6 (144.4) -> 110.1 (144.4) MB, 0.6 / 0.0 ms  (average mu = 0.993, current mu = 0.992) allocation failure; 
[6089:0x73fe720]    13393 ms: Scavenge 125.7 (144.4) -> 110.1 (144.4) MB, 0.6 / 0.0 ms  (average mu = 0.993, current mu = 0.992) allocation failure; 
[6089:0x73fe720]    13399 ms: Scavenge 125.7 (144.4) -> 110.2 (144.4) MB, 0.6 / 0.0 ms  (average mu = 0.993, current mu = 0.992) allocation failure; 
[6089:0x73fe720]    13405 ms: Scavenge 125.8 (144.4) -> 110.2 (144.6) MB, 0.7 / 0.0 ms  (average mu = 0.993, current mu = 0.992) allocation failure; 
[6089:0x73fe720]    13412 ms: Scavenge 125.8 (144.6) -> 110.3 (144.6) MB, 0.7 / 0.0 ms  (average mu = 0.993, current mu = 0.992) allocation failure; 
[6089:0x73fe720]    13418 ms: Scavenge 125.9 (144.6) -> 110.3 (144.6) MB, 0.6 / 0.0 ms  (average mu = 0.993, current mu = 0.992) allocation failure; 
[6089:0x73fe720]    13424 ms: Scavenge 125.9 (144.6) -> 110.4 (144.6) MB, 0.7 / 0.0 ms  (average mu = 0.993, current mu = 0.992) allocation failure; 
[6089:0x73fe720]    13430 ms: Scavenge 126.0 (144.6) -> 110.4 (144.6) MB, 0.6 / 0.0 ms  (average mu = 0.993, current mu = 0.992) allocation failure; 
[6089:0x73fe720]    13436 ms: Scavenge 126.0 (144.6) -> 110.5 (144.9) MB, 0.6 / 0.0 ms  (average mu = 0.993, current mu = 0.992) allocation failure; 
[6089:0x73fe720]    13442 ms: Scavenge 126.1 (144.9) -> 110.5 (144.9) MB, 0.6 / 0.0 ms  (average mu = 0.993, current mu = 0.992) allocation failure; 
[6089:0x73fe720]    13448 ms: Scavenge 126.1 (144.9) -> 110.6 (144.9) MB, 0.6 / 0.0 ms  (average mu = 0.993, current mu = 0.992) allocation failure; 
[6089:0x73fe720]    13454 ms: Scavenge 126.2 (144.9) -> 110.6 (144.9) MB, 0.6 / 0.0 ms  (average mu = 0.993, current mu = 0.992) allocation failure; 
[6089:0x73fe720]    13460 ms: Scavenge 126.2 (144.9) -> 110.7 (144.9) MB, 0.6 / 0.0 ms  (average mu = 0.993, current mu = 0.992) allocation failure; 
[6089:0x73fe720]    13467 ms: Scavenge 126.3 (144.9) -> 110.7 (144.9) MB, 0.6 / 0.0 ms  (average mu = 0.993, current mu = 0.992) allocation failure; 
[6089:0x73fe720]    13473 ms: Scavenge 126.3 (144.9) -> 110.8 (145.1) MB, 0.6 / 0.0 ms  (average mu = 0.993, current mu = 0.992) allocation failure; 
[6089:0x73fe720]    13479 ms: Scavenge 126.4 (145.1) -> 110.8 (145.1) MB, 0.6 / 0.0 ms  (average mu = 0.993, current mu = 0.992) allocation failure; 
[6089:0x73fe720]    13486 ms: Scavenge 126.4 (145.1) -> 110.9 (145.1) MB, 0.6 / 0.0 ms  (average mu = 0.993, current mu = 0.992) allocation failure; 
[6089:0x73fe720]    13492 ms: Scavenge 126.4 (145.1) -> 110.9 (145.1) MB, 0.7 / 0.0 ms  (average mu = 0.993, current mu = 0.992) allocation failure; 
[6089:0x73fe720]    13501 ms: Scavenge 126.5 (145.1) -> 111.0 (145.1) MB, 0.6 / 0.0 ms  (average mu = 0.993, current mu = 0.992) allocation failure; 
[6089:0x73fe720]    13507 ms: Scavenge 126.5 (145.1) -> 111.0 (145.4) MB, 0.6 / 0.0 ms  (average mu = 0.993, current mu = 0.992) allocation failure; 
[6089:0x73fe720]    13513 ms: Scavenge 126.6 (145.4) -> 111.0 (145.4) MB, 0.6 / 0.0 ms  (average mu = 0.993, current mu = 0.992) allocation failure; 
[6089:0x73fe720]    13519 ms: Scavenge 126.6 (145.4) -> 111.1 (145.4) MB, 0.6 / 0.0 ms  (average mu = 0.993, current mu = 0.992) allocation failure; 
[6089:0x73fe720]    13525 ms: Scavenge 126.7 (145.4) -> 111.1 (145.4) MB, 0.6 / 0.0 ms  (average mu = 0.993, current mu = 0.992) allocation failure; 
[6089:0x73fe720]    13531 ms: Scavenge 126.7 (145.4) -> 111.2 (145.4) MB, 0.5 / 0.0 ms  (average mu = 0.993, current mu = 0.992) allocation failure; 
[6089:0x73fe720]    13537 ms: Scavenge 126.8 (145.4) -> 111.3 (145.6) MB, 0.6 / 0.0 ms  (average mu = 0.993, current mu = 0.992) allocation failure; 
[6089:0x73fe720]    13543 ms: Scavenge 126.8 (145.6) -> 111.3 (145.6) MB, 0.7 / 0.0 ms  (average mu = 0.993, current mu = 0.992) allocation failure; 
[6089:0x73fe720]    13549 ms: Scavenge 126.9 (145.6) -> 111.3 (145.6) MB, 0.5 / 0.0 ms  (average mu = 0.993, current mu = 0.992) allocation failure; 
[6089:0x73fe720]    13555 ms: Scavenge 126.9 (145.6) -> 111.4 (145.6) MB, 0.8 / 0.0 ms  (average mu = 0.993, current mu = 0.992) allocation failure; 
[6089:0x73fe720]    13561 ms: Scavenge 127.0 (145.6) -> 111.4 (145.6) MB, 0.7 / 0.0 ms  (average mu = 0.993, current mu = 0.992) allocation failure; 
[6089:0x73fe720]    13567 ms: Scavenge 127.0 (145.6) -> 111.5 (145.9) MB, 0.7 / 0.0 ms  (average mu = 0.993, current mu = 0.992) allocation failure; 
[6089:0x73fe720]    13574 ms: Scavenge 126.3 (145.9) -> 111.4 (145.9) MB, 0.6 / 0.0 ms  (average mu = 0.993, current mu = 0.992) task; 
[6089:0x73fe720]    13580 ms: Scavenge 127.1 (145.9) -> 111.6 (145.9) MB, 0.6 / 0.0 ms  (average mu = 0.993, current mu = 0.992) allocation failure; 
[6089:0x73fe720]    13587 ms: Scavenge 127.2 (145.9) -> 111.6 (145.9) MB, 0.7 / 0.0 ms  (average mu = 0.993, current mu = 0.992) allocation failure; 
[6089:0x73fe720]    13593 ms: Scavenge 127.2 (145.9) -> 111.7 (145.9) MB, 0.6 / 0.0 ms  (average mu = 0.993, current mu = 0.992) allocation failure; 
[6089:0x73fe720]    13599 ms: Scavenge 127.3 (145.9) -> 111.7 (146.1) MB, 0.7 / 0.0 ms  (average mu = 0.993, current mu = 0.992) allocation failure; 
[6089:0x73fe720]    13605 ms: Scavenge 127.3 (146.1) -> 111.8 (146.1) MB, 0.6 / 0.0 ms  (average mu = 0.993, current mu = 0.992) allocation failure; 
[6089:0x73fe720]    13611 ms: Scavenge 127.4 (146.1) -> 111.8 (146.1) MB, 0.5 / 0.0 ms  (average mu = 0.993, current mu = 0.992) allocation failure; 
[6089:0x73fe720]    13617 ms: Scavenge 127.4 (146.1) -> 111.9 (146.1) MB, 0.6 / 0.0 ms  (average mu = 0.993, current mu = 0.992) allocation failure; 
[6089:0x73fe720]    13623 ms: Scavenge 127.5 (146.1) -> 111.9 (146.1) MB, 0.6 / 0.0 ms  (average mu = 0.993, current mu = 0.992) allocation failure; 
[6089:0x73fe720]    13629 ms: Scavenge 127.5 (146.1) -> 112.0 (146.4) MB, 0.5 / 0.0 ms  (average mu = 0.993, current mu = 0.992) allocation failure; 
[6089:0x73fe720]    13635 ms: Scavenge 127.5 (146.4) -> 112.0 (146.4) MB, 0.7 / 0.0 ms  (average mu = 0.993, current mu = 0.992) allocation failure; 
[6089:0x73fe720]    13642 ms: Scavenge 127.6 (146.4) -> 112.1 (146.4) MB, 0.6 / 0.0 ms  (average mu = 0.993, current mu = 0.992) allocation failure; 
[6089:0x73fe720]    13648 ms: Scavenge 127.6 (146.4) -> 112.1 (146.4) MB, 0.6 / 0.0 ms  (average mu = 0.993, current mu = 0.992) allocation failure; 
[6089:0x73fe720]    13654 ms: Scavenge 127.7 (146.4) -> 112.1 (146.4) MB, 0.6 / 0.0 ms  (average mu = 0.993, current mu = 0.992) allocation failure; 
[6089:0x73fe720]    13660 ms: Scavenge 127.7 (146.4) -> 112.2 (146.6) MB, 0.6 / 0.0 ms  (average mu = 0.993, current mu = 0.992) allocation failure; 
[6089:0x73fe720]    13667 ms: Scavenge 127.8 (146.6) -> 112.2 (146.6) MB, 0.6 / 0.0 ms  (average mu = 0.993, current mu = 0.992) allocation failure; 
[6089:0x73fe720]    13673 ms: Scavenge 127.8 (146.6) -> 112.3 (146.6) MB, 0.6 / 0.0 ms  (average mu = 0.993, current mu = 0.992) allocation failure; 
[6089:0x73fe720]    13679 ms: Scavenge 127.9 (146.6) -> 112.3 (146.6) MB, 0.6 / 0.0 ms  (average mu = 0.993, current mu = 0.992) allocation failure; 
[6089:0x73fe720]    13685 ms: Scavenge 127.9 (146.6) -> 112.4 (146.6) MB, 0.5 / 0.0 ms  (average mu = 0.993, current mu = 0.992) allocation failure; 
[6089:0x73fe720]    13691 ms: Scavenge 128.0 (146.6) -> 112.4 (146.6) MB, 0.6 / 0.0 ms  (average mu = 0.993, current mu = 0.992) allocation failure; 
[6089:0x73fe720]    13697 ms: Scavenge 128.0 (146.6) -> 112.5 (146.9) MB, 0.6 / 0.0 ms  (average mu = 0.993, current mu = 0.992) allocation failure; 
[6089:0x73fe720]    13703 ms: Scavenge 128.1 (146.9) -> 112.5 (146.9) MB, 0.6 / 0.0 ms  (average mu = 0.993, current mu = 0.992) allocation failure; 
[6089:0x73fe720]    13709 ms: Scavenge 128.1 (146.9) -> 112.6 (146.9) MB, 0.5 / 0.0 ms  (average mu = 0.993, current mu = 0.992) allocation failure; 
[6089:0x73fe720]    13715 ms: Scavenge 128.2 (146.9) -> 112.6 (146.9) MB, 0.6 / 0.0 ms  (average mu = 0.993, current mu = 0.992) allocation failure; 
[6089:0x73fe720]    13721 ms: Scavenge 128.2 (146.9) -> 112.7 (146.9) MB, 0.6 / 0.0 ms  (average mu = 0.993, current mu = 0.992) allocation failure; 
[6089:0x73fe720]    13727 ms: Scavenge 128.3 (146.9) -> 112.7 (147.1) MB, 0.7 / 0.0 ms  (average mu = 0.993, current mu = 0.992) allocation failure; 
[6089:0x73fe720]    13733 ms: Scavenge 128.3 (147.1) -> 112.8 (147.1) MB, 0.5 / 0.0 ms  (average mu = 0.993, current mu = 0.992) allocation failure; 
[6089:0x73fe720]    13738 ms: Scavenge 128.4 (147.1) -> 112.8 (147.1) MB, 0.5 / 0.0 ms  (average mu = 0.993, current mu = 0.992) allocation failure; 
[6089:0x73fe720]    13744 ms: Scavenge 128.4 (147.1) -> 112.9 (147.1) MB, 0.6 / 0.0 ms  (average mu = 0.993, current mu = 0.992) allocation failure; 
[6089:0x73fe720]    13750 ms: Scavenge 128.5 (147.1) -> 112.9 (147.1) MB, 0.6 / 0.0 ms  (average mu = 0.993, current mu = 0.992) allocation failure; 
[6089:0x73fe720]    13756 ms: Scavenge 128.5 (147.1) -> 113.0 (147.4) MB, 0.5 / 0.0 ms  (average mu = 0.993, current mu = 0.992) allocation failure; 
[6089:0x73fe720]    13762 ms: Scavenge 128.6 (147.4) -> 113.0 (147.4) MB, 0.6 / 0.0 ms  (average mu = 0.993, current mu = 0.992) allocation failure; 
[6089:0x73fe720]    13768 ms: Scavenge 128.6 (147.4) -> 113.1 (147.4) MB, 0.6 / 0.0 ms  (average mu = 0.993, current mu = 0.992) allocation failure; 
[6089:0x73fe720]    13773 ms: Scavenge 128.6 (147.4) -> 113.1 (147.4) MB, 0.6 / 0.0 ms  (average mu = 0.993, current mu = 0.992) allocation failure; 
[6089:0x73fe720]    13779 ms: Scavenge 128.7 (147.4) -> 113.2 (147.6) MB, 0.6 / 0.0 ms  (average mu = 0.993, current mu = 0.992) allocation failure; 
[6089:0x73fe720]    13785 ms: Scavenge 128.7 (147.6) -> 113.2 (147.6) MB, 0.6 / 0.0 ms  (average mu = 0.993, current mu = 0.992) allocation failure; 
[6089:0x73fe720]    13791 ms: Scavenge 128.8 (147.6) -> 113.2 (147.6) MB, 0.6 / 0.0 ms  (average mu = 0.993, current mu = 0.992) allocation failure; 
[6089:0x73fe720]    13797 ms: Scavenge 128.8 (147.6) -> 113.3 (147.6) MB, 0.6 / 0.0 ms  (average mu = 0.993, current mu = 0.992) allocation failure; 
[6089:0x73fe720]    13803 ms: Scavenge 128.9 (147.6) -> 113.4 (147.6) MB, 0.5 / 0.0 ms  (average mu = 0.993, current mu = 0.992) allocation failure; 
[6089:0x73fe720]    13809 ms: Scavenge 128.9 (147.6) -> 113.4 (147.6) MB, 0.6 / 0.0 ms  (average mu = 0.993, current mu = 0.992) allocation failure; 
[6089:0x73fe720]    13815 ms: Scavenge 129.0 (147.6) -> 113.4 (147.9) MB, 0.6 / 0.0 ms  (average mu = 0.993, current mu = 0.992) allocation failure; 
[6089:0x73fe720]    13820 ms: Scavenge 129.0 (147.9) -> 113.5 (147.9) MB, 0.5 / 0.0 ms  (average mu = 0.993, current mu = 0.992) allocation failure; 
[6089:0x73fe720]    13826 ms: Scavenge 129.1 (147.9) -> 113.5 (147.9) MB, 0.6 / 0.0 ms  (average mu = 0.993, current mu = 0.992) allocation failure; 
[6089:0x73fe720]    13832 ms: Scavenge 129.1 (147.9) -> 113.6 (147.9) MB, 0.6 / 0.0 ms  (average mu = 0.993, current mu = 0.992) allocation failure; 
[6089:0x73fe720]    13838 ms: Scavenge 129.2 (147.9) -> 113.6 (147.9) MB, 0.6 / 0.0 ms  (average mu = 0.993, current mu = 0.992) allocation failure; 
[6089:0x73fe720]    13844 ms: Scavenge 129.2 (147.9) -> 113.7 (148.1) MB, 0.6 / 0.0 ms  (average mu = 0.993, current mu = 0.992) allocation failure; 
[6089:0x73fe720]    13850 ms: Scavenge 129.3 (148.1) -> 113.7 (148.1) MB, 0.6 / 0.0 ms  (average mu = 0.993, current mu = 0.992) allocation failure; 
[6089:0x73fe720]    13856 ms: Scavenge 129.3 (148.1) -> 113.8 (148.1) MB, 0.7 / 0.0 ms  (average mu = 0.993, current mu = 0.992) allocation failure; 
[6089:0x73fe720]    13862 ms: Scavenge 129.4 (148.1) -> 113.8 (148.1) MB, 0.6 / 0.0 ms  (average mu = 0.993, current mu = 0.992) allocation failure; 
[6089:0x73fe720]    13868 ms: Scavenge 129.4 (148.1) -> 113.9 (148.1) MB, 0.5 / 0.0 ms  (average mu = 0.993, current mu = 0.992) allocation failure; 
[6089:0x73fe720]    13874 ms: Scavenge 129.5 (148.1) -> 113.9 (148.4) MB, 0.6 / 0.0 ms  (average mu = 0.993, current mu = 0.992) allocation failure; 
[6089:0x73fe720]    13880 ms: Scavenge 129.5 (148.4) -> 114.0 (148.4) MB, 0.8 / 0.0 ms  (average mu = 0.993, current mu = 0.992) allocation failure; 
[6089:0x73fe720]    13886 ms: Scavenge 129.6 (148.4) -> 114.0 (148.4) MB, 0.6 / 0.0 ms  (average mu = 0.993, current mu = 0.992) allocation failure; 
[6089:0x73fe720]    13892 ms: Scavenge 129.6 (148.4) -> 114.1 (148.6) MB, 0.7 / 0.0 ms  (average mu = 0.993, current mu = 0.992) allocation failure; 
[6089:0x73fe720]    13897 ms: Scavenge 129.7 (148.6) -> 114.1 (148.6) MB, 0.6 / 0.0 ms  (average mu = 0.993, current mu = 0.992) allocation failure; 
[6089:0x73fe720]    13903 ms: Scavenge 129.7 (148.6) -> 114.2 (148.6) MB, 0.6 / 0.0 ms  (average mu = 0.993, current mu = 0.992) allocation failure; 
[6089:0x73fe720]    13909 ms: Scavenge 129.7 (148.6) -> 114.2 (148.6) MB, 0.6 / 0.0 ms  (average mu = 0.993, current mu = 0.992) allocation failure; 
[6089:0x73fe720]    13915 ms: Scavenge 129.8 (148.6) -> 114.3 (148.6) MB, 0.6 / 0.0 ms  (average mu = 0.993, current mu = 0.992) allocation failure; 
[6089:0x73fe720]    13921 ms: Scavenge 129.8 (148.6) -> 114.3 (148.6) MB, 0.5 / 0.0 ms  (average mu = 0.993, current mu = 0.992) allocation failure; 
[6089:0x73fe720]    13927 ms: Scavenge 129.9 (148.6) -> 114.3 (148.6) MB, 0.6 / 0.0 ms  (average mu = 0.993, current mu = 0.992) allocation failure; 
[6089:0x73fe720]    13933 ms: Scavenge 129.9 (148.6) -> 114.4 (148.6) MB, 0.6 / 0.0 ms  (average mu = 0.993, current mu = 0.992) allocation failure; 
[6089:0x73fe720]    13939 ms: Scavenge 130.0 (148.6) -> 114.5 (148.9) MB, 0.5 / 0.0 ms  (average mu = 0.993, current mu = 0.992) allocation failure; 
[6089:0x73fe720]    13945 ms: Scavenge 130.0 (148.9) -> 114.5 (148.9) MB, 0.5 / 0.0 ms  (average mu = 0.993, current mu = 0.992) allocation failure; 
[6089:0x73fe720]    13951 ms: Scavenge 130.1 (148.9) -> 114.5 (148.9) MB, 0.6 / 0.0 ms  (average mu = 0.993, current mu = 0.992) allocation failure; 
[6089:0x73fe720]    13957 ms: Scavenge 130.1 (148.9) -> 114.6 (148.9) MB, 0.6 / 0.0 ms  (average mu = 0.993, current mu = 0.992) allocation failure; 
[6089:0x73fe720]    13962 ms: Scavenge 130.2 (148.9) -> 114.6 (148.9) MB, 0.6 / 0.0 ms  (average mu = 0.993, current mu = 0.992) allocation failure; 
[6089:0x73fe720]    13968 ms: Scavenge 130.2 (148.9) -> 114.7 (149.1) MB, 0.6 / 0.0 ms  (average mu = 0.993, current mu = 0.992) allocation failure; 
[6089:0x73fe720]    13974 ms: Scavenge 130.3 (149.1) -> 114.7 (149.1) MB, 0.6 / 0.0 ms  (average mu = 0.993, current mu = 0.992) allocation failure; 
[6089:0x73fe720]    13980 ms: Scavenge 130.3 (149.1) -> 114.8 (149.1) MB, 0.5 / 0.0 ms  (average mu = 0.993, current mu = 0.992) allocation failure; 
[6089:0x73fe720]    13986 ms: Scavenge 130.4 (149.1) -> 114.8 (149.1) MB, 0.6 / 0.0 ms  (average mu = 0.993, current mu = 0.992) allocation failure; 
[6089:0x73fe720]    13992 ms: Scavenge 130.4 (149.1) -> 114.9 (149.1) MB, 0.7 / 0.0 ms  (average mu = 0.993, current mu = 0.992) allocation failure; 
[6089:0x73fe720]    13998 ms: Scavenge 130.5 (149.1) -> 114.9 (149.4) MB, 0.7 / 0.0 ms  (average mu = 0.993, current mu = 0.992) allocation failure; 
[6089:0x73fe720]    14005 ms: Scavenge 130.5 (149.4) -> 115.0 (149.4) MB, 0.6 / 0.0 ms  (average mu = 0.993, current mu = 0.992) allocation failure; 
[6089:0x73fe720]    14011 ms: Scavenge 130.6 (149.4) -> 115.0 (149.4) MB, 0.7 / 0.0 ms  (average mu = 0.993, current mu = 0.992) allocation failure; 
[6089:0x73fe720]    14018 ms: Scavenge 130.6 (149.4) -> 115.1 (149.4) MB, 0.6 / 0.0 ms  (average mu = 0.993, current mu = 0.992) allocation failure; 
[6089:0x73fe720]    14024 ms: Scavenge 130.7 (149.4) -> 115.1 (149.4) MB, 0.6 / 0.0 ms  (average mu = 0.993, current mu = 0.992) allocation failure; 
[6089:0x73fe720]    14030 ms: Scavenge 130.7 (149.4) -> 115.2 (149.6) MB, 0.6 / 0.0 ms  (average mu = 0.993, current mu = 0.992) allocation failure; 
[6089:0x73fe720]    14036 ms: Scavenge 130.8 (149.6) -> 115.2 (149.6) MB, 0.6 / 0.0 ms  (average mu = 0.993, current mu = 0.992) allocation failure; 
[6089:0x73fe720]    14043 ms: Scavenge 130.8 (149.6) -> 115.3 (149.6) MB, 0.6 / 0.0 ms  (average mu = 0.993, current mu = 0.992) allocation failure; 
[6089:0x73fe720]    14049 ms: Scavenge 130.8 (149.6) -> 115.3 (149.6) MB, 0.6 / 0.0 ms  (average mu = 0.993, current mu = 0.992) allocation failure; 
[6089:0x73fe720]    14055 ms: Scavenge 130.9 (149.6) -> 115.4 (149.6) MB, 0.5 / 0.0 ms  (average mu = 0.993, current mu = 0.992) allocation failure; 
[6089:0x73fe720]    14061 ms: Scavenge 130.9 (149.6) -> 115.4 (149.9) MB, 0.7 / 0.0 ms  (average mu = 0.993, current mu = 0.992) allocation failure; 
[6089:0x73fe720]    14067 ms: Scavenge 131.0 (149.9) -> 115.4 (149.9) MB, 0.6 / 0.0 ms  (average mu = 0.993, current mu = 0.992) allocation failure; 
[6089:0x73fe720]    14073 ms: Scavenge 131.0 (149.9) -> 115.5 (149.9) MB, 0.6 / 0.0 ms  (average mu = 0.993, current mu = 0.992) allocation failure; 
[6089:0x73fe720]    14079 ms: Scavenge 131.1 (149.9) -> 115.6 (149.9) MB, 0.5 / 0.0 ms  (average mu = 0.993, current mu = 0.992) allocation failure; 
[6089:0x73fe720]    14085 ms: Scavenge 131.1 (149.9) -> 115.6 (149.9) MB, 0.6 / 0.0 ms  (average mu = 0.993, current mu = 0.992) allocation failure; 
[6089:0x73fe720]    14091 ms: Scavenge 131.2 (149.9) -> 115.6 (150.1) MB, 0.6 / 0.0 ms  (average mu = 0.993, current mu = 0.992) allocation failure; 
[6089:0x73fe720]    14097 ms: Scavenge 131.2 (150.1) -> 115.7 (150.1) MB, 0.6 / 0.0 ms  (average mu = 0.993, current mu = 0.992) allocation failure; 
[6089:0x73fe720]    14102 ms: Scavenge 131.3 (150.1) -> 115.7 (150.1) MB, 0.5 / 0.0 ms  (average mu = 0.993, current mu = 0.992) allocation failure; 
[6089:0x73fe720]    14108 ms: Scavenge 131.3 (150.1) -> 115.8 (150.1) MB, 0.7 / 0.0 ms  (average mu = 0.993, current mu = 0.992) allocation failure; 
[6089:0x73fe720]    14114 ms: Scavenge 131.4 (150.1) -> 115.8 (150.1) MB, 0.6 / 0.0 ms  (average mu = 0.993, current mu = 0.992) allocation failure; 
[6089:0x73fe720]    14120 ms: Scavenge 131.4 (150.1) -> 115.9 (150.4) MB, 0.5 / 0.0 ms  (average mu = 0.993, current mu = 0.992) allocation failure; 
[6089:0x73fe720]    14126 ms: Scavenge 131.5 (150.4) -> 115.9 (150.4) MB, 0.6 / 0.0 ms  (average mu = 0.993, current mu = 0.992) allocation failure; 
[6089:0x73fe720]    14132 ms: Scavenge 131.5 (150.4) -> 116.0 (150.4) MB, 0.8 / 0.0 ms  (average mu = 0.993, current mu = 0.992) allocation failure; 
[6089:0x73fe720]    14139 ms: Scavenge 131.6 (150.4) -> 116.0 (150.4) MB, 0.7 / 0.0 ms  (average mu = 0.993, current mu = 0.992) allocation failure; 
[6089:0x73fe720]    14145 ms: Scavenge 131.6 (150.4) -> 116.1 (150.4) MB, 0.6 / 0.0 ms  (average mu = 0.993, current mu = 0.992) allocation failure; 
[6089:0x73fe720]    14151 ms: Scavenge 131.7 (150.4) -> 116.1 (150.4) MB, 1.0 / 0.0 ms  (average mu = 0.993, current mu = 0.992) allocation failure; 
[6089:0x73fe720]    14158 ms: Scavenge 131.7 (150.4) -> 116.2 (150.6) MB, 0.7 / 0.0 ms  (average mu = 0.993, current mu = 0.992) allocation failure; 
[6089:0x73fe720]    14165 ms: Scavenge 131.8 (150.6) -> 116.2 (150.6) MB, 0.7 / 0.0 ms  (average mu = 0.993, current mu = 0.992) allocation failure; 
[6089:0x73fe720]    14171 ms: Scavenge 131.8 (150.6) -> 116.3 (150.6) MB, 0.6 / 0.0 ms  (average mu = 0.993, current mu = 0.992) allocation failure; 
[6089:0x73fe720]    14177 ms: Scavenge 131.9 (150.6) -> 116.3 (150.6) MB, 0.6 / 0.0 ms  (average mu = 0.993, current mu = 0.992) allocation failure; 
[6089:0x73fe720]    14183 ms: Scavenge 131.9 (150.6) -> 116.4 (150.6) MB, 0.6 / 0.0 ms  (average mu = 0.993, current mu = 0.992) allocation failure; 
[6089:0x73fe720]    14189 ms: Scavenge 131.9 (150.6) -> 116.4 (150.9) MB, 0.6 / 0.0 ms  (average mu = 0.993, current mu = 0.992) allocation failure; 
[6089:0x73fe720]    14195 ms: Scavenge 132.0 (150.9) -> 116.5 (150.9) MB, 0.6 / 0.0 ms  (average mu = 0.993, current mu = 0.992) allocation failure; 
[6089:0x73fe720]    14201 ms: Scavenge 132.0 (150.9) -> 116.5 (150.9) MB, 0.6 / 0.0 ms  (average mu = 0.993, current mu = 0.992) allocation failure; 
[6089:0x73fe720]    14206 ms: Scavenge 132.1 (150.9) -> 116.5 (150.9) MB, 0.6 / 0.0 ms  (average mu = 0.993, current mu = 0.992) allocation failure; 
[6089:0x73fe720]    14213 ms: Scavenge 132.2 (150.9) -> 116.7 (151.1) MB, 0.8 / 0.0 ms  (average mu = 0.993, current mu = 0.992) allocation failure; 
[6089:0x73fe720]    14219 ms: Scavenge 132.3 (151.1) -> 116.7 (151.1) MB, 0.6 / 0.0 ms  (average mu = 0.993, current mu = 0.992) allocation failure; 
[6089:0x73fe720]    14224 ms: Scavenge 132.3 (151.1) -> 116.8 (151.1) MB, 0.6 / 0.0 ms  (average mu = 0.993, current mu = 0.992) allocation failure; 
[6089:0x73fe720]    14230 ms: Scavenge 132.4 (151.1) -> 116.8 (151.1) MB, 0.6 / 0.0 ms  (average mu = 0.993, current mu = 0.992) allocation failure; 
[6089:0x73fe720]    14236 ms: Scavenge 132.4 (151.1) -> 116.9 (151.1) MB, 0.6 / 0.0 ms  (average mu = 0.993, current mu = 0.992) allocation failure; 
[6089:0x73fe720]    14243 ms: Scavenge 132.4 (151.1) -> 116.9 (151.4) MB, 0.6 / 0.0 ms  (average mu = 0.993, current mu = 0.992) allocation failure; 
[6089:0x73fe720]    14249 ms: Scavenge 132.5 (151.4) -> 117.0 (151.4) MB, 0.6 / 0.0 ms  (average mu = 0.993, current mu = 0.992) allocation failure; 
[6089:0x73fe720]    14255 ms: Scavenge 132.5 (151.4) -> 117.0 (151.4) MB, 0.5 / 0.0 ms  (average mu = 0.993, current mu = 0.992) allocation failure; 
[6089:0x73fe720]    14261 ms: Scavenge 132.6 (151.4) -> 117.0 (151.4) MB, 0.6 / 0.0 ms  (average mu = 0.993, current mu = 0.992) allocation failure; 
[6089:0x73fe720]    14267 ms: Scavenge 132.6 (151.4) -> 117.1 (151.4) MB, 0.6 / 0.0 ms  (average mu = 0.993, current mu = 0.992) allocation failure; 
[6089:0x73fe720]    14273 ms: Scavenge 132.7 (151.4) -> 117.1 (151.6) MB, 0.6 / 0.0 ms  (average mu = 0.993, current mu = 0.992) allocation failure; 
[6089:0x73fe720]    14279 ms: Scavenge 132.7 (151.6) -> 117.2 (151.6) MB, 0.6 / 0.0 ms  (average mu = 0.993, current mu = 0.992) allocation failure; 
[6089:0x73fe720]    14285 ms: Scavenge 132.8 (151.6) -> 117.2 (151.6) MB, 0.6 / 0.0 ms  (average mu = 0.993, current mu = 0.992) allocation failure; 
[6089:0x73fe720]    14291 ms: Scavenge 132.8 (151.6) -> 117.3 (151.6) MB, 0.6 / 0.0 ms  (average mu = 0.993, current mu = 0.992) allocation failure; 
[6089:0x73fe720]    14297 ms: Scavenge 132.9 (151.6) -> 117.3 (151.6) MB, 0.6 / 0.0 ms  (average mu = 0.993, current mu = 0.992) allocation failure; 
[6089:0x73fe720]    14302 ms: Scavenge 132.9 (151.6) -> 117.4 (151.9) MB, 0.6 / 0.0 ms  (average mu = 0.993, current mu = 0.992) allocation failure; 
[6089:0x73fe720]    14308 ms: Scavenge 133.0 (151.9) -> 117.4 (151.9) MB, 0.6 / 0.0 ms  (average mu = 0.993, current mu = 0.992) allocation failure; 
[6089:0x73fe720]    14314 ms: Scavenge 133.0 (151.9) -> 117.5 (151.9) MB, 0.6 / 0.0 ms  (average mu = 0.993, current mu = 0.992) allocation failure; 
[6089:0x73fe720]    14320 ms: Scavenge 133.1 (151.9) -> 117.5 (151.9) MB, 0.6 / 0.0 ms  (average mu = 0.993, current mu = 0.992) allocation failure; 
[6089:0x73fe720]    14326 ms: Scavenge 133.1 (151.9) -> 117.6 (151.9) MB, 0.6 / 0.0 ms  (average mu = 0.993, current mu = 0.992) allocation failure; 
[6089:0x73fe720]    14332 ms: Scavenge 133.2 (151.9) -> 117.6 (152.1) MB, 0.7 / 0.0 ms  (average mu = 0.993, current mu = 0.992) allocation failure; 
[6089:0x73fe720]    14339 ms: Scavenge 133.2 (152.1) -> 117.7 (152.1) MB, 0.7 / 0.0 ms  (average mu = 0.993, current mu = 0.992) allocation failure; 
[6089:0x73fe720]    14345 ms: Scavenge 133.3 (152.1) -> 117.7 (152.1) MB, 0.7 / 0.0 ms  (average mu = 0.993, current mu = 0.992) allocation failure; 
[6089:0x73fe720]    14351 ms: Scavenge 133.3 (152.1) -> 117.8 (152.1) MB, 0.7 / 0.0 ms  (average mu = 0.993, current mu = 0.992) allocation failure; 
[6089:0x73fe720]    14358 ms: Scavenge 133.4 (152.1) -> 117.8 (152.1) MB, 0.7 / 0.0 ms  (average mu = 0.993, current mu = 0.992) allocation failure; 
[6089:0x73fe720]    14365 ms: Scavenge 133.4 (152.1) -> 117.9 (152.4) MB, 0.7 / 0.0 ms  (average mu = 0.993, current mu = 0.992) allocation failure; 
[6089:0x73fe720]    14371 ms: Scavenge 133.5 (152.4) -> 117.9 (152.4) MB, 0.6 / 0.0 ms  (average mu = 0.993, current mu = 0.992) allocation failure; 
[6089:0x73fe720]    14377 ms: Scavenge 133.5 (152.4) -> 118.0 (152.4) MB, 0.6 / 0.0 ms  (average mu = 0.993, current mu = 0.992) allocation failure; 
[6089:0x73fe720]    14384 ms: Scavenge 133.5 (152.4) -> 118.0 (152.4) MB, 0.6 / 0.0 ms  (average mu = 0.993, current mu = 0.992) allocation failure; 
[6089:0x73fe720]    14390 ms: Scavenge 133.6 (152.4) -> 118.1 (152.4) MB, 0.6 / 0.0 ms  (average mu = 0.993, current mu = 0.992) allocation failure; 
[6089:0x73fe720]    14397 ms: Scavenge 133.6 (152.4) -> 118.1 (152.6) MB, 0.6 / 0.0 ms  (average mu = 0.993, current mu = 0.992) allocation failure; 
[6089:0x73fe720]    14403 ms: Scavenge 133.7 (152.6) -> 118.1 (152.6) MB, 0.6 / 0.0 ms  (average mu = 0.993, current mu = 0.992) allocation failure; 
[6089:0x73fe720]    14409 ms: Scavenge 133.7 (152.6) -> 118.2 (152.6) MB, 0.6 / 0.0 ms  (average mu = 0.993, current mu = 0.992) allocation failure; 
[6089:0x73fe720]    14414 ms: Scavenge 133.8 (152.6) -> 118.2 (152.6) MB, 0.6 / 0.0 ms  (average mu = 0.993, current mu = 0.992) allocation failure; 
[6089:0x73fe720]    14420 ms: Scavenge 133.8 (152.6) -> 118.3 (152.6) MB, 0.6 / 0.0 ms  (average mu = 0.993, current mu = 0.992) allocation failure; 
[6089:0x73fe720]    14426 ms: Scavenge 133.9 (152.6) -> 118.3 (152.9) MB, 0.5 / 0.0 ms  (average mu = 0.993, current mu = 0.992) allocation failure; 
[6089:0x73fe720]    14432 ms: Scavenge 133.9 (152.9) -> 118.4 (152.9) MB, 0.6 / 0.0 ms  (average mu = 0.993, current mu = 0.992) allocation failure; 
[6089:0x73fe720]    14438 ms: Scavenge 134.0 (152.9) -> 118.4 (152.9) MB, 0.6 / 0.0 ms  (average mu = 0.993, current mu = 0.992) allocation failure; 
[6089:0x73fe720]    14444 ms: Scavenge 134.0 (152.9) -> 118.5 (153.1) MB, 0.6 / 0.0 ms  (average mu = 0.993, current mu = 0.992) allocation failure; 
[6089:0x73fe720]    14450 ms: Scavenge 134.1 (153.1) -> 118.5 (153.1) MB, 0.6 / 0.0 ms  (average mu = 0.993, current mu = 0.992) allocation failure; 
[6089:0x73fe720]    14456 ms: Scavenge 134.1 (153.1) -> 118.6 (153.1) MB, 0.6 / 0.0 ms  (average mu = 0.993, current mu = 0.992) allocation failure; 
[6089:0x73fe720]    14462 ms: Scavenge 134.2 (153.1) -> 118.6 (153.1) MB, 0.6 / 0.0 ms  (average mu = 0.993, current mu = 0.992) allocation failure; 
[6089:0x73fe720]    14468 ms: Scavenge 134.2 (153.1) -> 118.7 (153.1) MB, 0.6 / 0.0 ms  (average mu = 0.993, current mu = 0.992) allocation failure; 
[6089:0x73fe720]    14474 ms: Scavenge 134.3 (153.1) -> 118.7 (153.1) MB, 0.5 / 0.0 ms  (average mu = 0.993, current mu = 0.992) allocation failure; 
[6089:0x73fe720]    14479 ms: Scavenge 134.3 (153.1) -> 118.8 (153.1) MB, 0.6 / 0.0 ms  (average mu = 0.993, current mu = 0.992) allocation failure; 
[6089:0x73fe720]    14485 ms: Scavenge 134.4 (153.1) -> 118.8 (153.1) MB, 0.6 / 0.0 ms  (average mu = 0.993, current mu = 0.992) allocation failure; 
[6089:0x73fe720]    14491 ms: Scavenge 134.4 (153.1) -> 118.9 (153.4) MB, 0.5 / 0.0 ms  (average mu = 0.993, current mu = 0.992) allocation failure; 
[6089:0x73fe720]    14497 ms: Scavenge 134.5 (153.4) -> 118.9 (153.4) MB, 0.6 / 0.0 ms  (average mu = 0.993, current mu = 0.992) allocation failure; 
[6089:0x73fe720]    14503 ms: Scavenge 134.5 (153.4) -> 119.0 (153.4) MB, 0.6 / 0.0 ms  (average mu = 0.993, current mu = 0.992) allocation failure; 
[6089:0x73fe720]    14509 ms: Scavenge 134.6 (153.4) -> 119.0 (153.4) MB, 0.6 / 0.0 ms  (average mu = 0.993, current mu = 0.992) allocation failure; 
[6089:0x73fe720]    14515 ms: Scavenge 134.6 (153.4) -> 119.1 (153.4) MB, 0.6 / 0.0 ms  (average mu = 0.993, current mu = 0.992) allocation failure; 
[6089:0x73fe720]    14521 ms: Scavenge 134.6 (153.4) -> 119.1 (153.6) MB, 0.5 / 0.0 ms  (average mu = 0.993, current mu = 0.992) allocation failure; 
[6089:0x73fe720]    14527 ms: Scavenge 134.7 (153.6) -> 119.2 (153.6) MB, 0.6 / 0.0 ms  (average mu = 0.993, current mu = 0.992) allocation failure; 
[6089:0x73fe720]    14533 ms: Scavenge 134.7 (153.6) -> 119.2 (153.6) MB, 0.6 / 0.0 ms  (average mu = 0.993, current mu = 0.992) allocation failure; 
[6089:0x73fe720]    14539 ms: Scavenge 134.8 (153.6) -> 119.3 (153.6) MB, 0.6 / 0.0 ms  (average mu = 0.993, current mu = 0.992) allocation failure; 
[6089:0x73fe720]    14544 ms: Scavenge 134.8 (153.6) -> 119.3 (153.6) MB, 0.6 / 0.0 ms  (average mu = 0.993, current mu = 0.992) allocation failure; 
[6089:0x73fe720]    14550 ms: Scavenge 134.9 (153.6) -> 119.3 (153.9) MB, 0.6 / 0.0 ms  (average mu = 0.993, current mu = 0.992) allocation failure; 
[6089:0x73fe720]    14556 ms: Scavenge 134.9 (153.9) -> 119.4 (153.9) MB, 0.6 / 0.0 ms  (average mu = 0.993, current mu = 0.992) allocation failure; 
[6089:0x73fe720]    14562 ms: Scavenge 135.0 (153.9) -> 119.4 (153.9) MB, 0.5 / 0.0 ms  (average mu = 0.993, current mu = 0.992) allocation failure; 
[6089:0x73fe720]    14568 ms: Scavenge 135.0 (153.9) -> 119.5 (153.9) MB, 0.6 / 0.0 ms  (average mu = 0.993, current mu = 0.992) allocation failure; 
[6089:0x73fe720]    14574 ms: Scavenge 135.1 (153.9) -> 119.5 (153.9) MB, 0.6 / 0.0 ms  (average mu = 0.993, current mu = 0.992) allocation failure; 
[6089:0x73fe720]    14580 ms: Scavenge 135.1 (153.9) -> 119.6 (154.1) MB, 0.6 / 0.0 ms  (average mu = 0.993, current mu = 0.992) allocation failure; 
[6089:0x73fe720]    14586 ms: Scavenge 135.2 (154.1) -> 119.6 (154.1) MB, 0.6 / 0.0 ms  (average mu = 0.993, current mu = 0.992) allocation failure; 
[6089:0x73fe720]    14592 ms: Scavenge 135.2 (154.1) -> 119.7 (154.1) MB, 0.7 / 0.0 ms  (average mu = 0.993, current mu = 0.992) allocation failure; 
[6089:0x73fe720]    14598 ms: Scavenge 135.3 (154.1) -> 119.7 (154.1) MB, 0.7 / 0.0 ms  (average mu = 0.993, current mu = 0.992) allocation failure; 
[6089:0x73fe720]    14604 ms: Scavenge 135.3 (154.1) -> 119.8 (154.1) MB, 0.6 / 0.0 ms  (average mu = 0.993, current mu = 0.992) allocation failure; 
[6089:0x73fe720]    14610 ms: Scavenge 135.4 (154.1) -> 119.8 (154.4) MB, 0.6 / 0.0 ms  (average mu = 0.993, current mu = 0.992) allocation failure; 
[6089:0x73fe720]    14615 ms: Scavenge 135.4 (154.4) -> 119.9 (154.4) MB, 0.6 / 0.0 ms  (average mu = 0.993, current mu = 0.992) allocation failure; 
[6089:0x73fe720]    14621 ms: Scavenge 135.5 (154.4) -> 119.9 (154.4) MB, 0.6 / 0.0 ms  (average mu = 0.993, current mu = 0.992) allocation failure; 
[6089:0x73fe720]    14627 ms: Scavenge 135.5 (154.4) -> 120.0 (154.4) MB, 0.6 / 0.0 ms  (average mu = 0.993, current mu = 0.992) allocation failure; 
[6089:0x73fe720]    14633 ms: Scavenge 135.6 (154.4) -> 120.0 (154.4) MB, 0.9 / 0.0 ms  (average mu = 0.993, current mu = 0.992) allocation failure; 
[6089:0x73fe720]    14639 ms: Scavenge 135.6 (154.4) -> 120.1 (154.6) MB, 0.6 / 0.0 ms  (average mu = 0.993, current mu = 0.992) allocation failure; 
[6089:0x73fe720]    14645 ms: Scavenge 135.7 (154.6) -> 120.1 (154.6) MB, 0.6 / 0.0 ms  (average mu = 0.993, current mu = 0.992) allocation failure; 
[6089:0x73fe720]    14651 ms: Scavenge 135.7 (154.6) -> 120.2 (154.6) MB, 0.5 / 0.0 ms  (average mu = 0.993, current mu = 0.992) allocation failure; 
[6089:0x73fe720]    14657 ms: Scavenge 135.7 (154.6) -> 120.2 (154.6) MB, 0.7 / 0.0 ms  (average mu = 0.993, current mu = 0.992) allocation failure; 
[6089:0x73fe720]    14663 ms: Scavenge 135.8 (154.6) -> 120.3 (154.6) MB, 0.5 / 0.0 ms  (average mu = 0.993, current mu = 0.992) allocation failure; 
[6089:0x73fe720]    14670 ms: Scavenge 135.8 (154.6) -> 120.3 (154.6) MB, 0.7 / 0.0 ms  (average mu = 0.993, current mu = 0.992) allocation failure; 
[6089:0x73fe720]    14676 ms: Scavenge 135.9 (154.6) -> 120.3 (154.9) MB, 0.6 / 0.0 ms  (average mu = 0.993, current mu = 0.992) allocation failure; 
[6089:0x73fe720]    14681 ms: Scavenge 135.9 (154.9) -> 120.4 (154.9) MB, 0.6 / 0.0 ms  (average mu = 0.993, current mu = 0.992) allocation failure; 
[6089:0x73fe720]    14687 ms: Scavenge 136.0 (154.9) -> 120.4 (154.9) MB, 0.6 / 0.0 ms  (average mu = 0.993, current mu = 0.992) allocation failure; 
[6089:0x73fe720]    14693 ms: Scavenge 136.0 (154.9) -> 120.5 (154.9) MB, 0.6 / 0.0 ms  (average mu = 0.993, current mu = 0.992) allocation failure; 
[6089:0x73fe720]    14699 ms: Scavenge 136.1 (154.9) -> 120.5 (154.9) MB, 0.6 / 0.0 ms  (average mu = 0.993, current mu = 0.992) allocation failure; 
[6089:0x73fe720]    14705 ms: Scavenge 136.1 (154.9) -> 120.6 (155.1) MB, 0.6 / 0.0 ms  (average mu = 0.993, current mu = 0.992) allocation failure; 
[6089:0x73fe720]    14711 ms: Scavenge 136.2 (155.1) -> 120.6 (155.1) MB, 0.6 / 0.0 ms  (average mu = 0.993, current mu = 0.992) allocation failure; 
[6089:0x73fe720]    14717 ms: Scavenge 136.2 (155.1) -> 120.7 (155.1) MB, 0.6 / 0.0 ms  (average mu = 0.993, current mu = 0.992) allocation failure; 
[6089:0x73fe720]    14723 ms: Scavenge 136.3 (155.1) -> 120.7 (155.1) MB, 0.6 / 0.0 ms  (average mu = 0.993, current mu = 0.992) allocation failure; 
[6089:0x73fe720]    14729 ms: Scavenge 136.3 (155.1) -> 120.8 (155.1) MB, 0.6 / 0.0 ms  (average mu = 0.993, current mu = 0.992) allocation failure; 
[6089:0x73fe720]    14735 ms: Scavenge 136.4 (155.1) -> 120.8 (155.4) MB, 0.7 / 0.0 ms  (average mu = 0.993, current mu = 0.992) allocation failure; 
[6089:0x73fe720]    14742 ms: Scavenge 136.4 (155.4) -> 120.9 (155.4) MB, 0.9 / 0.0 ms  (average mu = 0.993, current mu = 0.992) allocation failure; 
[6089:0x73fe720]    14751 ms: Scavenge 136.5 (155.4) -> 120.9 (155.4) MB, 0.9 / 0.0 ms  (average mu = 0.993, current mu = 0.992) allocation failure; 
[6089:0x73fe720]    14760 ms: Scavenge 136.5 (155.4) -> 121.0 (155.4) MB, 0.7 / 0.0 ms  (average mu = 0.993, current mu = 0.992) allocation failure; 
[6089:0x73fe720]    14767 ms: Scavenge 136.6 (155.4) -> 121.0 (155.4) MB, 0.8 / 0.0 ms  (average mu = 0.993, current mu = 0.992) allocation failure; 
[6089:0x73fe720]    14774 ms: Scavenge 136.6 (155.4) -> 121.1 (155.6) MB, 0.7 / 0.0 ms  (average mu = 0.993, current mu = 0.992) allocation failure; 
[6089:0x73fe720]    14780 ms: Scavenge 136.7 (155.6) -> 121.1 (155.6) MB, 0.6 / 0.0 ms  (average mu = 0.993, current mu = 0.992) allocation failure; 
[6089:0x73fe720]    14787 ms: Scavenge 136.7 (155.6) -> 121.2 (155.6) MB, 0.6 / 0.0 ms  (average mu = 0.993, current mu = 0.992) allocation failure; 
[6089:0x73fe720]    14794 ms: Scavenge 136.8 (155.6) -> 121.2 (155.6) MB, 0.6 / 0.0 ms  (average mu = 0.993, current mu = 0.992) allocation failure; 
[6089:0x73fe720]    14800 ms: Scavenge 136.8 (155.6) -> 121.3 (155.6) MB, 0.6 / 0.0 ms  (average mu = 0.993, current mu = 0.992) allocation failure; 
[6089:0x73fe720]    14806 ms: Scavenge 136.8 (155.6) -> 121.3 (155.9) MB, 0.7 / 0.0 ms  (average mu = 0.993, current mu = 0.992) allocation failure; 
[6089:0x73fe720]    14812 ms: Scavenge 136.9 (155.9) -> 121.4 (155.9) MB, 0.6 / 0.0 ms  (average mu = 0.993, current mu = 0.992) allocation failure; 
[6089:0x73fe720]    14818 ms: Scavenge 136.9 (155.9) -> 121.4 (155.9) MB, 0.6 / 0.0 ms  (average mu = 0.993, current mu = 0.992) allocation failure; 
[6089:0x73fe720]    14824 ms: Scavenge 137.0 (155.9) -> 121.4 (155.9) MB, 0.6 / 0.0 ms  (average mu = 0.993, current mu = 0.992) allocation failure; 
[6089:0x73fe720]    14830 ms: Scavenge 137.0 (155.9) -> 121.5 (155.9) MB, 0.6 / 0.0 ms  (average mu = 0.993, current mu = 0.992) allocation failure; 
[6089:0x73fe720]    14836 ms: Scavenge 137.1 (155.9) -> 121.5 (156.1) MB, 0.6 / 0.0 ms  (average mu = 0.993, current mu = 0.992) allocation failure; 
[6089:0x73fe720]    14842 ms: Scavenge 137.1 (156.1) -> 121.6 (156.1) MB, 0.6 / 0.0 ms  (average mu = 0.993, current mu = 0.992) allocation failure; 
[6089:0x73fe720]    14848 ms: Scavenge 137.2 (156.1) -> 121.6 (156.1) MB, 0.6 / 0.0 ms  (average mu = 0.993, current mu = 0.992) allocation failure; 
[6089:0x73fe720]    14854 ms: Scavenge 137.2 (156.1) -> 121.7 (156.1) MB, 0.6 / 0.0 ms  (average mu = 0.993, current mu = 0.992) allocation failure; 
[6089:0x73fe720]    14860 ms: Scavenge 137.3 (156.1) -> 121.7 (156.1) MB, 0.6 / 0.0 ms  (average mu = 0.993, current mu = 0.992) allocation failure; 
[6089:0x73fe720]    14866 ms: Scavenge 137.3 (156.1) -> 121.8 (156.4) MB, 0.8 / 0.0 ms  (average mu = 0.993, current mu = 0.992) allocation failure; 
[6089:0x73fe720]    14872 ms: Scavenge 137.4 (156.4) -> 121.8 (156.4) MB, 0.6 / 0.0 ms  (average mu = 0.993, current mu = 0.992) allocation failure; 
[6089:0x73fe720]    14878 ms: Scavenge 137.4 (156.4) -> 121.9 (156.4) MB, 0.6 / 0.0 ms  (average mu = 0.993, current mu = 0.992) allocation failure; 
[6089:0x73fe720]    14884 ms: Scavenge 137.5 (156.4) -> 121.9 (156.4) MB, 0.6 / 0.0 ms  (average mu = 0.993, current mu = 0.992) allocation failure; 
[6089:0x73fe720]    14890 ms: Scavenge 137.5 (156.4) -> 122.0 (156.4) MB, 0.6 / 0.0 ms  (average mu = 0.993, current mu = 0.992) allocation failure; 
[6089:0x73fe720]    14896 ms: Scavenge 137.6 (156.4) -> 122.0 (156.4) MB, 0.6 / 0.0 ms  (average mu = 0.993, current mu = 0.992) allocation failure; 
[6089:0x73fe720]    14902 ms: Scavenge 137.6 (156.4) -> 122.1 (156.6) MB, 0.7 / 0.0 ms  (average mu = 0.993, current mu = 0.992) allocation failure; 
[6089:0x73fe720]    14908 ms: Scavenge 137.7 (156.6) -> 122.1 (156.6) MB, 0.6 / 0.0 ms  (average mu = 0.993, current mu = 0.992) allocation failure; 
[6089:0x73fe720]    14914 ms: Scavenge 137.7 (156.6) -> 122.2 (156.6) MB, 0.5 / 0.0 ms  (average mu = 0.993, current mu = 0.992) allocation failure; 
[6089:0x73fe720]    14920 ms: Scavenge 137.8 (156.6) -> 122.2 (156.6) MB, 0.7 / 0.0 ms  (average mu = 0.993, current mu = 0.992) allocation failure; 
[6089:0x73fe720]    14926 ms: Scavenge 137.8 (156.6) -> 122.3 (156.6) MB, 0.6 / 0.0 ms  (average mu = 0.993, current mu = 0.992) allocation failure; 
[6089:0x73fe720]    14932 ms: Scavenge 137.9 (156.6) -> 122.3 (156.9) MB, 0.7 / 0.0 ms  (average mu = 0.993, current mu = 0.992) allocation failure; 
[6089:0x73fe720]    14939 ms: Scavenge 137.9 (156.9) -> 122.4 (156.9) MB, 0.8 / 0.0 ms  (average mu = 0.993, current mu = 0.992) allocation failure; 
[6089:0x73fe720]    14945 ms: Scavenge 137.9 (156.9) -> 122.4 (157.1) MB, 0.7 / 0.0 ms  (average mu = 0.993, current mu = 0.992) allocation failure; 
[6089:0x73fe720]    14952 ms: Scavenge 138.0 (157.1) -> 122.5 (157.1) MB, 0.6 / 0.0 ms  (average mu = 0.993, current mu = 0.992) allocation failure; 
[6089:0x73fe720]    14958 ms: Scavenge 138.0 (157.1) -> 122.5 (157.1) MB, 0.6 / 0.0 ms  (average mu = 0.993, current mu = 0.992) allocation failure; 
[6089:0x73fe720]    14964 ms: Scavenge 138.1 (157.1) -> 122.5 (157.1) MB, 0.7 / 0.0 ms  (average mu = 0.993, current mu = 0.992) allocation failure; 
[6089:0x73fe720]    14971 ms: Scavenge 138.1 (157.1) -> 122.6 (157.1) MB, 0.6 / 0.0 ms  (average mu = 0.993, current mu = 0.992) allocation failure; 
[6089:0x73fe720]    14977 ms: Scavenge 138.2 (157.1) -> 122.6 (157.1) MB, 0.6 / 0.0 ms  (average mu = 0.993, current mu = 0.992) allocation failure; 
[6089:0x73fe720]    14984 ms: Scavenge 138.2 (157.1) -> 122.7 (157.1) MB, 0.7 / 0.0 ms  (average mu = 0.993, current mu = 0.992) allocation failure; 
[6089:0x73fe720]    14990 ms: Scavenge 138.3 (157.1) -> 122.7 (157.1) MB, 0.7 / 0.0 ms  (average mu = 0.993, current mu = 0.992) allocation failure; 
[6089:0x73fe720]    14997 ms: Scavenge 138.3 (157.1) -> 122.8 (157.4) MB, 0.7 / 0.0 ms  (average mu = 0.993, current mu = 0.992) allocation failure; 
[6089:0x73fe720]    15004 ms: Scavenge 138.4 (157.4) -> 122.8 (157.4) MB, 1.0 / 0.0 ms  (average mu = 0.993, current mu = 0.992) allocation failure; 
[6089:0x73fe720]    15013 ms: Scavenge 138.4 (157.4) -> 122.9 (157.4) MB, 0.7 / 0.0 ms  (average mu = 0.993, current mu = 0.992) allocation failure; 
[6089:0x73fe720]    15019 ms: Scavenge 138.5 (157.4) -> 122.9 (157.4) MB, 0.7 / 0.0 ms  (average mu = 0.993, current mu = 0.992) allocation failure; 
[6089:0x73fe720]    15026 ms: Scavenge 138.5 (157.4) -> 123.0 (157.4) MB, 0.8 / 0.0 ms  (average mu = 0.993, current mu = 0.992) allocation failure; 
[6089:0x73fe720]    15032 ms: Scavenge 138.6 (157.4) -> 123.0 (157.6) MB, 0.6 / 0.0 ms  (average mu = 0.993, current mu = 0.992) allocation failure; 
[6089:0x73fe720]    15039 ms: Scavenge 138.6 (157.6) -> 123.1 (157.6) MB, 0.5 / 0.0 ms  (average mu = 0.993, current mu = 0.992) allocation failure; 
[6089:0x73fe720]    15045 ms: Scavenge 138.7 (157.6) -> 123.1 (157.6) MB, 0.8 / 0.0 ms  (average mu = 0.993, current mu = 0.992) allocation failure; 
[6089:0x73fe720]    15052 ms: Scavenge 138.7 (157.6) -> 123.2 (157.6) MB, 0.8 / 0.0 ms  (average mu = 0.993, current mu = 0.992) allocation failure; 
[6089:0x73fe720]    15058 ms: Scavenge 138.8 (157.6) -> 123.2 (157.6) MB, 0.6 / 0.0 ms  (average mu = 0.993, current mu = 0.992) allocation failure; 
[6089:0x73fe720]    15065 ms: Scavenge 138.8 (157.6) -> 123.3 (157.9) MB, 0.7 / 0.0 ms  (average mu = 0.993, current mu = 0.992) allocation failure; 
[6089:0x73fe720]    15071 ms: Scavenge 138.9 (157.9) -> 123.3 (157.9) MB, 0.5 / 0.0 ms  (average mu = 0.993, current mu = 0.992) allocation failure; 
[6089:0x73fe720]    15077 ms: Scavenge 138.9 (157.9) -> 123.4 (157.9) MB, 0.7 / 0.0 ms  (average mu = 0.993, current mu = 0.992) allocation failure; 
[6089:0x73fe720]    15083 ms: Scavenge 139.0 (157.9) -> 123.4 (157.9) MB, 0.6 / 0.0 ms  (average mu = 0.993, current mu = 0.992) allocation failure; 
[6089:0x73fe720]    15090 ms: Scavenge 139.0 (157.9) -> 123.5 (157.9) MB, 0.6 / 0.0 ms  (average mu = 0.993, current mu = 0.992) allocation failure; 
[6089:0x73fe720]    15096 ms: Scavenge 139.0 (157.9) -> 123.5 (158.1) MB, 0.7 / 0.0 ms  (average mu = 0.993, current mu = 0.992) allocation failure; 
[6089:0x73fe720]    15103 ms: Scavenge 139.1 (158.1) -> 123.6 (158.1) MB, 0.7 / 0.0 ms  (average mu = 0.993, current mu = 0.992) allocation failure; 
[6089:0x73fe720]    15110 ms: Scavenge 139.1 (158.1) -> 123.6 (158.1) MB, 1.0 / 0.0 ms  (average mu = 0.993, current mu = 0.992) allocation failure; 
[6089:0x73fe720]    15116 ms: Scavenge 139.2 (158.1) -> 123.6 (158.4) MB, 0.7 / 0.0 ms  (average mu = 0.993, current mu = 0.992) allocation failure; 
[6089:0x73fe720]    15123 ms: Scavenge 139.2 (158.4) -> 123.7 (158.4) MB, 0.7 / 0.0 ms  (average mu = 0.993, current mu = 0.992) allocation failure; 
[6089:0x73fe720]    15129 ms: Scavenge 139.3 (158.4) -> 123.7 (158.4) MB, 0.6 / 0.0 ms  (average mu = 0.993, current mu = 0.992) allocation failure; 
[6089:0x73fe720]    15135 ms: Scavenge 139.3 (158.4) -> 123.8 (158.4) MB, 0.6 / 0.0 ms  (average mu = 0.993, current mu = 0.992) allocation failure; 
[6089:0x73fe720]    15142 ms: Scavenge 139.4 (158.4) -> 123.8 (158.4) MB, 0.7 / 0.0 ms  (average mu = 0.993, current mu = 0.992) allocation failure; 
[6089:0x73fe720]    15148 ms: Scavenge 139.4 (158.4) -> 123.9 (158.4) MB, 0.5 / 0.0 ms  (average mu = 0.993, current mu = 0.992) allocation failure; 
[6089:0x73fe720]    15154 ms: Scavenge 139.5 (158.4) -> 123.9 (158.4) MB, 0.8 / 0.0 ms  (average mu = 0.993, current mu = 0.992) allocation failure; 
[6089:0x73fe720]    15160 ms: Scavenge 139.5 (158.4) -> 124.0 (158.4) MB, 0.6 / 0.0 ms  (average mu = 0.993, current mu = 0.992) allocation failure; 
[6089:0x73fe720]    15166 ms: Scavenge 139.6 (158.4) -> 124.0 (158.6) MB, 0.6 / 0.0 ms  (average mu = 0.993, current mu = 0.992) allocation failure; 
[6089:0x73fe720]    15172 ms: Scavenge 139.6 (158.6) -> 124.1 (158.6) MB, 0.8 / 0.0 ms  (average mu = 0.993, current mu = 0.992) allocation failure; 
[6089:0x73fe720]    15178 ms: Scavenge 139.7 (158.6) -> 124.1 (158.6) MB, 0.6 / 0.0 ms  (average mu = 0.993, current mu = 0.992) allocation failure; 
[6089:0x73fe720]    15184 ms: Scavenge 139.7 (158.6) -> 124.2 (158.6) MB, 0.5 / 0.0 ms  (average mu = 0.993, current mu = 0.992) allocation failure; 
[6089:0x73fe720]    15190 ms: Scavenge 139.8 (158.6) -> 124.2 (158.6) MB, 0.7 / 0.0 ms  (average mu = 0.993, current mu = 0.992) allocation failure; 
[6089:0x73fe720]    15196 ms: Scavenge 139.8 (158.6) -> 124.3 (158.9) MB, 0.7 / 0.0 ms  (average mu = 0.993, current mu = 0.992) allocation failure; 
[6089:0x73fe720]    15203 ms: Scavenge 139.9 (158.9) -> 124.3 (158.9) MB, 0.7 / 0.0 ms  (average mu = 0.993, current mu = 0.992) allocation failure; 
[6089:0x73fe720]    15209 ms: Scavenge 139.9 (158.9) -> 124.4 (158.9) MB, 0.7 / 0.0 ms  (average mu = 0.993, current mu = 0.992) allocation failure; 
[6089:0x73fe720]    15217 ms: Scavenge 140.0 (158.9) -> 124.4 (158.9) MB, 0.7 / 0.0 ms  (average mu = 0.993, current mu = 0.992) allocation failure; 
[6089:0x73fe720]    15223 ms: Scavenge 140.0 (158.9) -> 124.5 (158.9) MB, 0.6 / 0.0 ms  (average mu = 0.993, current mu = 0.992) allocation failure; 
[6089:0x73fe720]    15230 ms: Scavenge 140.1 (158.9) -> 124.5 (159.1) MB, 0.7 / 0.0 ms  (average mu = 0.993, current mu = 0.992) allocation failure; 
[6089:0x73fe720]    15236 ms: Scavenge 140.1 (159.1) -> 124.6 (159.1) MB, 0.6 / 0.0 ms  (average mu = 0.993, current mu = 0.992) allocation failure; 
[6089:0x73fe720]    15242 ms: Scavenge 140.1 (159.1) -> 124.6 (159.1) MB, 0.6 / 0.0 ms  (average mu = 0.993, current mu = 0.992) allocation failure; 
[6089:0x73fe720]    15249 ms: Scavenge 140.2 (159.1) -> 124.7 (159.1) MB, 0.9 / 0.0 ms  (average mu = 0.993, current mu = 0.992) allocation failure; 
[6089:0x73fe720]    15255 ms: Scavenge 140.2 (159.1) -> 124.7 (159.1) MB, 0.6 / 0.0 ms  (average mu = 0.993, current mu = 0.992) allocation failure; 
[6089:0x73fe720]    15262 ms: Scavenge 140.3 (159.1) -> 124.8 (159.4) MB, 0.6 / 0.0 ms  (average mu = 0.993, current mu = 0.992) allocation failure; 
[6089:0x73fe720]    15268 ms: Scavenge 140.3 (159.4) -> 124.8 (159.4) MB, 0.8 / 0.0 ms  (average mu = 0.993, current mu = 0.992) allocation failure; 
[6089:0x73fe720]    15274 ms: Scavenge 140.4 (159.4) -> 124.9 (159.4) MB, 0.5 / 0.0 ms  (average mu = 0.993, current mu = 0.992) allocation failure; 
[6089:0x73fe720]    15281 ms: Scavenge 140.4 (159.4) -> 124.9 (159.4) MB, 0.7 / 0.0 ms  (average mu = 0.993, current mu = 0.992) allocation failure; 
[6089:0x73fe720]    15287 ms: Scavenge 140.5 (159.4) -> 124.9 (159.4) MB, 0.5 / 0.0 ms  (average mu = 0.993, current mu = 0.992) allocation failure; 
[6089:0x73fe720]    15293 ms: Scavenge 140.5 (159.4) -> 125.0 (159.6) MB, 0.8 / 0.0 ms  (average mu = 0.993, current mu = 0.992) allocation failure; 
[6089:0x73fe720]    15299 ms: Scavenge 140.6 (159.6) -> 125.0 (159.6) MB, 0.6 / 0.0 ms  (average mu = 0.993, current mu = 0.992) allocation failure; 
[6089:0x73fe720]    15305 ms: Scavenge 140.6 (159.6) -> 125.1 (159.6) MB, 0.6 / 0.0 ms  (average mu = 0.993, current mu = 0.992) allocation failure; 
[6089:0x73fe720]    15311 ms: Scavenge 140.7 (159.6) -> 125.1 (159.6) MB, 0.6 / 0.0 ms  (average mu = 0.993, current mu = 0.992) allocation failure; 
[6089:0x73fe720]    15318 ms: Scavenge 140.7 (159.6) -> 125.2 (159.6) MB, 0.9 / 0.0 ms  (average mu = 0.993, current mu = 0.992) allocation failure; 
[6089:0x73fe720]    15325 ms: Scavenge 140.8 (159.6) -> 125.2 (159.9) MB, 0.7 / 0.0 ms  (average mu = 0.993, current mu = 0.992) allocation failure; 
[6089:0x73fe720]    15331 ms: Scavenge 140.8 (159.9) -> 125.3 (159.9) MB, 0.7 / 0.0 ms  (average mu = 0.993, current mu = 0.992) allocation failure; 
[6089:0x73fe720]    15338 ms: Scavenge 140.9 (159.9) -> 125.3 (159.9) MB, 0.7 / 0.0 ms  (average mu = 0.993, current mu = 0.992) allocation failure; 
[6089:0x73fe720]    15344 ms: Scavenge 140.9 (159.9) -> 125.4 (159.9) MB, 0.7 / 0.0 ms  (average mu = 0.993, current mu = 0.992) allocation failure; 
[6089:0x73fe720]    15351 ms: Scavenge 141.0 (159.9) -> 125.4 (159.9) MB, 0.6 / 0.0 ms  (average mu = 0.993, current mu = 0.992) allocation failure; 
[6089:0x73fe720]    15357 ms: Scavenge 141.0 (159.9) -> 125.5 (160.1) MB, 0.7 / 0.0 ms  (average mu = 0.993, current mu = 0.992) allocation failure; 
[6089:0x73fe720]    15364 ms: Scavenge 141.1 (160.1) -> 125.5 (160.1) MB, 0.6 / 0.0 ms  (average mu = 0.993, current mu = 0.992) allocation failure; 
[6089:0x73fe720]    15370 ms: Scavenge 141.1 (160.1) -> 125.6 (160.1) MB, 0.6 / 0.0 ms  (average mu = 0.993, current mu = 0.992) allocation failure; 
[6089:0x73fe720]    15376 ms: Scavenge 141.2 (160.1) -> 125.6 (160.1) MB, 0.6 / 0.0 ms  (average mu = 0.993, current mu = 0.992) allocation failure; 
[6089:0x73fe720]    15383 ms: Scavenge 141.2 (160.1) -> 125.7 (160.1) MB, 0.8 / 0.0 ms  (average mu = 0.993, current mu = 0.992) allocation failure; 
[6089:0x73fe720]    15389 ms: Scavenge 141.2 (160.1) -> 125.7 (160.1) MB, 0.6 / 0.0 ms  (average mu = 0.993, current mu = 0.992) allocation failure; 
[6089:0x73fe720]    15396 ms: Scavenge 141.3 (160.1) -> 125.8 (160.4) MB, 0.6 / 0.0 ms  (average mu = 0.993, current mu = 0.992) allocation failure; 
[6089:0x73fe720]    15402 ms: Scavenge 141.3 (160.4) -> 125.8 (160.4) MB, 0.6 / 0.0 ms  (average mu = 0.993, current mu = 0.992) allocation failure; 
[6089:0x73fe720]    15408 ms: Scavenge 141.4 (160.4) -> 125.8 (160.4) MB, 0.6 / 0.0 ms  (average mu = 0.993, current mu = 0.992) allocation failure; 
[6089:0x73fe720]    15415 ms: Scavenge 141.4 (160.4) -> 125.9 (160.4) MB, 0.6 / 0.0 ms  (average mu = 0.993, current mu = 0.992) allocation failure; 
[6089:0x73fe720]    15421 ms: Scavenge 141.5 (160.4) -> 125.9 (160.4) MB, 0.6 / 0.0 ms  (average mu = 0.993, current mu = 0.992) allocation failure; 
[6089:0x73fe720]    15428 ms: Scavenge 141.5 (160.4) -> 126.0 (160.6) MB, 0.7 / 0.0 ms  (average mu = 0.993, current mu = 0.992) allocation failure; 
[6089:0x73fe720]    15434 ms: Scavenge 141.6 (160.6) -> 126.0 (160.6) MB, 0.6 / 0.0 ms  (average mu = 0.993, current mu = 0.992) allocation failure; 
[6089:0x73fe720]    15440 ms: Scavenge 141.6 (160.6) -> 126.1 (160.6) MB, 0.6 / 0.0 ms  (average mu = 0.993, current mu = 0.992) allocation failure; 
[6089:0x73fe720]    15447 ms: Scavenge 141.7 (160.6) -> 126.1 (160.6) MB, 0.6 / 0.0 ms  (average mu = 0.993, current mu = 0.992) allocation failure; 
[6089:0x73fe720]    15453 ms: Scavenge 141.7 (160.6) -> 126.2 (160.6) MB, 0.6 / 0.0 ms  (average mu = 0.993, current mu = 0.992) allocation failure; 
[6089:0x73fe720]    15460 ms: Scavenge 141.8 (160.6) -> 126.2 (160.9) MB, 0.5 / 0.0 ms  (average mu = 0.993, current mu = 0.992) allocation failure; 
[6089:0x73fe720]    15466 ms: Scavenge 141.8 (160.9) -> 126.3 (160.9) MB, 0.8 / 0.0 ms  (average mu = 0.993, current mu = 0.992) allocation failure; 
[6089:0x73fe720]    15473 ms: Scavenge 141.9 (160.9) -> 126.3 (160.9) MB, 0.8 / 0.0 ms  (average mu = 0.993, current mu = 0.992) allocation failure; 
[6089:0x73fe720]    15480 ms: Scavenge 141.9 (160.9) -> 126.4 (160.9) MB, 0.9 / 0.0 ms  (average mu = 0.993, current mu = 0.992) allocation failure; 
[6089:0x73fe720]    15486 ms: Scavenge 142.0 (160.9) -> 126.4 (160.9) MB, 0.7 / 0.0 ms  (average mu = 0.993, current mu = 0.992) allocation failure; 
[6089:0x73fe720]    15493 ms: Scavenge 142.0 (160.9) -> 126.5 (161.1) MB, 0.7 / 0.0 ms  (average mu = 0.993, current mu = 0.992) allocation failure; 
[6089:0x73fe720]    15500 ms: Scavenge 142.1 (161.1) -> 126.5 (161.1) MB, 0.7 / 0.0 ms  (average mu = 0.993, current mu = 0.992) allocation failure; 
[6089:0x73fe720]    15506 ms: Scavenge 142.1 (161.1) -> 126.6 (161.1) MB, 0.7 / 0.0 ms  (average mu = 0.993, current mu = 0.992) allocation failure; 
[6089:0x73fe720]    15512 ms: Scavenge 142.2 (161.1) -> 126.6 (161.1) MB, 0.7 / 0.0 ms  (average mu = 0.993, current mu = 0.992) allocation failure; 
[6089:0x73fe720]    15519 ms: Scavenge 142.2 (161.1) -> 126.7 (161.1) MB, 0.6 / 0.0 ms  (average mu = 0.993, current mu = 0.992) allocation failure; 
[6089:0x73fe720]    15525 ms: Scavenge 142.3 (161.1) -> 126.7 (161.4) MB, 0.7 / 0.0 ms  (average mu = 0.993, current mu = 0.992) allocation failure; 
[6089:0x73fe720]    15531 ms: Scavenge 142.3 (161.4) -> 126.8 (161.4) MB, 0.6 / 0.0 ms  (average mu = 0.993, current mu = 0.992) allocation failure; 
[6089:0x73fe720]    15539 ms: Scavenge 142.3 (161.4) -> 126.8 (161.4) MB, 0.6 / 0.0 ms  (average mu = 0.993, current mu = 0.992) allocation failure; 
[6089:0x73fe720]    15545 ms: Scavenge 142.4 (161.4) -> 126.9 (161.4) MB, 0.6 / 0.0 ms  (average mu = 0.993, current mu = 0.992) allocation failure; 
[6089:0x73fe720]    15551 ms: Scavenge 142.4 (161.4) -> 126.9 (161.4) MB, 0.6 / 0.0 ms  (average mu = 0.993, current mu = 0.992) allocation failure; 
[6089:0x73fe720]    15557 ms: Scavenge 142.5 (161.4) -> 126.9 (161.6) MB, 0.6 / 0.0 ms  (average mu = 0.993, current mu = 0.992) allocation failure; 
[6089:0x73fe720]    15563 ms: Scavenge 142.5 (161.6) -> 127.0 (161.6) MB, 0.6 / 0.0 ms  (average mu = 0.993, current mu = 0.992) allocation failure; 
[6089:0x73fe720]    15569 ms: Scavenge 142.6 (161.6) -> 127.0 (161.6) MB, 0.6 / 0.0 ms  (average mu = 0.993, current mu = 0.992) allocation failure; 
[6089:0x73fe720]    15576 ms: Scavenge 142.6 (161.6) -> 127.1 (161.6) MB, 0.7 / 0.0 ms  (average mu = 0.993, current mu = 0.992) allocation failure; 
[6089:0x73fe720]    15582 ms: Scavenge 142.7 (161.6) -> 127.1 (161.6) MB, 0.7 / 0.0 ms  (average mu = 0.993, current mu = 0.992) allocation failure; 
[6089:0x73fe720]    15588 ms: Scavenge 142.7 (161.6) -> 127.2 (161.9) MB, 0.7 / 0.0 ms  (average mu = 0.993, current mu = 0.992) allocation failure; 
[6089:0x73fe720]    15595 ms: Scavenge 142.8 (161.9) -> 127.2 (161.9) MB, 0.7 / 0.0 ms  (average mu = 0.993, current mu = 0.992) allocation failure; 
[6089:0x73fe720]    15601 ms: Scavenge 142.8 (161.9) -> 127.3 (161.9) MB, 0.6 / 0.0 ms  (average mu = 0.993, current mu = 0.992) allocation failure; 
[6089:0x73fe720]    15608 ms: Scavenge 142.9 (161.9) -> 127.3 (161.9) MB, 0.6 / 0.0 ms  (average mu = 0.993, current mu = 0.992) allocation failure; 
[6089:0x73fe720]    15614 ms: Scavenge 142.9 (161.9) -> 127.4 (161.9) MB, 0.6 / 0.0 ms  (average mu = 0.993, current mu = 0.992) allocation failure; 
[6089:0x73fe720]    15620 ms: Scavenge 143.0 (161.9) -> 127.4 (161.9) MB, 0.6 / 0.0 ms  (average mu = 0.993, current mu = 0.992) allocation failure; 
[6089:0x73fe720]    15627 ms: Scavenge 143.0 (161.9) -> 127.5 (162.1) MB, 0.7 / 0.0 ms  (average mu = 0.993, current mu = 0.992) allocation failure; 
[6089:0x73fe720]    15633 ms: Scavenge 143.1 (162.1) -> 127.5 (162.1) MB, 0.6 / 0.0 ms  (average mu = 0.993, current mu = 0.992) allocation failure; 
[6089:0x73fe720]    15639 ms: Scavenge 143.1 (162.1) -> 127.6 (162.1) MB, 0.6 / 0.0 ms  (average mu = 0.993, current mu = 0.992) allocation failure; 
[6089:0x73fe720]    15645 ms: Scavenge 143.2 (162.1) -> 127.6 (162.1) MB, 0.6 / 0.0 ms  (average mu = 0.993, current mu = 0.992) allocation failure; 
[6089:0x73fe720]    15651 ms: Scavenge 143.2 (162.1) -> 127.7 (162.1) MB, 0.7 / 0.0 ms  (average mu = 0.993, current mu = 0.992) allocation failure; 
[6089:0x73fe720]    15657 ms: Scavenge 143.3 (162.1) -> 127.7 (162.4) MB, 0.6 / 0.0 ms  (average mu = 0.993, current mu = 0.992) allocation failure; 
[6089:0x73fe720]    15663 ms: Scavenge 143.3 (162.4) -> 127.8 (162.4) MB, 0.6 / 0.0 ms  (average mu = 0.993, current mu = 0.992) allocation failure; 
[6089:0x73fe720]    15670 ms: Scavenge 143.4 (162.4) -> 127.8 (162.4) MB, 0.7 / 0.0 ms  (average mu = 0.993, current mu = 0.992) allocation failure; 
[6089:0x73fe720]    15678 ms: Scavenge 143.4 (162.4) -> 127.9 (162.4) MB, 0.9 / 0.0 ms  (average mu = 0.993, current mu = 0.992) allocation failure; 
[6089:0x73fe720]    15687 ms: Scavenge 143.4 (162.4) -> 127.9 (162.4) MB, 0.8 / 0.0 ms  (average mu = 0.993, current mu = 0.992) allocation failure; 
[6089:0x73fe720]    15693 ms: Scavenge 143.5 (162.4) -> 128.0 (162.6) MB, 0.8 / 0.0 ms  (average mu = 0.993, current mu = 0.992) allocation failure; 
[6089:0x73fe720]    15700 ms: Scavenge 143.5 (162.6) -> 128.0 (162.6) MB, 0.7 / 0.0 ms  (average mu = 0.993, current mu = 0.992) allocation failure; 
[6089:0x73fe720]    15707 ms: Scavenge 143.6 (162.6) -> 128.0 (162.6) MB, 0.7 / 0.0 ms  (average mu = 0.993, current mu = 0.992) allocation failure; 
[6089:0x73fe720]    15714 ms: Scavenge 143.6 (162.6) -> 128.1 (162.6) MB, 0.9 / 0.0 ms  (average mu = 0.993, current mu = 0.992) allocation failure; 
[6089:0x73fe720]    15720 ms: Scavenge 143.7 (162.6) -> 128.1 (162.6) MB, 0.6 / 0.0 ms  (average mu = 0.993, current mu = 0.992) allocation failure; 
[6089:0x73fe720]    15726 ms: Scavenge 143.7 (162.6) -> 128.2 (162.9) MB, 0.6 / 0.0 ms  (average mu = 0.993, current mu = 0.992) allocation failure; 
[6089:0x73fe720]    15733 ms: Scavenge 143.8 (162.9) -> 128.2 (162.9) MB, 0.6 / 0.0 ms  (average mu = 0.993, current mu = 0.992) allocation failure; 
[6089:0x73fe720]    15739 ms: Scavenge 143.8 (162.9) -> 128.3 (162.9) MB, 0.7 / 0.0 ms  (average mu = 0.993, current mu = 0.992) allocation failure; 
[6089:0x73fe720]    15746 ms: Scavenge 143.9 (162.9) -> 128.3 (162.9) MB, 0.6 / 0.0 ms  (average mu = 0.993, current mu = 0.992) allocation failure; 
[6089:0x73fe720]    15752 ms: Scavenge 143.9 (162.9) -> 128.4 (162.9) MB, 0.6 / 0.0 ms  (average mu = 0.993, current mu = 0.992) allocation failure; 
[6089:0x73fe720]    15759 ms: Scavenge 144.0 (162.9) -> 128.4 (163.1) MB, 0.6 / 0.0 ms  (average mu = 0.993, current mu = 0.992) allocation failure; 
[6089:0x73fe720]    15765 ms: Scavenge 144.0 (163.1) -> 128.5 (163.1) MB, 0.6 / 0.0 ms  (average mu = 0.993, current mu = 0.992) allocation failure; 
[6089:0x73fe720]    15771 ms: Scavenge 144.1 (163.1) -> 128.5 (163.1) MB, 0.6 / 0.0 ms  (average mu = 0.993, current mu = 0.992) allocation failure; 
[6089:0x73fe720]    15777 ms: Scavenge 144.1 (163.1) -> 128.6 (163.1) MB, 0.6 / 0.0 ms  (average mu = 0.993, current mu = 0.992) allocation failure; 
[6089:0x73fe720]    15783 ms: Scavenge 144.2 (163.1) -> 128.6 (163.1) MB, 0.6 / 0.0 ms  (average mu = 0.993, current mu = 0.992) allocation failure; 
[6089:0x73fe720]    15788 ms: Scavenge 144.2 (163.1) -> 128.7 (163.4) MB, 0.6 / 0.0 ms  (average mu = 0.993, current mu = 0.992) allocation failure; 
[6089:0x73fe720]    15795 ms: Scavenge 144.3 (163.4) -> 128.7 (163.4) MB, 0.6 / 0.0 ms  (average mu = 0.993, current mu = 0.992) allocation failure; 
[6089:0x73fe720]    15800 ms: Scavenge 144.3 (163.4) -> 128.8 (163.4) MB, 0.6 / 0.0 ms  (average mu = 0.993, current mu = 0.992) allocation failure; 
[6089:0x73fe720]    15806 ms: Scavenge 144.4 (163.4) -> 128.8 (163.4) MB, 0.6 / 0.0 ms  (average mu = 0.993, current mu = 0.992) allocation failure; 
[6089:0x73fe720]    15812 ms: Scavenge 144.4 (163.4) -> 128.9 (163.4) MB, 0.6 / 0.0 ms  (average mu = 0.993, current mu = 0.992) allocation failure; 
[6089:0x73fe720]    15818 ms: Scavenge 144.5 (163.4) -> 128.9 (163.6) MB, 0.6 / 0.0 ms  (average mu = 0.993, current mu = 0.992) allocation failure; 
[6089:0x73fe720]    15824 ms: Scavenge 144.5 (163.6) -> 129.0 (163.6) MB, 0.6 / 0.0 ms  (average mu = 0.993, current mu = 0.992) allocation failure; 
[6089:0x73fe720]    15830 ms: Scavenge 144.5 (163.6) -> 129.0 (163.6) MB, 0.6 / 0.0 ms  (average mu = 0.993, current mu = 0.992) allocation failure; 
[6089:0x73fe720]    15836 ms: Scavenge 144.6 (163.6) -> 129.1 (163.6) MB, 0.5 / 0.0 ms  (average mu = 0.993, current mu = 0.992) allocation failure; 
[6089:0x73fe720]    15842 ms: Scavenge 144.6 (163.6) -> 129.1 (163.6) MB, 0.6 / 0.0 ms  (average mu = 0.993, current mu = 0.992) allocation failure; 
[6089:0x73fe720]    15848 ms: Scavenge 144.7 (163.6) -> 129.2 (163.6) MB, 0.5 / 0.0 ms  (average mu = 0.993, current mu = 0.992) allocation failure; 
[6089:0x73fe720]    15854 ms: Scavenge 144.7 (163.6) -> 129.2 (163.9) MB, 0.6 / 0.0 ms  (average mu = 0.993, current mu = 0.992) allocation failure; 
[6089:0x73fe720]    15860 ms: Scavenge 144.8 (163.9) -> 129.2 (163.9) MB, 0.6 / 0.0 ms  (average mu = 0.993, current mu = 0.992) allocation failure; 
[6089:0x73fe720]    15866 ms: Scavenge 144.8 (163.9) -> 129.3 (163.9) MB, 0.6 / 0.0 ms  (average mu = 0.993, current mu = 0.992) allocation failure; 
[6089:0x73fe720]    15872 ms: Scavenge 144.9 (163.9) -> 129.4 (163.9) MB, 0.6 / 0.0 ms  (average mu = 0.993, current mu = 0.992) allocation failure; 
[6089:0x73fe720]    15878 ms: Scavenge 144.9 (163.9) -> 129.4 (163.9) MB, 0.6 / 0.0 ms  (average mu = 0.993, current mu = 0.992) allocation failure; 
[6089:0x73fe720]    15884 ms: Scavenge 145.0 (163.9) -> 129.4 (164.1) MB, 0.6 / 0.0 ms  (average mu = 0.993, current mu = 0.992) allocation failure; 
[6089:0x73fe720]    15889 ms: Scavenge 145.0 (164.1) -> 129.5 (164.1) MB, 0.5 / 0.0 ms  (average mu = 0.993, current mu = 0.992) allocation failure; 
[6089:0x73fe720]    15895 ms: Scavenge 145.1 (164.1) -> 129.5 (164.1) MB, 0.6 / 0.0 ms  (average mu = 0.993, current mu = 0.992) allocation failure; 
[6089:0x73fe720]    15901 ms: Scavenge 145.1 (164.1) -> 129.6 (164.1) MB, 0.6 / 0.0 ms  (average mu = 0.993, current mu = 0.992) allocation failure; 
[6089:0x73fe720]    15907 ms: Scavenge 145.2 (164.1) -> 129.6 (164.1) MB, 0.6 / 0.0 ms  (average mu = 0.993, current mu = 0.992) allocation failure; 
[6089:0x73fe720]    15913 ms: Scavenge 145.2 (164.1) -> 129.7 (164.4) MB, 0.6 / 0.0 ms  (average mu = 0.993, current mu = 0.992) allocation failure; 
[6089:0x73fe720]    15919 ms: Scavenge 145.3 (164.4) -> 129.7 (164.4) MB, 0.6 / 0.0 ms  (average mu = 0.993, current mu = 0.992) allocation failure; 
[6089:0x73fe720]    15925 ms: Scavenge 145.3 (164.4) -> 129.8 (164.4) MB, 0.6 / 0.0 ms  (average mu = 0.993, current mu = 0.992) allocation failure; 
[6089:0x73fe720]    15931 ms: Scavenge 145.4 (164.4) -> 129.8 (164.4) MB, 0.6 / 0.0 ms  (average mu = 0.993, current mu = 0.992) allocation failure; 
[6089:0x73fe720]    15937 ms: Scavenge 145.4 (164.4) -> 129.9 (164.4) MB, 0.6 / 0.0 ms  (average mu = 0.993, current mu = 0.992) allocation failure; 
[6089:0x73fe720]    15943 ms: Scavenge 145.5 (164.4) -> 129.9 (164.6) MB, 0.6 / 0.0 ms  (average mu = 0.993, current mu = 0.992) allocation failure; 
[6089:0x73fe720]    15948 ms: Scavenge 145.5 (164.6) -> 130.0 (164.6) MB, 0.6 / 0.0 ms  (average mu = 0.993, current mu = 0.992) allocation failure; 
[6089:0x73fe720]    15954 ms: Scavenge 145.6 (164.6) -> 130.0 (164.6) MB, 0.5 / 0.0 ms  (average mu = 0.993, current mu = 0.992) allocation failure; 
[6089:0x73fe720]    15960 ms: Scavenge 145.6 (164.6) -> 130.1 (164.6) MB, 0.7 / 0.0 ms  (average mu = 0.993, current mu = 0.992) allocation failure; 
[6089:0x73fe720]    15966 ms: Scavenge 145.6 (164.6) -> 130.1 (164.6) MB, 0.6 / 0.0 ms  (average mu = 0.993, current mu = 0.992) allocation failure; 
[6089:0x73fe720]    15972 ms: Scavenge 145.7 (164.6) -> 130.2 (164.9) MB, 0.6 / 0.0 ms  (average mu = 0.993, current mu = 0.992) allocation failure; 
[6089:0x73fe720]    15978 ms: Scavenge 145.7 (164.9) -> 130.2 (164.9) MB, 0.6 / 0.0 ms  (average mu = 0.993, current mu = 0.992) allocation failure; 
[6089:0x73fe720]    15984 ms: Scavenge 145.8 (164.9) -> 130.2 (164.9) MB, 0.6 / 0.0 ms  (average mu = 0.993, current mu = 0.992) allocation failure; 
[6089:0x73fe720]    15990 ms: Scavenge 145.8 (164.9) -> 130.3 (164.9) MB, 0.6 / 0.0 ms  (average mu = 0.993, current mu = 0.992) allocation failure; 
[6089:0x73fe720]    15996 ms: Scavenge 145.9 (164.9) -> 130.4 (164.9) MB, 0.8 / 0.0 ms  (average mu = 0.993, current mu = 0.992) allocation failure; 
[6089:0x73fe720]    16003 ms: Scavenge 145.9 (164.9) -> 130.4 (165.1) MB, 0.8 / 0.0 ms  (average mu = 0.993, current mu = 0.992) allocation failure; 
[6089:0x73fe720]    16009 ms: Scavenge 146.0 (165.1) -> 130.4 (165.1) MB, 0.6 / 0.0 ms  (average mu = 0.993, current mu = 0.992) allocation failure; 
[6089:0x73fe720]    16014 ms: Scavenge 146.0 (165.1) -> 130.5 (165.1) MB, 0.6 / 0.0 ms  (average mu = 0.993, current mu = 0.992) allocation failure; 
[6089:0x73fe720]    16020 ms: Scavenge 146.1 (165.1) -> 130.5 (165.1) MB, 0.6 / 0.0 ms  (average mu = 0.993, current mu = 0.992) allocation failure; 
[6089:0x73fe720]    16026 ms: Scavenge 146.1 (165.1) -> 130.6 (165.1) MB, 0.6 / 0.0 ms  (average mu = 0.993, current mu = 0.992) allocation failure; 
[6089:0x73fe720]    16032 ms: Scavenge 146.2 (165.1) -> 130.6 (165.4) MB, 0.6 / 0.0 ms  (average mu = 0.993, current mu = 0.992) allocation failure; 
[6089:0x73fe720]    16038 ms: Scavenge 146.2 (165.4) -> 130.7 (165.4) MB, 0.6 / 0.0 ms  (average mu = 0.993, current mu = 0.992) allocation failure; 
[6089:0x73fe720]    16044 ms: Scavenge 146.3 (165.4) -> 130.7 (165.4) MB, 0.6 / 0.0 ms  (average mu = 0.993, current mu = 0.992) allocation failure; 
[6089:0x73fe720]    16050 ms: Scavenge 146.3 (165.4) -> 130.8 (165.4) MB, 0.5 / 0.0 ms  (average mu = 0.993, current mu = 0.992) allocation failure; 
[6089:0x73fe720]    16056 ms: Scavenge 146.4 (165.4) -> 130.8 (165.4) MB, 0.6 / 0.0 ms  (average mu = 0.993, current mu = 0.992) allocation failure; 
[6089:0x73fe720]    16062 ms: Scavenge 146.4 (165.4) -> 130.9 (165.4) MB, 0.8 / 0.0 ms  (average mu = 0.993, current mu = 0.992) allocation failure; 
[6089:0x73fe720]    16068 ms: Scavenge 146.5 (165.4) -> 130.9 (165.6) MB, 0.6 / 0.0 ms  (average mu = 0.993, current mu = 0.992) allocation failure; 
[6089:0x73fe720]    16074 ms: Scavenge 146.5 (165.6) -> 131.0 (165.6) MB, 0.5 / 0.0 ms  (average mu = 0.993, current mu = 0.992) allocation failure; 
[6089:0x73fe720]    16080 ms: Scavenge 146.6 (165.6) -> 131.0 (165.6) MB, 0.7 / 0.0 ms  (average mu = 0.993, current mu = 0.992) allocation failure; 
[6089:0x73fe720]    16086 ms: Scavenge 146.6 (165.6) -> 131.1 (165.6) MB, 0.6 / 0.0 ms  (average mu = 0.993, current mu = 0.992) allocation failure; 
[6089:0x73fe720]    16092 ms: Scavenge 146.7 (165.6) -> 131.1 (165.6) MB, 0.6 / 0.0 ms  (average mu = 0.993, current mu = 0.992) allocation failure; 
[6089:0x73fe720]    16098 ms: Scavenge 146.7 (165.6) -> 131.2 (165.9) MB, 0.6 / 0.0 ms  (average mu = 0.993, current mu = 0.992) allocation failure; 
[6089:0x73fe720]    16104 ms: Scavenge 146.7 (165.9) -> 131.2 (165.9) MB, 0.6 / 0.0 ms  (average mu = 0.993, current mu = 0.992) allocation failure; 
[6089:0x73fe720]    16109 ms: Scavenge 146.8 (165.9) -> 131.3 (165.9) MB, 0.6 / 0.0 ms  (average mu = 0.993, current mu = 0.992) allocation failure; 
[6089:0x73fe720]    16115 ms: Scavenge 146.8 (165.9) -> 131.3 (165.9) MB, 0.6 / 0.0 ms  (average mu = 0.993, current mu = 0.992) allocation failure; 
[6089:0x73fe720]    16121 ms: Scavenge 146.9 (165.9) -> 131.3 (165.9) MB, 0.6 / 0.0 ms  (average mu = 0.993, current mu = 0.992) allocation failure; 
[6089:0x73fe720]    16127 ms: Scavenge 146.9 (165.9) -> 131.4 (166.1) MB, 0.6 / 0.0 ms  (average mu = 0.993, current mu = 0.992) allocation failure; 
[6089:0x73fe720]    16133 ms: Scavenge 147.0 (166.1) -> 131.4 (166.1) MB, 0.6 / 0.0 ms  (average mu = 0.993, current mu = 0.992) allocation failure; 
[6089:0x73fe720]    16139 ms: Scavenge 147.0 (166.1) -> 131.5 (166.1) MB, 0.6 / 0.0 ms  (average mu = 0.993, current mu = 0.992) allocation failure; 
[6089:0x73fe720]    16145 ms: Scavenge 147.1 (166.1) -> 131.5 (166.1) MB, 0.6 / 0.0 ms  (average mu = 0.993, current mu = 0.992) allocation failure; 
[6089:0x73fe720]    16151 ms: Scavenge 147.1 (166.1) -> 131.6 (166.1) MB, 0.6 / 0.0 ms  (average mu = 0.993, current mu = 0.992) allocation failure; 
[6089:0x73fe720]    16157 ms: Scavenge 147.2 (166.1) -> 131.6 (166.4) MB, 0.6 / 0.0 ms  (average mu = 0.993, current mu = 0.992) allocation failure; 
[6089:0x73fe720]    16162 ms: Scavenge 147.2 (166.4) -> 131.7 (166.4) MB, 0.5 / 0.0 ms  (average mu = 0.993, current mu = 0.992) allocation failure; 
[6089:0x73fe720]    16169 ms: Scavenge 147.3 (166.4) -> 131.7 (166.4) MB, 0.7 / 0.0 ms  (average mu = 0.993, current mu = 0.992) allocation failure; 
[6089:0x73fe720]    16175 ms: Scavenge 147.3 (166.4) -> 131.8 (166.4) MB, 0.6 / 0.0 ms  (average mu = 0.993, current mu = 0.992) allocation failure; 
[6089:0x73fe720]    16180 ms: Scavenge 147.4 (166.4) -> 131.8 (166.4) MB, 0.6 / 0.0 ms  (average mu = 0.993, current mu = 0.992) allocation failure; 
[6089:0x73fe720]    16186 ms: Scavenge 147.4 (166.4) -> 131.9 (166.6) MB, 0.6 / 0.0 ms  (average mu = 0.993, current mu = 0.992) allocation failure; 
[6089:0x73fe720]    16192 ms: Scavenge 147.5 (166.6) -> 131.9 (166.6) MB, 0.6 / 0.0 ms  (average mu = 0.993, current mu = 0.992) allocation failure; 
[6089:0x73fe720]    16198 ms: Scavenge 147.5 (166.6) -> 132.0 (166.6) MB, 0.6 / 0.0 ms  (average mu = 0.993, current mu = 0.992) allocation failure; 
[6089:0x73fe720]    16204 ms: Scavenge 147.6 (166.6) -> 132.0 (166.6) MB, 0.6 / 0.0 ms  (average mu = 0.993, current mu = 0.992) allocation failure; 
[6089:0x73fe720]    16210 ms: Scavenge 147.6 (166.6) -> 132.1 (166.6) MB, 0.6 / 0.0 ms  (average mu = 0.993, current mu = 0.992) allocation failure; 
[6089:0x73fe720]    16216 ms: Scavenge 147.7 (166.6) -> 132.1 (166.9) MB, 0.8 / 0.0 ms  (average mu = 0.993, current mu = 0.992) allocation failure; 
[6089:0x73fe720]    16222 ms: Scavenge 147.7 (166.9) -> 132.2 (166.9) MB, 0.6 / 0.0 ms  (average mu = 0.993, current mu = 0.992) allocation failure; 
[6089:0x73fe720]    16228 ms: Scavenge 147.8 (166.9) -> 132.2 (166.9) MB, 0.6 / 0.0 ms  (average mu = 0.993, current mu = 0.992) allocation failure; 
[6089:0x73fe720]    16234 ms: Scavenge 147.8 (166.9) -> 132.3 (166.9) MB, 0.6 / 0.0 ms  (average mu = 0.993, current mu = 0.992) allocation failure; 
[6089:0x73fe720]    16239 ms: Scavenge 147.8 (166.9) -> 132.3 (166.9) MB, 0.6 / 0.0 ms  (average mu = 0.993, current mu = 0.992) allocation failure; 
[6089:0x73fe720]    16245 ms: Scavenge 147.9 (166.9) -> 132.4 (167.1) MB, 0.6 / 0.0 ms  (average mu = 0.993, current mu = 0.992) allocation failure; 
[6089:0x73fe720]    16251 ms: Scavenge 147.9 (167.1) -> 132.4 (167.1) MB, 0.6 / 0.0 ms  (average mu = 0.993, current mu = 0.992) allocation failure; 
[6089:0x73fe720]    16257 ms: Scavenge 148.0 (167.1) -> 132.4 (167.1) MB, 0.7 / 0.0 ms  (average mu = 0.993, current mu = 0.992) allocation failure; 
[6089:0x73fe720]    16263 ms: Scavenge 148.0 (167.1) -> 132.5 (167.1) MB, 0.6 / 0.0 ms  (average mu = 0.993, current mu = 0.992) allocation failure; 
[6089:0x73fe720]    16269 ms: Scavenge 148.1 (167.1) -> 132.5 (167.1) MB, 0.6 / 0.0 ms  (average mu = 0.993, current mu = 0.992) allocation failure; 
[6089:0x73fe720]    16275 ms: Scavenge 148.1 (167.1) -> 132.6 (167.4) MB, 0.6 / 0.0 ms  (average mu = 0.993, current mu = 0.992) allocation failure; 
[6089:0x73fe720]    16281 ms: Scavenge 148.2 (167.4) -> 132.6 (167.4) MB, 0.6 / 0.0 ms  (average mu = 0.993, current mu = 0.992) allocation failure; 
[6089:0x73fe720]    16287 ms: Scavenge 148.2 (167.4) -> 132.7 (167.4) MB, 0.6 / 0.0 ms  (average mu = 0.993, current mu = 0.992) allocation failure; 
[6089:0x73fe720]    16293 ms: Scavenge 148.3 (167.4) -> 132.7 (167.4) MB, 0.6 / 0.0 ms  (average mu = 0.993, current mu = 0.992) allocation failure; 
[6089:0x73fe720]    16299 ms: Scavenge 148.3 (167.4) -> 132.8 (167.4) MB, 0.6 / 0.0 ms  (average mu = 0.993, current mu = 0.992) allocation failure; 
[6089:0x73fe720]    16305 ms: Scavenge 148.4 (167.4) -> 132.8 (167.4) MB, 0.6 / 0.0 ms  (average mu = 0.993, current mu = 0.992) allocation failure; 
[6089:0x73fe720]    16311 ms: Scavenge 148.4 (167.4) -> 132.9 (167.6) MB, 0.6 / 0.0 ms  (average mu = 0.993, current mu = 0.992) allocation failure; 
[6089:0x73fe720]    16317 ms: Scavenge 148.5 (167.6) -> 132.9 (167.6) MB, 0.6 / 0.0 ms  (average mu = 0.993, current mu = 0.992) allocation failure; 
[6089:0x73fe720]    16323 ms: Scavenge 148.5 (167.6) -> 133.0 (167.6) MB, 0.6 / 0.0 ms  (average mu = 0.993, current mu = 0.992) allocation failure; 
[6089:0x73fe720]    16329 ms: Scavenge 148.6 (167.6) -> 133.0 (167.6) MB, 0.6 / 0.0 ms  (average mu = 0.993, current mu = 0.992) allocation failure; 
[6089:0x73fe720]    16335 ms: Scavenge 148.6 (167.6) -> 133.1 (167.6) MB, 0.6 / 0.0 ms  (average mu = 0.993, current mu = 0.992) allocation failure; 
[6089:0x73fe720]    16341 ms: Scavenge 148.7 (167.6) -> 133.1 (167.9) MB, 0.6 / 0.0 ms  (average mu = 0.993, current mu = 0.992) allocation failure; 
[6089:0x73fe720]    16346 ms: Scavenge 148.7 (167.9) -> 133.2 (167.9) MB, 0.6 / 0.0 ms  (average mu = 0.993, current mu = 0.992) allocation failure; 
[6089:0x73fe720]    16352 ms: Scavenge 148.8 (167.9) -> 133.2 (167.9) MB, 0.6 / 0.0 ms  (average mu = 0.993, current mu = 0.992) allocation failure; 
[6089:0x73fe720]    16358 ms: Scavenge 148.8 (167.9) -> 133.3 (167.9) MB, 0.6 / 0.0 ms  (average mu = 0.993, current mu = 0.992) allocation failure; 
[6089:0x73fe720]    16364 ms: Scavenge 148.9 (167.9) -> 133.3 (167.9) MB, 0.6 / 0.0 ms  (average mu = 0.993, current mu = 0.992) allocation failure; 
[6089:0x73fe720]    16370 ms: Scavenge 148.9 (167.9) -> 133.4 (168.1) MB, 0.6 / 0.0 ms  (average mu = 0.993, current mu = 0.992) allocation failure; 
[6089:0x73fe720]    16376 ms: Scavenge 148.9 (168.1) -> 133.4 (168.1) MB, 0.6 / 0.0 ms  (average mu = 0.993, current mu = 0.992) allocation failure; 
[6089:0x73fe720]    16382 ms: Scavenge 149.0 (168.1) -> 133.5 (168.1) MB, 0.6 / 0.0 ms  (average mu = 0.993, current mu = 0.992) allocation failure; 
[6089:0x73fe720]    16388 ms: Scavenge 149.0 (168.1) -> 133.5 (168.1) MB, 0.6 / 0.0 ms  (average mu = 0.993, current mu = 0.992) allocation failure; 
[6089:0x73fe720]    16394 ms: Scavenge 149.1 (168.1) -> 133.6 (168.1) MB, 0.6 / 0.0 ms  (average mu = 0.993, current mu = 0.992) allocation failure; 
[6089:0x73fe720]    16400 ms: Scavenge 149.1 (168.1) -> 133.6 (168.4) MB, 0.6 / 0.0 ms  (average mu = 0.993, current mu = 0.992) allocation failure; 
[6089:0x73fe720]    16405 ms: Scavenge 149.2 (168.4) -> 133.6 (168.4) MB, 0.6 / 0.0 ms  (average mu = 0.993, current mu = 0.992) allocation failure; 
[6089:0x73fe720]    16411 ms: Scavenge 149.2 (168.4) -> 133.7 (168.4) MB, 0.6 / 0.0 ms  (average mu = 0.993, current mu = 0.992) allocation failure; 
[6089:0x73fe720]    16417 ms: Scavenge 149.3 (168.4) -> 133.7 (168.4) MB, 0.6 / 0.0 ms  (average mu = 0.993, current mu = 0.992) allocation failure; 
[6089:0x73fe720]    16423 ms: Scavenge 149.3 (168.4) -> 133.8 (168.4) MB, 0.6 / 0.0 ms  (average mu = 0.993, current mu = 0.992) allocation failure; 
[6089:0x73fe720]    16430 ms: Scavenge 149.4 (168.4) -> 133.8 (168.6) MB, 0.6 / 0.0 ms  (average mu = 0.993, current mu = 0.992) allocation failure; 
[6089:0x73fe720]    16436 ms: Scavenge 149.4 (168.6) -> 133.9 (168.6) MB, 0.6 / 0.0 ms  (average mu = 0.993, current mu = 0.992) allocation failure; 
[6089:0x73fe720]    16441 ms: Scavenge 149.5 (168.6) -> 133.9 (168.6) MB, 0.6 / 0.0 ms  (average mu = 0.993, current mu = 0.992) allocation failure; 
[6089:0x73fe720]    16447 ms: Scavenge 149.5 (168.6) -> 134.0 (168.6) MB, 0.6 / 0.0 ms  (average mu = 0.993, current mu = 0.992) allocation failure; 
[6089:0x73fe720]    16453 ms: Scavenge 149.6 (168.6) -> 134.0 (168.6) MB, 0.6 / 0.0 ms  (average mu = 0.993, current mu = 0.992) allocation failure; 
[6089:0x73fe720]    16459 ms: Scavenge 149.6 (168.6) -> 134.1 (168.9) MB, 0.8 / 0.0 ms  (average mu = 0.993, current mu = 0.992) allocation failure; 
[6089:0x73fe720]    16465 ms: Scavenge 149.7 (168.9) -> 134.1 (168.9) MB, 0.6 / 0.0 ms  (average mu = 0.993, current mu = 0.992) allocation failure; 
[6089:0x73fe720]    16471 ms: Scavenge 149.7 (168.9) -> 134.2 (168.9) MB, 0.6 / 0.0 ms  (average mu = 0.993, current mu = 0.992) allocation failure; 
[6089:0x73fe720]    16477 ms: Scavenge 149.8 (168.9) -> 134.2 (168.9) MB, 0.6 / 0.0 ms  (average mu = 0.993, current mu = 0.992) allocation failure; 
[6089:0x73fe720]    16483 ms: Scavenge 149.8 (168.9) -> 134.3 (168.9) MB, 0.5 / 0.0 ms  (average mu = 0.993, current mu = 0.992) allocation failure; 
[6089:0x73fe720]    16489 ms: Scavenge 149.9 (168.9) -> 134.3 (169.1) MB, 0.6 / 0.0 ms  (average mu = 0.993, current mu = 0.992) allocation failure; 
[6089:0x73fe720]    16495 ms: Scavenge 149.9 (169.1) -> 134.4 (169.1) MB, 0.6 / 0.0 ms  (average mu = 0.993, current mu = 0.992) allocation failure; 
[6089:0x73fe720]    16501 ms: Scavenge 150.0 (169.1) -> 134.4 (169.1) MB, 0.6 / 0.0 ms  (average mu = 0.993, current mu = 0.992) allocation failure; 
[6089:0x73fe720]    16507 ms: Scavenge 150.0 (169.1) -> 134.5 (169.1) MB, 0.6 / 0.0 ms  (average mu = 0.993, current mu = 0.992) allocation failure; 
[6089:0x73fe720]    16513 ms: Scavenge 150.1 (169.1) -> 134.5 (169.1) MB, 0.6 / 0.0 ms  (average mu = 0.993, current mu = 0.992) allocation failure; 
[6089:0x73fe720]    16519 ms: Scavenge 150.1 (169.1) -> 134.6 (169.1) MB, 0.6 / 0.0 ms  (average mu = 0.993, current mu = 0.992) allocation failure; 
[6089:0x73fe720]    16525 ms: Scavenge 150.1 (169.1) -> 134.6 (169.4) MB, 0.6 / 0.0 ms  (average mu = 0.993, current mu = 0.992) allocation failure; 
[6089:0x73fe720]    16530 ms: Scavenge 150.2 (169.4) -> 134.7 (169.4) MB, 0.5 / 0.0 ms  (average mu = 0.993, current mu = 0.992) allocation failure; 
[6089:0x73fe720]    16537 ms: Scavenge 150.2 (169.4) -> 134.7 (169.4) MB, 0.6 / 0.0 ms  (average mu = 0.993, current mu = 0.992) allocation failure; 
[6089:0x73fe720]    16543 ms: Scavenge 150.3 (169.4) -> 134.7 (169.4) MB, 0.6 / 0.0 ms  (average mu = 0.993, current mu = 0.992) allocation failure; 
[6089:0x73fe720]    16548 ms: Scavenge 150.3 (169.4) -> 134.8 (169.4) MB, 0.5 / 0.0 ms  (average mu = 0.993, current mu = 0.992) allocation failure; 
[6089:0x73fe720]    16554 ms: Scavenge 150.4 (169.4) -> 134.8 (169.6) MB, 0.6 / 0.0 ms  (average mu = 0.993, current mu = 0.992) allocation failure; 
[6089:0x73fe720]    16560 ms: Scavenge 150.4 (169.6) -> 134.9 (169.6) MB, 0.5 / 0.0 ms  (average mu = 0.993, current mu = 0.992) allocation failure; 
[6089:0x73fe720]    16566 ms: Scavenge 150.5 (169.6) -> 134.9 (169.6) MB, 0.6 / 0.0 ms  (average mu = 0.993, current mu = 0.992) allocation failure; 
[6089:0x73fe720]    16572 ms: Scavenge 150.5 (169.6) -> 135.0 (169.6) MB, 0.7 / 0.0 ms  (average mu = 0.993, current mu = 0.992) allocation failure; 
[6089:0x73fe720]    16578 ms: Scavenge 150.6 (169.6) -> 135.0 (169.6) MB, 0.7 / 0.0 ms  (average mu = 0.993, current mu = 0.992) allocation failure; 
[6089:0x73fe720]    16585 ms: Scavenge 150.6 (169.6) -> 135.1 (169.9) MB, 0.8 / 0.0 ms  (average mu = 0.993, current mu = 0.992) allocation failure; 
[6089:0x73fe720]    16591 ms: Scavenge 150.7 (169.9) -> 135.1 (169.9) MB, 0.6 / 0.0 ms  (average mu = 0.993, current mu = 0.992) allocation failure; 
[6089:0x73fe720]    16598 ms: Scavenge 150.7 (169.9) -> 135.2 (169.9) MB, 0.7 / 0.0 ms  (average mu = 0.993, current mu = 0.992) allocation failure; 
[6089:0x73fe720]    16604 ms: Scavenge 150.8 (169.9) -> 135.2 (169.9) MB, 0.6 / 0.0 ms  (average mu = 0.993, current mu = 0.992) allocation failure; 
[6089:0x73fe720]    16611 ms: Scavenge 150.8 (169.9) -> 135.3 (169.9) MB, 0.6 / 0.0 ms  (average mu = 0.993, current mu = 0.992) allocation failure; 
[6089:0x73fe720]    16617 ms: Scavenge 150.9 (169.9) -> 135.3 (170.1) MB, 0.7 / 0.0 ms  (average mu = 0.993, current mu = 0.992) allocation failure; 
[6089:0x73fe720]    16624 ms: Scavenge 150.9 (170.1) -> 135.4 (170.1) MB, 0.6 / 0.0 ms  (average mu = 0.993, current mu = 0.992) allocation failure; 
[6089:0x73fe720]    16630 ms: Scavenge 151.0 (170.1) -> 135.4 (170.1) MB, 0.6 / 0.0 ms  (average mu = 0.993, current mu = 0.992) allocation failure; 
[6089:0x73fe720]    16636 ms: Scavenge 151.0 (170.1) -> 135.5 (170.1) MB, 0.6 / 0.0 ms  (average mu = 0.993, current mu = 0.992) allocation failure; 
[6089:0x73fe720]    16642 ms: Scavenge 151.1 (170.1) -> 135.5 (170.1) MB, 0.6 / 0.0 ms  (average mu = 0.993, current mu = 0.992) allocation failure; 
[6089:0x73fe720]    16648 ms: Scavenge 151.1 (170.1) -> 135.6 (170.4) MB, 0.7 / 0.0 ms  (average mu = 0.993, current mu = 0.992) allocation failure; 
[6089:0x73fe720]    16654 ms: Scavenge 151.2 (170.4) -> 135.6 (170.4) MB, 0.7 / 0.0 ms  (average mu = 0.993, current mu = 0.992) allocation failure; 
[6089:0x73fe720]    16661 ms: Scavenge 151.2 (170.4) -> 135.7 (170.4) MB, 0.7 / 0.0 ms  (average mu = 0.993, current mu = 0.992) allocation failure; 
[6089:0x73fe720]    16668 ms: Scavenge 151.2 (170.4) -> 135.7 (170.4) MB, 0.9 / 0.0 ms  (average mu = 0.993, current mu = 0.992) allocation failure; 
[6089:0x73fe720]    16675 ms: Scavenge 151.3 (170.4) -> 135.8 (170.4) MB, 0.8 / 0.0 ms  (average mu = 0.993, current mu = 0.992) allocation failure; 
[6089:0x73fe720]    16681 ms: Scavenge 151.3 (170.4) -> 135.8 (170.6) MB, 0.7 / 0.0 ms  (average mu = 0.993, current mu = 0.992) allocation failure; 
[6089:0x73fe720]    16688 ms: Scavenge 151.4 (170.6) -> 135.8 (170.6) MB, 0.7 / 0.0 ms  (average mu = 0.993, current mu = 0.992) allocation failure; 
[6089:0x73fe720]    16694 ms: Scavenge 151.4 (170.6) -> 135.9 (170.6) MB, 0.7 / 0.0 ms  (average mu = 0.993, current mu = 0.992) allocation failure; 
[6089:0x73fe720]    16701 ms: Scavenge 151.5 (170.6) -> 135.9 (170.6) MB, 0.8 / 0.0 ms  (average mu = 0.993, current mu = 0.992) allocation failure; 
[6089:0x73fe720]    16708 ms: Scavenge 151.5 (170.6) -> 136.0 (170.6) MB, 0.7 / 0.0 ms  (average mu = 0.993, current mu = 0.992) allocation failure; 
[6089:0x73fe720]    16714 ms: Scavenge 151.6 (170.6) -> 136.1 (170.9) MB, 1.1 / 0.0 ms  (average mu = 0.993, current mu = 0.992) allocation failure; 
[6089:0x73fe720]    16721 ms: Scavenge 151.6 (170.9) -> 136.1 (170.9) MB, 0.7 / 0.0 ms  (average mu = 0.993, current mu = 0.992) allocation failure; 
[6089:0x73fe720]    16728 ms: Scavenge 151.7 (170.9) -> 136.1 (170.9) MB, 0.7 / 0.0 ms  (average mu = 0.993, current mu = 0.992) allocation failure; 
[6089:0x73fe720]    16734 ms: Scavenge 151.7 (170.9) -> 136.2 (170.9) MB, 0.6 / 0.0 ms  (average mu = 0.993, current mu = 0.992) allocation failure; 
[6089:0x73fe720]    16740 ms: Scavenge 151.8 (170.9) -> 136.2 (170.9) MB, 0.8 / 0.0 ms  (average mu = 0.993, current mu = 0.992) allocation failure; 
[6089:0x73fe720]    16747 ms: Scavenge 151.8 (170.9) -> 136.3 (170.9) MB, 0.7 / 0.0 ms  (average mu = 0.993, current mu = 0.992) allocation failure; 
[6089:0x73fe720]    16753 ms: Scavenge 151.9 (170.9) -> 136.3 (171.1) MB, 0.7 / 0.0 ms  (average mu = 0.993, current mu = 0.992) allocation failure; 
[6089:0x73fe720]    16759 ms: Scavenge 151.9 (171.1) -> 136.4 (171.1) MB, 0.6 / 0.0 ms  (average mu = 0.993, current mu = 0.992) allocation failure; 
[6089:0x73fe720]    16766 ms: Scavenge 152.0 (171.1) -> 136.4 (171.1) MB, 0.9 / 0.0 ms  (average mu = 0.993, current mu = 0.992) allocation failure; 
[6089:0x73fe720]    16773 ms: Scavenge 152.0 (171.1) -> 136.5 (171.1) MB, 0.7 / 0.0 ms  (average mu = 0.993, current mu = 0.992) allocation failure; 
[6089:0x73fe720]    16779 ms: Scavenge 152.1 (171.1) -> 136.5 (171.1) MB, 0.7 / 0.0 ms  (average mu = 0.993, current mu = 0.992) allocation failure; 
[6089:0x73fe720]    16786 ms: Scavenge 152.1 (171.1) -> 136.6 (171.4) MB, 0.7 / 0.0 ms  (average mu = 0.993, current mu = 0.992) allocation failure; 
[6089:0x73fe720]    16792 ms: Scavenge 152.2 (171.4) -> 136.6 (171.4) MB, 0.7 / 0.0 ms  (average mu = 0.993, current mu = 0.992) allocation failure; 
[6089:0x73fe720]    16799 ms: Scavenge 152.2 (171.4) -> 136.7 (171.4) MB, 0.6 / 0.0 ms  (average mu = 0.993, current mu = 0.992) allocation failure; 
[6089:0x73fe720]    16805 ms: Scavenge 152.3 (171.4) -> 136.7 (171.4) MB, 0.7 / 0.0 ms  (average mu = 0.993, current mu = 0.992) allocation failure; 
[6089:0x73fe720]    16812 ms: Scavenge 152.3 (171.4) -> 136.8 (171.6) MB, 0.7 / 0.0 ms  (average mu = 0.993, current mu = 0.992) allocation failure; 
[6089:0x73fe720]    16818 ms: Scavenge 152.3 (171.6) -> 136.8 (171.6) MB, 0.7 / 0.0 ms  (average mu = 0.993, current mu = 0.992) allocation failure; 
[6089:0x73fe720]    16824 ms: Scavenge 152.4 (171.6) -> 136.9 (171.6) MB, 0.9 / 0.0 ms  (average mu = 0.993, current mu = 0.992) allocation failure; 
[6089:0x73fe720]    16832 ms: Scavenge 152.4 (171.6) -> 136.9 (171.6) MB, 1.0 / 0.0 ms  (average mu = 0.993, current mu = 0.992) allocation failure; 
[6089:0x73fe720]    16839 ms: Scavenge 152.5 (171.6) -> 136.9 (171.6) MB, 0.9 / 0.0 ms  (average mu = 0.993, current mu = 0.992) allocation failure; 
[6089:0x73fe720]    16845 ms: Scavenge 152.5 (171.6) -> 137.0 (171.6) MB, 0.9 / 0.0 ms  (average mu = 0.993, current mu = 0.992) allocation failure; 
[6089:0x73fe720]    16852 ms: Scavenge 152.6 (171.6) -> 137.0 (171.9) MB, 0.7 / 0.0 ms  (average mu = 0.993, current mu = 0.992) allocation failure; 
[6089:0x73fe720]    16859 ms: Scavenge 152.6 (171.9) -> 137.1 (171.9) MB, 0.7 / 0.0 ms  (average mu = 0.993, current mu = 0.992) allocation failure; 
[6089:0x73fe720]    16865 ms: Scavenge 152.7 (171.9) -> 137.1 (171.9) MB, 0.7 / 0.0 ms  (average mu = 0.993, current mu = 0.992) allocation failure; 
[6089:0x73fe720]    16871 ms: Scavenge 152.7 (171.9) -> 137.2 (171.9) MB, 0.6 / 0.0 ms  (average mu = 0.993, current mu = 0.992) allocation failure; 
[6089:0x73fe720]    16878 ms: Scavenge 152.8 (171.9) -> 137.2 (171.9) MB, 0.6 / 0.0 ms  (average mu = 0.993, current mu = 0.992) allocation failure; 
[6089:0x73fe720]    16884 ms: Scavenge 152.8 (171.9) -> 137.3 (172.1) MB, 0.7 / 0.0 ms  (average mu = 0.993, current mu = 0.992) allocation failure; 
[6089:0x73fe720]    16891 ms: Scavenge 152.9 (172.1) -> 137.3 (172.1) MB, 0.6 / 0.0 ms  (average mu = 0.993, current mu = 0.992) allocation failure; 
[6089:0x73fe720]    16897 ms: Scavenge 152.9 (172.1) -> 137.4 (172.1) MB, 0.6 / 0.0 ms  (average mu = 0.993, current mu = 0.992) allocation failure; 
[6089:0x73fe720]    16903 ms: Scavenge 153.0 (172.1) -> 137.4 (172.1) MB, 0.6 / 0.0 ms  (average mu = 0.993, current mu = 0.992) allocation failure; 
[6089:0x73fe720]    16909 ms: Scavenge 153.0 (172.1) -> 137.5 (172.1) MB, 0.5 / 0.0 ms  (average mu = 0.993, current mu = 0.992) allocation failure; 
[6089:0x73fe720]    16915 ms: Scavenge 153.1 (172.1) -> 137.5 (172.4) MB, 0.8 / 0.0 ms  (average mu = 0.993, current mu = 0.992) allocation failure; 
[6089:0x73fe720]    16921 ms: Scavenge 153.1 (172.4) -> 137.6 (172.4) MB, 0.5 / 0.0 ms  (average mu = 0.993, current mu = 0.992) allocation failure; 
[6089:0x73fe720]    16927 ms: Scavenge 153.2 (172.4) -> 137.6 (172.4) MB, 0.7 / 0.0 ms  (average mu = 0.993, current mu = 0.992) allocation failure; 
[6089:0x73fe720]    16933 ms: Scavenge 153.2 (172.4) -> 137.7 (172.4) MB, 0.6 / 0.0 ms  (average mu = 0.993, current mu = 0.992) allocation failure; 
[6089:0x73fe720]    16939 ms: Scavenge 153.3 (172.4) -> 137.7 (172.4) MB, 0.6 / 0.0 ms  (average mu = 0.993, current mu = 0.992) allocation failure; 
[6089:0x73fe720]    16945 ms: Scavenge 153.3 (172.4) -> 137.8 (172.6) MB, 0.6 / 0.0 ms  (average mu = 0.993, current mu = 0.992) allocation failure; 
[6089:0x73fe720]    16951 ms: Scavenge 153.4 (172.6) -> 137.8 (172.6) MB, 0.8 / 0.0 ms  (average mu = 0.993, current mu = 0.992) allocation failure; 
[6089:0x73fe720]    16957 ms: Scavenge 153.4 (172.6) -> 137.9 (172.6) MB, 0.6 / 0.0 ms  (average mu = 0.993, current mu = 0.992) allocation failure; 
[6089:0x73fe720]    16963 ms: Scavenge 153.4 (172.6) -> 137.9 (172.6) MB, 0.6 / 0.0 ms  (average mu = 0.993, current mu = 0.992) allocation failure; 
[6089:0x73fe720]    16968 ms: Scavenge 153.5 (172.6) -> 138.0 (172.6) MB, 0.5 / 0.0 ms  (average mu = 0.993, current mu = 0.992) allocation failure; 
[6089:0x73fe720]    16975 ms: Scavenge 153.5 (172.6) -> 138.0 (172.6) MB, 0.8 / 0.0 ms  (average mu = 0.993, current mu = 0.992) allocation failure; 
[6089:0x73fe720]    16981 ms: Scavenge 153.6 (172.6) -> 138.0 (172.9) MB, 0.6 / 0.0 ms  (average mu = 0.993, current mu = 0.992) allocation failure; 
[6089:0x73fe720]    16987 ms: Scavenge 153.6 (172.9) -> 138.1 (172.9) MB, 0.8 / 0.0 ms  (average mu = 0.993, current mu = 0.992) allocation failure; 
[6089:0x73fe720]    16993 ms: Scavenge 153.7 (172.9) -> 138.1 (172.9) MB, 0.8 / 0.0 ms  (average mu = 0.993, current mu = 0.992) allocation failure; 
[6089:0x73fe720]    16999 ms: Scavenge 153.7 (172.9) -> 138.2 (172.9) MB, 0.6 / 0.0 ms  (average mu = 0.993, current mu = 0.992) allocation failure; 
[6089:0x73fe720]    17005 ms: Scavenge 153.8 (172.9) -> 138.2 (172.9) MB, 0.5 / 0.0 ms  (average mu = 0.993, current mu = 0.992) allocation failure; 
[6089:0x73fe720]    17011 ms: Scavenge 153.8 (172.9) -> 138.3 (173.1) MB, 0.8 / 0.0 ms  (average mu = 0.993, current mu = 0.992) allocation failure; 
[6089:0x73fe720]    17017 ms: Scavenge 153.9 (173.1) -> 138.3 (173.1) MB, 0.8 / 0.0 ms  (average mu = 0.993, current mu = 0.992) allocation failure; 
[6089:0x73fe720]    17023 ms: Scavenge 153.9 (173.1) -> 138.4 (173.1) MB, 0.7 / 0.0 ms  (average mu = 0.993, current mu = 0.992) allocation failure; 
[6089:0x73fe720]    17029 ms: Scavenge 154.0 (173.1) -> 138.4 (173.1) MB, 0.7 / 0.0 ms  (average mu = 0.993, current mu = 0.992) allocation failure; 
[6089:0x73fe720]    17036 ms: Scavenge 154.0 (173.1) -> 138.5 (173.1) MB, 0.6 / 0.0 ms  (average mu = 0.993, current mu = 0.992) allocation failure; 
[6089:0x73fe720]    17043 ms: Scavenge 154.1 (173.1) -> 138.5 (173.4) MB, 0.7 / 0.0 ms  (average mu = 0.993, current mu = 0.992) allocation failure; 
[6089:0x73fe720]    17050 ms: Scavenge 154.1 (173.4) -> 138.6 (173.4) MB, 0.7 / 0.0 ms  (average mu = 0.993, current mu = 0.992) allocation failure; 
[6089:0x73fe720]    17056 ms: Scavenge 154.2 (173.4) -> 138.6 (173.4) MB, 0.6 / 0.0 ms  (average mu = 0.993, current mu = 0.992) allocation failure; 
[6089:0x73fe720]    17062 ms: Scavenge 154.2 (173.4) -> 138.7 (173.4) MB, 0.6 / 0.0 ms  (average mu = 0.993, current mu = 0.992) allocation failure; 
[6089:0x73fe720]    17068 ms: Scavenge 154.3 (173.4) -> 138.7 (173.4) MB, 0.6 / 0.0 ms  (average mu = 0.993, current mu = 0.992) allocation failure; 
[6089:0x73fe720]    17074 ms: Scavenge 154.3 (173.4) -> 138.8 (173.6) MB, 0.6 / 0.0 ms  (average mu = 0.993, current mu = 0.992) allocation failure; 
[6089:0x73fe720]    17080 ms: Scavenge 154.4 (173.6) -> 138.8 (173.6) MB, 0.6 / 0.0 ms  (average mu = 0.993, current mu = 0.992) allocation failure; 
[6089:0x73fe720]    17086 ms: Scavenge 154.4 (173.6) -> 138.9 (173.6) MB, 0.6 / 0.0 ms  (average mu = 0.993, current mu = 0.992) allocation failure; 
[6089:0x73fe720]    17091 ms: Scavenge 154.5 (173.6) -> 138.9 (173.6) MB, 0.6 / 0.0 ms  (average mu = 0.993, current mu = 0.992) allocation failure; 
[6089:0x73fe720]    17097 ms: Scavenge 154.5 (173.6) -> 139.0 (173.6) MB, 0.6 / 0.0 ms  (average mu = 0.993, current mu = 0.992) allocation failure; 
[6089:0x73fe720]    17103 ms: Scavenge 154.5 (173.6) -> 139.0 (173.9) MB, 0.7 / 0.0 ms  (average mu = 0.993, current mu = 0.992) allocation failure; 
[6089:0x73fe720]    17109 ms: Scavenge 154.6 (173.9) -> 139.1 (173.9) MB, 0.7 / 0.0 ms  (average mu = 0.993, current mu = 0.992) allocation failure; 
[6089:0x73fe720]    17115 ms: Scavenge 154.6 (173.9) -> 139.1 (173.9) MB, 0.8 / 0.0 ms  (average mu = 0.993, current mu = 0.992) allocation failure; 
[6089:0x73fe720]    17121 ms: Scavenge 154.7 (173.9) -> 139.1 (173.9) MB, 0.6 / 0.0 ms  (average mu = 0.993, current mu = 0.992) allocation failure; 
[6089:0x73fe720]    17127 ms: Scavenge 154.7 (173.9) -> 139.2 (173.9) MB, 0.5 / 0.0 ms  (average mu = 0.993, current mu = 0.992) allocation failure; 
[6089:0x73fe720]    17133 ms: Scavenge 154.8 (173.9) -> 139.2 (174.1) MB, 0.8 / 0.0 ms  (average mu = 0.993, current mu = 0.992) allocation failure; 
[6089:0x73fe720]    17139 ms: Scavenge 154.8 (174.1) -> 139.3 (174.1) MB, 0.5 / 0.0 ms  (average mu = 0.993, current mu = 0.992) allocation failure; 
[6089:0x73fe720]    17145 ms: Scavenge 154.9 (174.1) -> 139.3 (174.1) MB, 0.7 / 0.0 ms  (average mu = 0.993, current mu = 0.992) allocation failure; 
[6089:0x73fe720]    17151 ms: Scavenge 154.9 (174.1) -> 139.4 (174.1) MB, 0.6 / 0.0 ms  (average mu = 0.993, current mu = 0.992) allocation failure; 
[6089:0x73fe720]    17157 ms: Scavenge 155.0 (174.1) -> 139.4 (174.1) MB, 0.7 / 0.0 ms  (average mu = 0.993, current mu = 0.992) allocation failure; 
[6089:0x73fe720]    17163 ms: Scavenge 155.0 (174.1) -> 139.5 (174.4) MB, 0.6 / 0.0 ms  (average mu = 0.993, current mu = 0.992) allocation failure; 
[6089:0x73fe720]    17169 ms: Scavenge 155.1 (174.4) -> 139.5 (174.4) MB, 0.7 / 0.0 ms  (average mu = 0.993, current mu = 0.992) allocation failure; 
[6089:0x73fe720]    17175 ms: Scavenge 155.1 (174.4) -> 139.6 (174.4) MB, 0.7 / 0.0 ms  (average mu = 0.993, current mu = 0.992) allocation failure; 
[6089:0x73fe720]    17183 ms: Scavenge 155.2 (174.4) -> 139.6 (174.4) MB, 1.0 / 0.0 ms  (average mu = 0.993, current mu = 0.992) allocation failure; 
[6089:0x73fe720]    17190 ms: Scavenge 155.2 (174.4) -> 139.7 (174.4) MB, 0.9 / 0.0 ms  (average mu = 0.993, current mu = 0.992) allocation failure; 
[6089:0x73fe720]    17198 ms: Scavenge 155.3 (174.4) -> 139.7 (174.6) MB, 0.8 / 0.0 ms  (average mu = 0.993, current mu = 0.992) allocation failure; 
[6089:0x73fe720]    17205 ms: Scavenge 155.3 (174.6) -> 139.8 (174.6) MB, 0.8 / 0.0 ms  (average mu = 0.993, current mu = 0.992) allocation failure; 
[6089:0x73fe720]    17211 ms: Scavenge 155.4 (174.6) -> 139.8 (174.6) MB, 0.7 / 0.0 ms  (average mu = 0.993, current mu = 0.992) allocation failure; 
[6089:0x73fe720]    17218 ms: Scavenge 155.4 (174.6) -> 139.9 (174.6) MB, 0.7 / 0.0 ms  (average mu = 0.993, current mu = 0.992) allocation failure; 
[6089:0x73fe720]    17224 ms: Scavenge 155.5 (174.6) -> 139.9 (174.6) MB, 0.7 / 0.0 ms  (average mu = 0.993, current mu = 0.992) allocation failure; 
[6089:0x73fe720]    17230 ms: Scavenge 155.5 (174.6) -> 140.0 (174.6) MB, 0.6 / 0.0 ms  (average mu = 0.993, current mu = 0.992) allocation failure; 
[6089:0x73fe720]    17237 ms: Scavenge 155.6 (174.6) -> 140.0 (174.9) MB, 0.9 / 0.0 ms  (average mu = 0.993, current mu = 0.992) allocation failure; 
[6089:0x73fe720]    17243 ms: Scavenge 155.6 (174.9) -> 140.1 (174.9) MB, 0.7 / 0.0 ms  (average mu = 0.993, current mu = 0.992) allocation failure; 
[6089:0x73fe720]    17250 ms: Scavenge 155.6 (174.9) -> 140.1 (174.9) MB, 0.7 / 0.0 ms  (average mu = 0.993, current mu = 0.992) allocation failure; 
[6089:0x73fe720]    17256 ms: Scavenge 155.7 (174.9) -> 140.2 (174.9) MB, 0.6 / 0.0 ms  (average mu = 0.993, current mu = 0.992) allocation failure; 
[6089:0x73fe720]    17263 ms: Scavenge 155.7 (174.9) -> 140.2 (174.9) MB, 0.6 / 0.0 ms  (average mu = 0.993, current mu = 0.992) allocation failure; 
[6089:0x73fe720]    17269 ms: Scavenge 155.8 (174.9) -> 140.2 (175.1) MB, 0.6 / 0.0 ms  (average mu = 0.993, current mu = 0.992) allocation failure; 
[6089:0x73fe720]    17277 ms: Scavenge 155.8 (175.1) -> 140.3 (175.1) MB, 0.9 / 0.0 ms  (average mu = 0.993, current mu = 0.992) allocation failure; 
[6089:0x73fe720]    17285 ms: Scavenge 155.9 (175.1) -> 140.3 (175.1) MB, 0.7 / 0.0 ms  (average mu = 0.993, current mu = 0.992) allocation failure; 
[6089:0x73fe720]    17292 ms: Scavenge 155.9 (175.1) -> 140.4 (175.1) MB, 0.9 / 0.0 ms  (average mu = 0.993, current mu = 0.992) allocation failure; 
[6089:0x73fe720]    17298 ms: Scavenge 156.0 (175.1) -> 140.4 (175.1) MB, 0.7 / 0.0 ms  (average mu = 0.993, current mu = 0.992) allocation failure; 
[6089:0x73fe720]    17305 ms: Scavenge 156.0 (175.1) -> 140.5 (175.4) MB, 0.7 / 0.0 ms  (average mu = 0.993, current mu = 0.992) allocation failure; 
[6089:0x73fe720]    17311 ms: Scavenge 156.1 (175.4) -> 140.5 (175.4) MB, 0.7 / 0.0 ms  (average mu = 0.993, current mu = 0.992) allocation failure; 
[6089:0x73fe720]    17318 ms: Scavenge 156.1 (175.4) -> 140.6 (175.4) MB, 0.7 / 0.0 ms  (average mu = 0.993, current mu = 0.992) allocation failure; 
[6089:0x73fe720]    17325 ms: Scavenge 156.2 (175.4) -> 140.6 (175.4) MB, 0.7 / 0.0 ms  (average mu = 0.993, current mu = 0.992) allocation failure; 
[6089:0x73fe720]    17331 ms: Scavenge 156.2 (175.4) -> 140.7 (175.4) MB, 0.6 / 0.0 ms  (average mu = 0.993, current mu = 0.992) allocation failure; 
[6089:0x73fe720]    17337 ms: Scavenge 156.3 (175.4) -> 140.7 (175.6) MB, 0.7 / 0.0 ms  (average mu = 0.993, current mu = 0.992) allocation failure; 
[6089:0x73fe720]    17344 ms: Scavenge 156.3 (175.6) -> 140.8 (175.6) MB, 0.7 / 0.0 ms  (average mu = 0.993, current mu = 0.992) allocation failure; 
[6089:0x73fe720]    17351 ms: Scavenge 156.4 (175.6) -> 140.8 (175.6) MB, 0.7 / 0.0 ms  (average mu = 0.993, current mu = 0.992) allocation failure; 
[6089:0x73fe720]    17357 ms: Scavenge 156.4 (175.6) -> 140.9 (175.6) MB, 0.7 / 0.0 ms  (average mu = 0.993, current mu = 0.992) allocation failure; 
[6089:0x73fe720]    17363 ms: Scavenge 156.5 (175.6) -> 140.9 (175.6) MB, 0.6 / 0.0 ms  (average mu = 0.993, current mu = 0.992) allocation failure; 
[6089:0x73fe720]    17370 ms: Scavenge 156.5 (175.6) -> 141.0 (175.9) MB, 0.7 / 0.0 ms  (average mu = 0.993, current mu = 0.992) allocation failure; 
[6089:0x73fe720]    17376 ms: Scavenge 156.6 (175.9) -> 141.0 (175.9) MB, 0.7 / 0.0 ms  (average mu = 0.993, current mu = 0.992) allocation failure; 
[6089:0x73fe720]    17382 ms: Scavenge 156.6 (175.9) -> 141.1 (175.9) MB, 0.5 / 0.0 ms  (average mu = 0.993, current mu = 0.992) allocation failure; 
[6089:0x73fe720]    17388 ms: Scavenge 156.7 (175.9) -> 141.1 (175.9) MB, 0.8 / 0.0 ms  (average mu = 0.993, current mu = 0.992) allocation failure; 
[6089:0x73fe720]    17394 ms: Scavenge 156.7 (175.9) -> 141.2 (175.9) MB, 0.7 / 0.0 ms  (average mu = 0.993, current mu = 0.992) allocation failure; 
[6089:0x73fe720]    17400 ms: Scavenge 156.7 (175.9) -> 141.2 (176.1) MB, 0.6 / 0.0 ms  (average mu = 0.993, current mu = 0.992) allocation failure; 
[6089:0x73fe720]    17406 ms: Scavenge 156.8 (176.1) -> 141.3 (176.1) MB, 0.5 / 0.0 ms  (average mu = 0.993, current mu = 0.992) allocation failure; 
[6089:0x73fe720]    17412 ms: Scavenge 156.8 (176.1) -> 141.3 (176.1) MB, 0.8 / 0.0 ms  (average mu = 0.993, current mu = 0.992) allocation failure; 
[6089:0x73fe720]    17418 ms: Scavenge 156.9 (176.1) -> 141.3 (176.1) MB, 0.6 / 0.0 ms  (average mu = 0.993, current mu = 0.992) allocation failure; 
[6089:0x73fe720]    17424 ms: Scavenge 156.9 (176.1) -> 141.4 (176.1) MB, 0.6 / 0.0 ms  (average mu = 0.993, current mu = 0.992) allocation failure; 
[6089:0x73fe720]    17430 ms: Scavenge 157.0 (176.1) -> 141.4 (176.4) MB, 0.7 / 0.0 ms  (average mu = 0.993, current mu = 0.992) allocation failure; 
[6089:0x73fe720]    17436 ms: Scavenge 157.0 (176.4) -> 141.5 (176.4) MB, 0.7 / 0.0 ms  (average mu = 0.993, current mu = 0.992) allocation failure; 
[6089:0x73fe720]    17442 ms: Scavenge 157.1 (176.4) -> 141.5 (176.4) MB, 0.6 / 0.0 ms  (average mu = 0.993, current mu = 0.992) allocation failure; 
[6089:0x73fe720]    17449 ms: Scavenge 157.1 (176.4) -> 141.6 (176.4) MB, 0.8 / 0.0 ms  (average mu = 0.993, current mu = 0.992) allocation failure; 
[6089:0x73fe720]    17455 ms: Scavenge 157.2 (176.4) -> 141.6 (176.4) MB, 0.7 / 0.0 ms  (average mu = 0.993, current mu = 0.992) allocation failure; 
[6089:0x73fe720]    17462 ms: Scavenge 157.2 (176.4) -> 141.7 (176.4) MB, 0.7 / 0.0 ms  (average mu = 0.993, current mu = 0.992) allocation failure; 
[6089:0x73fe720]    17468 ms: Scavenge 157.3 (176.4) -> 141.7 (176.6) MB, 0.7 / 0.0 ms  (average mu = 0.993, current mu = 0.992) allocation failure; 
[6089:0x73fe720]    17474 ms: Scavenge 157.3 (176.6) -> 141.8 (176.6) MB, 0.6 / 0.0 ms  (average mu = 0.993, current mu = 0.992) allocation failure; 
[6089:0x73fe720]    17480 ms: Scavenge 157.4 (176.6) -> 141.8 (176.6) MB, 0.6 / 0.0 ms  (average mu = 0.993, current mu = 0.992) allocation failure; 
[6089:0x73fe720]    17487 ms: Scavenge 157.4 (176.6) -> 141.9 (176.6) MB, 0.7 / 0.0 ms  (average mu = 0.993, current mu = 0.992) allocation failure; 
[6089:0x73fe720]    17493 ms: Scavenge 157.5 (176.6) -> 141.9 (176.6) MB, 0.7 / 0.0 ms  (average mu = 0.993, current mu = 0.992) allocation failure; 
[6089:0x73fe720]    17499 ms: Scavenge 157.5 (176.6) -> 142.0 (176.9) MB, 0.6 / 0.0 ms  (average mu = 0.993, current mu = 0.992) allocation failure; 
[6089:0x73fe720]    17505 ms: Scavenge 157.6 (176.9) -> 142.0 (176.9) MB, 0.8 / 0.0 ms  (average mu = 0.993, current mu = 0.992) allocation failure; 
[6089:0x73fe720]    17511 ms: Scavenge 157.6 (176.9) -> 142.1 (176.9) MB, 0.6 / 0.0 ms  (average mu = 0.993, current mu = 0.992) allocation failure; 
[6089:0x73fe720]    17518 ms: Scavenge 157.7 (176.9) -> 142.1 (176.9) MB, 0.6 / 0.0 ms  (average mu = 0.993, current mu = 0.992) allocation failure; 
[6089:0x73fe720]    17524 ms: Scavenge 157.7 (176.9) -> 142.2 (176.9) MB, 0.5 / 0.0 ms  (average mu = 0.993, current mu = 0.992) allocation failure; 
[6089:0x73fe720]    17530 ms: Scavenge 157.8 (176.9) -> 142.2 (177.1) MB, 0.8 / 0.0 ms  (average mu = 0.993, current mu = 0.992) allocation failure; 
[6089:0x73fe720]    17536 ms: Scavenge 157.8 (177.1) -> 142.3 (177.1) MB, 0.6 / 0.0 ms  (average mu = 0.993, current mu = 0.992) allocation failure; 
[6089:0x73fe720]    17542 ms: Scavenge 157.8 (177.1) -> 142.3 (177.1) MB, 0.6 / 0.0 ms  (average mu = 0.993, current mu = 0.992) allocation failure; 
[6089:0x73fe720]    17548 ms: Scavenge 157.9 (177.1) -> 142.4 (177.1) MB, 0.5 / 0.0 ms  (average mu = 0.993, current mu = 0.992) allocation failure; 
[6089:0x73fe720]    17554 ms: Scavenge 157.9 (177.1) -> 142.4 (177.1) MB, 0.8 / 0.0 ms  (average mu = 0.993, current mu = 0.992) allocation failure; 
[6089:0x73fe720]    17560 ms: Scavenge 158.0 (177.1) -> 142.4 (177.4) MB, 0.7 / 0.0 ms  (average mu = 0.993, current mu = 0.992) allocation failure; 
[6089:0x73fe720]    17567 ms: Scavenge 158.0 (177.4) -> 142.5 (177.4) MB, 0.9 / 0.0 ms  (average mu = 0.993, current mu = 0.992) allocation failure; 
[6089:0x73fe720]    17576 ms: Scavenge 158.1 (177.4) -> 142.5 (177.4) MB, 0.8 / 0.0 ms  (average mu = 0.993, current mu = 0.992) allocation failure; 
[6089:0x73fe720]    17584 ms: Scavenge 158.1 (177.4) -> 142.6 (177.4) MB, 1.0 / 0.0 ms  (average mu = 0.993, current mu = 0.992) allocation failure; 
[6089:0x73fe720]    17594 ms: Scavenge 158.2 (177.4) -> 142.6 (177.4) MB, 0.9 / 0.0 ms  (average mu = 0.993, current mu = 0.992) allocation failure; 
[6089:0x73fe720]    17603 ms: Scavenge 158.2 (177.4) -> 142.7 (177.6) MB, 0.8 / 0.0 ms  (average mu = 0.993, current mu = 0.992) allocation failure; 
[6089:0x73fe720]    17610 ms: Scavenge 158.3 (177.6) -> 142.7 (177.6) MB, 0.7 / 0.0 ms  (average mu = 0.993, current mu = 0.992) allocation failure; 
[6089:0x73fe720]    17617 ms: Scavenge 158.3 (177.6) -> 142.8 (177.6) MB, 0.7 / 0.0 ms  (average mu = 0.993, current mu = 0.992) allocation failure; 
[6089:0x73fe720]    17624 ms: Scavenge 158.4 (177.6) -> 142.8 (177.6) MB, 0.7 / 0.0 ms  (average mu = 0.993, current mu = 0.992) allocation failure; 
[6089:0x73fe720]    17631 ms: Scavenge 158.4 (177.6) -> 142.9 (177.6) MB, 0.8 / 0.0 ms  (average mu = 0.993, current mu = 0.992) allocation failure; 
[6089:0x73fe720]    17637 ms: Scavenge 158.5 (177.6) -> 142.9 (177.9) MB, 0.8 / 0.0 ms  (average mu = 0.993, current mu = 0.992) allocation failure; 
[6089:0x73fe720]    17644 ms: Scavenge 158.5 (177.9) -> 143.0 (177.9) MB, 0.8 / 0.0 ms  (average mu = 0.993, current mu = 0.992) allocation failure; 
[6089:0x73fe720]    17650 ms: Scavenge 158.6 (177.9) -> 143.0 (177.9) MB, 0.7 / 0.0 ms  (average mu = 0.993, current mu = 0.992) allocation failure; 
[6089:0x73fe720]    17657 ms: Scavenge 158.6 (177.9) -> 143.1 (177.9) MB, 0.7 / 0.0 ms  (average mu = 0.993, current mu = 0.992) allocation failure; 
[6089:0x73fe720]    17664 ms: Scavenge 158.7 (177.9) -> 143.1 (177.9) MB, 0.7 / 0.0 ms  (average mu = 0.993, current mu = 0.992) allocation failure; 
[6089:0x73fe720]    17670 ms: Scavenge 158.7 (177.9) -> 143.2 (178.1) MB, 0.7 / 0.0 ms  (average mu = 0.993, current mu = 0.992) allocation failure; 
[6089:0x73fe720]    17677 ms: Scavenge 158.8 (178.1) -> 143.2 (178.1) MB, 0.7 / 0.0 ms  (average mu = 0.993, current mu = 0.992) allocation failure; 
[6089:0x73fe720]    17683 ms: Scavenge 158.8 (178.1) -> 143.3 (178.1) MB, 0.7 / 0.0 ms  (average mu = 0.993, current mu = 0.992) allocation failure; 
[6089:0x73fe720]    17689 ms: Scavenge 158.9 (178.1) -> 143.3 (178.1) MB, 0.7 / 0.0 ms  (average mu = 0.993, current mu = 0.992) allocation failure; 
[6089:0x73fe720]    17696 ms: Scavenge 158.9 (178.1) -> 143.4 (178.1) MB, 0.9 / 0.0 ms  (average mu = 0.993, current mu = 0.992) allocation failure; 
[6089:0x73fe720]    17704 ms: Scavenge 158.9 (178.1) -> 143.4 (178.1) MB, 0.9 / 0.0 ms  (average mu = 0.993, current mu = 0.992) allocation failure; 
[6089:0x73fe720]    17713 ms: Scavenge 159.0 (178.1) -> 143.5 (178.4) MB, 0.8 / 0.0 ms  (average mu = 0.993, current mu = 0.992) allocation failure; 
[6089:0x73fe720]    17719 ms: Scavenge 159.0 (178.4) -> 143.5 (178.4) MB, 0.8 / 0.0 ms  (average mu = 0.993, current mu = 0.992) allocation failure; 
[6089:0x73fe720]    17727 ms: Scavenge 159.1 (178.4) -> 143.5 (178.4) MB, 0.8 / 0.0 ms  (average mu = 0.993, current mu = 0.992) allocation failure; 
[6089:0x73fe720]    17734 ms: Scavenge 159.1 (178.4) -> 143.6 (178.4) MB, 0.7 / 0.0 ms  (average mu = 0.993, current mu = 0.992) allocation failure; 
[6089:0x73fe720]    17740 ms: Scavenge 159.2 (178.4) -> 143.6 (178.4) MB, 0.7 / 0.0 ms  (average mu = 0.993, current mu = 0.992) allocation failure; 
[6089:0x73fe720]    17746 ms: Scavenge 159.2 (178.4) -> 143.7 (178.6) MB, 0.7 / 0.0 ms  (average mu = 0.993, current mu = 0.992) allocation failure; 
[6089:0x73fe720]    17752 ms: Scavenge 159.3 (178.6) -> 143.7 (178.6) MB, 0.6 / 0.0 ms  (average mu = 0.993, current mu = 0.992) allocation failure; 
[6089:0x73fe720]    17758 ms: Scavenge 159.3 (178.6) -> 143.8 (178.6) MB, 0.6 / 0.0 ms  (average mu = 0.993, current mu = 0.992) allocation failure; 
[6089:0x73fe720]    17764 ms: Scavenge 159.4 (178.6) -> 143.8 (178.6) MB, 0.6 / 0.0 ms  (average mu = 0.993, current mu = 0.992) allocation failure; 
[6089:0x73fe720]    17770 ms: Scavenge 159.4 (178.6) -> 143.9 (178.6) MB, 0.8 / 0.0 ms  (average mu = 0.993, current mu = 0.992) allocation failure; 
[6089:0x73fe720]    17776 ms: Scavenge 159.5 (178.6) -> 143.9 (178.9) MB, 0.6 / 0.0 ms  (average mu = 0.993, current mu = 0.992) allocation failure; 
[6089:0x73fe720]    17782 ms: Scavenge 159.5 (178.9) -> 144.0 (178.9) MB, 0.8 / 0.0 ms  (average mu = 0.993, current mu = 0.992) allocation failure; 
[6089:0x73fe720]    17788 ms: Scavenge 159.6 (178.9) -> 144.0 (178.9) MB, 0.7 / 0.0 ms  (average mu = 0.993, current mu = 0.992) allocation failure; 
[6089:0x73fe720]    17795 ms: Scavenge 159.6 (178.9) -> 144.1 (178.9) MB, 0.7 / 0.0 ms  (average mu = 0.993, current mu = 0.992) allocation failure; 
[6089:0x73fe720]    17801 ms: Scavenge 159.7 (178.9) -> 144.1 (178.9) MB, 0.7 / 0.0 ms  (average mu = 0.993, current mu = 0.992) allocation failure; 
[6089:0x73fe720]    17807 ms: Scavenge 159.7 (178.9) -> 144.2 (179.1) MB, 0.8 / 0.0 ms  (average mu = 0.993, current mu = 0.992) allocation failure; 
[6089:0x73fe720]    17816 ms: Scavenge 159.8 (179.1) -> 144.2 (179.1) MB, 1.0 / 0.0 ms  (average mu = 0.993, current mu = 0.992) allocation failure; 
[6089:0x73fe720]    17824 ms: Scavenge 159.8 (179.1) -> 144.3 (179.1) MB, 0.9 / 0.0 ms  (average mu = 0.993, current mu = 0.992) allocation failure; 
[6089:0x73fe720]    17830 ms: Scavenge 159.9 (179.1) -> 144.3 (179.1) MB, 0.8 / 0.0 ms  (average mu = 0.993, current mu = 0.992) allocation failure; 
[6089:0x73fe720]    17840 ms: Scavenge 159.9 (179.1) -> 144.4 (179.1) MB, 1.1 / 0.0 ms  (average mu = 0.993, current mu = 0.992) allocation failure; 
[6089:0x73fe720]    17849 ms: Scavenge 160.0 (179.1) -> 144.4 (179.4) MB, 0.8 / 0.0 ms  (average mu = 0.993, current mu = 0.992) allocation failure; 
[6089:0x73fe720]    17856 ms: Scavenge 160.0 (179.4) -> 144.5 (179.4) MB, 0.7 / 0.0 ms  (average mu = 0.993, current mu = 0.992) allocation failure; 
[6089:0x73fe720]    17864 ms: Scavenge 160.0 (179.4) -> 144.5 (179.4) MB, 1.0 / 0.0 ms  (average mu = 0.993, current mu = 0.992) allocation failure; 
[6089:0x73fe720]    17872 ms: Scavenge 160.1 (179.4) -> 144.6 (179.4) MB, 0.8 / 0.0 ms  (average mu = 0.993, current mu = 0.992) allocation failure; 
[6089:0x73fe720]    17881 ms: Scavenge 160.1 (179.4) -> 144.6 (179.4) MB, 0.9 / 0.0 ms  (average mu = 0.993, current mu = 0.992) allocation failure; 
[6089:0x73fe720]    17890 ms: Scavenge 160.2 (179.4) -> 144.6 (179.6) MB, 1.0 / 0.0 ms  (average mu = 0.993, current mu = 0.992) allocation failure; 
[6089:0x73fe720]    17899 ms: Scavenge 160.2 (179.6) -> 144.7 (179.6) MB, 0.8 / 0.0 ms  (average mu = 0.993, current mu = 0.992) allocation failure; 
[6089:0x73fe720]    17906 ms: Scavenge 160.3 (179.6) -> 144.7 (179.6) MB, 0.7 / 0.0 ms  (average mu = 0.993, current mu = 0.992) allocation failure; 
[6089:0x73fe720]    17912 ms: Scavenge 160.3 (179.6) -> 144.8 (179.6) MB, 0.7 / 0.0 ms  (average mu = 0.993, current mu = 0.992) allocation failure; 
[6089:0x73fe720]    17919 ms: Scavenge 160.4 (179.6) -> 144.8 (179.6) MB, 0.7 / 0.0 ms  (average mu = 0.993, current mu = 0.992) allocation failure; 
[6089:0x73fe720]    17925 ms: Scavenge 160.4 (179.6) -> 144.9 (179.9) MB, 1.0 / 0.0 ms  (average mu = 0.993, current mu = 0.992) allocation failure; 
[6089:0x73fe720]    17931 ms: Scavenge 160.5 (179.9) -> 144.9 (179.9) MB, 0.7 / 0.0 ms  (average mu = 0.993, current mu = 0.992) allocation failure; 
[6089:0x73fe720]    17938 ms: Scavenge 160.5 (179.9) -> 145.0 (179.9) MB, 0.7 / 0.0 ms  (average mu = 0.993, current mu = 0.992) allocation failure; 
[6089:0x73fe720]    17944 ms: Scavenge 160.6 (179.9) -> 145.1 (179.9) MB, 0.7 / 0.0 ms  (average mu = 0.993, current mu = 0.992) allocation failure; 
[6089:0x73fe720]    17951 ms: Scavenge 160.6 (179.9) -> 145.1 (179.9) MB, 0.7 / 0.0 ms  (average mu = 0.993, current mu = 0.992) allocation failure; 
[6089:0x73fe720]    17957 ms: Scavenge 160.7 (179.9) -> 145.1 (179.9) MB, 0.7 / 0.0 ms  (average mu = 0.993, current mu = 0.992) allocation failure; 
[6089:0x73fe720]    17964 ms: Scavenge 160.7 (179.9) -> 145.2 (180.1) MB, 0.8 / 0.0 ms  (average mu = 0.993, current mu = 0.992) allocation failure; 
[6089:0x73fe720]    17972 ms: Scavenge 160.8 (180.1) -> 145.3 (180.1) MB, 0.8 / 0.0 ms  (average mu = 0.993, current mu = 0.992) allocation failure; 
[6089:0x73fe720]    17980 ms: Scavenge 160.8 (180.1) -> 145.3 (180.1) MB, 0.7 / 0.0 ms  (average mu = 0.993, current mu = 0.992) allocation failure; 
[6089:0x73fe720]    17986 ms: Scavenge 160.9 (180.1) -> 145.3 (180.1) MB, 0.7 / 0.0 ms  (average mu = 0.993, current mu = 0.992) allocation failure; 
[6089:0x73fe720]    17993 ms: Scavenge 160.9 (180.1) -> 145.4 (180.1) MB, 0.7 / 0.0 ms  (average mu = 0.993, current mu = 0.992) allocation failure; 
[6089:0x73fe720]    17999 ms: Scavenge 161.0 (180.1) -> 145.4 (180.4) MB, 0.7 / 0.0 ms  (average mu = 0.993, current mu = 0.992) allocation failure; 
[6089:0x73fe720]    18005 ms: Scavenge 161.0 (180.4) -> 145.5 (180.4) MB, 0.6 / 0.0 ms  (average mu = 0.993, current mu = 0.992) allocation failure; 
[6089:0x73fe720]    18011 ms: Scavenge 161.1 (180.4) -> 145.5 (180.4) MB, 0.7 / 0.0 ms  (average mu = 0.993, current mu = 0.992) allocation failure; 
[6089:0x73fe720]    18017 ms: Scavenge 161.1 (180.4) -> 145.6 (180.4) MB, 0.6 / 0.0 ms  (average mu = 0.993, current mu = 0.992) allocation failure; 
[6089:0x73fe720]    18023 ms: Scavenge 161.1 (180.4) -> 145.6 (180.4) MB, 0.8 / 0.0 ms  (average mu = 0.993, current mu = 0.992) allocation failure; 
[6089:0x73fe720]    18031 ms: Scavenge 164.1 (183.3) -> 148.6 (183.6) MB, 1.2 / 0.0 ms  (average mu = 0.993, current mu = 0.992) allocation failure; 
[6089:0x73fe720]    18037 ms: Scavenge 164.2 (183.6) -> 148.7 (183.8) MB, 0.7 / 0.0 ms  (average mu = 0.993, current mu = 0.992) allocation failure; 
[6089:0x73fe720]    18043 ms: Scavenge 164.2 (183.8) -> 148.7 (183.8) MB, 0.6 / 0.0 ms  (average mu = 0.993, current mu = 0.992) allocation failure; 
[6089:0x73fe720]    18049 ms: Scavenge 164.3 (183.8) -> 148.7 (183.8) MB, 0.6 / 0.0 ms  (average mu = 0.993, current mu = 0.992) allocation failure; 
[6089:0x73fe720]    18055 ms: Scavenge 164.3 (183.8) -> 148.8 (183.8) MB, 0.6 / 0.0 ms  (average mu = 0.993, current mu = 0.992) allocation failure; 
[6089:0x73fe720]    18061 ms: Scavenge 164.4 (183.8) -> 148.8 (183.8) MB, 0.6 / 0.0 ms  (average mu = 0.993, current mu = 0.992) allocation failure; 
[6089:0x73fe720]    18067 ms: Scavenge 164.4 (183.8) -> 148.9 (183.8) MB, 0.6 / 0.0 ms  (average mu = 0.993, current mu = 0.992) allocation failure; 
[6089:0x73fe720]    18072 ms: Scavenge 164.5 (183.8) -> 148.9 (183.8) MB, 0.6 / 0.0 ms  (average mu = 0.993, current mu = 0.992) allocation failure; 
[6089:0x73fe720]    18078 ms: Scavenge 164.5 (183.8) -> 149.0 (183.8) MB, 0.7 / 0.0 ms  (average mu = 0.993, current mu = 0.992) allocation failure; 
[6089:0x73fe720]    18084 ms: Scavenge 164.6 (183.8) -> 149.0 (183.8) MB, 0.6 / 0.0 ms  (average mu = 0.993, current mu = 0.992) allocation failure; 
[6089:0x73fe720]    18090 ms: Scavenge 164.6 (183.8) -> 149.1 (184.1) MB, 0.6 / 0.0 ms  (average mu = 0.993, current mu = 0.992) allocation failure; 
[6089:0x73fe720]    18096 ms: Scavenge 164.7 (184.1) -> 149.1 (184.1) MB, 0.6 / 0.0 ms  (average mu = 0.993, current mu = 0.992) allocation failure; 
[6089:0x73fe720]    18102 ms: Scavenge 164.7 (184.1) -> 149.2 (184.1) MB, 0.7 / 0.0 ms  (average mu = 0.993, current mu = 0.992) allocation failure; 
[6089:0x73fe720]    18108 ms: Scavenge 164.8 (184.1) -> 149.2 (184.1) MB, 0.6 / 0.0 ms  (average mu = 0.993, current mu = 0.992) allocation failure; 
[6089:0x73fe720]    18114 ms: Scavenge 164.8 (184.1) -> 149.3 (184.1) MB, 0.6 / 0.0 ms  (average mu = 0.993, current mu = 0.992) allocation failure; 
[6089:0x73fe720]    18120 ms: Scavenge 164.9 (184.1) -> 149.3 (184.3) MB, 0.7 / 0.0 ms  (average mu = 0.993, current mu = 0.992) allocation failure; 
[6089:0x73fe720]    18126 ms: Scavenge 164.9 (184.3) -> 149.4 (184.3) MB, 0.6 / 0.0 ms  (average mu = 0.993, current mu = 0.992) allocation failure; 
[6089:0x73fe720]    18132 ms: Scavenge 165.0 (184.3) -> 149.4 (184.3) MB, 0.6 / 0.0 ms  (average mu = 0.993, current mu = 0.992) allocation failure; 
[6089:0x73fe720]    18138 ms: Scavenge 165.0 (184.3) -> 149.5 (184.3) MB, 0.6 / 0.0 ms  (average mu = 0.993, current mu = 0.992) allocation failure; 
[6089:0x73fe720]    18144 ms: Scavenge 165.1 (184.3) -> 149.5 (184.3) MB, 0.6 / 0.0 ms  (average mu = 0.993, current mu = 0.992) allocation failure; 
[6089:0x73fe720]    18150 ms: Scavenge 165.1 (184.3) -> 149.6 (184.6) MB, 0.7 / 0.0 ms  (average mu = 0.993, current mu = 0.992) allocation failure; 
[6089:0x73fe720]    18156 ms: Scavenge 165.1 (184.6) -> 149.6 (184.6) MB, 0.6 / 0.0 ms  (average mu = 0.993, current mu = 0.992) allocation failure; 
[6089:0x73fe720]    18162 ms: Scavenge 165.2 (184.6) -> 149.7 (184.6) MB, 0.7 / 0.0 ms  (average mu = 0.993, current mu = 0.992) allocation failure; 
[6089:0x73fe720]    18168 ms: Scavenge 165.2 (184.6) -> 149.7 (184.8) MB, 0.7 / 0.0 ms  (average mu = 0.993, current mu = 0.992) allocation failure; 
[6089:0x73fe720]    18174 ms: Scavenge 165.3 (184.8) -> 149.7 (184.8) MB, 0.6 / 0.0 ms  (average mu = 0.993, current mu = 0.992) allocation failure; 
[6089:0x73fe720]    18179 ms: Scavenge 162.8 (184.8) -> 149.7 (184.8) MB, 0.8 / 0.0 ms  (average mu = 0.993, current mu = 0.992) task; 
[6089:0x73fe720]    18188 ms: Scavenge 165.4 (184.8) -> 149.8 (184.8) MB, 0.8 / 0.0 ms  (average mu = 0.993, current mu = 0.992) allocation failure; 
[6089:0x73fe720]    18194 ms: Scavenge 165.4 (184.8) -> 149.9 (184.8) MB, 0.8 / 0.0 ms  (average mu = 0.993, current mu = 0.992) allocation failure; 
[6089:0x73fe720]    18200 ms: Scavenge 165.5 (184.8) -> 149.9 (184.8) MB, 0.7 / 0.0 ms  (average mu = 0.993, current mu = 0.992) allocation failure; 
[6089:0x73fe720]    18207 ms: Scavenge 165.5 (184.8) -> 150.0 (184.8) MB, 0.7 / 0.0 ms  (average mu = 0.993, current mu = 0.992) allocation failure; 
[6089:0x73fe720]    18213 ms: Scavenge 165.6 (184.8) -> 150.0 (184.8) MB, 0.7 / 0.0 ms  (average mu = 0.993, current mu = 0.992) allocation failure; 
[6089:0x73fe720]    18219 ms: Scavenge 165.6 (184.8) -> 150.1 (185.1) MB, 0.7 / 0.0 ms  (average mu = 0.993, current mu = 0.992) allocation failure; 
[6089:0x73fe720]    18225 ms: Scavenge 165.7 (185.1) -> 150.1 (185.1) MB, 0.7 / 0.0 ms  (average mu = 0.993, current mu = 0.992) allocation failure; 
[6089:0x73fe720]    18232 ms: Scavenge 165.7 (185.1) -> 150.2 (185.1) MB, 0.7 / 0.0 ms  (average mu = 0.993, current mu = 0.992) allocation failure; 
[6089:0x73fe720]    18238 ms: Scavenge 165.8 (185.1) -> 150.2 (185.1) MB, 0.7 / 0.0 ms  (average mu = 0.993, current mu = 0.992) allocation failure; 
[6089:0x73fe720]    18244 ms: Scavenge 165.8 (185.1) -> 150.3 (185.1) MB, 0.7 / 0.0 ms  (average mu = 0.993, current mu = 0.992) allocation failure; 
[6089:0x73fe720]    18251 ms: Scavenge 165.9 (185.1) -> 150.3 (185.3) MB, 0.8 / 0.0 ms  (average mu = 0.993, current mu = 0.992) allocation failure; 
[6089:0x73fe720]    18257 ms: Scavenge 165.9 (185.3) -> 150.4 (185.6) MB, 1.3 / 0.0 ms  (average mu = 0.993, current mu = 0.992) allocation failure; 
[6089:0x73fe720]    18264 ms: Scavenge 166.0 (185.6) -> 150.4 (185.6) MB, 0.7 / 0.0 ms  (average mu = 0.993, current mu = 0.992) allocation failure; 
[6089:0x73fe720]    18270 ms: Scavenge 166.0 (185.6) -> 150.5 (185.6) MB, 0.8 / 0.0 ms  (average mu = 0.993, current mu = 0.992) allocation failure; 
[6089:0x73fe720]    18276 ms: Scavenge 166.1 (185.6) -> 150.5 (185.6) MB, 0.8 / 0.0 ms  (average mu = 0.993, current mu = 0.992) allocation failure; 
[6089:0x73fe720]    18283 ms: Scavenge 166.1 (185.6) -> 150.6 (185.6) MB, 0.7 / 0.0 ms  (average mu = 0.993, current mu = 0.992) allocation failure; 
[6089:0x73fe720]    18289 ms: Scavenge 166.1 (185.6) -> 150.6 (185.6) MB, 0.7 / 0.0 ms  (average mu = 0.993, current mu = 0.992) allocation failure; 
[6089:0x73fe720]    18296 ms: Scavenge 166.2 (185.6) -> 150.7 (185.6) MB, 0.8 / 0.0 ms  (average mu = 0.993, current mu = 0.992) allocation failure; 
[6089:0x73fe720]    18302 ms: Scavenge 166.2 (185.6) -> 150.7 (185.6) MB, 0.8 / 0.0 ms  (average mu = 0.993, current mu = 0.992) allocation failure; 
[6089:0x73fe720]    18309 ms: Scavenge 166.3 (185.6) -> 150.8 (185.6) MB, 0.7 / 0.0 ms  (average mu = 0.993, current mu = 0.992) allocation failure; 
[6089:0x73fe720]    18315 ms: Scavenge 166.3 (185.6) -> 150.8 (185.8) MB, 0.7 / 0.0 ms  (average mu = 0.993, current mu = 0.992) allocation failure; 
[6089:0x73fe720]    18322 ms: Scavenge 166.4 (185.8) -> 150.8 (185.8) MB, 0.9 / 0.0 ms  (average mu = 0.993, current mu = 0.992) allocation failure; 
[6089:0x73fe720]    18328 ms: Scavenge 166.4 (185.8) -> 150.9 (185.8) MB, 0.7 / 0.0 ms  (average mu = 0.993, current mu = 0.992) allocation failure; 
[6089:0x73fe720]    18335 ms: Scavenge 166.5 (185.8) -> 150.9 (185.8) MB, 0.8 / 0.0 ms  (average mu = 0.993, current mu = 0.992) allocation failure; 
[6089:0x73fe720]    18341 ms: Scavenge 166.5 (185.8) -> 151.0 (185.8) MB, 0.7 / 0.0 ms  (average mu = 0.993, current mu = 0.992) allocation failure; 
[6089:0x73fe720]    18347 ms: Scavenge 166.6 (185.8) -> 151.1 (186.1) MB, 0.7 / 0.0 ms  (average mu = 0.993, current mu = 0.992) allocation failure; 
[6089:0x73fe720]    18353 ms: Scavenge 166.6 (186.1) -> 151.1 (186.1) MB, 0.6 / 0.0 ms  (average mu = 0.993, current mu = 0.992) allocation failure; 
[6089:0x73fe720]    18359 ms: Scavenge 166.7 (186.1) -> 151.1 (186.1) MB, 0.7 / 0.0 ms  (average mu = 0.993, current mu = 0.992) allocation failure; 
[6089:0x73fe720]    18365 ms: Scavenge 166.7 (186.1) -> 151.2 (186.1) MB, 0.6 / 0.0 ms  (average mu = 0.993, current mu = 0.992) allocation failure; 
[6089:0x73fe720]    18371 ms: Scavenge 166.8 (186.1) -> 151.2 (186.1) MB, 0.6 / 0.0 ms  (average mu = 0.993, current mu = 0.992) allocation failure; 
[6089:0x73fe720]    18377 ms: Scavenge 166.8 (186.1) -> 151.3 (186.3) MB, 0.9 / 0.0 ms  (average mu = 0.993, current mu = 0.992) allocation failure; 
[6089:0x73fe720]    18383 ms: Scavenge 166.9 (186.3) -> 151.3 (186.3) MB, 0.5 / 0.0 ms  (average mu = 0.993, current mu = 0.992) allocation failure; 
[6089:0x73fe720]    18389 ms: Scavenge 166.9 (186.3) -> 151.4 (186.3) MB, 0.7 / 0.0 ms  (average mu = 0.993, current mu = 0.992) allocation failure; 
[6089:0x73fe720]    18395 ms: Scavenge 167.0 (186.3) -> 151.4 (186.3) MB, 0.6 / 0.0 ms  (average mu = 0.993, current mu = 0.992) allocation failure; 
[6089:0x73fe720]    18401 ms: Scavenge 167.0 (186.3) -> 151.5 (186.3) MB, 0.7 / 0.0 ms  (average mu = 0.993, current mu = 0.992) allocation failure; 
[6089:0x73fe720]    18407 ms: Scavenge 167.1 (186.3) -> 151.5 (186.3) MB, 0.6 / 0.0 ms  (average mu = 0.993, current mu = 0.992) allocation failure; 
[6089:0x73fe720]    18413 ms: Scavenge 167.1 (186.3) -> 151.6 (186.6) MB, 0.8 / 0.0 ms  (average mu = 0.993, current mu = 0.992) allocation failure; 
[6089:0x73fe720]    18419 ms: Scavenge 167.2 (186.6) -> 151.6 (186.6) MB, 0.6 / 0.0 ms  (average mu = 0.993, current mu = 0.992) allocation failure; 
[6089:0x73fe720]    18425 ms: Scavenge 167.2 (186.6) -> 151.7 (186.6) MB, 0.5 / 0.0 ms  (average mu = 0.993, current mu = 0.992) allocation failure; 
[6089:0x73fe720]    18431 ms: Scavenge 167.2 (186.6) -> 151.7 (186.6) MB, 0.8 / 0.0 ms  (average mu = 0.993, current mu = 0.992) allocation failure; 
[6089:0x73fe720]    18437 ms: Scavenge 167.3 (186.6) -> 151.8 (186.6) MB, 0.6 / 0.0 ms  (average mu = 0.993, current mu = 0.992) allocation failure; 
[6089:0x73fe720]    18443 ms: Scavenge 167.3 (186.6) -> 151.8 (186.8) MB, 0.8 / 0.0 ms  (average mu = 0.993, current mu = 0.992) allocation failure; 
[6089:0x73fe720]    18449 ms: Scavenge 167.4 (186.8) -> 151.8 (186.8) MB, 0.6 / 0.0 ms  (average mu = 0.993, current mu = 0.992) allocation failure; 
[6089:0x73fe720]    18455 ms: Scavenge 167.4 (186.8) -> 151.9 (186.8) MB, 0.6 / 0.0 ms  (average mu = 0.993, current mu = 0.992) allocation failure; 
[6089:0x73fe720]    18461 ms: Scavenge 167.5 (186.8) -> 151.9 (186.8) MB, 0.6 / 0.0 ms  (average mu = 0.993, current mu = 0.992) allocation failure; 
[6089:0x73fe720]    18467 ms: Scavenge 167.5 (186.8) -> 152.0 (186.8) MB, 0.6 / 0.0 ms  (average mu = 0.993, current mu = 0.992) allocation failure; 
[6089:0x73fe720]    18473 ms: Scavenge 167.6 (186.8) -> 152.0 (187.1) MB, 0.5 / 0.0 ms  (average mu = 0.993, current mu = 0.992) allocation failure; 
[6089:0x73fe720]    18479 ms: Scavenge 167.6 (187.1) -> 152.1 (187.1) MB, 0.7 / 0.0 ms  (average mu = 0.993, current mu = 0.992) allocation failure; 
[6089:0x73fe720]    18485 ms: Scavenge 167.7 (187.1) -> 152.1 (187.1) MB, 0.6 / 0.0 ms  (average mu = 0.993, current mu = 0.992) allocation failure; 
[6089:0x73fe720]    18491 ms: Scavenge 167.7 (187.1) -> 152.2 (187.1) MB, 0.6 / 0.0 ms  (average mu = 0.993, current mu = 0.992) allocation failure; 
[6089:0x73fe720]    18497 ms: Scavenge 167.8 (187.1) -> 152.2 (187.1) MB, 0.6 / 0.0 ms  (average mu = 0.993, current mu = 0.992) allocation failure; 
[6089:0x73fe720]    18503 ms: Scavenge 167.8 (187.1) -> 152.3 (187.3) MB, 0.6 / 0.0 ms  (average mu = 0.993, current mu = 0.992) allocation failure; 
[6089:0x73fe720]    18509 ms: Scavenge 167.9 (187.3) -> 152.3 (187.3) MB, 0.6 / 0.0 ms  (average mu = 0.993, current mu = 0.992) allocation failure; 
[6089:0x73fe720]    18514 ms: Scavenge 167.9 (187.3) -> 152.4 (187.3) MB, 0.5 / 0.0 ms  (average mu = 0.993, current mu = 0.992) allocation failure; 
[6089:0x73fe720]    18521 ms: Scavenge 168.0 (187.3) -> 152.4 (187.3) MB, 0.8 / 0.0 ms  (average mu = 0.993, current mu = 0.992) allocation failure; 
[6089:0x73fe720]    18526 ms: Scavenge 168.0 (187.3) -> 152.5 (187.3) MB, 0.6 / 0.0 ms  (average mu = 0.993, current mu = 0.992) allocation failure; 
[6089:0x73fe720]    18532 ms: Scavenge 168.1 (187.3) -> 152.5 (187.6) MB, 0.6 / 0.0 ms  (average mu = 0.993, current mu = 0.992) allocation failure; 
[6089:0x73fe720]    18538 ms: Scavenge 168.1 (187.6) -> 152.6 (187.6) MB, 0.6 / 0.0 ms  (average mu = 0.993, current mu = 0.992) allocation failure; 
[6089:0x73fe720]    18544 ms: Scavenge 168.2 (187.6) -> 152.6 (187.6) MB, 0.5 / 0.0 ms  (average mu = 0.993, current mu = 0.992) allocation failure; 
[6089:0x73fe720]    18550 ms: Scavenge 168.2 (187.6) -> 152.7 (187.6) MB, 0.8 / 0.0 ms  (average mu = 0.993, current mu = 0.992) allocation failure; 
[6089:0x73fe720]    18556 ms: Scavenge 168.3 (187.6) -> 152.7 (187.6) MB, 0.6 / 0.0 ms  (average mu = 0.993, current mu = 0.992) allocation failure; 
[6089:0x73fe720]    18562 ms: Scavenge 168.3 (187.6) -> 152.8 (187.8) MB, 0.7 / 0.0 ms  (average mu = 0.993, current mu = 0.992) allocation failure; 
[6089:0x73fe720]    18568 ms: Scavenge 168.3 (187.8) -> 152.8 (187.8) MB, 0.6 / 0.0 ms  (average mu = 0.993, current mu = 0.992) allocation failure; 
[6089:0x73fe720]    18574 ms: Scavenge 168.4 (187.8) -> 152.9 (187.8) MB, 0.5 / 0.0 ms  (average mu = 0.993, current mu = 0.992) allocation failure; 
[6089:0x73fe720]    18580 ms: Scavenge 168.4 (187.8) -> 152.9 (187.8) MB, 0.8 / 0.0 ms  (average mu = 0.993, current mu = 0.992) allocation failure; 
[6089:0x73fe720]    18586 ms: Scavenge 168.5 (187.8) -> 152.9 (187.8) MB, 0.6 / 0.0 ms  (average mu = 0.993, current mu = 0.992) allocation failure; 
[6089:0x73fe720]    18592 ms: Scavenge 168.5 (187.8) -> 153.0 (188.1) MB, 0.7 / 0.0 ms  (average mu = 0.993, current mu = 0.992) allocation failure; 
[6089:0x73fe720]    18598 ms: Scavenge 168.6 (188.1) -> 153.0 (188.1) MB, 0.7 / 0.0 ms  (average mu = 0.993, current mu = 0.992) allocation failure; 
[6089:0x73fe720]    18604 ms: Scavenge 168.6 (188.1) -> 153.1 (188.1) MB, 0.6 / 0.0 ms  (average mu = 0.993, current mu = 0.992) allocation failure; 
[6089:0x73fe720]    18610 ms: Scavenge 168.7 (188.1) -> 153.1 (188.1) MB, 0.5 / 0.0 ms  (average mu = 0.993, current mu = 0.992) allocation failure; 
[6089:0x73fe720]    18616 ms: Scavenge 168.7 (188.1) -> 153.2 (188.1) MB, 1.0 / 0.0 ms  (average mu = 0.993, current mu = 0.992) allocation failure; 
[6089:0x73fe720]    18622 ms: Scavenge 168.8 (188.1) -> 153.2 (188.1) MB, 0.6 / 0.0 ms  (average mu = 0.993, current mu = 0.992) allocation failure; 
[6089:0x73fe720]    18628 ms: Scavenge 168.8 (188.1) -> 153.3 (188.3) MB, 0.6 / 0.0 ms  (average mu = 0.993, current mu = 0.992) allocation failure; 
[6089:0x73fe720]    18634 ms: Scavenge 168.9 (188.3) -> 153.3 (188.3) MB, 0.7 / 0.0 ms  (average mu = 0.993, current mu = 0.992) allocation failure; 
[6089:0x73fe720]    18640 ms: Scavenge 168.9 (188.3) -> 153.4 (188.3) MB, 0.6 / 0.0 ms  (average mu = 0.993, current mu = 0.992) allocation failure; 
[6089:0x73fe720]    18646 ms: Scavenge 169.0 (188.3) -> 153.4 (188.3) MB, 0.6 / 0.0 ms  (average mu = 0.993, current mu = 0.992) allocation failure; 
[6089:0x73fe720]    18652 ms: Scavenge 169.0 (188.3) -> 153.5 (188.3) MB, 0.6 / 0.0 ms  (average mu = 0.993, current mu = 0.992) allocation failure; 
[6089:0x73fe720]    18658 ms: Scavenge 169.1 (188.3) -> 153.5 (188.6) MB, 0.8 / 0.0 ms  (average mu = 0.993, current mu = 0.992) allocation failure; 
[6089:0x73fe720]    18664 ms: Scavenge 169.1 (188.6) -> 153.6 (188.6) MB, 0.7 / 0.0 ms  (average mu = 0.993, current mu = 0.992) allocation failure; 
[6089:0x73fe720]    18670 ms: Scavenge 169.2 (188.6) -> 153.6 (188.6) MB, 0.6 / 0.0 ms  (average mu = 0.993, current mu = 0.992) allocation failure; 
[6089:0x73fe720]    18676 ms: Scavenge 169.2 (188.6) -> 153.7 (188.6) MB, 1.0 / 0.0 ms  (average mu = 0.993, current mu = 0.992) allocation failure; 
[6089:0x73fe720]    18686 ms: Scavenge 169.3 (188.6) -> 153.7 (188.6) MB, 0.7 / 0.0 ms  (average mu = 0.993, current mu = 0.992) allocation failure; 
[6089:0x73fe720]    18693 ms: Scavenge 169.3 (188.6) -> 153.8 (188.8) MB, 0.8 / 0.0 ms  (average mu = 0.993, current mu = 0.992) allocation failure; 
[6089:0x73fe720]    18699 ms: Scavenge 169.4 (188.8) -> 153.8 (188.8) MB, 0.9 / 0.0 ms  (average mu = 0.993, current mu = 0.992) allocation failure; 
[6089:0x73fe720]    18708 ms: Scavenge 169.4 (188.8) -> 153.9 (188.8) MB, 0.7 / 0.0 ms  (average mu = 0.993, current mu = 0.992) allocation failure; 
[6089:0x73fe720]    18714 ms: Scavenge 169.4 (188.8) -> 153.9 (188.8) MB, 0.7 / 0.0 ms  (average mu = 0.993, current mu = 0.992) allocation failure; 
[6089:0x73fe720]    18721 ms: Scavenge 169.5 (188.8) -> 154.0 (188.8) MB, 0.8 / 0.0 ms  (average mu = 0.993, current mu = 0.992) allocation failure; 
[6089:0x73fe720]    18727 ms: Scavenge 169.5 (188.8) -> 154.0 (189.1) MB, 0.8 / 0.0 ms  (average mu = 0.993, current mu = 0.992) allocation failure; 
[6089:0x73fe720]    18733 ms: Scavenge 169.6 (189.1) -> 154.0 (189.1) MB, 0.7 / 0.0 ms  (average mu = 0.993, current mu = 0.992) allocation failure; 
[6089:0x73fe720]    18740 ms: Scavenge 169.6 (189.1) -> 154.1 (189.1) MB, 0.7 / 0.0 ms  (average mu = 0.993, current mu = 0.992) allocation failure; 
[6089:0x73fe720]    18746 ms: Scavenge 169.7 (189.1) -> 154.1 (189.1) MB, 0.7 / 0.0 ms  (average mu = 0.993, current mu = 0.992) allocation failure; 
[6089:0x73fe720]    18752 ms: Scavenge 169.7 (189.1) -> 154.2 (189.1) MB, 0.8 / 0.0 ms  (average mu = 0.993, current mu = 0.992) allocation failure; 
[6089:0x73fe720]    18758 ms: Scavenge 169.8 (189.1) -> 154.3 (189.3) MB, 0.8 / 0.0 ms  (average mu = 0.993, current mu = 0.992) allocation failure; 
[6089:0x73fe720]    18767 ms: Scavenge 169.8 (189.3) -> 154.3 (189.3) MB, 0.8 / 0.0 ms  (average mu = 0.993, current mu = 0.992) allocation failure; 
[6089:0x73fe720]    18774 ms: Scavenge 169.9 (189.3) -> 154.3 (189.3) MB, 0.7 / 0.0 ms  (average mu = 0.993, current mu = 0.992) allocation failure; 
[6089:0x73fe720]    18780 ms: Scavenge 169.9 (189.3) -> 154.4 (189.3) MB, 0.7 / 0.0 ms  (average mu = 0.993, current mu = 0.992) allocation failure; 
[6089:0x73fe720]    18786 ms: Scavenge 170.0 (189.3) -> 154.4 (189.3) MB, 0.7 / 0.0 ms  (average mu = 0.993, current mu = 0.992) allocation failure; 
[6089:0x73fe720]    18795 ms: Scavenge 170.0 (189.3) -> 154.5 (189.6) MB, 0.8 / 0.0 ms  (average mu = 0.993, current mu = 0.992) allocation failure; 
[6089:0x73fe720]    18801 ms: Scavenge 170.1 (189.6) -> 154.5 (189.6) MB, 0.7 / 0.0 ms  (average mu = 0.993, current mu = 0.992) allocation failure; 
[6089:0x73fe720]    18807 ms: Scavenge 170.1 (189.6) -> 154.6 (189.6) MB, 0.7 / 0.0 ms  (average mu = 0.993, current mu = 0.992) allocation failure; 
[6089:0x73fe720]    18814 ms: Scavenge 170.2 (189.6) -> 154.6 (189.6) MB, 0.7 / 0.0 ms  (average mu = 0.993, current mu = 0.992) allocation failure; 
[6089:0x73fe720]    18821 ms: Scavenge 170.2 (189.6) -> 154.7 (189.6) MB, 0.9 / 0.0 ms  (average mu = 0.993, current mu = 0.992) allocation failure; 
[6089:0x73fe720]    18829 ms: Scavenge 170.3 (189.6) -> 154.7 (189.8) MB, 0.9 / 0.0 ms  (average mu = 0.993, current mu = 0.992) allocation failure; 
[6089:0x73fe720]    18836 ms: Scavenge 170.3 (189.8) -> 154.8 (189.8) MB, 0.7 / 0.0 ms  (average mu = 0.993, current mu = 0.992) allocation failure; 
[6089:0x73fe720]    18842 ms: Scavenge 170.4 (189.8) -> 154.8 (190.1) MB, 0.9 / 0.0 ms  (average mu = 0.993, current mu = 0.992) allocation failure; 
[6089:0x73fe720]    18848 ms: Scavenge 170.4 (190.1) -> 154.9 (190.1) MB, 0.7 / 0.0 ms  (average mu = 0.993, current mu = 0.992) allocation failure; 
[6089:0x73fe720]    18854 ms: Scavenge 170.5 (190.1) -> 154.9 (190.1) MB, 0.7 / 0.0 ms  (average mu = 0.993, current mu = 0.992) allocation failure; 
[6089:0x73fe720]    18860 ms: Scavenge 170.5 (190.1) -> 155.0 (190.1) MB, 0.6 / 0.0 ms  (average mu = 0.993, current mu = 0.992) allocation failure; 
[6089:0x73fe720]    18867 ms: Scavenge 170.5 (190.1) -> 155.0 (190.1) MB, 0.6 / 0.0 ms  (average mu = 0.993, current mu = 0.992) allocation failure; 
[6089:0x73fe720]    18873 ms: Scavenge 170.6 (190.1) -> 155.1 (190.1) MB, 0.8 / 0.0 ms  (average mu = 0.993, current mu = 0.992) allocation failure; 
[6089:0x73fe720]    18879 ms: Scavenge 170.6 (190.1) -> 155.1 (190.1) MB, 0.6 / 0.0 ms  (average mu = 0.993, current mu = 0.992) allocation failure; 
[6089:0x73fe720]    18885 ms: Scavenge 170.7 (190.1) -> 155.1 (190.1) MB, 0.6 / 0.0 ms  (average mu = 0.993, current mu = 0.992) allocation failure; 
[6089:0x73fe720]    18891 ms: Scavenge 170.7 (190.1) -> 155.2 (190.1) MB, 0.6 / 0.0 ms  (average mu = 0.993, current mu = 0.992) allocation failure; 
[6089:0x73fe720]    18897 ms: Scavenge 170.8 (190.1) -> 155.2 (190.3) MB, 0.6 / 0.0 ms  (average mu = 0.993, current mu = 0.992) allocation failure; 
[6089:0x73fe720]    18903 ms: Scavenge 170.8 (190.3) -> 155.3 (190.3) MB, 0.7 / 0.0 ms  (average mu = 0.993, current mu = 0.992) allocation failure; 
[6089:0x73fe720]    18908 ms: Scavenge 170.9 (190.3) -> 155.3 (190.3) MB, 0.5 / 0.0 ms  (average mu = 0.993, current mu = 0.992) allocation failure; 
[6089:0x73fe720]    18914 ms: Scavenge 170.9 (190.3) -> 155.4 (190.3) MB, 0.6 / 0.0 ms  (average mu = 0.993, current mu = 0.992) allocation failure; 
[6089:0x73fe720]    18920 ms: Scavenge 171.0 (190.3) -> 155.4 (190.3) MB, 0.6 / 0.0 ms  (average mu = 0.993, current mu = 0.992) allocation failure; 
[6089:0x73fe720]    18926 ms: Scavenge 171.0 (190.3) -> 155.5 (190.6) MB, 0.6 / 0.0 ms  (average mu = 0.993, current mu = 0.992) allocation failure; 
[6089:0x73fe720]    18932 ms: Scavenge 171.1 (190.6) -> 155.5 (190.6) MB, 0.7 / 0.0 ms  (average mu = 0.993, current mu = 0.992) allocation failure; 
[6089:0x73fe720]    18938 ms: Scavenge 171.1 (190.6) -> 155.6 (190.6) MB, 0.6 / 0.0 ms  (average mu = 0.993, current mu = 0.992) allocation failure; 
[6089:0x73fe720]    18944 ms: Scavenge 171.2 (190.6) -> 155.6 (190.6) MB, 0.6 / 0.0 ms  (average mu = 0.993, current mu = 0.992) allocation failure; 
[6089:0x73fe720]    18950 ms: Scavenge 171.2 (190.6) -> 155.7 (190.6) MB, 0.7 / 0.0 ms  (average mu = 0.993, current mu = 0.992) allocation failure; 
[6089:0x73fe720]    18956 ms: Scavenge 171.3 (190.6) -> 155.7 (190.8) MB, 0.6 / 0.0 ms  (average mu = 0.993, current mu = 0.992) allocation failure; 
[6089:0x73fe720]    18962 ms: Scavenge 171.3 (190.8) -> 155.8 (190.8) MB, 0.6 / 0.0 ms  (average mu = 0.993, current mu = 0.992) allocation failure; 
[6089:0x73fe720]    18968 ms: Scavenge 171.4 (190.8) -> 155.8 (190.8) MB, 0.6 / 0.0 ms  (average mu = 0.993, current mu = 0.992) allocation failure; 
[6089:0x73fe720]    18974 ms: Scavenge 171.4 (190.8) -> 155.9 (190.8) MB, 0.6 / 0.0 ms  (average mu = 0.993, current mu = 0.992) allocation failure; 
[6089:0x73fe720]    18980 ms: Scavenge 171.5 (190.8) -> 155.9 (190.8) MB, 0.8 / 0.0 ms  (average mu = 0.993, current mu = 0.992) allocation failure; 
[6089:0x73fe720]    18986 ms: Scavenge 171.5 (190.8) -> 156.0 (191.1) MB, 0.9 / 0.0 ms  (average mu = 0.993, current mu = 0.992) allocation failure; 
[6089:0x73fe720]    18993 ms: Scavenge 171.6 (191.1) -> 156.0 (191.1) MB, 1.0 / 0.0 ms  (average mu = 0.993, current mu = 0.992) allocation failure; 
[6089:0x73fe720]    18999 ms: Scavenge 171.6 (191.1) -> 156.1 (191.1) MB, 0.8 / 0.0 ms  (average mu = 0.993, current mu = 0.992) allocation failure; 
[6089:0x73fe720]    19006 ms: Scavenge 171.6 (191.1) -> 156.1 (191.1) MB, 0.7 / 0.0 ms  (average mu = 0.993, current mu = 0.992) allocation failure; 
[6089:0x73fe720]    19013 ms: Scavenge 171.7 (191.1) -> 156.2 (191.1) MB, 0.8 / 0.0 ms  (average mu = 0.993, current mu = 0.992) allocation failure; 
[6089:0x73fe720]    19019 ms: Scavenge 171.7 (191.1) -> 156.2 (191.3) MB, 0.7 / 0.0 ms  (average mu = 0.993, current mu = 0.992) allocation failure; 
[6089:0x73fe720]    19026 ms: Scavenge 171.8 (191.3) -> 156.2 (191.3) MB, 0.8 / 0.0 ms  (average mu = 0.993, current mu = 0.992) allocation failure; 
[6089:0x73fe720]    19032 ms: Scavenge 171.8 (191.3) -> 156.3 (191.3) MB, 0.8 / 0.0 ms  (average mu = 0.993, current mu = 0.992) allocation failure; 
[6089:0x73fe720]    19039 ms: Scavenge 171.9 (191.3) -> 156.3 (191.3) MB, 0.7 / 0.0 ms  (average mu = 0.993, current mu = 0.992) allocation failure; 
[6089:0x73fe720]    19045 ms: Scavenge 171.9 (191.3) -> 156.4 (191.3) MB, 0.7 / 0.0 ms  (average mu = 0.993, current mu = 0.992) allocation failure; 
[6089:0x73fe720]    19051 ms: Scavenge 172.0 (191.3) -> 156.4 (191.6) MB, 0.7 / 0.0 ms  (average mu = 0.993, current mu = 0.992) allocation failure; 
[6089:0x73fe720]    19058 ms: Scavenge 172.0 (191.6) -> 156.5 (191.6) MB, 0.7 / 0.0 ms  (average mu = 0.993, current mu = 0.992) allocation failure; 
[6089:0x73fe720]    19064 ms: Scavenge 172.1 (191.6) -> 156.5 (191.6) MB, 0.8 / 0.0 ms  (average mu = 0.993, current mu = 0.992) allocation failure; 
[6089:0x73fe720]    19073 ms: Scavenge 172.1 (191.6) -> 156.6 (191.6) MB, 0.8 / 0.0 ms  (average mu = 0.993, current mu = 0.992) allocation failure; 
[6089:0x73fe720]    19080 ms: Scavenge 172.2 (191.6) -> 156.6 (191.6) MB, 0.7 / 0.0 ms  (average mu = 0.993, current mu = 0.992) allocation failure; 
[6089:0x73fe720]    19088 ms: Scavenge 172.2 (191.6) -> 156.7 (191.6) MB, 0.7 / 0.0 ms  (average mu = 0.993, current mu = 0.992) allocation failure; 
[6089:0x73fe720]    19096 ms: Scavenge 172.3 (191.6) -> 156.7 (191.8) MB, 0.9 / 0.0 ms  (average mu = 0.993, current mu = 0.992) allocation failure; 
[6089:0x73fe720]    19103 ms: Scavenge 172.3 (191.8) -> 156.8 (191.8) MB, 0.9 / 0.0 ms  (average mu = 0.993, current mu = 0.992) allocation failure; 
[6089:0x73fe720]    19112 ms: Scavenge 172.4 (191.8) -> 156.8 (191.8) MB, 0.9 / 0.0 ms  (average mu = 0.993, current mu = 0.992) allocation failure; 
[6089:0x73fe720]    19118 ms: Scavenge 172.4 (191.8) -> 156.9 (191.8) MB, 0.7 / 0.0 ms  (average mu = 0.993, current mu = 0.992) allocation failure; 
[6089:0x73fe720]    19125 ms: Scavenge 172.5 (191.8) -> 156.9 (191.8) MB, 0.7 / 0.0 ms  (average mu = 0.993, current mu = 0.992) allocation failure; 
[6089:0x73fe720]    19131 ms: Scavenge 172.5 (191.8) -> 157.0 (192.1) MB, 0.7 / 0.0 ms  (average mu = 0.993, current mu = 0.992) allocation failure; 
[6089:0x73fe720]    19137 ms: Scavenge 172.6 (192.1) -> 157.0 (192.1) MB, 0.9 / 0.0 ms  (average mu = 0.993, current mu = 0.992) allocation failure; 
[6089:0x73fe720]    19144 ms: Scavenge 172.6 (192.1) -> 157.1 (192.1) MB, 0.8 / 0.0 ms  (average mu = 0.993, current mu = 0.992) allocation failure; 
[6089:0x73fe720]    19150 ms: Scavenge 172.7 (192.1) -> 157.1 (192.1) MB, 0.7 / 0.0 ms  (average mu = 0.993, current mu = 0.992) allocation failure; 
[6089:0x73fe720]    19156 ms: Scavenge 172.7 (192.1) -> 157.2 (192.1) MB, 0.7 / 0.0 ms  (average mu = 0.993, current mu = 0.992) allocation failure; 
[6089:0x73fe720]    19164 ms: Scavenge 172.7 (192.1) -> 157.2 (192.3) MB, 0.8 / 0.0 ms  (average mu = 0.993, current mu = 0.992) allocation failure; 
[6089:0x73fe720]    19170 ms: Scavenge 172.8 (192.3) -> 157.3 (192.3) MB, 0.7 / 0.0 ms  (average mu = 0.993, current mu = 0.992) allocation failure; 
[6089:0x73fe720]    19176 ms: Scavenge 172.8 (192.3) -> 157.3 (192.3) MB, 0.7 / 0.0 ms  (average mu = 0.993, current mu = 0.992) allocation failure; 
[6089:0x73fe720]    19182 ms: Scavenge 172.9 (192.3) -> 157.3 (192.3) MB, 0.8 / 0.0 ms  (average mu = 0.993, current mu = 0.992) allocation failure; 
[6089:0x73fe720]    19188 ms: Scavenge 172.9 (192.3) -> 157.4 (192.3) MB, 0.7 / 0.0 ms  (average mu = 0.993, current mu = 0.992) allocation failure; 
[6089:0x73fe720]    19195 ms: Scavenge 173.0 (192.3) -> 157.4 (192.6) MB, 0.9 / 0.0 ms  (average mu = 0.993, current mu = 0.992) allocation failure; 
[6089:0x73fe720]    19201 ms: Scavenge 173.0 (192.6) -> 157.5 (192.6) MB, 0.6 / 0.0 ms  (average mu = 0.993, current mu = 0.992) allocation failure; 
[6089:0x73fe720]    19207 ms: Scavenge 173.1 (192.6) -> 157.5 (192.6) MB, 0.6 / 0.0 ms  (average mu = 0.993, current mu = 0.992) allocation failure; 
[6089:0x73fe720]    19213 ms: Scavenge 173.1 (192.6) -> 157.6 (192.6) MB, 0.6 / 0.0 ms  (average mu = 0.993, current mu = 0.992) allocation failure; 
[6089:0x73fe720]    19218 ms: Scavenge 173.2 (192.6) -> 157.6 (192.6) MB, 0.6 / 0.0 ms  (average mu = 0.993, current mu = 0.992) allocation failure; 
[6089:0x73fe720]    19224 ms: Scavenge 173.2 (192.6) -> 157.7 (192.8) MB, 0.7 / 0.0 ms  (average mu = 0.993, current mu = 0.992) allocation failure; 
[6089:0x73fe720]    19230 ms: Scavenge 173.3 (192.8) -> 157.7 (192.8) MB, 0.6 / 0.0 ms  (average mu = 0.993, current mu = 0.992) allocation failure; 
[6089:0x73fe720]    19236 ms: Scavenge 173.3 (192.8) -> 157.8 (192.8) MB, 0.6 / 0.0 ms  (average mu = 0.993, current mu = 0.992) allocation failure; 
[6089:0x73fe720]    19242 ms: Scavenge 173.4 (192.8) -> 157.8 (192.8) MB, 0.6 / 0.0 ms  (average mu = 0.993, current mu = 0.992) allocation failure; 
[6089:0x73fe720]    19248 ms: Scavenge 173.4 (192.8) -> 157.9 (192.8) MB, 0.7 / 0.0 ms  (average mu = 0.993, current mu = 0.992) allocation failure; 
[6089:0x73fe720]    19254 ms: Scavenge 173.5 (192.8) -> 157.9 (193.1) MB, 0.6 / 0.0 ms  (average mu = 0.993, current mu = 0.992) allocation failure; 
[6089:0x73fe720]    19260 ms: Scavenge 173.5 (193.1) -> 158.0 (193.1) MB, 0.7 / 0.0 ms  (average mu = 0.993, current mu = 0.992) allocation failure; 
[6089:0x73fe720]    19266 ms: Scavenge 173.6 (193.1) -> 158.0 (193.1) MB, 0.6 / 0.0 ms  (average mu = 0.993, current mu = 0.992) allocation failure; 
[6089:0x73fe720]    19272 ms: Scavenge 173.6 (193.1) -> 158.1 (193.1) MB, 0.6 / 0.0 ms  (average mu = 0.993, current mu = 0.992) allocation failure; 
[6089:0x73fe720]    19278 ms: Scavenge 173.7 (193.1) -> 158.1 (193.1) MB, 0.6 / 0.0 ms  (average mu = 0.993, current mu = 0.992) allocation failure; 
[6089:0x73fe720]    19284 ms: Scavenge 173.7 (193.1) -> 158.2 (193.3) MB, 0.6 / 0.0 ms  (average mu = 0.993, current mu = 0.992) allocation failure; 
[6089:0x73fe720]    19290 ms: Scavenge 173.8 (193.3) -> 158.2 (193.3) MB, 0.5 / 0.0 ms  (average mu = 0.993, current mu = 0.992) allocation failure; 
[6089:0x73fe720]    19296 ms: Scavenge 173.8 (193.3) -> 158.3 (193.3) MB, 0.8 / 0.0 ms  (average mu = 0.993, current mu = 0.992) allocation failure; 
[6089:0x73fe720]    19302 ms: Scavenge 173.8 (193.3) -> 158.3 (193.3) MB, 0.7 / 0.0 ms  (average mu = 0.993, current mu = 0.992) allocation failure; 
[6089:0x73fe720]    19308 ms: Scavenge 173.9 (193.3) -> 158.4 (193.3) MB, 0.7 / 0.0 ms  (average mu = 0.993, current mu = 0.992) allocation failure; 
[6089:0x73fe720]    19314 ms: Scavenge 173.9 (193.3) -> 158.4 (193.3) MB, 0.6 / 0.0 ms  (average mu = 0.993, current mu = 0.992) allocation failure; 
[6089:0x73fe720]    19320 ms: Scavenge 174.0 (193.3) -> 158.4 (193.6) MB, 0.7 / 0.0 ms  (average mu = 0.993, current mu = 0.992) allocation failure; 
[6089:0x73fe720]    19326 ms: Scavenge 174.0 (193.6) -> 158.5 (193.6) MB, 0.6 / 0.0 ms  (average mu = 0.993, current mu = 0.992) allocation failure; 
[6089:0x73fe720]    19332 ms: Scavenge 174.1 (193.6) -> 158.5 (193.6) MB, 0.7 / 0.0 ms  (average mu = 0.993, current mu = 0.992) allocation failure; 
[6089:0x73fe720]    19338 ms: Scavenge 174.1 (193.6) -> 158.6 (193.6) MB, 0.7 / 0.0 ms  (average mu = 0.993, current mu = 0.992) allocation failure; 
[6089:0x73fe720]    19343 ms: Scavenge 174.2 (193.6) -> 158.7 (193.6) MB, 0.5 / 0.0 ms  (average mu = 0.993, current mu = 0.992) allocation failure; 
[6089:0x73fe720]    19349 ms: Scavenge 174.2 (193.6) -> 158.7 (193.8) MB, 0.8 / 0.0 ms  (average mu = 0.993, current mu = 0.992) allocation failure; 
[6089:0x73fe720]    19355 ms: Scavenge 174.3 (193.8) -> 158.7 (193.8) MB, 0.6 / 0.0 ms  (average mu = 0.993, current mu = 0.992) allocation failure; 
[6089:0x73fe720]    19361 ms: Scavenge 174.3 (193.8) -> 158.8 (193.8) MB, 0.6 / 0.0 ms  (average mu = 0.993, current mu = 0.992) allocation failure; 
[6089:0x73fe720]    19367 ms: Scavenge 174.4 (193.8) -> 158.8 (193.8) MB, 0.5 / 0.0 ms  (average mu = 0.993, current mu = 0.992) allocation failure; 
[6089:0x73fe720]    19373 ms: Scavenge 174.4 (193.8) -> 158.9 (193.8) MB, 0.8 / 0.0 ms  (average mu = 0.993, current mu = 0.992) allocation failure; 
[6089:0x73fe720]    19379 ms: Scavenge 174.5 (193.8) -> 158.9 (194.1) MB, 0.7 / 0.0 ms  (average mu = 0.993, current mu = 0.992) allocation failure; 
[6089:0x73fe720]    19386 ms: Scavenge 174.5 (194.1) -> 159.0 (194.1) MB, 0.7 / 0.0 ms  (average mu = 0.993, current mu = 0.992) allocation failure; 
[6089:0x73fe720]    19392 ms: Scavenge 174.6 (194.1) -> 159.0 (194.1) MB, 0.8 / 0.0 ms  (average mu = 0.993, current mu = 0.992) allocation failure; 
[6089:0x73fe720]    19400 ms: Scavenge 174.6 (194.1) -> 159.1 (194.1) MB, 0.8 / 0.0 ms  (average mu = 0.993, current mu = 0.992) allocation failure; 
[6089:0x73fe720]    19406 ms: Scavenge 174.7 (194.1) -> 159.1 (194.1) MB, 0.7 / 0.0 ms  (average mu = 0.993, current mu = 0.992) allocation failure; 
[6089:0x73fe720]    19413 ms: Scavenge 174.7 (194.1) -> 159.2 (194.3) MB, 0.7 / 0.0 ms  (average mu = 0.993, current mu = 0.992) allocation failure; 
[6089:0x73fe720]    19419 ms: Scavenge 174.8 (194.3) -> 159.2 (194.3) MB, 0.7 / 0.0 ms  (average mu = 0.993, current mu = 0.992) allocation failure; 
[6089:0x73fe720]    19426 ms: Scavenge 174.8 (194.3) -> 159.3 (194.3) MB, 0.7 / 0.0 ms  (average mu = 0.993, current mu = 0.992) allocation failure; 
[6089:0x73fe720]    19433 ms: Scavenge 174.9 (194.3) -> 159.3 (194.3) MB, 0.7 / 0.0 ms  (average mu = 0.993, current mu = 0.992) allocation failure; 
[6089:0x73fe720]    19439 ms: Scavenge 174.9 (194.3) -> 159.4 (194.3) MB, 0.7 / 0.0 ms  (average mu = 0.993, current mu = 0.992) allocation failure; 
[6089:0x73fe720]    19446 ms: Scavenge 174.9 (194.3) -> 159.4 (194.6) MB, 0.9 / 0.0 ms  (average mu = 0.993, current mu = 0.992) allocation failure; 
[6089:0x73fe720]    19452 ms: Scavenge 175.0 (194.6) -> 159.5 (194.6) MB, 1.2 / 0.0 ms  (average mu = 0.993, current mu = 0.992) allocation failure; 
[6089:0x73fe720]    19459 ms: Scavenge 175.0 (194.6) -> 159.5 (194.6) MB, 0.7 / 0.0 ms  (average mu = 0.993, current mu = 0.992) allocation failure; 
[6089:0x73fe720]    19465 ms: Scavenge 175.1 (194.6) -> 159.6 (194.6) MB, 0.7 / 0.0 ms  (average mu = 0.993, current mu = 0.992) allocation failure; 
[6089:0x73fe720]    19471 ms: Scavenge 175.1 (194.6) -> 159.6 (194.6) MB, 0.7 / 0.0 ms  (average mu = 0.993, current mu = 0.992) allocation failure; 
[6089:0x73fe720]    19478 ms: Scavenge 175.2 (194.6) -> 159.6 (194.8) MB, 0.8 / 0.0 ms  (average mu = 0.993, current mu = 0.992) allocation failure; 
[6089:0x73fe720]    19485 ms: Scavenge 175.2 (194.8) -> 159.7 (194.8) MB, 0.9 / 0.0 ms  (average mu = 0.993, current mu = 0.992) allocation failure; 
[6089:0x73fe720]    19492 ms: Scavenge 175.3 (194.8) -> 159.7 (194.8) MB, 0.9 / 0.0 ms  (average mu = 0.993, current mu = 0.992) allocation failure; 
[6089:0x73fe720]    19501 ms: Scavenge 175.3 (194.8) -> 159.8 (194.8) MB, 1.0 / 0.0 ms  (average mu = 0.993, current mu = 0.992) allocation failure; 
[6089:0x73fe720]    19509 ms: Scavenge 175.4 (194.8) -> 159.8 (194.8) MB, 0.7 / 0.0 ms  (average mu = 0.993, current mu = 0.992) allocation failure; 
[6089:0x73fe720]    19516 ms: Scavenge 175.4 (194.8) -> 159.9 (195.1) MB, 1.0 / 0.0 ms  (average mu = 0.993, current mu = 0.992) allocation failure; 
[6089:0x73fe720]    19524 ms: Scavenge 175.5 (195.1) -> 159.9 (195.3) MB, 0.8 / 0.0 ms  (average mu = 0.993, current mu = 0.992) allocation failure; 
[6089:0x73fe720]    19530 ms: Scavenge 175.5 (195.3) -> 160.0 (195.3) MB, 0.7 / 0.0 ms  (average mu = 0.993, current mu = 0.992) allocation failure; 
[6089:0x73fe720]    19537 ms: Scavenge 175.6 (195.3) -> 160.0 (195.3) MB, 0.8 / 0.0 ms  (average mu = 0.993, current mu = 0.992) allocation failure; 
[6089:0x73fe720]    19545 ms: Scavenge 175.6 (195.3) -> 160.1 (195.3) MB, 0.8 / 0.0 ms  (average mu = 0.993, current mu = 0.992) allocation failure; 
[6089:0x73fe720]    19552 ms: Scavenge 175.7 (195.3) -> 160.1 (195.3) MB, 0.8 / 0.0 ms  (average mu = 0.993, current mu = 0.992) allocation failure; 
[6089:0x73fe720]    19561 ms: Scavenge 175.7 (195.3) -> 160.2 (195.3) MB, 0.7 / 0.0 ms  (average mu = 0.993, current mu = 0.992) allocation failure; 
[6089:0x73fe720]    19569 ms: Scavenge 175.8 (195.3) -> 160.2 (195.3) MB, 0.8 / 0.0 ms  (average mu = 0.993, current mu = 0.992) allocation failure; 
[6089:0x73fe720]    19577 ms: Scavenge 175.8 (195.3) -> 160.3 (195.6) MB, 1.0 / 0.0 ms  (average mu = 0.993, current mu = 0.992) allocation failure; 
[6089:0x73fe720]    19585 ms: Scavenge 175.9 (195.6) -> 160.3 (195.6) MB, 0.9 / 0.0 ms  (average mu = 0.993, current mu = 0.992) allocation failure; 
[6089:0x73fe720]    19592 ms: Scavenge 175.9 (195.6) -> 160.4 (195.6) MB, 1.1 / 0.0 ms  (average mu = 0.993, current mu = 0.992) allocation failure; 
[6089:0x73fe720]    19599 ms: Scavenge 176.0 (195.6) -> 160.4 (195.6) MB, 0.7 / 0.0 ms  (average mu = 0.993, current mu = 0.992) allocation failure; 
[6089:0x73fe720]    19605 ms: Scavenge 176.0 (195.6) -> 160.5 (195.6) MB, 0.6 / 0.0 ms  (average mu = 0.993, current mu = 0.992) allocation failure; 
[6089:0x73fe720]    19611 ms: Scavenge 176.0 (195.6) -> 160.5 (195.6) MB, 0.7 / 0.0 ms  (average mu = 0.993, current mu = 0.992) allocation failure; 
[6089:0x73fe720]    19617 ms: Scavenge 176.1 (195.6) -> 160.6 (195.6) MB, 0.8 / 0.0 ms  (average mu = 0.993, current mu = 0.992) allocation failure; 
[6089:0x73fe720]    19623 ms: Scavenge 176.1 (195.6) -> 160.6 (195.6) MB, 0.7 / 0.0 ms  (average mu = 0.993, current mu = 0.992) allocation failure; 
[6089:0x73fe720]    19629 ms: Scavenge 176.2 (195.6) -> 160.6 (195.8) MB, 0.7 / 0.0 ms  (average mu = 0.993, current mu = 0.992) allocation failure; 
[6089:0x73fe720]    19635 ms: Scavenge 176.2 (195.8) -> 160.7 (195.8) MB, 0.7 / 0.0 ms  (average mu = 0.993, current mu = 0.992) allocation failure; 
[6089:0x73fe720]    19642 ms: Scavenge 176.3 (195.8) -> 160.7 (195.8) MB, 0.7 / 0.0 ms  (average mu = 0.993, current mu = 0.992) allocation failure; 
[6089:0x73fe720]    19648 ms: Scavenge 176.3 (195.8) -> 160.8 (195.8) MB, 0.8 / 0.0 ms  (average mu = 0.993, current mu = 0.992) allocation failure; 
[6089:0x73fe720]    19654 ms: Scavenge 176.4 (195.8) -> 160.8 (195.8) MB, 0.6 / 0.0 ms  (average mu = 0.993, current mu = 0.992) allocation failure; 
[6089:0x73fe720]    19660 ms: Scavenge 176.4 (195.8) -> 160.9 (196.1) MB, 0.7 / 0.0 ms  (average mu = 0.993, current mu = 0.992) allocation failure; 
[6089:0x73fe720]    19666 ms: Scavenge 176.5 (196.1) -> 160.9 (196.1) MB, 0.7 / 0.0 ms  (average mu = 0.993, current mu = 0.992) allocation failure; 
[6089:0x73fe720]    19673 ms: Scavenge 176.5 (196.1) -> 161.0 (196.1) MB, 0.7 / 0.0 ms  (average mu = 0.993, current mu = 0.992) allocation failure; 
[6089:0x73fe720]    19679 ms: Scavenge 176.6 (196.1) -> 161.0 (196.1) MB, 0.7 / 0.0 ms  (average mu = 0.993, current mu = 0.992) allocation failure; 
[6089:0x73fe720]    19685 ms: Scavenge 176.6 (196.1) -> 161.1 (196.1) MB, 0.6 / 0.0 ms  (average mu = 0.993, current mu = 0.992) allocation failure; 
[6089:0x73fe720]    19691 ms: Scavenge 176.7 (196.1) -> 161.1 (196.3) MB, 0.7 / 0.0 ms  (average mu = 0.993, current mu = 0.992) allocation failure; 
[6089:0x73fe720]    19697 ms: Scavenge 176.7 (196.3) -> 161.2 (196.3) MB, 0.7 / 0.0 ms  (average mu = 0.993, current mu = 0.992) allocation failure; 
[6089:0x73fe720]    19703 ms: Scavenge 176.8 (196.3) -> 161.2 (196.3) MB, 0.6 / 0.0 ms  (average mu = 0.993, current mu = 0.992) allocation failure; 
[6089:0x73fe720]    19709 ms: Scavenge 176.8 (196.3) -> 161.3 (196.3) MB, 0.6 / 0.0 ms  (average mu = 0.993, current mu = 0.992) allocation failure; 
[6089:0x73fe720]    19715 ms: Scavenge 176.9 (196.3) -> 161.3 (196.3) MB, 0.7 / 0.0 ms  (average mu = 0.993, current mu = 0.992) allocation failure; 
[6089:0x73fe720]    19721 ms: Scavenge 176.9 (196.3) -> 161.4 (196.6) MB, 0.7 / 0.0 ms  (average mu = 0.993, current mu = 0.992) allocation failure; 
[6089:0x73fe720]    19727 ms: Scavenge 177.0 (196.6) -> 161.4 (196.6) MB, 0.6 / 0.0 ms  (average mu = 0.993, current mu = 0.992) allocation failure; 
[6089:0x73fe720]    19733 ms: Scavenge 177.0 (196.6) -> 161.5 (196.6) MB, 0.8 / 0.0 ms  (average mu = 0.993, current mu = 0.992) allocation failure; 
[6089:0x73fe720]    19739 ms: Scavenge 177.1 (196.6) -> 161.5 (196.6) MB, 0.7 / 0.0 ms  (average mu = 0.993, current mu = 0.992) allocation failure; 
[6089:0x73fe720]    19746 ms: Scavenge 177.1 (196.6) -> 161.6 (196.6) MB, 0.7 / 0.0 ms  (average mu = 0.993, current mu = 0.992) allocation failure; 
[6089:0x73fe720]    19752 ms: Scavenge 177.1 (196.6) -> 161.6 (196.8) MB, 0.6 / 0.0 ms  (average mu = 0.993, current mu = 0.992) allocation failure; 
[6089:0x73fe720]    19758 ms: Scavenge 177.2 (196.8) -> 161.7 (196.8) MB, 0.8 / 0.0 ms  (average mu = 0.993, current mu = 0.992) allocation failure; 
[6089:0x73fe720]    19764 ms: Scavenge 177.2 (196.8) -> 161.7 (196.8) MB, 0.6 / 0.0 ms  (average mu = 0.993, current mu = 0.992) allocation failure; 
[6089:0x73fe720]    19770 ms: Scavenge 177.3 (196.8) -> 161.8 (196.8) MB, 0.5 / 0.0 ms  (average mu = 0.993, current mu = 0.992) allocation failure; 
[6089:0x73fe720]    19776 ms: Scavenge 177.3 (196.8) -> 161.8 (196.8) MB, 0.8 / 0.0 ms  (average mu = 0.993, current mu = 0.992) allocation failure; 
[6089:0x73fe720]    19782 ms: Scavenge 177.4 (196.8) -> 161.8 (197.1) MB, 0.8 / 0.0 ms  (average mu = 0.993, current mu = 0.992) allocation failure; 
[6089:0x73fe720]    19789 ms: Scavenge 177.4 (197.1) -> 161.9 (197.1) MB, 0.8 / 0.0 ms  (average mu = 0.993, current mu = 0.992) allocation failure; 
[6089:0x73fe720]    19797 ms: Scavenge 177.5 (197.1) -> 161.9 (197.1) MB, 0.9 / 0.0 ms  (average mu = 0.993, current mu = 0.992) allocation failure; 
[6089:0x73fe720]    19808 ms: Scavenge 177.5 (197.1) -> 162.0 (197.1) MB, 1.5 / 0.0 ms  (average mu = 0.993, current mu = 0.992) allocation failure; 
[6089:0x73fe720]    19818 ms: Scavenge 177.6 (197.1) -> 162.0 (197.1) MB, 1.0 / 0.0 ms  (average mu = 0.993, current mu = 0.992) allocation failure; 
[6089:0x73fe720]    19830 ms: Scavenge 177.6 (197.1) -> 162.1 (197.1) MB, 0.7 / 0.0 ms  (average mu = 0.993, current mu = 0.992) allocation failure; 
[6089:0x73fe720]    19839 ms: Scavenge 177.7 (197.1) -> 162.1 (197.3) MB, 1.1 / 0.0 ms  (average mu = 0.993, current mu = 0.992) allocation failure; 
[6089:0x73fe720]    19846 ms: Scavenge 177.7 (197.3) -> 162.2 (197.3) MB, 0.8 / 0.0 ms  (average mu = 0.993, current mu = 0.992) allocation failure; 
[6089:0x73fe720]    19853 ms: Scavenge 177.8 (197.3) -> 162.2 (197.3) MB, 1.2 / 0.0 ms  (average mu = 0.993, current mu = 0.992) allocation failure; 
[6089:0x73fe720]    19861 ms: Scavenge 177.8 (197.3) -> 162.3 (197.3) MB, 1.1 / 0.0 ms  (average mu = 0.993, current mu = 0.992) allocation failure; 
[6089:0x73fe720]    19871 ms: Scavenge 177.9 (197.3) -> 162.4 (197.3) MB, 1.0 / 0.0 ms  (average mu = 0.993, current mu = 0.992) allocation failure; 
[6089:0x73fe720]    19881 ms: Scavenge 177.9 (197.3) -> 162.4 (197.6) MB, 1.0 / 0.0 ms  (average mu = 0.993, current mu = 0.992) allocation failure; 
[6089:0x73fe720]    19890 ms: Scavenge 178.0 (197.6) -> 162.4 (197.6) MB, 1.0 / 0.0 ms  (average mu = 0.993, current mu = 0.992) allocation failure; 
[6089:0x73fe720]    19897 ms: Scavenge 178.0 (197.6) -> 162.5 (197.6) MB, 1.0 / 0.0 ms  (average mu = 0.993, current mu = 0.992) allocation failure; 
[6089:0x73fe720]    19905 ms: Scavenge 178.1 (197.6) -> 162.5 (197.6) MB, 1.4 / 0.0 ms  (average mu = 0.993, current mu = 0.992) allocation failure; 
[6089:0x73fe720]    19913 ms: Scavenge 178.1 (197.6) -> 162.6 (197.6) MB, 0.8 / 0.0 ms  (average mu = 0.993, current mu = 0.992) allocation failure; 
[6089:0x73fe720]    19920 ms: Scavenge 178.2 (197.6) -> 162.6 (197.8) MB, 0.7 / 0.0 ms  (average mu = 0.993, current mu = 0.992) allocation failure; 
[6089:0x73fe720]    19927 ms: Scavenge 178.2 (197.8) -> 162.7 (197.8) MB, 0.7 / 0.0 ms  (average mu = 0.993, current mu = 0.992) allocation failure; 
[6089:0x73fe720]    19935 ms: Scavenge 178.2 (197.8) -> 162.7 (197.8) MB, 1.0 / 0.0 ms  (average mu = 0.993, current mu = 0.992) allocation failure; 
[6089:0x73fe720]    19945 ms: Scavenge 178.3 (197.8) -> 162.8 (197.8) MB, 1.6 / 0.0 ms  (average mu = 0.993, current mu = 0.992) allocation failure; 
[6089:0x73fe720]    19954 ms: Scavenge 178.3 (197.8) -> 162.8 (198.1) MB, 1.1 / 0.0 ms  (average mu = 0.993, current mu = 0.992) allocation failure; 
[6089:0x73fe720]    19963 ms: Scavenge 178.4 (198.1) -> 162.8 (198.1) MB, 1.1 / 0.0 ms  (average mu = 0.993, current mu = 0.992) allocation failure; 
[6089:0x73fe720]    19972 ms: Scavenge 178.4 (198.1) -> 162.9 (198.1) MB, 1.3 / 0.0 ms  (average mu = 0.993, current mu = 0.992) allocation failure; 
[6089:0x73fe720]    19980 ms: Scavenge 178.5 (198.1) -> 163.0 (198.1) MB, 1.3 / 0.0 ms  (average mu = 0.993, current mu = 0.992) allocation failure; 
[6089:0x73fe720]    19989 ms: Scavenge 178.5 (198.1) -> 163.0 (198.1) MB, 1.0 / 0.0 ms  (average mu = 0.993, current mu = 0.992) allocation failure; 
[6089:0x73fe720]    19998 ms: Scavenge 178.6 (198.1) -> 163.0 (198.1) MB, 1.0 / 0.0 ms  (average mu = 0.993, current mu = 0.992) allocation failure; 
[6089:0x73fe720]    20008 ms: Scavenge 178.6 (198.1) -> 163.1 (198.3) MB, 1.5 / 0.0 ms  (average mu = 0.993, current mu = 0.992) allocation failure; 
[6089:0x73fe720]    20018 ms: Scavenge 178.7 (198.3) -> 163.2 (198.3) MB, 1.0 / 0.0 ms  (average mu = 0.993, current mu = 0.992) allocation failure; 
[6089:0x73fe720]    20039 ms: Scavenge 178.7 (198.3) -> 163.2 (198.3) MB, 0.9 / 0.0 ms  (average mu = 0.993, current mu = 0.992) allocation failure; 
[6089:0x73fe720]    20054 ms: Scavenge 178.8 (198.3) -> 163.2 (198.3) MB, 1.0 / 0.0 ms  (average mu = 0.993, current mu = 0.992) allocation failure; 
[6089:0x73fe720]    20064 ms: Scavenge 178.8 (198.3) -> 163.3 (198.3) MB, 1.0 / 0.0 ms  (average mu = 0.993, current mu = 0.992) allocation failure; 
[6089:0x73fe720]    20073 ms: Scavenge 178.9 (198.3) -> 163.4 (198.6) MB, 1.2 / 0.0 ms  (average mu = 0.993, current mu = 0.992) allocation failure; 
[6089:0x73fe720]    20087 ms: Scavenge 178.9 (198.6) -> 163.4 (198.6) MB, 5.4 / 0.0 ms  (average mu = 0.993, current mu = 0.992) allocation failure; 
[6089:0x73fe720]    20097 ms: Scavenge 179.0 (198.6) -> 163.4 (198.6) MB, 0.8 / 0.0 ms  (average mu = 0.993, current mu = 0.992) allocation failure; 
[6089:0x73fe720]    20104 ms: Scavenge 179.0 (198.6) -> 163.5 (198.6) MB, 1.1 / 0.0 ms  (average mu = 0.993, current mu = 0.992) allocation failure; 
[6089:0x73fe720]    20111 ms: Scavenge 179.1 (198.6) -> 163.5 (198.6) MB, 1.0 / 0.0 ms  (average mu = 0.993, current mu = 0.992) allocation failure; 
[6089:0x73fe720]    20118 ms: Scavenge 179.1 (198.6) -> 163.6 (198.8) MB, 0.8 / 0.0 ms  (average mu = 0.993, current mu = 0.992) allocation failure; 
[6089:0x73fe720]    20125 ms: Scavenge 179.2 (198.8) -> 163.6 (198.8) MB, 0.7 / 0.0 ms  (average mu = 0.993, current mu = 0.992) allocation failure; 
[6089:0x73fe720]    20133 ms: Scavenge 179.2 (198.8) -> 163.7 (198.8) MB, 0.8 / 0.0 ms  (average mu = 0.993, current mu = 0.992) allocation failure; 
[6089:0x73fe720]    20140 ms: Scavenge 179.3 (198.8) -> 163.7 (198.8) MB, 0.8 / 0.0 ms  (average mu = 0.993, current mu = 0.992) allocation failure; 
[6089:0x73fe720]    20147 ms: Scavenge 179.3 (198.8) -> 163.8 (198.8) MB, 0.8 / 0.0 ms  (average mu = 0.993, current mu = 0.992) allocation failure; 
[6089:0x73fe720]    20154 ms: Scavenge 179.3 (198.8) -> 163.8 (198.8) MB, 0.8 / 0.0 ms  (average mu = 0.993, current mu = 0.992) allocation failure; 
[6089:0x73fe720]    20161 ms: Scavenge 179.4 (198.8) -> 163.9 (199.1) MB, 0.9 / 0.0 ms  (average mu = 0.993, current mu = 0.992) allocation failure; 
[6089:0x73fe720]    20169 ms: Scavenge 179.4 (199.1) -> 163.9 (199.1) MB, 1.0 / 0.0 ms  (average mu = 0.993, current mu = 0.992) allocation failure; 
[6089:0x73fe720]    20176 ms: Scavenge 179.5 (199.1) -> 163.9 (199.1) MB, 0.9 / 0.0 ms  (average mu = 0.993, current mu = 0.992) allocation failure; 
[6089:0x73fe720]    20183 ms: Scavenge 179.5 (199.1) -> 164.0 (199.1) MB, 0.7 / 0.0 ms  (average mu = 0.993, current mu = 0.992) allocation failure; 
[6089:0x73fe720]    20190 ms: Scavenge 179.6 (199.1) -> 164.0 (199.1) MB, 0.9 / 0.0 ms  (average mu = 0.993, current mu = 0.992) allocation failure; 
[6089:0x73fe720]    20197 ms: Scavenge 179.6 (199.1) -> 164.1 (199.3) MB, 0.8 / 0.0 ms  (average mu = 0.993, current mu = 0.992) allocation failure; 
[6089:0x73fe720]    20204 ms: Scavenge 179.7 (199.3) -> 164.1 (199.3) MB, 0.7 / 0.0 ms  (average mu = 0.993, current mu = 0.992) allocation failure; 
[6089:0x73fe720]    20211 ms: Scavenge 179.7 (199.3) -> 164.2 (199.3) MB, 0.8 / 0.0 ms  (average mu = 0.993, current mu = 0.992) allocation failure; 
[6089:0x73fe720]    20218 ms: Scavenge 179.8 (199.3) -> 164.2 (199.3) MB, 1.0 / 0.0 ms  (average mu = 0.993, current mu = 0.992) allocation failure; 
[6089:0x73fe720]    20225 ms: Scavenge 179.8 (199.3) -> 164.3 (199.3) MB, 0.7 / 0.0 ms  (average mu = 0.993, current mu = 0.992) allocation failure; 
[6089:0x73fe720]    20232 ms: Scavenge 179.9 (199.3) -> 164.3 (199.6) MB, 0.8 / 0.0 ms  (average mu = 0.993, current mu = 0.992) allocation failure; 
[6089:0x73fe720]    20239 ms: Scavenge 179.9 (199.6) -> 164.4 (199.6) MB, 0.8 / 0.0 ms  (average mu = 0.993, current mu = 0.992) allocation failure; 
[6089:0x73fe720]    20247 ms: Scavenge 180.0 (199.6) -> 164.4 (199.6) MB, 0.8 / 0.0 ms  (average mu = 0.993, current mu = 0.992) allocation failure; 
[6089:0x73fe720]    20254 ms: Scavenge 180.0 (199.6) -> 164.5 (199.6) MB, 0.7 / 0.0 ms  (average mu = 0.993, current mu = 0.992) allocation failure; 
[6089:0x73fe720]    20261 ms: Scavenge 180.1 (199.6) -> 164.5 (199.6) MB, 0.7 / 0.0 ms  (average mu = 0.993, current mu = 0.992) allocation failure; 
[6089:0x73fe720]    20268 ms: Scavenge 180.1 (199.6) -> 164.6 (199.8) MB, 0.8 / 0.0 ms  (average mu = 0.993, current mu = 0.992) allocation failure; 
[6089:0x73fe720]    20275 ms: Scavenge 180.2 (199.8) -> 164.6 (199.8) MB, 0.7 / 0.0 ms  (average mu = 0.993, current mu = 0.992) allocation failure; 
[6089:0x73fe720]    20283 ms: Scavenge 180.2 (199.8) -> 164.7 (199.8) MB, 0.9 / 0.0 ms  (average mu = 0.993, current mu = 0.992) allocation failure; 
[6089:0x73fe720]    20290 ms: Scavenge 180.3 (199.8) -> 164.7 (199.8) MB, 0.9 / 0.0 ms  (average mu = 0.993, current mu = 0.992) allocation failure; 
[6089:0x73fe720]    20298 ms: Scavenge 180.3 (199.8) -> 164.8 (199.8) MB, 0.9 / 0.0 ms  (average mu = 0.993, current mu = 0.992) allocation failure; 
[6089:0x73fe720]    20306 ms: Scavenge 180.4 (199.8) -> 164.8 (200.1) MB, 1.2 / 0.0 ms  (average mu = 0.993, current mu = 0.992) allocation failure; 
[6089:0x73fe720]    20313 ms: Scavenge 180.4 (200.1) -> 164.9 (200.1) MB, 0.9 / 0.0 ms  (average mu = 0.993, current mu = 0.992) allocation failure; 
[6089:0x73fe720]    20320 ms: Scavenge 180.4 (200.1) -> 164.9 (200.1) MB, 0.8 / 0.0 ms  (average mu = 0.993, current mu = 0.992) allocation failure; 
[6089:0x73fe720]    20329 ms: Scavenge 180.5 (200.1) -> 165.0 (200.1) MB, 1.3 / 0.0 ms  (average mu = 0.993, current mu = 0.992) allocation failure; 
[6089:0x73fe720]    20339 ms: Scavenge 180.5 (200.1) -> 165.0 (200.1) MB, 0.8 / 0.0 ms  (average mu = 0.993, current mu = 0.992) allocation failure; 
[6089:0x73fe720]    20346 ms: Scavenge 180.6 (200.1) -> 165.1 (200.3) MB, 0.9 / 0.0 ms  (average mu = 0.993, current mu = 0.992) allocation failure; 
[6089:0x73fe720]    20353 ms: Scavenge 180.6 (200.3) -> 165.1 (200.3) MB, 0.9 / 0.0 ms  (average mu = 0.993, current mu = 0.992) allocation failure; 
[6089:0x73fe720]    20361 ms: Scavenge 180.7 (200.3) -> 165.1 (200.6) MB, 1.2 / 0.0 ms  (average mu = 0.993, current mu = 0.992) allocation failure; 
[6089:0x73fe720]    20369 ms: Scavenge 180.7 (200.6) -> 165.2 (200.6) MB, 1.0 / 0.0 ms  (average mu = 0.993, current mu = 0.992) allocation failure; 
[6089:0x73fe720]    20377 ms: Scavenge 180.8 (200.6) -> 165.2 (200.6) MB, 1.0 / 0.0 ms  (average mu = 0.993, current mu = 0.992) allocation failure; 
[6089:0x73fe720]    20384 ms: Scavenge 180.8 (200.6) -> 165.3 (200.6) MB, 0.8 / 0.0 ms  (average mu = 0.993, current mu = 0.992) allocation failure; 
[6089:0x73fe720]    20391 ms: Scavenge 180.9 (200.6) -> 165.3 (200.6) MB, 0.7 / 0.0 ms  (average mu = 0.993, current mu = 0.992) allocation failure; 
[6089:0x73fe720]    20398 ms: Scavenge 180.9 (200.6) -> 165.4 (200.6) MB, 0.7 / 0.0 ms  (average mu = 0.993, current mu = 0.992) allocation failure; 
[6089:0x73fe720]    20405 ms: Scavenge 181.0 (200.6) -> 165.4 (200.6) MB, 0.7 / 0.0 ms  (average mu = 0.993, current mu = 0.992) allocation failure; 
[6089:0x73fe720]    20412 ms: Scavenge 181.0 (200.6) -> 165.5 (200.6) MB, 0.8 / 0.0 ms  (average mu = 0.993, current mu = 0.992) allocation failure; 
[6089:0x73fe720]    20419 ms: Scavenge 181.1 (200.6) -> 165.5 (200.6) MB, 0.8 / 0.0 ms  (average mu = 0.993, current mu = 0.992) allocation failure; 
[6089:0x73fe720]    20426 ms: Scavenge 181.1 (200.6) -> 165.6 (200.8) MB, 0.7 / 0.0 ms  (average mu = 0.993, current mu = 0.992) allocation failure; 
[6089:0x73fe720]    20434 ms: Scavenge 181.2 (200.8) -> 165.7 (200.8) MB, 0.9 / 0.0 ms  (average mu = 0.993, current mu = 0.992) allocation failure; 
[6089:0x73fe720]    20442 ms: Scavenge 181.2 (200.8) -> 165.7 (200.8) MB, 1.0 / 0.0 ms  (average mu = 0.993, current mu = 0.992) allocation failure; 
[6089:0x73fe720]    20449 ms: Scavenge 181.3 (200.8) -> 165.7 (200.8) MB, 1.0 / 0.0 ms  (average mu = 0.993, current mu = 0.992) allocation failure; 
[6089:0x73fe720]    20457 ms: Scavenge 181.3 (200.8) -> 165.8 (200.8) MB, 1.0 / 0.0 ms  (average mu = 0.993, current mu = 0.992) allocation failure; 
[6089:0x73fe720]    20465 ms: Scavenge 181.4 (200.8) -> 165.8 (201.1) MB, 1.3 / 0.0 ms  (average mu = 0.993, current mu = 0.992) allocation failure; 
[6089:0x73fe720]    20472 ms: Scavenge 181.4 (201.1) -> 165.9 (201.1) MB, 1.0 / 0.0 ms  (average mu = 0.993, current mu = 0.992) allocation failure; 
[6089:0x73fe720]    20479 ms: Scavenge 181.5 (201.1) -> 165.9 (201.1) MB, 0.9 / 0.0 ms  (average mu = 0.993, current mu = 0.992) allocation failure; 
[6089:0x73fe720]    20486 ms: Scavenge 181.5 (201.1) -> 166.0 (201.1) MB, 0.8 / 0.0 ms  (average mu = 0.993, current mu = 0.992) allocation failure; 
[6089:0x73fe720]    20494 ms: Scavenge 181.5 (201.1) -> 166.0 (201.1) MB, 1.0 / 0.0 ms  (average mu = 0.993, current mu = 0.992) allocation failure; 
[6089:0x73fe720]    20501 ms: Scavenge 181.6 (201.1) -> 166.1 (201.3) MB, 0.8 / 0.0 ms  (average mu = 0.993, current mu = 0.992) allocation failure; 
[6089:0x73fe720]    20509 ms: Scavenge 181.6 (201.3) -> 166.1 (201.3) MB, 1.1 / 0.0 ms  (average mu = 0.993, current mu = 0.992) allocation failure; 
[6089:0x73fe720]    20517 ms: Scavenge 181.7 (201.3) -> 166.2 (201.3) MB, 1.3 / 0.0 ms  (average mu = 0.993, current mu = 0.992) allocation failure; 
[6089:0x73fe720]    20526 ms: Scavenge 181.7 (201.3) -> 166.2 (201.3) MB, 0.9 / 0.0 ms  (average mu = 0.993, current mu = 0.992) allocation failure; 
[6089:0x73fe720]    20535 ms: Scavenge 181.8 (201.3) -> 166.2 (201.3) MB, 1.7 / 0.0 ms  (average mu = 0.993, current mu = 0.992) allocation failure; 
[6089:0x73fe720]    20545 ms: Scavenge 181.8 (201.3) -> 166.3 (201.8) MB, 1.0 / 0.0 ms  (average mu = 0.993, current mu = 0.992) allocation failure; 
[6089:0x73fe720]    20555 ms: Scavenge 181.9 (201.8) -> 166.3 (201.8) MB, 1.3 / 0.0 ms  (average mu = 0.993, current mu = 0.992) allocation failure; 
[6089:0x73fe720]    20564 ms: Scavenge 181.9 (201.8) -> 166.4 (201.8) MB, 0.9 / 0.0 ms  (average mu = 0.993, current mu = 0.992) allocation failure; 
[6089:0x73fe720]    20572 ms: Scavenge 182.0 (201.8) -> 166.4 (201.8) MB, 1.0 / 0.0 ms  (average mu = 0.993, current mu = 0.992) allocation failure; 
[6089:0x73fe720]    20581 ms: Scavenge 182.0 (201.8) -> 166.5 (201.8) MB, 0.9 / 0.0 ms  (average mu = 0.993, current mu = 0.992) allocation failure; 
[6089:0x73fe720]    20591 ms: Scavenge 182.1 (201.8) -> 166.6 (201.8) MB, 0.9 / 0.0 ms  (average mu = 0.993, current mu = 0.992) allocation failure; 
[6089:0x73fe720]    20600 ms: Scavenge 182.1 (201.8) -> 166.6 (201.8) MB, 0.9 / 0.0 ms  (average mu = 0.993, current mu = 0.992) allocation failure; 
[6089:0x73fe720]    20608 ms: Scavenge 182.2 (201.8) -> 166.6 (201.8) MB, 0.9 / 0.0 ms  (average mu = 0.993, current mu = 0.992) allocation failure; 
[6089:0x73fe720]    20616 ms: Scavenge 182.2 (201.8) -> 166.7 (201.8) MB, 1.0 / 0.0 ms  (average mu = 0.993, current mu = 0.992) allocation failure; 
[6089:0x73fe720]    20625 ms: Scavenge 182.3 (201.8) -> 166.8 (201.8) MB, 1.1 / 0.0 ms  (average mu = 0.993, current mu = 0.992) allocation failure; 
[6089:0x73fe720]    20632 ms: Scavenge 182.3 (201.8) -> 166.8 (202.1) MB, 1.1 / 0.0 ms  (average mu = 0.993, current mu = 0.992) allocation failure; 
[6089:0x73fe720]    20641 ms: Scavenge 182.4 (202.1) -> 166.8 (202.1) MB, 1.4 / 0.0 ms  (average mu = 0.993, current mu = 0.992) allocation failure; 
[6089:0x73fe720]    20649 ms: Scavenge 182.4 (202.1) -> 166.9 (202.1) MB, 0.9 / 0.0 ms  (average mu = 0.993, current mu = 0.992) allocation failure; 
[6089:0x73fe720]    20658 ms: Scavenge 182.5 (202.1) -> 166.9 (202.1) MB, 1.3 / 0.0 ms  (average mu = 0.993, current mu = 0.992) allocation failure; 
[6089:0x73fe720]    20667 ms: Scavenge 182.5 (202.1) -> 167.0 (202.1) MB, 1.6 / 0.0 ms  (average mu = 0.993, current mu = 0.992) allocation failure; 
[6089:0x73fe720]    20675 ms: Scavenge 182.6 (202.1) -> 167.0 (202.3) MB, 1.1 / 0.0 ms  (average mu = 0.993, current mu = 0.992) allocation failure; 
[6089:0x73fe720]    20683 ms: Scavenge 182.6 (202.3) -> 167.1 (202.3) MB, 0.8 / 0.0 ms  (average mu = 0.993, current mu = 0.992) allocation failure; 
[6089:0x73fe720]    20690 ms: Scavenge 182.7 (202.3) -> 167.1 (202.3) MB, 0.6 / 0.0 ms  (average mu = 0.993, current mu = 0.992) allocation failure; 
[6089:0x73fe720]    20697 ms: Scavenge 182.7 (202.3) -> 167.2 (202.3) MB, 0.9 / 0.0 ms  (average mu = 0.993, current mu = 0.992) allocation failure; 
[6089:0x73fe720]    20704 ms: Scavenge 182.7 (202.3) -> 167.2 (202.3) MB, 0.8 / 0.0 ms  (average mu = 0.993, current mu = 0.992) allocation failure; 
[6089:0x73fe720]    20711 ms: Scavenge 182.8 (202.3) -> 167.3 (202.6) MB, 0.7 / 0.0 ms  (average mu = 0.993, current mu = 0.992) allocation failure; 
[6089:0x73fe720]    20719 ms: Scavenge 182.8 (202.6) -> 167.3 (202.6) MB, 0.7 / 0.0 ms  (average mu = 0.993, current mu = 0.992) allocation failure; 
[6089:0x73fe720]    20726 ms: Scavenge 182.9 (202.6) -> 167.3 (202.6) MB, 0.7 / 0.0 ms  (average mu = 0.993, current mu = 0.992) allocation failure; 
[6089:0x73fe720]    20733 ms: Scavenge 182.9 (202.6) -> 167.4 (202.6) MB, 0.7 / 0.0 ms  (average mu = 0.993, current mu = 0.992) allocation failure; 
[6089:0x73fe720]    20740 ms: Scavenge 183.0 (202.6) -> 167.4 (202.6) MB, 0.7 / 0.0 ms  (average mu = 0.993, current mu = 0.992) allocation failure; 
[6089:0x73fe720]    20748 ms: Scavenge 183.0 (202.6) -> 167.5 (202.6) MB, 0.9 / 0.0 ms  (average mu = 0.993, current mu = 0.992) allocation failure; 
[6089:0x73fe720]    20756 ms: Scavenge 183.1 (202.6) -> 167.5 (202.8) MB, 1.0 / 0.0 ms  (average mu = 0.993, current mu = 0.992) allocation failure; 
[6089:0x73fe720]    20763 ms: Scavenge 183.1 (202.8) -> 167.6 (202.8) MB, 1.1 / 0.0 ms  (average mu = 0.993, current mu = 0.992) allocation failure; 
[6089:0x73fe720]    20771 ms: Scavenge 183.2 (202.8) -> 167.6 (202.8) MB, 1.0 / 0.0 ms  (average mu = 0.993, current mu = 0.992) allocation failure; 
[6089:0x73fe720]    20778 ms: Scavenge 183.2 (202.8) -> 167.7 (202.8) MB, 0.8 / 0.0 ms  (average mu = 0.993, current mu = 0.992) allocation failure; 
[6089:0x73fe720]    20785 ms: Scavenge 183.3 (202.8) -> 167.7 (202.8) MB, 0.8 / 0.0 ms  (average mu = 0.993, current mu = 0.992) allocation failure; 
[6089:0x73fe720]    20794 ms: Scavenge 183.3 (202.8) -> 167.8 (203.1) MB, 1.0 / 0.0 ms  (average mu = 0.993, current mu = 0.992) allocation failure; 
[6089:0x73fe720]    20801 ms: Scavenge 183.4 (203.1) -> 167.8 (203.1) MB, 0.7 / 0.0 ms  (average mu = 0.993, current mu = 0.992) allocation failure; 
[6089:0x73fe720]    20810 ms: Scavenge 183.4 (203.1) -> 167.9 (203.1) MB, 1.2 / 0.0 ms  (average mu = 0.993, current mu = 0.992) allocation failure; 
[6089:0x73fe720]    20817 ms: Scavenge 183.5 (203.1) -> 167.9 (203.1) MB, 0.7 / 0.0 ms  (average mu = 0.993, current mu = 0.992) allocation failure; 
[6089:0x73fe720]    20825 ms: Scavenge 183.5 (203.1) -> 168.0 (203.3) MB, 0.9 / 0.0 ms  (average mu = 0.993, current mu = 0.992) allocation failure; 
[6089:0x73fe720]    20832 ms: Scavenge 183.6 (203.3) -> 168.0 (203.3) MB, 1.1 / 0.0 ms  (average mu = 0.993, current mu = 0.992) allocation failure; 
[6089:0x73fe720]    20840 ms: Scavenge 183.6 (203.3) -> 168.1 (203.3) MB, 1.1 / 0.0 ms  (average mu = 0.993, current mu = 0.992) allocation failure; 
[6089:0x73fe720]    20847 ms: Scavenge 183.7 (203.3) -> 168.1 (203.3) MB, 1.1 / 0.0 ms  (average mu = 0.993, current mu = 0.992) allocation failure; 
[6089:0x73fe720]    20855 ms: Scavenge 183.7 (203.3) -> 168.2 (203.3) MB, 0.9 / 0.0 ms  (average mu = 0.993, current mu = 0.992) allocation failure; 
[6089:0x73fe720]    20862 ms: Scavenge 183.8 (203.3) -> 168.2 (203.3) MB, 0.8 / 0.0 ms  (average mu = 0.993, current mu = 0.992) allocation failure; 
[6089:0x73fe720]    20870 ms: Scavenge 183.8 (203.3) -> 168.3 (203.6) MB, 0.9 / 0.0 ms  (average mu = 0.993, current mu = 0.992) allocation failure; 
[6089:0x73fe720]    20877 ms: Scavenge 183.8 (203.6) -> 168.3 (203.6) MB, 0.9 / 0.0 ms  (average mu = 0.993, current mu = 0.992) allocation failure; 
[6089:0x73fe720]    20884 ms: Scavenge 183.9 (203.6) -> 168.4 (203.6) MB, 0.7 / 0.0 ms  (average mu = 0.993, current mu = 0.992) allocation failure; 
[6089:0x73fe720]    20891 ms: Scavenge 183.9 (203.6) -> 168.4 (203.6) MB, 0.8 / 0.0 ms  (average mu = 0.993, current mu = 0.992) allocation failure; 
[6089:0x73fe720]    20899 ms: Scavenge 184.0 (203.6) -> 168.4 (203.6) MB, 1.1 / 0.0 ms  (average mu = 0.993, current mu = 0.992) allocation failure; 
[6089:0x73fe720]    20906 ms: Scavenge 184.0 (203.6) -> 168.5 (203.8) MB, 0.9 / 0.0 ms  (average mu = 0.993, current mu = 0.992) allocation failure; 
[6089:0x73fe720]    20914 ms: Scavenge 184.1 (203.8) -> 168.5 (203.8) MB, 0.8 / 0.0 ms  (average mu = 0.993, current mu = 0.992) allocation failure; 
[6089:0x73fe720]    20921 ms: Scavenge 184.1 (203.8) -> 168.6 (203.8) MB, 0.7 / 0.0 ms  (average mu = 0.993, current mu = 0.992) allocation failure; 
[6089:0x73fe720]    20928 ms: Scavenge 184.2 (203.8) -> 168.6 (203.8) MB, 0.8 / 0.0 ms  (average mu = 0.993, current mu = 0.992) allocation failure; 
[6089:0x73fe720]    20936 ms: Scavenge 184.2 (203.8) -> 168.7 (203.8) MB, 0.9 / 0.0 ms  (average mu = 0.993, current mu = 0.992) allocation failure; 
[6089:0x73fe720]    20944 ms: Scavenge 184.3 (203.8) -> 168.7 (204.1) MB, 1.3 / 0.0 ms  (average mu = 0.993, current mu = 0.992) allocation failure; 
[6089:0x73fe720]    20952 ms: Scavenge 184.3 (204.1) -> 168.8 (204.1) MB, 1.1 / 0.0 ms  (average mu = 0.993, current mu = 0.992) allocation failure; 
[6089:0x73fe720]    20960 ms: Scavenge 184.4 (204.1) -> 168.8 (204.1) MB, 1.0 / 0.0 ms  (average mu = 0.993, current mu = 0.992) allocation failure; 
[6089:0x73fe720]    20969 ms: Scavenge 184.4 (204.1) -> 168.9 (204.1) MB, 0.9 / 0.0 ms  (average mu = 0.993, current mu = 0.992) allocation failure; 
[6089:0x73fe720]    20976 ms: Scavenge 184.5 (204.1) -> 168.9 (204.1) MB, 0.7 / 0.0 ms  (average mu = 0.993, current mu = 0.992) allocation failure; 
[6089:0x73fe720]    20984 ms: Scavenge 184.5 (204.1) -> 169.0 (204.3) MB, 1.0 / 0.0 ms  (average mu = 0.993, current mu = 0.992) allocation failure; 
[6089:0x73fe720]    20992 ms: Scavenge 184.6 (204.3) -> 169.0 (204.3) MB, 1.0 / 0.0 ms  (average mu = 0.993, current mu = 0.992) allocation failure; 
[6089:0x73fe720]    21000 ms: Scavenge 184.6 (204.3) -> 169.1 (204.3) MB, 1.3 / 0.0 ms  (average mu = 0.993, current mu = 0.992) allocation failure; 
[6089:0x73fe720]    21008 ms: Scavenge 184.7 (204.3) -> 169.1 (204.3) MB, 0.9 / 0.0 ms  (average mu = 0.993, current mu = 0.992) allocation failure; 
[6089:0x73fe720]    21017 ms: Scavenge 184.7 (204.3) -> 169.2 (204.3) MB, 1.0 / 0.0 ms  (average mu = 0.993, current mu = 0.992) allocation failure; 
[6089:0x73fe720]    21024 ms: Scavenge 184.8 (204.3) -> 169.2 (204.3) MB, 0.8 / 0.0 ms  (average mu = 0.993, current mu = 0.992) allocation failure; 
[6089:0x73fe720]    21032 ms: Scavenge 184.8 (204.3) -> 169.3 (204.6) MB, 1.0 / 0.0 ms  (average mu = 0.993, current mu = 0.992) allocation failure; 
[6089:0x73fe720]    21040 ms: Scavenge 184.9 (204.6) -> 169.3 (204.6) MB, 1.1 / 0.0 ms  (average mu = 0.993, current mu = 0.992) allocation failure; 
[6089:0x73fe720]    21051 ms: Scavenge 184.9 (204.6) -> 169.4 (204.6) MB, 1.5 / 0.0 ms  (average mu = 0.993, current mu = 0.992) allocation failure; 
[6089:0x73fe720]    21061 ms: Scavenge 184.9 (204.6) -> 169.4 (204.6) MB, 1.1 / 0.0 ms  (average mu = 0.993, current mu = 0.992) allocation failure; 
[6089:0x73fe720]    21072 ms: Scavenge 185.0 (204.6) -> 169.5 (204.6) MB, 1.0 / 0.0 ms  (average mu = 0.993, current mu = 0.992) allocation failure; 
[6089:0x73fe720]    21081 ms: Scavenge 185.0 (204.6) -> 169.5 (204.8) MB, 0.8 / 0.0 ms  (average mu = 0.993, current mu = 0.992) allocation failure; 
[6089:0x73fe720]    21090 ms: Scavenge 185.1 (204.8) -> 169.6 (204.8) MB, 1.3 / 0.0 ms  (average mu = 0.993, current mu = 0.992) allocation failure; 
[6089:0x73fe720]    21098 ms: Scavenge 185.1 (204.8) -> 169.6 (204.8) MB, 1.0 / 0.0 ms  (average mu = 0.993, current mu = 0.992) allocation failure; 
[6089:0x73fe720]    21106 ms: Scavenge 185.2 (204.8) -> 169.6 (204.8) MB, 1.0 / 0.0 ms  (average mu = 0.993, current mu = 0.992) allocation failure; 
[6089:0x73fe720]    21114 ms: Scavenge 185.2 (204.8) -> 169.7 (204.8) MB, 0.8 / 0.0 ms  (average mu = 0.993, current mu = 0.992) allocation failure; 
[6089:0x73fe720]    21121 ms: Scavenge 185.3 (204.8) -> 169.7 (205.1) MB, 0.8 / 0.0 ms  (average mu = 0.993, current mu = 0.992) allocation failure; 
[6089:0x73fe720]    21129 ms: Scavenge 185.3 (205.1) -> 169.8 (205.1) MB, 0.8 / 0.0 ms  (average mu = 0.993, current mu = 0.992) allocation failure; 
[6089:0x73fe720]    21136 ms: Scavenge 185.4 (205.1) -> 169.8 (205.1) MB, 0.9 / 0.0 ms  (average mu = 0.993, current mu = 0.992) allocation failure; 
[6089:0x73fe720]    21143 ms: Scavenge 185.4 (205.1) -> 169.9 (205.1) MB, 0.8 / 0.0 ms  (average mu = 0.993, current mu = 0.992) allocation failure; 
[6089:0x73fe720]    21150 ms: Scavenge 185.5 (205.1) -> 169.9 (205.1) MB, 0.7 / 0.0 ms  (average mu = 0.993, current mu = 0.992) allocation failure; 
[6089:0x73fe720]    21203 ms: Scavenge 185.5 (205.1) -> 170.0 (205.3) MB, 3.3 / 0.0 ms  (average mu = 0.993, current mu = 0.992) allocation failure; 
[6089:0x73fe720]    21247 ms: Scavenge 185.6 (205.3) -> 170.0 (205.3) MB, 1.7 / 0.0 ms  (average mu = 0.993, current mu = 0.992) allocation failure; 
[6089:0x73fe720]    21269 ms: Mark-sweep 176.8 (205.3) -> 164.6 (203.3) MB, 3.4 / 0.0 ms  (+ 85.4 ms in 454 steps since start of marking, biggest step 2.4 ms, walltime since start of marking 118 ms) (average mu = 0.991, current mu = 0.989) finalize incremental marking via stack guard; GC in old space requested
[6089:0x73fe720]    21277 ms: Scavenge 180.3 (203.3) -> 164.7 (203.3) MB, 1.1 / 0.0 ms  (average mu = 0.991, current mu = 0.989) allocation failure; 
[6089:0x73fe720]    21291 ms: Scavenge 180.3 (203.3) -> 164.7 (203.3) MB, 2.3 / 0.0 ms  (average mu = 0.991, current mu = 0.989) allocation failure; 
[6089:0x73fe720]    21303 ms: Scavenge 180.3 (203.3) -> 164.8 (203.3) MB, 1.3 / 0.0 ms  (average mu = 0.991, current mu = 0.989) allocation failure; 
[6089:0x73fe720]    21311 ms: Scavenge 180.4 (203.3) -> 164.9 (203.3) MB, 1.1 / 0.0 ms  (average mu = 0.991, current mu = 0.989) allocation failure; 
[6089:0x73fe720]    21320 ms: Scavenge 180.4 (203.3) -> 164.9 (203.3) MB, 1.5 / 0.0 ms  (average mu = 0.991, current mu = 0.989) allocation failure; 
[6089:0x73fe720]    21328 ms: Scavenge 180.5 (203.3) -> 164.9 (203.3) MB, 1.2 / 0.0 ms  (average mu = 0.991, current mu = 0.989) allocation failure; 
[6089:0x73fe720]    21335 ms: Scavenge 180.5 (203.3) -> 165.0 (203.3) MB, 0.7 / 0.0 ms  (average mu = 0.991, current mu = 0.989) allocation failure; 
[6089:0x73fe720]    21342 ms: Scavenge 180.6 (203.3) -> 165.0 (203.3) MB, 0.8 / 0.0 ms  (average mu = 0.991, current mu = 0.989) allocation failure; 
[6089:0x73fe720]    21349 ms: Scavenge 180.6 (203.3) -> 165.1 (203.3) MB, 0.8 / 0.0 ms  (average mu = 0.991, current mu = 0.989) allocation failure; 
[6089:0x73fe720]    21357 ms: Scavenge 180.7 (203.3) -> 165.1 (203.3) MB, 0.7 / 0.0 ms  (average mu = 0.991, current mu = 0.989) allocation failure; 
[6089:0x73fe720]    21364 ms: Scavenge 180.7 (203.3) -> 165.2 (203.3) MB, 0.8 / 0.0 ms  (average mu = 0.991, current mu = 0.989) allocation failure; 
[6089:0x73fe720]    21371 ms: Scavenge 180.7 (203.3) -> 165.2 (203.3) MB, 0.8 / 0.0 ms  (average mu = 0.991, current mu = 0.989) allocation failure; 
[6089:0x73fe720]    21378 ms: Scavenge 180.8 (203.3) -> 165.3 (203.3) MB, 0.8 / 0.0 ms  (average mu = 0.991, current mu = 0.989) allocation failure; 
[6089:0x73fe720]    21385 ms: Scavenge 180.8 (203.3) -> 165.3 (203.3) MB, 0.8 / 0.0 ms  (average mu = 0.991, current mu = 0.989) allocation failure; 
[6089:0x73fe720]    21392 ms: Scavenge 180.9 (203.3) -> 165.3 (203.3) MB, 0.8 / 0.0 ms  (average mu = 0.991, current mu = 0.989) allocation failure; 
[6089:0x73fe720]    21399 ms: Scavenge 180.9 (203.3) -> 165.4 (203.3) MB, 0.7 / 0.0 ms  (average mu = 0.991, current mu = 0.989) allocation failure; 
[6089:0x73fe720]    21406 ms: Scavenge 181.0 (203.3) -> 165.4 (203.3) MB, 0.8 / 0.0 ms  (average mu = 0.991, current mu = 0.989) allocation failure; 
[6089:0x73fe720]    21413 ms: Scavenge 181.0 (203.3) -> 165.5 (203.3) MB, 0.7 / 0.0 ms  (average mu = 0.991, current mu = 0.989) allocation failure; 
[6089:0x73fe720]    21421 ms: Scavenge 181.1 (203.3) -> 165.5 (203.3) MB, 0.7 / 0.0 ms  (average mu = 0.991, current mu = 0.989) allocation failure; 
[6089:0x73fe720]    21428 ms: Scavenge 181.1 (203.3) -> 165.6 (203.3) MB, 0.7 / 0.0 ms  (average mu = 0.991, current mu = 0.989) allocation failure; 
[6089:0x73fe720]    21435 ms: Scavenge 181.2 (203.3) -> 165.6 (203.3) MB, 0.7 / 0.0 ms  (average mu = 0.991, current mu = 0.989) allocation failure; 
[6089:0x73fe720]    21443 ms: Scavenge 181.2 (203.3) -> 165.7 (203.3) MB, 0.9 / 0.0 ms  (average mu = 0.991, current mu = 0.989) allocation failure; 
[6089:0x73fe720]    21450 ms: Scavenge 181.3 (203.3) -> 165.7 (203.3) MB, 0.8 / 0.0 ms  (average mu = 0.991, current mu = 0.989) allocation failure; 
[6089:0x73fe720]    21457 ms: Scavenge 181.3 (203.3) -> 165.8 (203.3) MB, 0.7 / 0.0 ms  (average mu = 0.991, current mu = 0.989) allocation failure; 
[6089:0x73fe720]    21464 ms: Scavenge 181.4 (203.3) -> 165.8 (203.3) MB, 0.9 / 0.0 ms  (average mu = 0.991, current mu = 0.989) allocation failure; 
[6089:0x73fe720]    21471 ms: Scavenge 181.4 (203.3) -> 165.9 (203.3) MB, 0.8 / 0.0 ms  (average mu = 0.991, current mu = 0.989) allocation failure; 
[6089:0x73fe720]    21479 ms: Scavenge 181.5 (203.3) -> 165.9 (203.3) MB, 0.9 / 0.0 ms  (average mu = 0.991, current mu = 0.989) allocation failure; 
[6089:0x73fe720]    21486 ms: Scavenge 181.5 (203.3) -> 166.0 (203.3) MB, 0.8 / 0.0 ms  (average mu = 0.991, current mu = 0.989) allocation failure; 
[6089:0x73fe720]    21493 ms: Scavenge 181.6 (203.3) -> 166.0 (203.3) MB, 0.9 / 0.0 ms  (average mu = 0.991, current mu = 0.989) allocation failure; 
[6089:0x73fe720]    21501 ms: Scavenge 181.6 (203.3) -> 166.1 (203.3) MB, 0.9 / 0.0 ms  (average mu = 0.991, current mu = 0.989) allocation failure; 
[6089:0x73fe720]    21508 ms: Scavenge 181.7 (203.3) -> 166.1 (203.3) MB, 0.8 / 0.0 ms  (average mu = 0.991, current mu = 0.989) allocation failure; 
[6089:0x73fe720]    21515 ms: Scavenge 181.7 (203.3) -> 166.2 (203.3) MB, 0.8 / 0.0 ms  (average mu = 0.991, current mu = 0.989) allocation failure; 
[6089:0x73fe720]    21523 ms: Scavenge 181.8 (203.3) -> 166.2 (203.3) MB, 1.2 / 0.0 ms  (average mu = 0.991, current mu = 0.989) allocation failure; 
[6089:0x73fe720]    21531 ms: Scavenge 181.8 (203.3) -> 166.3 (203.3) MB, 0.7 / 0.0 ms  (average mu = 0.991, current mu = 0.989) allocation failure; 
[6089:0x73fe720]    21538 ms: Scavenge 181.8 (203.3) -> 166.3 (203.3) MB, 0.8 / 0.0 ms  (average mu = 0.991, current mu = 0.989) allocation failure; 
[6089:0x73fe720]    21546 ms: Scavenge 181.9 (203.3) -> 166.4 (203.3) MB, 0.8 / 0.0 ms  (average mu = 0.991, current mu = 0.989) allocation failure; 
[6089:0x73fe720]    21556 ms: Scavenge 181.9 (203.3) -> 166.4 (203.3) MB, 0.9 / 0.0 ms  (average mu = 0.991, current mu = 0.989) allocation failure; 
[6089:0x73fe720]    21563 ms: Scavenge 182.0 (203.3) -> 166.5 (203.3) MB, 0.7 / 0.0 ms  (average mu = 0.991, current mu = 0.989) allocation failure; 
[6089:0x73fe720]    21575 ms: Scavenge 182.0 (203.3) -> 166.5 (203.3) MB, 0.9 / 0.0 ms  (average mu = 0.991, current mu = 0.989) allocation failure; 
[6089:0x73fe720]    21582 ms: Scavenge 182.1 (203.3) -> 166.5 (203.3) MB, 1.2 / 0.0 ms  (average mu = 0.991, current mu = 0.989) allocation failure; 
[6089:0x73fe720]    21591 ms: Scavenge 182.1 (203.3) -> 166.6 (203.3) MB, 1.3 / 0.0 ms  (average mu = 0.991, current mu = 0.989) allocation failure; 
[6089:0x73fe720]    21598 ms: Scavenge 182.2 (203.3) -> 166.6 (203.3) MB, 1.0 / 0.0 ms  (average mu = 0.991, current mu = 0.989) allocation failure; 
[6089:0x73fe720]    21607 ms: Scavenge 182.2 (203.3) -> 166.7 (203.3) MB, 0.8 / 0.0 ms  (average mu = 0.991, current mu = 0.989) allocation failure; 
[6089:0x73fe720]    21615 ms: Scavenge 182.3 (203.3) -> 166.7 (203.3) MB, 0.9 / 0.0 ms  (average mu = 0.991, current mu = 0.989) allocation failure; 
[6089:0x73fe720]    21625 ms: Scavenge 182.3 (203.3) -> 166.8 (203.3) MB, 1.1 / 0.0 ms  (average mu = 0.991, current mu = 0.989) allocation failure; 
[6089:0x73fe720]    21636 ms: Scavenge 182.4 (203.3) -> 166.8 (203.3) MB, 1.0 / 0.0 ms  (average mu = 0.991, current mu = 0.989) allocation failure; 
[6089:0x73fe720]    21644 ms: Scavenge 182.4 (203.3) -> 166.9 (203.3) MB, 1.0 / 0.0 ms  (average mu = 0.991, current mu = 0.989) allocation failure; 
[6089:0x73fe720]    21651 ms: Scavenge 182.5 (203.3) -> 166.9 (203.3) MB, 0.9 / 0.0 ms  (average mu = 0.991, current mu = 0.989) allocation failure; 
[6089:0x73fe720]    21659 ms: Scavenge 182.5 (203.3) -> 167.0 (203.3) MB, 1.0 / 0.0 ms  (average mu = 0.991, current mu = 0.989) allocation failure; 
[6089:0x73fe720]    21666 ms: Scavenge 182.6 (203.3) -> 167.1 (203.3) MB, 1.1 / 0.0 ms  (average mu = 0.991, current mu = 0.989) allocation failure; 
[6089:0x73fe720]    21674 ms: Scavenge 182.6 (203.3) -> 167.1 (203.3) MB, 0.9 / 0.0 ms  (average mu = 0.991, current mu = 0.989) allocation failure; 
[6089:0x73fe720]    21682 ms: Scavenge 182.7 (203.3) -> 167.1 (203.3) MB, 0.9 / 0.0 ms  (average mu = 0.991, current mu = 0.989) allocation failure; 
[6089:0x73fe720]    21689 ms: Scavenge 182.7 (203.3) -> 167.2 (203.3) MB, 0.9 / 0.0 ms  (average mu = 0.991, current mu = 0.989) allocation failure; 
[6089:0x73fe720]    21696 ms: Scavenge 182.8 (203.3) -> 167.2 (203.3) MB, 0.8 / 0.0 ms  (average mu = 0.991, current mu = 0.989) allocation failure; 
[6089:0x73fe720]    21704 ms: Scavenge 182.8 (203.3) -> 167.3 (203.3) MB, 0.9 / 0.0 ms  (average mu = 0.991, current mu = 0.989) allocation failure; 
[6089:0x73fe720]    21711 ms: Scavenge 182.9 (203.3) -> 167.3 (203.3) MB, 0.7 / 0.0 ms  (average mu = 0.991, current mu = 0.989) allocation failure; 
[6089:0x73fe720]    21718 ms: Scavenge 182.9 (203.3) -> 167.4 (203.3) MB, 0.8 / 0.0 ms  (average mu = 0.991, current mu = 0.989) allocation failure; 
[6089:0x73fe720]    21725 ms: Scavenge 182.9 (203.3) -> 167.4 (203.3) MB, 0.8 / 0.0 ms  (average mu = 0.991, current mu = 0.989) allocation failure; 
[6089:0x73fe720]    21733 ms: Scavenge 183.0 (203.3) -> 167.5 (203.3) MB, 0.7 / 0.0 ms  (average mu = 0.991, current mu = 0.989) allocation failure; 
[6089:0x73fe720]    21740 ms: Scavenge 183.0 (203.3) -> 167.5 (203.3) MB, 0.8 / 0.0 ms  (average mu = 0.991, current mu = 0.989) allocation failure; 
[6089:0x73fe720]    21747 ms: Scavenge 183.1 (203.3) -> 167.6 (203.3) MB, 0.6 / 0.0 ms  (average mu = 0.991, current mu = 0.989) allocation failure; 
[6089:0x73fe720]    21755 ms: Scavenge 183.1 (203.3) -> 167.6 (203.3) MB, 0.9 / 0.0 ms  (average mu = 0.991, current mu = 0.989) allocation failure; 
[6089:0x73fe720]    21762 ms: Scavenge 183.2 (203.3) -> 167.6 (203.3) MB, 0.9 / 0.0 ms  (average mu = 0.991, current mu = 0.989) allocation failure; 
[6089:0x73fe720]    21769 ms: Scavenge 183.2 (203.3) -> 167.7 (203.3) MB, 0.9 / 0.0 ms  (average mu = 0.991, current mu = 0.989) allocation failure; 
[6089:0x73fe720]    21777 ms: Scavenge 183.3 (203.3) -> 167.7 (203.3) MB, 1.0 / 0.0 ms  (average mu = 0.991, current mu = 0.989) allocation failure; 
[6089:0x73fe720]    21786 ms: Scavenge 183.3 (203.3) -> 167.8 (203.3) MB, 1.2 / 0.0 ms  (average mu = 0.991, current mu = 0.989) allocation failure; 
[6089:0x73fe720]    21795 ms: Scavenge 183.4 (203.3) -> 167.8 (203.3) MB, 0.8 / 0.0 ms  (average mu = 0.991, current mu = 0.989) allocation failure; 
[6089:0x73fe720]    21802 ms: Scavenge 183.4 (203.3) -> 167.9 (203.3) MB, 0.8 / 0.0 ms  (average mu = 0.991, current mu = 0.989) allocation failure; 
[6089:0x73fe720]    21809 ms: Scavenge 183.5 (203.3) -> 167.9 (203.3) MB, 0.7 / 0.0 ms  (average mu = 0.991, current mu = 0.989) allocation failure; 
[6089:0x73fe720]    21816 ms: Scavenge 183.5 (203.3) -> 168.0 (203.3) MB, 0.8 / 0.0 ms  (average mu = 0.991, current mu = 0.989) allocation failure; 
[6089:0x73fe720]    21824 ms: Scavenge 183.6 (203.3) -> 168.0 (203.3) MB, 0.8 / 0.0 ms  (average mu = 0.991, current mu = 0.989) allocation failure; 
[6089:0x73fe720]    21832 ms: Scavenge 183.6 (203.3) -> 168.1 (203.3) MB, 1.0 / 0.0 ms  (average mu = 0.991, current mu = 0.989) allocation failure; 
[6089:0x73fe720]    21840 ms: Scavenge 183.7 (203.3) -> 168.1 (203.3) MB, 1.1 / 0.0 ms  (average mu = 0.991, current mu = 0.989) allocation failure; 
[6089:0x73fe720]    21847 ms: Scavenge 183.7 (203.3) -> 168.2 (203.3) MB, 1.1 / 0.0 ms  (average mu = 0.991, current mu = 0.989) allocation failure; 
[6089:0x73fe720]    21855 ms: Scavenge 183.8 (203.3) -> 168.2 (203.3) MB, 0.8 / 0.0 ms  (average mu = 0.991, current mu = 0.989) allocation failure; 
[6089:0x73fe720]    21862 ms: Scavenge 183.8 (203.3) -> 168.3 (203.6) MB, 0.9 / 0.0 ms  (average mu = 0.991, current mu = 0.989) allocation failure; 
[6089:0x73fe720]    21869 ms: Scavenge 183.9 (203.6) -> 168.3 (203.6) MB, 0.9 / 0.0 ms  (average mu = 0.991, current mu = 0.989) allocation failure; 
[6089:0x73fe720]    21876 ms: Scavenge 183.9 (203.6) -> 168.4 (203.6) MB, 0.8 / 0.0 ms  (average mu = 0.991, current mu = 0.989) allocation failure; 
[6089:0x73fe720]    21884 ms: Scavenge 184.0 (203.6) -> 168.4 (203.6) MB, 0.9 / 0.0 ms  (average mu = 0.991, current mu = 0.989) allocation failure; 
[6089:0x73fe720]    21891 ms: Scavenge 184.0 (203.6) -> 168.5 (203.6) MB, 0.9 / 0.0 ms  (average mu = 0.991, current mu = 0.989) allocation failure; 
[6089:0x73fe720]    21898 ms: Scavenge 184.0 (203.6) -> 168.5 (203.8) MB, 0.8 / 0.0 ms  (average mu = 0.991, current mu = 0.989) allocation failure; 
[6089:0x73fe720]    21906 ms: Scavenge 184.1 (203.8) -> 168.6 (203.8) MB, 0.7 / 0.0 ms  (average mu = 0.991, current mu = 0.989) allocation failure; 
[6089:0x73fe720]    21913 ms: Scavenge 184.1 (203.8) -> 168.6 (203.8) MB, 0.7 / 0.0 ms  (average mu = 0.991, current mu = 0.989) allocation failure; 
[6089:0x73fe720]    21920 ms: Scavenge 184.2 (203.8) -> 168.6 (203.8) MB, 1.2 / 0.0 ms  (average mu = 0.991, current mu = 0.989) allocation failure; 
[6089:0x73fe720]    21930 ms: Scavenge 184.2 (203.8) -> 168.7 (203.8) MB, 1.0 / 0.0 ms  (average mu = 0.991, current mu = 0.989) allocation failure; 
[6089:0x73fe720]    21937 ms: Scavenge 184.3 (203.8) -> 168.8 (204.3) MB, 1.1 / 0.0 ms  (average mu = 0.991, current mu = 0.989) allocation failure; 
[6089:0x73fe720]    21947 ms: Scavenge 184.3 (204.3) -> 168.8 (204.3) MB, 1.0 / 0.0 ms  (average mu = 0.991, current mu = 0.989) allocation failure; 
[6089:0x73fe720]    21956 ms: Scavenge 184.4 (204.3) -> 168.8 (204.3) MB, 1.0 / 0.0 ms  (average mu = 0.991, current mu = 0.989) allocation failure; 
[6089:0x73fe720]    21965 ms: Scavenge 184.4 (204.3) -> 168.9 (204.3) MB, 1.6 / 0.0 ms  (average mu = 0.991, current mu = 0.989) allocation failure; 
[6089:0x73fe720]    21973 ms: Scavenge 184.5 (204.3) -> 168.9 (204.3) MB, 0.9 / 0.0 ms  (average mu = 0.991, current mu = 0.989) allocation failure; 
[6089:0x73fe720]    21981 ms: Scavenge 184.5 (204.3) -> 169.0 (204.3) MB, 1.1 / 0.0 ms  (average mu = 0.991, current mu = 0.989) allocation failure; 
[6089:0x73fe720]    21989 ms: Scavenge 184.6 (204.3) -> 169.0 (204.6) MB, 1.0 / 0.0 ms  (average mu = 0.991, current mu = 0.989) allocation failure; 
[6089:0x73fe720]    21997 ms: Scavenge 184.6 (204.6) -> 169.1 (204.6) MB, 0.8 / 0.0 ms  (average mu = 0.991, current mu = 0.989) allocation failure; 
[6089:0x73fe720]    22006 ms: Scavenge 184.7 (204.6) -> 169.2 (204.6) MB, 1.3 / 0.0 ms  (average mu = 0.991, current mu = 0.989) allocation failure; 
[6089:0x73fe720]    22015 ms: Scavenge 184.7 (204.6) -> 169.2 (204.6) MB, 1.6 / 0.0 ms  (average mu = 0.991, current mu = 0.989) allocation failure; 
[6089:0x73fe720]    22022 ms: Scavenge 184.8 (204.6) -> 169.2 (204.6) MB, 1.0 / 0.0 ms  (average mu = 0.991, current mu = 0.989) allocation failure; 
[6089:0x73fe720]    22030 ms: Scavenge 184.8 (204.6) -> 169.3 (204.6) MB, 1.2 / 0.0 ms  (average mu = 0.991, current mu = 0.989) allocation failure; 
[6089:0x73fe720]    22039 ms: Scavenge 184.9 (204.6) -> 169.3 (204.6) MB, 0.9 / 0.0 ms  (average mu = 0.991, current mu = 0.989) allocation failure; 
[6089:0x73fe720]    22047 ms: Scavenge 184.9 (204.6) -> 169.4 (204.6) MB, 0.9 / 0.0 ms  (average mu = 0.991, current mu = 0.989) allocation failure; 
[6089:0x73fe720]    22056 ms: Scavenge 185.0 (204.6) -> 169.4 (204.6) MB, 1.4 / 0.0 ms  (average mu = 0.991, current mu = 0.989) allocation failure; 
[6089:0x73fe720]    22065 ms: Scavenge 185.0 (204.6) -> 169.5 (204.8) MB, 0.9 / 0.0 ms  (average mu = 0.991, current mu = 0.989) allocation failure; 
[6089:0x73fe720]    22073 ms: Scavenge 185.1 (204.8) -> 169.5 (204.8) MB, 1.1 / 0.0 ms  (average mu = 0.991, current mu = 0.989) allocation failure; 
[6089:0x73fe720]    22081 ms: Scavenge 183.1 (204.8) -> 169.5 (204.8) MB, 0.7 / 0.0 ms  (average mu = 0.991, current mu = 0.989) task; 
[6089:0x73fe720]    22088 ms: Scavenge 185.1 (204.8) -> 169.6 (204.8) MB, 0.9 / 0.0 ms  (average mu = 0.991, current mu = 0.989) allocation failure; 
[6089:0x73fe720]    22096 ms: Scavenge 185.2 (204.8) -> 169.6 (205.1) MB, 1.2 / 0.0 ms  (average mu = 0.991, current mu = 0.989) allocation failure; 
[6089:0x73fe720]    22104 ms: Scavenge 185.2 (205.1) -> 169.7 (205.1) MB, 1.0 / 0.0 ms  (average mu = 0.991, current mu = 0.989) allocation failure; 
[6089:0x73fe720]    22111 ms: Scavenge 185.3 (205.1) -> 169.7 (205.1) MB, 1.1 / 0.0 ms  (average mu = 0.991, current mu = 0.989) allocation failure; 
[6089:0x73fe720]    22118 ms: Scavenge 185.3 (205.1) -> 169.8 (205.1) MB, 0.8 / 0.0 ms  (average mu = 0.991, current mu = 0.989) allocation failure; 
[6089:0x73fe720]    22126 ms: Scavenge 185.4 (205.1) -> 169.8 (205.1) MB, 0.9 / 0.0 ms  (average mu = 0.991, current mu = 0.989) allocation failure; 
[6089:0x73fe720]    22133 ms: Scavenge 185.4 (205.1) -> 169.9 (205.1) MB, 0.9 / 0.0 ms  (average mu = 0.991, current mu = 0.989) allocation failure; 
[6089:0x73fe720]    22141 ms: Scavenge 185.5 (205.1) -> 170.0 (205.1) MB, 1.0 / 0.0 ms  (average mu = 0.991, current mu = 0.989) allocation failure; 
[6089:0x73fe720]    22149 ms: Scavenge 185.5 (205.1) -> 170.0 (205.3) MB, 0.9 / 0.0 ms  (average mu = 0.991, current mu = 0.989) allocation failure; 
[6089:0x73fe720]    22156 ms: Scavenge 185.6 (205.3) -> 170.0 (205.3) MB, 0.8 / 0.0 ms  (average mu = 0.991, current mu = 0.989) allocation failure; 
[6089:0x73fe720]    22164 ms: Scavenge 185.6 (205.3) -> 170.1 (205.3) MB, 0.7 / 0.0 ms  (average mu = 0.991, current mu = 0.989) allocation failure; 
[6089:0x73fe720]    22171 ms: Scavenge 185.7 (205.3) -> 170.1 (205.3) MB, 0.8 / 0.0 ms  (average mu = 0.991, current mu = 0.989) allocation failure; 
[6089:0x73fe720]    22178 ms: Scavenge 185.7 (205.3) -> 170.2 (205.3) MB, 0.9 / 0.0 ms  (average mu = 0.991, current mu = 0.989) allocation failure; 
[6089:0x73fe720]    22185 ms: Scavenge 185.8 (205.3) -> 170.2 (205.6) MB, 1.0 / 0.0 ms  (average mu = 0.991, current mu = 0.989) allocation failure; 
[6089:0x73fe720]    22192 ms: Scavenge 185.8 (205.6) -> 170.3 (205.6) MB, 0.8 / 0.0 ms  (average mu = 0.991, current mu = 0.989) allocation failure; 
[6089:0x73fe720]    22200 ms: Scavenge 185.9 (205.6) -> 170.3 (205.6) MB, 0.8 / 0.0 ms  (average mu = 0.991, current mu = 0.989) allocation failure; 
[6089:0x73fe720]    22207 ms: Scavenge 185.9 (205.6) -> 170.4 (205.6) MB, 1.0 / 0.0 ms  (average mu = 0.991, current mu = 0.989) allocation failure; 
[6089:0x73fe720]    22214 ms: Scavenge 186.0 (205.6) -> 170.4 (205.6) MB, 0.9 / 0.0 ms  (average mu = 0.991, current mu = 0.989) allocation failure; 
[6089:0x73fe720]    22222 ms: Scavenge 186.0 (205.6) -> 170.5 (205.8) MB, 1.2 / 0.0 ms  (average mu = 0.991, current mu = 0.989) allocation failure; 
[6089:0x73fe720]    22229 ms: Scavenge 186.1 (205.8) -> 170.5 (205.8) MB, 0.8 / 0.0 ms  (average mu = 0.991, current mu = 0.989) allocation failure; 
[6089:0x73fe720]    22237 ms: Scavenge 186.1 (205.8) -> 170.6 (205.8) MB, 0.9 / 0.0 ms  (average mu = 0.991, current mu = 0.989) allocation failure; 
[6089:0x73fe720]    22244 ms: Scavenge 186.1 (205.8) -> 170.6 (205.8) MB, 1.1 / 0.0 ms  (average mu = 0.991, current mu = 0.989) allocation failure; 
[6089:0x73fe720]    22252 ms: Scavenge 186.2 (205.8) -> 170.7 (205.8) MB, 1.0 / 0.0 ms  (average mu = 0.991, current mu = 0.989) allocation failure; 
[6089:0x73fe720]    22259 ms: Scavenge 186.2 (205.8) -> 170.7 (206.1) MB, 1.0 / 0.0 ms  (average mu = 0.991, current mu = 0.989) allocation failure; 
[6089:0x73fe720]    22266 ms: Scavenge 186.3 (206.1) -> 170.7 (206.1) MB, 0.8 / 0.0 ms  (average mu = 0.991, current mu = 0.989) allocation failure; 
[6089:0x73fe720]    22274 ms: Scavenge 186.3 (206.1) -> 170.8 (206.1) MB, 0.8 / 0.0 ms  (average mu = 0.991, current mu = 0.989) allocation failure; 
[6089:0x73fe720]    22281 ms: Scavenge 186.4 (206.1) -> 170.8 (206.1) MB, 0.7 / 0.0 ms  (average mu = 0.991, current mu = 0.989) allocation failure; 
[6089:0x73fe720]    22288 ms: Scavenge 186.4 (206.1) -> 170.9 (206.1) MB, 0.8 / 0.0 ms  (average mu = 0.991, current mu = 0.989) allocation failure; 
[6089:0x73fe720]    22295 ms: Scavenge 186.5 (206.1) -> 170.9 (206.3) MB, 0.8 / 0.0 ms  (average mu = 0.991, current mu = 0.989) allocation failure; 
[6089:0x73fe720]    22303 ms: Scavenge 186.5 (206.3) -> 171.0 (206.3) MB, 0.8 / 0.0 ms  (average mu = 0.991, current mu = 0.989) allocation failure; 
[6089:0x73fe720]    22311 ms: Scavenge 186.6 (206.3) -> 171.0 (206.3) MB, 1.1 / 0.0 ms  (average mu = 0.991, current mu = 0.989) allocation failure; 
[6089:0x73fe720]    22318 ms: Scavenge 186.6 (206.3) -> 171.1 (206.3) MB, 0.9 / 0.0 ms  (average mu = 0.991, current mu = 0.989) allocation failure; 
[6089:0x73fe720]    22326 ms: Scavenge 186.7 (206.3) -> 171.1 (206.3) MB, 0.9 / 0.0 ms  (average mu = 0.991, current mu = 0.989) allocation failure; 
[6089:0x73fe720]    22334 ms: Scavenge 186.7 (206.3) -> 171.2 (206.6) MB, 1.3 / 0.0 ms  (average mu = 0.991, current mu = 0.989) allocation failure; 
[6089:0x73fe720]    22341 ms: Scavenge 186.8 (206.6) -> 171.2 (206.6) MB, 1.0 / 0.0 ms  (average mu = 0.991, current mu = 0.989) allocation failure; 
[6089:0x73fe720]    22348 ms: Scavenge 186.8 (206.6) -> 171.3 (206.6) MB, 0.9 / 0.0 ms  (average mu = 0.991, current mu = 0.989) allocation failure; 
[6089:0x73fe720]    22356 ms: Scavenge 186.9 (206.6) -> 171.3 (206.6) MB, 1.0 / 0.0 ms  (average mu = 0.991, current mu = 0.989) allocation failure; 
[6089:0x73fe720]    22363 ms: Scavenge 186.9 (206.6) -> 171.4 (206.6) MB, 1.0 / 0.0 ms  (average mu = 0.991, current mu = 0.989) allocation failure; 
[6089:0x73fe720]    22371 ms: Scavenge 187.0 (206.6) -> 171.4 (206.6) MB, 0.8 / 0.0 ms  (average mu = 0.991, current mu = 0.989) allocation failure; 
[6089:0x73fe720]    22378 ms: Scavenge 187.0 (206.6) -> 171.5 (206.8) MB, 0.8 / 0.0 ms  (average mu = 0.991, current mu = 0.989) allocation failure; 
[6089:0x73fe720]    22385 ms: Scavenge 187.1 (206.8) -> 171.5 (206.8) MB, 0.7 / 0.0 ms  (average mu = 0.991, current mu = 0.989) allocation failure; 
[6089:0x73fe720]    22393 ms: Scavenge 187.1 (206.8) -> 171.6 (206.8) MB, 0.9 / 0.0 ms  (average mu = 0.991, current mu = 0.989) allocation failure; 
[6089:0x73fe720]    22400 ms: Scavenge 187.2 (206.8) -> 171.6 (206.8) MB, 0.8 / 0.0 ms  (average mu = 0.991, current mu = 0.989) allocation failure; 
[6089:0x73fe720]    22408 ms: Scavenge 187.2 (206.8) -> 171.7 (206.8) MB, 1.0 / 0.0 ms  (average mu = 0.991, current mu = 0.989) allocation failure; 
[6089:0x73fe720]    22415 ms: Scavenge 187.2 (206.8) -> 171.7 (207.1) MB, 0.9 / 0.0 ms  (average mu = 0.991, current mu = 0.989) allocation failure; 
[6089:0x73fe720]    22423 ms: Scavenge 187.3 (207.1) -> 171.8 (207.1) MB, 1.0 / 0.0 ms  (average mu = 0.991, current mu = 0.989) allocation failure; 
[6089:0x73fe720]    22431 ms: Scavenge 187.3 (207.1) -> 171.8 (207.1) MB, 1.2 / 0.0 ms  (average mu = 0.991, current mu = 0.989) allocation failure; 
[6089:0x73fe720]    22438 ms: Scavenge 187.4 (207.1) -> 171.8 (207.1) MB, 1.1 / 0.0 ms  (average mu = 0.991, current mu = 0.989) allocation failure; 
[6089:0x73fe720]    22446 ms: Scavenge 187.4 (207.1) -> 171.9 (207.1) MB, 0.9 / 0.0 ms  (average mu = 0.991, current mu = 0.989) allocation failure; 
[6089:0x73fe720]    22453 ms: Scavenge 187.5 (207.1) -> 172.0 (207.3) MB, 0.8 / 0.0 ms  (average mu = 0.991, current mu = 0.989) allocation failure; 
[6089:0x73fe720]    22460 ms: Scavenge 187.5 (207.3) -> 172.0 (207.6) MB, 1.1 / 0.0 ms  (average mu = 0.991, current mu = 0.989) allocation failure; 
[6089:0x73fe720]    22467 ms: Scavenge 187.6 (207.6) -> 172.0 (207.6) MB, 0.8 / 0.0 ms  (average mu = 0.991, current mu = 0.989) allocation failure; 
[6089:0x73fe720]    22475 ms: Scavenge 187.6 (207.6) -> 172.1 (207.6) MB, 0.8 / 0.0 ms  (average mu = 0.991, current mu = 0.989) allocation failure; 
[6089:0x73fe720]    22482 ms: Scavenge 187.7 (207.6) -> 172.1 (207.6) MB, 0.7 / 0.0 ms  (average mu = 0.991, current mu = 0.989) allocation failure; 
[6089:0x73fe720]    22489 ms: Scavenge 187.7 (207.6) -> 172.2 (207.6) MB, 0.8 / 0.0 ms  (average mu = 0.991, current mu = 0.989) allocation failure; 
[6089:0x73fe720]    22497 ms: Scavenge 187.8 (207.6) -> 172.2 (207.6) MB, 0.8 / 0.0 ms  (average mu = 0.991, current mu = 0.989) allocation failure; 
[6089:0x73fe720]    22504 ms: Scavenge 187.8 (207.6) -> 172.3 (207.6) MB, 0.6 / 0.0 ms  (average mu = 0.991, current mu = 0.989) allocation failure; 
[6089:0x73fe720]    22512 ms: Scavenge 187.9 (207.6) -> 172.3 (207.6) MB, 1.1 / 0.0 ms  (average mu = 0.991, current mu = 0.989) allocation failure; 
[6089:0x73fe720]    22520 ms: Scavenge 187.9 (207.6) -> 172.4 (207.6) MB, 1.4 / 0.0 ms  (average mu = 0.991, current mu = 0.989) allocation failure; 
[6089:0x73fe720]    22527 ms: Scavenge 188.0 (207.6) -> 172.4 (207.8) MB, 0.9 / 0.0 ms  (average mu = 0.991, current mu = 0.989) allocation failure; 
[6089:0x73fe720]    22535 ms: Scavenge 188.0 (207.8) -> 172.5 (207.8) MB, 0.8 / 0.0 ms  (average mu = 0.991, current mu = 0.989) allocation failure; 
[6089:0x73fe720]    22542 ms: Scavenge 188.1 (207.8) -> 172.5 (207.8) MB, 0.8 / 0.0 ms  (average mu = 0.991, current mu = 0.989) allocation failure; 
[6089:0x73fe720]    22550 ms: Scavenge 188.1 (207.8) -> 172.6 (207.8) MB, 1.3 / 0.0 ms  (average mu = 0.991, current mu = 0.989) allocation failure; 
[6089:0x73fe720]    22558 ms: Scavenge 188.2 (207.8) -> 172.6 (207.8) MB, 0.8 / 0.0 ms  (average mu = 0.991, current mu = 0.989) allocation failure; 
[6089:0x73fe720]    22565 ms: Scavenge 188.2 (207.8) -> 172.7 (208.1) MB, 0.8 / 0.0 ms  (average mu = 0.991, current mu = 0.989) allocation failure; 
[6089:0x73fe720]    22572 ms: Scavenge 188.3 (208.1) -> 172.7 (208.1) MB, 0.8 / 0.0 ms  (average mu = 0.991, current mu = 0.989) allocation failure; 
[6089:0x73fe720]    22579 ms: Scavenge 188.3 (208.1) -> 172.8 (208.1) MB, 0.7 / 0.0 ms  (average mu = 0.991, current mu = 0.989) allocation failure; 
[6089:0x73fe720]    22586 ms: Scavenge 188.3 (208.1) -> 172.8 (208.1) MB, 0.7 / 0.0 ms  (average mu = 0.991, current mu = 0.989) allocation failure; 
[6089:0x73fe720]    22593 ms: Scavenge 188.4 (208.1) -> 172.9 (208.1) MB, 0.7 / 0.0 ms  (average mu = 0.991, current mu = 0.989) allocation failure; 
[6089:0x73fe720]    22600 ms: Scavenge 188.4 (208.1) -> 172.9 (208.3) MB, 0.8 / 0.0 ms  (average mu = 0.991, current mu = 0.989) allocation failure; 
[6089:0x73fe720]    22607 ms: Scavenge 188.5 (208.3) -> 172.9 (208.3) MB, 0.7 / 0.0 ms  (average mu = 0.991, current mu = 0.989) allocation failure; 
[6089:0x73fe720]    22614 ms: Scavenge 188.5 (208.3) -> 173.0 (208.3) MB, 0.7 / 0.0 ms  (average mu = 0.991, current mu = 0.989) allocation failure; 
[6089:0x73fe720]    22621 ms: Scavenge 188.6 (208.3) -> 173.1 (208.3) MB, 0.7 / 0.0 ms  (average mu = 0.991, current mu = 0.989) allocation failure; 
[6089:0x73fe720]    22628 ms: Scavenge 188.6 (208.3) -> 173.1 (208.3) MB, 0.9 / 0.0 ms  (average mu = 0.991, current mu = 0.989) allocation failure; 
[6089:0x73fe720]    22635 ms: Scavenge 188.7 (208.3) -> 173.1 (208.6) MB, 0.8 / 0.0 ms  (average mu = 0.991, current mu = 0.989) allocation failure; 
[6089:0x73fe720]    22643 ms: Scavenge 188.7 (208.6) -> 173.2 (208.6) MB, 0.9 / 0.0 ms  (average mu = 0.991, current mu = 0.989) allocation failure; 
[6089:0x73fe720]    22650 ms: Scavenge 188.8 (208.6) -> 173.2 (208.6) MB, 0.9 / 0.0 ms  (average mu = 0.991, current mu = 0.989) allocation failure; 
[6089:0x73fe720]    22657 ms: Scavenge 188.8 (208.6) -> 173.3 (208.6) MB, 0.7 / 0.0 ms  (average mu = 0.991, current mu = 0.989) allocation failure; 
[6089:0x73fe720]    22664 ms: Scavenge 188.9 (208.6) -> 173.3 (208.6) MB, 0.7 / 0.0 ms  (average mu = 0.991, current mu = 0.989) allocation failure; 
[6089:0x73fe720]    22671 ms: Scavenge 188.9 (208.6) -> 173.4 (208.6) MB, 0.7 / 0.0 ms  (average mu = 0.991, current mu = 0.989) allocation failure; 
[6089:0x73fe720]    22679 ms: Scavenge 189.0 (208.6) -> 173.4 (209.1) MB, 1.1 / 0.0 ms  (average mu = 0.991, current mu = 0.989) allocation failure; 
[6089:0x73fe720]    22686 ms: Scavenge 189.0 (209.1) -> 173.5 (209.1) MB, 0.9 / 0.0 ms  (average mu = 0.991, current mu = 0.989) allocation failure; 
[6089:0x73fe720]    22693 ms: Scavenge 189.1 (209.1) -> 173.5 (209.1) MB, 0.9 / 0.0 ms  (average mu = 0.991, current mu = 0.989) allocation failure; 
[6089:0x73fe720]    22702 ms: Scavenge 189.1 (209.1) -> 173.6 (209.1) MB, 1.4 / 0.0 ms  (average mu = 0.991, current mu = 0.989) allocation failure; 
[6089:0x73fe720]    22709 ms: Scavenge 189.2 (209.1) -> 173.6 (209.1) MB, 1.0 / 0.0 ms  (average mu = 0.991, current mu = 0.989) allocation failure; 
[6089:0x73fe720]    22717 ms: Scavenge 189.2 (209.1) -> 173.7 (209.1) MB, 1.0 / 0.0 ms  (average mu = 0.991, current mu = 0.989) allocation failure; 
[6089:0x73fe720]    22724 ms: Scavenge 189.3 (209.1) -> 173.7 (209.1) MB, 0.9 / 0.0 ms  (average mu = 0.991, current mu = 0.989) allocation failure; 
[6089:0x73fe720]    22731 ms: Scavenge 189.3 (209.1) -> 173.8 (209.1) MB, 0.8 / 0.0 ms  (average mu = 0.991, current mu = 0.989) allocation failure; 
[6089:0x73fe720]    22738 ms: Scavenge 189.4 (209.1) -> 173.8 (209.1) MB, 0.8 / 0.0 ms  (average mu = 0.991, current mu = 0.989) allocation failure; 
[6089:0x73fe720]    22745 ms: Scavenge 189.4 (209.1) -> 173.9 (209.1) MB, 0.8 / 0.0 ms  (average mu = 0.991, current mu = 0.989) allocation failure; 
[6089:0x73fe720]    22752 ms: Scavenge 189.4 (209.1) -> 173.9 (209.6) MB, 0.8 / 0.0 ms  (average mu = 0.991, current mu = 0.989) allocation failure; 
[6089:0x73fe720]    22760 ms: Scavenge 189.5 (209.6) -> 174.0 (209.6) MB, 1.0 / 0.0 ms  (average mu = 0.991, current mu = 0.989) allocation failure; 
[6089:0x73fe720]    22768 ms: Scavenge 189.5 (209.6) -> 174.0 (209.6) MB, 0.8 / 0.0 ms  (average mu = 0.991, current mu = 0.989) allocation failure; 
[6089:0x73fe720]    22775 ms: Scavenge 189.6 (209.6) -> 174.0 (209.6) MB, 0.7 / 0.0 ms  (average mu = 0.991, current mu = 0.989) allocation failure; 
[6089:0x73fe720]    22782 ms: Scavenge 189.6 (209.6) -> 174.1 (209.6) MB, 0.8 / 0.0 ms  (average mu = 0.991, current mu = 0.989) allocation failure; 
[6089:0x73fe720]    22789 ms: Scavenge 189.7 (209.6) -> 174.1 (209.6) MB, 0.9 / 0.0 ms  (average mu = 0.991, current mu = 0.989) allocation failure; 
[6089:0x73fe720]    22797 ms: Scavenge 189.7 (209.6) -> 174.2 (209.8) MB, 1.0 / 0.0 ms  (average mu = 0.991, current mu = 0.989) allocation failure; 
[6089:0x73fe720]    22804 ms: Scavenge 189.8 (209.8) -> 174.2 (209.8) MB, 0.9 / 0.0 ms  (average mu = 0.991, current mu = 0.989) allocation failure; 
[6089:0x73fe720]    22813 ms: Scavenge 189.8 (209.8) -> 174.3 (209.8) MB, 1.6 / 0.0 ms  (average mu = 0.991, current mu = 0.989) allocation failure; 
[6089:0x73fe720]    22820 ms: Scavenge 189.9 (209.8) -> 174.3 (209.8) MB, 0.8 / 0.0 ms  (average mu = 0.991, current mu = 0.989) allocation failure; 
[6089:0x73fe720]    22827 ms: Scavenge 189.9 (209.8) -> 174.4 (209.8) MB, 0.8 / 0.0 ms  (average mu = 0.991, current mu = 0.989) allocation failure; 
[6089:0x73fe720]    22834 ms: Scavenge 190.0 (209.8) -> 174.4 (209.8) MB, 0.9 / 0.0 ms  (average mu = 0.991, current mu = 0.989) allocation failure; 
[6089:0x73fe720]    22842 ms: Scavenge 190.0 (209.8) -> 174.5 (209.8) MB, 1.0 / 0.0 ms  (average mu = 0.991, current mu = 0.989) allocation failure; 
[6089:0x73fe720]    22849 ms: Scavenge 190.1 (209.8) -> 174.5 (209.8) MB, 0.8 / 0.0 ms  (average mu = 0.991, current mu = 0.989) allocation failure; 
[6089:0x73fe720]    22856 ms: Scavenge 190.1 (209.8) -> 174.6 (209.8) MB, 0.8 / 0.0 ms  (average mu = 0.991, current mu = 0.989) allocation failure; 
[6089:0x73fe720]    22863 ms: Scavenge 190.2 (209.8) -> 174.6 (210.1) MB, 0.9 / 0.0 ms  (average mu = 0.991, current mu = 0.989) allocation failure; 
[6089:0x73fe720]    22870 ms: Scavenge 190.2 (210.1) -> 174.7 (210.3) MB, 1.0 / 0.0 ms  (average mu = 0.991, current mu = 0.989) allocation failure; 
[6089:0x73fe720]    22878 ms: Scavenge 190.3 (210.3) -> 174.7 (210.3) MB, 0.9 / 0.0 ms  (average mu = 0.991, current mu = 0.989) allocation failure; 
[6089:0x73fe720]    22886 ms: Scavenge 190.3 (210.3) -> 174.8 (210.3) MB, 0.8 / 0.0 ms  (average mu = 0.991, current mu = 0.989) allocation failure; 
[6089:0x73fe720]    22893 ms: Scavenge 190.4 (210.3) -> 174.8 (210.3) MB, 0.7 / 0.0 ms  (average mu = 0.991, current mu = 0.989) allocation failure; 
[6089:0x73fe720]    22900 ms: Scavenge 190.4 (210.3) -> 174.9 (210.3) MB, 0.8 / 0.0 ms  (average mu = 0.991, current mu = 0.989) allocation failure; 
[6089:0x73fe720]    22908 ms: Scavenge 190.5 (210.3) -> 174.9 (210.3) MB, 1.2 / 0.0 ms  (average mu = 0.991, current mu = 0.989) allocation failure; 
[6089:0x73fe720]    22916 ms: Scavenge 190.5 (210.3) -> 175.0 (210.3) MB, 1.2 / 0.0 ms  (average mu = 0.991, current mu = 0.989) allocation failure; 
[6089:0x73fe720]    22924 ms: Scavenge 190.5 (210.3) -> 175.0 (210.3) MB, 1.1 / 0.0 ms  (average mu = 0.991, current mu = 0.989) allocation failure; 
[6089:0x73fe720]    22931 ms: Scavenge 190.6 (210.3) -> 175.1 (210.3) MB, 0.9 / 0.0 ms  (average mu = 0.991, current mu = 0.989) allocation failure; 
[6089:0x73fe720]    22938 ms: Scavenge 190.6 (210.3) -> 175.1 (210.3) MB, 0.8 / 0.0 ms  (average mu = 0.991, current mu = 0.989) allocation failure; 
[6089:0x73fe720]    22946 ms: Scavenge 190.7 (210.3) -> 175.1 (210.6) MB, 0.9 / 0.0 ms  (average mu = 0.991, current mu = 0.989) allocation failure; 
[6089:0x73fe720]    22953 ms: Scavenge 190.7 (210.6) -> 175.2 (210.6) MB, 0.9 / 0.0 ms  (average mu = 0.991, current mu = 0.989) allocation failure; 
[6089:0x73fe720]    22960 ms: Scavenge 190.8 (210.6) -> 175.2 (210.6) MB, 0.8 / 0.0 ms  (average mu = 0.991, current mu = 0.989) allocation failure; 
[6089:0x73fe720]    22967 ms: Scavenge 190.8 (210.6) -> 175.3 (210.6) MB, 0.8 / 0.0 ms  (average mu = 0.991, current mu = 0.989) allocation failure; 
[6089:0x73fe720]    22974 ms: Scavenge 190.9 (210.6) -> 175.3 (210.6) MB, 0.8 / 0.0 ms  (average mu = 0.991, current mu = 0.989) allocation failure; 
[6089:0x73fe720]    22981 ms: Scavenge 190.9 (210.6) -> 175.4 (210.8) MB, 0.8 / 0.0 ms  (average mu = 0.991, current mu = 0.989) allocation failure; 
[6089:0x73fe720]    22988 ms: Scavenge 191.0 (210.8) -> 175.4 (210.8) MB, 0.7 / 0.0 ms  (average mu = 0.991, current mu = 0.989) allocation failure; 
[6089:0x73fe720]    22995 ms: Scavenge 191.0 (210.8) -> 175.5 (210.8) MB, 0.7 / 0.0 ms  (average mu = 0.991, current mu = 0.989) allocation failure; 
[6089:0x73fe720]    23002 ms: Scavenge 191.1 (210.8) -> 175.5 (210.8) MB, 0.8 / 0.0 ms  (average mu = 0.991, current mu = 0.989) allocation failure; 
[6089:0x73fe720]    23010 ms: Scavenge 191.1 (210.8) -> 175.6 (210.8) MB, 0.8 / 0.0 ms  (average mu = 0.991, current mu = 0.989) allocation failure; 
[6089:0x73fe720]    23017 ms: Scavenge 191.2 (210.8) -> 175.6 (211.1) MB, 0.8 / 0.0 ms  (average mu = 0.991, current mu = 0.989) allocation failure; 
[6089:0x73fe720]    23024 ms: Scavenge 191.2 (211.1) -> 175.7 (211.1) MB, 0.8 / 0.0 ms  (average mu = 0.991, current mu = 0.989) allocation failure; 
[6089:0x73fe720]    23031 ms: Scavenge 191.3 (211.1) -> 175.7 (211.1) MB, 0.8 / 0.0 ms  (average mu = 0.991, current mu = 0.989) allocation failure; 
[6089:0x73fe720]    23038 ms: Scavenge 191.3 (211.1) -> 175.8 (211.1) MB, 0.7 / 0.0 ms  (average mu = 0.991, current mu = 0.989) allocation failure; 
[6089:0x73fe720]    23045 ms: Scavenge 191.4 (211.1) -> 175.8 (211.1) MB, 0.7 / 0.0 ms  (average mu = 0.991, current mu = 0.989) allocation failure; 
[6089:0x73fe720]    23052 ms: Scavenge 191.4 (211.1) -> 175.9 (211.3) MB, 0.9 / 0.0 ms  (average mu = 0.991, current mu = 0.989) allocation failure; 
[6089:0x73fe720]    23059 ms: Scavenge 191.5 (211.3) -> 175.9 (211.3) MB, 0.7 / 0.0 ms  (average mu = 0.991, current mu = 0.989) allocation failure; 
[6089:0x73fe720]    23067 ms: Scavenge 191.5 (211.3) -> 176.0 (211.3) MB, 0.8 / 0.0 ms  (average mu = 0.991, current mu = 0.989) allocation failure; 
[6089:0x73fe720]    23074 ms: Scavenge 191.6 (211.3) -> 176.0 (211.3) MB, 0.7 / 0.0 ms  (average mu = 0.991, current mu = 0.989) allocation failure; 
[6089:0x73fe720]    23081 ms: Scavenge 191.6 (211.3) -> 176.1 (211.3) MB, 1.0 / 0.0 ms  (average mu = 0.991, current mu = 0.989) allocation failure; 
[6089:0x73fe720]    23089 ms: Scavenge 191.6 (211.3) -> 176.1 (211.6) MB, 1.2 / 0.0 ms  (average mu = 0.991, current mu = 0.989) allocation failure; 
[6089:0x73fe720]    23097 ms: Scavenge 191.7 (211.6) -> 176.2 (211.6) MB, 1.0 / 0.0 ms  (average mu = 0.991, current mu = 0.989) allocation failure; 
[6089:0x73fe720]    23104 ms: Scavenge 191.7 (211.6) -> 176.2 (211.6) MB, 0.8 / 0.0 ms  (average mu = 0.991, current mu = 0.989) allocation failure; 
[6089:0x73fe720]    23112 ms: Scavenge 191.8 (211.6) -> 176.2 (211.6) MB, 1.0 / 0.0 ms  (average mu = 0.991, current mu = 0.989) allocation failure; 
[6089:0x73fe720]    23120 ms: Scavenge 191.8 (211.6) -> 176.3 (211.6) MB, 1.2 / 0.0 ms  (average mu = 0.991, current mu = 0.989) allocation failure; 
[6089:0x73fe720]    23127 ms: Scavenge 191.9 (211.6) -> 176.3 (211.8) MB, 0.9 / 0.0 ms  (average mu = 0.991, current mu = 0.989) allocation failure; 
[6089:0x73fe720]    23134 ms: Scavenge 191.9 (211.8) -> 176.4 (211.8) MB, 0.8 / 0.0 ms  (average mu = 0.991, current mu = 0.989) allocation failure; 
[6089:0x73fe720]    23141 ms: Scavenge 192.0 (211.8) -> 176.4 (211.8) MB, 0.7 / 0.0 ms  (average mu = 0.991, current mu = 0.989) allocation failure; 
[6089:0x73fe720]    23149 ms: Scavenge 192.0 (211.8) -> 176.5 (211.8) MB, 0.8 / 0.0 ms  (average mu = 0.991, current mu = 0.989) allocation failure; 
[6089:0x73fe720]    23156 ms: Scavenge 192.1 (211.8) -> 176.5 (211.8) MB, 0.8 / 0.0 ms  (average mu = 0.991, current mu = 0.989) allocation failure; 
[6089:0x73fe720]    23163 ms: Scavenge 192.1 (211.8) -> 176.6 (212.1) MB, 0.8 / 0.0 ms  (average mu = 0.991, current mu = 0.989) allocation failure; 
[6089:0x73fe720]    23169 ms: Scavenge 192.2 (212.1) -> 176.6 (212.1) MB, 0.7 / 0.0 ms  (average mu = 0.991, current mu = 0.989) allocation failure; 
[6089:0x73fe720]    23177 ms: Scavenge 192.2 (212.1) -> 176.7 (212.1) MB, 0.8 / 0.0 ms  (average mu = 0.991, current mu = 0.989) allocation failure; 
[6089:0x73fe720]    23185 ms: Scavenge 192.3 (212.1) -> 176.8 (212.1) MB, 1.1 / 0.0 ms  (average mu = 0.991, current mu = 0.989) allocation failure; 
[6089:0x73fe720]    23194 ms: Scavenge 192.3 (212.1) -> 176.8 (212.1) MB, 1.1 / 0.0 ms  (average mu = 0.991, current mu = 0.989) allocation failure; 
[6089:0x73fe720]    23202 ms: Scavenge 192.4 (212.1) -> 176.8 (212.1) MB, 1.0 / 0.0 ms  (average mu = 0.991, current mu = 0.989) allocation failure; 
[6089:0x73fe720]    23211 ms: Scavenge 192.4 (212.1) -> 176.9 (212.3) MB, 1.1 / 0.0 ms  (average mu = 0.991, current mu = 0.989) allocation failure; 
[6089:0x73fe720]    23219 ms: Scavenge 192.5 (212.3) -> 177.0 (212.3) MB, 1.1 / 0.0 ms  (average mu = 0.991, current mu = 0.989) allocation failure; 
[6089:0x73fe720]    23227 ms: Scavenge 192.5 (212.3) -> 177.0 (212.3) MB, 0.8 / 0.0 ms  (average mu = 0.991, current mu = 0.989) allocation failure; 
[6089:0x73fe720]    23234 ms: Scavenge 192.6 (212.3) -> 177.0 (212.3) MB, 0.9 / 0.0 ms  (average mu = 0.991, current mu = 0.989) allocation failure; 
[6089:0x73fe720]    23241 ms: Scavenge 192.6 (212.3) -> 177.1 (212.3) MB, 1.0 / 0.0 ms  (average mu = 0.991, current mu = 0.989) allocation failure; 
[6089:0x73fe720]    23250 ms: Scavenge 192.7 (212.3) -> 177.1 (212.8) MB, 1.4 / 0.0 ms  (average mu = 0.991, current mu = 0.989) allocation failure; 
[6089:0x73fe720]    23258 ms: Scavenge 192.7 (212.8) -> 177.2 (212.8) MB, 1.0 / 0.0 ms  (average mu = 0.991, current mu = 0.989) allocation failure; 
[6089:0x73fe720]    23265 ms: Scavenge 192.7 (212.8) -> 177.2 (212.8) MB, 1.0 / 0.0 ms  (average mu = 0.991, current mu = 0.989) allocation failure; 
[6089:0x73fe720]    23272 ms: Scavenge 192.8 (212.8) -> 177.3 (212.8) MB, 0.9 / 0.0 ms  (average mu = 0.991, current mu = 0.989) allocation failure; 
[6089:0x73fe720]    23280 ms: Scavenge 192.8 (212.8) -> 177.3 (212.8) MB, 1.1 / 0.0 ms  (average mu = 0.991, current mu = 0.989) allocation failure; 
[6089:0x73fe720]    23288 ms: Scavenge 192.9 (212.8) -> 177.3 (212.8) MB, 0.7 / 0.0 ms  (average mu = 0.991, current mu = 0.989) allocation failure; 
[6089:0x73fe720]    23295 ms: Scavenge 192.9 (212.8) -> 177.4 (212.8) MB, 0.9 / 0.0 ms  (average mu = 0.991, current mu = 0.989) allocation failure; 
[6089:0x73fe720]    23302 ms: Scavenge 193.0 (212.8) -> 177.4 (212.8) MB, 0.8 / 0.0 ms  (average mu = 0.991, current mu = 0.989) allocation failure; 
[6089:0x73fe720]    23309 ms: Scavenge 193.0 (212.8) -> 177.5 (212.8) MB, 0.8 / 0.0 ms  (average mu = 0.991, current mu = 0.989) allocation failure; 
[6089:0x73fe720]    23317 ms: Scavenge 193.1 (212.8) -> 177.5 (212.8) MB, 0.7 / 0.0 ms  (average mu = 0.991, current mu = 0.989) allocation failure; 
[6089:0x73fe720]    23324 ms: Scavenge 193.1 (212.8) -> 177.6 (213.1) MB, 0.8 / 0.0 ms  (average mu = 0.991, current mu = 0.989) allocation failure; 
[6089:0x73fe720]    23332 ms: Scavenge 193.2 (213.1) -> 177.6 (213.1) MB, 1.1 / 0.0 ms  (average mu = 0.991, current mu = 0.989) allocation failure; 
[6089:0x73fe720]    23339 ms: Scavenge 193.2 (213.1) -> 177.7 (213.1) MB, 1.1 / 0.0 ms  (average mu = 0.991, current mu = 0.989) allocation failure; 
[6089:0x73fe720]    23347 ms: Scavenge 193.3 (213.1) -> 177.7 (213.1) MB, 1.2 / 0.0 ms  (average mu = 0.991, current mu = 0.989) allocation failure; 
[6089:0x73fe720]    23354 ms: Scavenge 193.3 (213.1) -> 177.8 (213.1) MB, 1.0 / 0.0 ms  (average mu = 0.991, current mu = 0.989) allocation failure; 
[6089:0x73fe720]    23362 ms: Scavenge 193.4 (213.1) -> 177.8 (213.3) MB, 0.8 / 0.0 ms  (average mu = 0.991, current mu = 0.989) allocation failure; 
[6089:0x73fe720]    23369 ms: Scavenge 193.4 (213.3) -> 177.9 (213.3) MB, 0.8 / 0.0 ms  (average mu = 0.991, current mu = 0.989) allocation failure; 
[6089:0x73fe720]    23376 ms: Scavenge 193.5 (213.3) -> 177.9 (213.3) MB, 1.1 / 0.0 ms  (average mu = 0.991, current mu = 0.989) allocation failure; 
[6089:0x73fe720]    23385 ms: Scavenge 193.5 (213.3) -> 178.0 (213.3) MB, 1.1 / 0.0 ms  (average mu = 0.991, current mu = 0.989) allocation failure; 
[6089:0x73fe720]    23392 ms: Scavenge 193.6 (213.3) -> 178.0 (213.3) MB, 0.9 / 0.0 ms  (average mu = 0.991, current mu = 0.989) allocation failure; 
[6089:0x73fe720]    23399 ms: Scavenge 193.6 (213.3) -> 178.1 (213.6) MB, 0.8 / 0.0 ms  (average mu = 0.991, current mu = 0.989) allocation failure; 
[6089:0x73fe720]    23406 ms: Scavenge 193.7 (213.6) -> 178.1 (213.6) MB, 0.7 / 0.0 ms  (average mu = 0.991, current mu = 0.989) allocation failure; 
[6089:0x73fe720]    23418 ms: Scavenge 193.7 (213.6) -> 178.2 (213.6) MB, 0.8 / 0.0 ms  (average mu = 0.991, current mu = 0.989) allocation failure; 
[6089:0x73fe720]    23425 ms: Scavenge 193.8 (213.6) -> 178.2 (213.6) MB, 0.8 / 0.0 ms  (average mu = 0.991, current mu = 0.989) allocation failure; 
[6089:0x73fe720]    23432 ms: Scavenge 193.8 (213.6) -> 178.3 (213.6) MB, 0.8 / 0.0 ms  (average mu = 0.991, current mu = 0.989) allocation failure; 
[6089:0x73fe720]    23439 ms: Scavenge 193.8 (213.6) -> 178.3 (213.8) MB, 0.8 / 0.0 ms  (average mu = 0.991, current mu = 0.989) allocation failure; 
[6089:0x73fe720]    23446 ms: Scavenge 193.9 (213.8) -> 178.4 (213.8) MB, 0.8 / 0.0 ms  (average mu = 0.991, current mu = 0.989) allocation failure; 
[6089:0x73fe720]    23453 ms: Scavenge 193.9 (213.8) -> 178.4 (213.8) MB, 0.8 / 0.0 ms  (average mu = 0.991, current mu = 0.989) allocation failure; 
[6089:0x73fe720]    23460 ms: Scavenge 194.0 (213.8) -> 178.4 (213.8) MB, 0.7 / 0.0 ms  (average mu = 0.991, current mu = 0.989) allocation failure; 
[6089:0x73fe720]    23468 ms: Scavenge 194.0 (213.8) -> 178.5 (213.8) MB, 0.8 / 0.0 ms  (average mu = 0.991, current mu = 0.989) allocation failure; 
[6089:0x73fe720]    23476 ms: Scavenge 194.1 (213.8) -> 178.5 (213.8) MB, 1.0 / 0.0 ms  (average mu = 0.991, current mu = 0.989) allocation failure; 
[6089:0x73fe720]    23483 ms: Scavenge 194.1 (213.8) -> 178.6 (214.1) MB, 0.8 / 0.0 ms  (average mu = 0.991, current mu = 0.989) allocation failure; 
[6089:0x73fe720]    23491 ms: Scavenge 194.2 (214.1) -> 178.6 (214.1) MB, 0.9 / 0.0 ms  (average mu = 0.991, current mu = 0.989) allocation failure; 
[6089:0x73fe720]    23500 ms: Scavenge 194.2 (214.1) -> 178.7 (214.1) MB, 1.2 / 0.0 ms  (average mu = 0.991, current mu = 0.989) allocation failure; 
[6089:0x73fe720]    23508 ms: Scavenge 194.3 (214.1) -> 178.7 (214.1) MB, 0.8 / 0.0 ms  (average mu = 0.991, current mu = 0.989) allocation failure; 
[6089:0x73fe720]    23515 ms: Scavenge 194.3 (214.1) -> 178.8 (214.1) MB, 0.7 / 0.0 ms  (average mu = 0.991, current mu = 0.989) allocation failure; 
[6089:0x73fe720]    23525 ms: Scavenge 194.4 (214.1) -> 178.8 (214.3) MB, 1.0 / 0.0 ms  (average mu = 0.991, current mu = 0.989) allocation failure; 
[6089:0x73fe720]    23534 ms: Scavenge 194.4 (214.3) -> 178.9 (214.3) MB, 1.3 / 0.0 ms  (average mu = 0.991, current mu = 0.989) allocation failure; 
[6089:0x73fe720]    23541 ms: Scavenge 194.5 (214.3) -> 179.0 (214.3) MB, 1.3 / 0.0 ms  (average mu = 0.991, current mu = 0.989) allocation failure; 
[6089:0x73fe720]    23551 ms: Scavenge 194.5 (214.3) -> 179.0 (214.3) MB, 1.1 / 0.0 ms  (average mu = 0.991, current mu = 0.989) allocation failure; 
[6089:0x73fe720]    23559 ms: Scavenge 194.6 (214.3) -> 179.0 (214.3) MB, 0.8 / 0.0 ms  (average mu = 0.991, current mu = 0.989) allocation failure; 
[6089:0x73fe720]    23566 ms: Scavenge 194.6 (214.3) -> 179.1 (214.6) MB, 0.8 / 0.0 ms  (average mu = 0.991, current mu = 0.989) allocation failure; 
[6089:0x73fe720]    23574 ms: Scavenge 194.7 (214.6) -> 179.1 (214.6) MB, 0.7 / 0.0 ms  (average mu = 0.991, current mu = 0.989) allocation failure; 
[6089:0x73fe720]    23582 ms: Scavenge 194.7 (214.6) -> 179.2 (214.6) MB, 0.9 / 0.0 ms  (average mu = 0.991, current mu = 0.989) allocation failure; 
[6089:0x73fe720]    23589 ms: Scavenge 194.8 (214.6) -> 179.2 (214.6) MB, 1.0 / 0.0 ms  (average mu = 0.991, current mu = 0.989) allocation failure; 
[6089:0x73fe720]    23598 ms: Scavenge 194.8 (214.6) -> 179.3 (214.6) MB, 1.3 / 0.0 ms  (average mu = 0.991, current mu = 0.989) allocation failure; 
[6089:0x73fe720]    23606 ms: Scavenge 194.9 (214.6) -> 179.3 (214.8) MB, 1.0 / 0.0 ms  (average mu = 0.991, current mu = 0.989) allocation failure; 
[6089:0x73fe720]    23614 ms: Scavenge 194.9 (214.8) -> 179.4 (214.8) MB, 0.9 / 0.0 ms  (average mu = 0.991, current mu = 0.989) allocation failure; 
[6089:0x73fe720]    23622 ms: Scavenge 194.9 (214.8) -> 179.4 (214.8) MB, 1.2 / 0.0 ms  (average mu = 0.991, current mu = 0.989) allocation failure; 
[6089:0x73fe720]    23630 ms: Scavenge 195.0 (214.8) -> 179.5 (214.8) MB, 1.0 / 0.0 ms  (average mu = 0.991, current mu = 0.989) allocation failure; 
[6089:0x73fe720]    23638 ms: Scavenge 195.0 (214.8) -> 179.5 (214.8) MB, 1.0 / 0.0 ms  (average mu = 0.991, current mu = 0.989) allocation failure; 
[6089:0x73fe720]    23646 ms: Scavenge 195.1 (214.8) -> 179.5 (215.1) MB, 1.6 / 0.0 ms  (average mu = 0.991, current mu = 0.989) allocation failure; 
[6089:0x73fe720]    23655 ms: Scavenge 195.1 (215.1) -> 179.6 (215.1) MB, 1.1 / 0.0 ms  (average mu = 0.991, current mu = 0.989) allocation failure; 
[6089:0x73fe720]    23663 ms: Scavenge 195.2 (215.1) -> 179.6 (215.1) MB, 1.0 / 0.0 ms  (average mu = 0.991, current mu = 0.989) allocation failure; 
[6089:0x73fe720]    23673 ms: Scavenge 195.2 (215.1) -> 179.7 (215.1) MB, 1.5 / 0.0 ms  (average mu = 0.991, current mu = 0.989) allocation failure; 
[6089:0x73fe720]    23681 ms: Scavenge 195.3 (215.1) -> 179.7 (215.1) MB, 1.4 / 0.0 ms  (average mu = 0.991, current mu = 0.989) allocation failure; 
[6089:0x73fe720]    23690 ms: Scavenge 195.3 (215.1) -> 179.8 (215.3) MB, 1.2 / 0.0 ms  (average mu = 0.991, current mu = 0.989) allocation failure; 
[6089:0x73fe720]    23699 ms: Scavenge 195.4 (215.3) -> 179.8 (215.3) MB, 1.3 / 0.0 ms  (average mu = 0.991, current mu = 0.989) allocation failure; 
[6089:0x73fe720]    23707 ms: Scavenge 195.4 (215.3) -> 179.9 (215.3) MB, 0.9 / 0.0 ms  (average mu = 0.991, current mu = 0.989) allocation failure; 
[6089:0x73fe720]    23715 ms: Scavenge 195.5 (215.3) -> 179.9 (215.3) MB, 1.1 / 0.0 ms  (average mu = 0.991, current mu = 0.989) allocation failure; 
[6089:0x73fe720]    23723 ms: Scavenge 195.5 (215.3) -> 180.0 (215.3) MB, 1.3 / 0.0 ms  (average mu = 0.991, current mu = 0.989) allocation failure; 
[6089:0x73fe720]    23731 ms: Scavenge 195.6 (215.3) -> 180.0 (215.6) MB, 0.9 / 0.0 ms  (average mu = 0.991, current mu = 0.989) allocation failure; 
[6089:0x73fe720]    23739 ms: Scavenge 195.6 (215.6) -> 180.1 (215.6) MB, 0.8 / 0.0 ms  (average mu = 0.991, current mu = 0.989) allocation failure; 
[6089:0x73fe720]    23747 ms: Scavenge 195.7 (215.6) -> 180.1 (215.6) MB, 0.9 / 0.0 ms  (average mu = 0.991, current mu = 0.989) allocation failure; 
[6089:0x73fe720]    23755 ms: Scavenge 195.7 (215.6) -> 180.2 (215.6) MB, 0.9 / 0.0 ms  (average mu = 0.991, current mu = 0.989) allocation failure; 
[6089:0x73fe720]    23763 ms: Scavenge 195.8 (215.6) -> 180.2 (215.6) MB, 1.4 / 0.0 ms  (average mu = 0.991, current mu = 0.989) allocation failure; 
[6089:0x73fe720]    23772 ms: Scavenge 195.8 (215.6) -> 180.3 (215.6) MB, 1.1 / 0.0 ms  (average mu = 0.991, current mu = 0.989) allocation failure; 
[6089:0x73fe720]    23780 ms: Scavenge 195.9 (215.6) -> 180.3 (215.8) MB, 0.8 / 0.0 ms  (average mu = 0.991, current mu = 0.989) allocation failure; 
[6089:0x73fe720]    23787 ms: Scavenge 195.9 (215.8) -> 180.4 (215.8) MB, 0.9 / 0.0 ms  (average mu = 0.991, current mu = 0.989) allocation failure; 
[6089:0x73fe720]    23796 ms: Scavenge 196.0 (215.8) -> 180.4 (215.8) MB, 1.2 / 0.0 ms  (average mu = 0.991, current mu = 0.989) allocation failure; 
[6089:0x73fe720]    23805 ms: Scavenge 196.0 (215.8) -> 180.5 (215.8) MB, 1.5 / 0.0 ms  (average mu = 0.991, current mu = 0.989) allocation failure; 
[6089:0x73fe720]    23814 ms: Scavenge 196.0 (215.8) -> 180.5 (215.8) MB, 1.6 / 0.0 ms  (average mu = 0.991, current mu = 0.989) allocation failure; 
[6089:0x73fe720]    23822 ms: Scavenge 196.1 (215.8) -> 180.6 (216.1) MB, 0.9 / 0.0 ms  (average mu = 0.991, current mu = 0.989) allocation failure; 
[6089:0x73fe720]    23831 ms: Scavenge 196.1 (216.1) -> 180.6 (216.1) MB, 1.0 / 0.0 ms  (average mu = 0.991, current mu = 0.989) allocation failure; 
[6089:0x73fe720]    23838 ms: Scavenge 196.2 (216.1) -> 180.7 (216.1) MB, 0.9 / 0.0 ms  (average mu = 0.991, current mu = 0.989) allocation failure; 
[6089:0x73fe720]    23848 ms: Scavenge 196.2 (216.1) -> 180.7 (216.1) MB, 1.8 / 0.0 ms  (average mu = 0.991, current mu = 0.989) allocation failure; 
[6089:0x73fe720]    23856 ms: Scavenge 196.3 (216.1) -> 180.7 (216.1) MB, 1.0 / 0.0 ms  (average mu = 0.991, current mu = 0.989) allocation failure; 
[6089:0x73fe720]    23864 ms: Scavenge 196.3 (216.1) -> 180.8 (216.3) MB, 0.8 / 0.0 ms  (average mu = 0.991, current mu = 0.989) allocation failure; 
[6089:0x73fe720]    23872 ms: Scavenge 196.4 (216.3) -> 180.8 (216.3) MB, 0.8 / 0.0 ms  (average mu = 0.991, current mu = 0.989) allocation failure; 
[6089:0x73fe720]    23880 ms: Scavenge 196.4 (216.3) -> 180.9 (216.3) MB, 1.4 / 0.0 ms  (average mu = 0.991, current mu = 0.989) allocation failure; 
[6089:0x73fe720]    23889 ms: Scavenge 196.5 (216.3) -> 180.9 (216.3) MB, 1.5 / 0.0 ms  (average mu = 0.991, current mu = 0.989) allocation failure; 
[6089:0x73fe720]    23897 ms: Scavenge 196.5 (216.3) -> 181.0 (216.3) MB, 1.0 / 0.0 ms  (average mu = 0.991, current mu = 0.989) allocation failure; 
[6089:0x73fe720]    23906 ms: Scavenge 196.6 (216.3) -> 181.0 (216.6) MB, 0.9 / 0.0 ms  (average mu = 0.991, current mu = 0.989) allocation failure; 
[6089:0x73fe720]    23914 ms: Scavenge 196.6 (216.6) -> 181.1 (216.6) MB, 0.8 / 0.0 ms  (average mu = 0.991, current mu = 0.989) allocation failure; 
[6089:0x73fe720]    23924 ms: Scavenge 196.7 (216.6) -> 181.1 (216.6) MB, 1.5 / 0.0 ms  (average mu = 0.991, current mu = 0.989) allocation failure; 
[6089:0x73fe720]    23932 ms: Scavenge 196.7 (216.6) -> 181.2 (216.6) MB, 1.4 / 0.0 ms  (average mu = 0.991, current mu = 0.989) allocation failure; 
[6089:0x73fe720]    23940 ms: Scavenge 196.8 (216.6) -> 181.2 (216.6) MB, 0.8 / 0.0 ms  (average mu = 0.991, current mu = 0.989) allocation failure; 
[6089:0x73fe720]    23948 ms: Scavenge 196.8 (216.6) -> 181.3 (216.8) MB, 0.8 / 0.0 ms  (average mu = 0.991, current mu = 0.989) allocation failure; 
[6089:0x73fe720]    23957 ms: Scavenge 196.9 (216.8) -> 181.3 (216.8) MB, 1.6 / 0.0 ms  (average mu = 0.991, current mu = 0.989) allocation failure; 
[6089:0x73fe720]    23966 ms: Scavenge 196.9 (216.8) -> 181.4 (216.8) MB, 1.4 / 0.0 ms  (average mu = 0.991, current mu = 0.989) allocation failure; 
[6089:0x73fe720]    23974 ms: Scavenge 197.0 (216.8) -> 181.4 (216.8) MB, 1.0 / 0.0 ms  (average mu = 0.991, current mu = 0.989) allocation failure; 
[6089:0x73fe720]    23984 ms: Scavenge 197.0 (216.8) -> 181.5 (217.1) MB, 1.4 / 0.0 ms  (average mu = 0.991, current mu = 0.989) allocation failure; 
[6089:0x73fe720]    23993 ms: Scavenge 197.1 (217.1) -> 181.5 (217.1) MB, 1.6 / 0.0 ms  (average mu = 0.991, current mu = 0.989) allocation failure; 
[6089:0x73fe720]    24004 ms: Scavenge 197.1 (217.1) -> 181.6 (217.1) MB, 0.8 / 0.0 ms  (average mu = 0.991, current mu = 0.989) allocation failure; 
[6089:0x73fe720]    24014 ms: Scavenge 197.2 (217.1) -> 181.6 (217.3) MB, 1.8 / 0.0 ms  (average mu = 0.991, current mu = 0.989) allocation failure; 
[6089:0x73fe720]    24023 ms: Scavenge 197.2 (217.3) -> 181.7 (217.3) MB, 1.3 / 0.0 ms  (average mu = 0.991, current mu = 0.989) allocation failure; 
[6089:0x73fe720]    24032 ms: Scavenge 197.2 (217.3) -> 181.7 (217.3) MB, 1.1 / 0.0 ms  (average mu = 0.991, current mu = 0.989) allocation failure; 
[6089:0x73fe720]    24043 ms: Scavenge 197.3 (217.3) -> 181.8 (217.3) MB, 2.0 / 0.0 ms  (average mu = 0.991, current mu = 0.989) allocation failure; 
[6089:0x73fe720]    24052 ms: Scavenge 197.3 (217.3) -> 181.8 (217.3) MB, 1.1 / 0.0 ms  (average mu = 0.991, current mu = 0.989) allocation failure; 
[6089:0x73fe720]    24061 ms: Scavenge 197.4 (217.3) -> 181.9 (217.3) MB, 1.2 / 0.0 ms  (average mu = 0.991, current mu = 0.989) allocation failure; 
[6089:0x73fe720]    24070 ms: Scavenge 197.4 (217.3) -> 181.9 (217.3) MB, 1.6 / 0.0 ms  (average mu = 0.991, current mu = 0.989) allocation failure; 
[6089:0x73fe720]    24080 ms: Scavenge 197.5 (217.3) -> 181.9 (217.3) MB, 0.9 / 0.0 ms  (average mu = 0.991, current mu = 0.989) allocation failure; 
[6089:0x73fe720]    24088 ms: Scavenge 197.5 (217.3) -> 182.0 (217.6) MB, 1.2 / 0.0 ms  (average mu = 0.991, current mu = 0.989) allocation failure; 
[6089:0x73fe720]    24100 ms: Scavenge 197.6 (217.6) -> 182.0 (217.6) MB, 3.1 / 0.0 ms  (average mu = 0.991, current mu = 0.989) allocation failure; 
[6089:0x73fe720]    24109 ms: Scavenge 197.6 (217.6) -> 182.1 (217.6) MB, 0.8 / 0.0 ms  (average mu = 0.991, current mu = 0.989) allocation failure; 
[6089:0x73fe720]    24117 ms: Scavenge 197.7 (217.6) -> 182.1 (217.8) MB, 1.4 / 0.0 ms  (average mu = 0.991, current mu = 0.989) allocation failure; 
[6089:0x73fe720]    24127 ms: Scavenge 197.7 (217.8) -> 182.2 (217.8) MB, 1.1 / 0.0 ms  (average mu = 0.991, current mu = 0.989) allocation failure; 
[6089:0x73fe720]    24135 ms: Scavenge 197.8 (217.8) -> 182.2 (217.8) MB, 0.9 / 0.0 ms  (average mu = 0.991, current mu = 0.989) allocation failure; 
[6089:0x73fe720]    24143 ms: Scavenge 197.8 (217.8) -> 182.3 (217.8) MB, 0.9 / 0.0 ms  (average mu = 0.991, current mu = 0.989) allocation failure; 
[6089:0x73fe720]    24151 ms: Scavenge 197.9 (217.8) -> 182.3 (217.8) MB, 1.1 / 0.0 ms  (average mu = 0.991, current mu = 0.989) allocation failure; 
[6089:0x73fe720]    24161 ms: Scavenge 197.9 (217.8) -> 182.4 (217.8) MB, 1.5 / 0.0 ms  (average mu = 0.991, current mu = 0.989) allocation failure; 
[6089:0x73fe720]    24169 ms: Scavenge 198.0 (217.8) -> 182.4 (217.8) MB, 0.9 / 0.0 ms  (average mu = 0.991, current mu = 0.989) allocation failure; 
[6089:0x73fe720]    24177 ms: Scavenge 198.0 (217.8) -> 182.5 (217.8) MB, 0.9 / 0.0 ms  (average mu = 0.991, current mu = 0.989) allocation failure; 
[6089:0x73fe720]    24185 ms: Scavenge 198.1 (217.8) -> 182.5 (218.1) MB, 0.9 / 0.0 ms  (average mu = 0.991, current mu = 0.989) allocation failure; 
[6089:0x73fe720]    24193 ms: Scavenge 198.1 (218.1) -> 182.6 (218.1) MB, 1.5 / 0.0 ms  (average mu = 0.991, current mu = 0.989) allocation failure; 
[6089:0x73fe720]    24203 ms: Scavenge 198.2 (218.1) -> 182.6 (218.1) MB, 1.5 / 0.0 ms  (average mu = 0.991, current mu = 0.989) allocation failure; 
[6089:0x73fe720]    24211 ms: Scavenge 198.2 (218.1) -> 182.7 (218.1) MB, 0.9 / 0.0 ms  (average mu = 0.991, current mu = 0.989) allocation failure; 
[6089:0x73fe720]    24220 ms: Scavenge 198.3 (218.1) -> 182.7 (218.1) MB, 0.9 / 0.0 ms  (average mu = 0.991, current mu = 0.989) allocation failure; 
[6089:0x73fe720]    24229 ms: Scavenge 198.3 (218.1) -> 182.8 (218.3) MB, 1.2 / 0.0 ms  (average mu = 0.991, current mu = 0.989) allocation failure; 
[6089:0x73fe720]    24238 ms: Scavenge 198.3 (218.3) -> 182.8 (218.3) MB, 1.3 / 0.0 ms  (average mu = 0.991, current mu = 0.989) allocation failure; 
[6089:0x73fe720]    24246 ms: Scavenge 198.4 (218.3) -> 182.9 (218.3) MB, 0.8 / 0.0 ms  (average mu = 0.991, current mu = 0.989) allocation failure; 
[6089:0x73fe720]    24254 ms: Scavenge 198.4 (218.3) -> 182.9 (218.3) MB, 0.9 / 0.0 ms  (average mu = 0.991, current mu = 0.989) allocation failure; 
[6089:0x73fe720]    24263 ms: Scavenge 198.5 (218.3) -> 182.9 (218.3) MB, 1.6 / 0.0 ms  (average mu = 0.991, current mu = 0.989) allocation failure; 
[6089:0x73fe720]    24273 ms: Scavenge 198.5 (218.3) -> 183.0 (218.6) MB, 1.4 / 0.0 ms  (average mu = 0.991, current mu = 0.989) allocation failure; 
[6089:0x73fe720]    24281 ms: Scavenge 198.6 (218.6) -> 183.0 (218.6) MB, 1.0 / 0.0 ms  (average mu = 0.991, current mu = 0.989) allocation failure; 
[6089:0x73fe720]    24290 ms: Scavenge 198.6 (218.6) -> 183.1 (218.6) MB, 1.1 / 0.0 ms  (average mu = 0.991, current mu = 0.989) allocation failure; 
[6089:0x73fe720]    24299 ms: Scavenge 198.7 (218.6) -> 183.2 (218.6) MB, 1.6 / 0.0 ms  (average mu = 0.991, current mu = 0.989) allocation failure; 
[6089:0x73fe720]    24308 ms: Scavenge 198.7 (218.6) -> 183.2 (218.6) MB, 1.0 / 0.0 ms  (average mu = 0.991, current mu = 0.989) allocation failure; 
[6089:0x73fe720]    24316 ms: Scavenge 198.8 (218.6) -> 183.2 (218.8) MB, 1.0 / 0.0 ms  (average mu = 0.991, current mu = 0.989) allocation failure; 
[6089:0x73fe720]    24326 ms: Scavenge 198.8 (218.8) -> 183.3 (219.1) MB, 1.7 / 0.0 ms  (average mu = 0.991, current mu = 0.989) allocation failure; 
[6089:0x73fe720]    24335 ms: Scavenge 198.9 (219.1) -> 183.3 (219.1) MB, 1.5 / 0.0 ms  (average mu = 0.991, current mu = 0.989) allocation failure; 
[6089:0x73fe720]    24343 ms: Scavenge 198.9 (219.1) -> 183.4 (219.1) MB, 1.1 / 0.0 ms  (average mu = 0.991, current mu = 0.989) allocation failure; 
[6089:0x73fe720]    24352 ms: Scavenge 199.0 (219.1) -> 183.4 (219.1) MB, 1.1 / 0.0 ms  (average mu = 0.991, current mu = 0.989) allocation failure; 
[6089:0x73fe720]    24361 ms: Scavenge 199.0 (219.1) -> 183.5 (219.1) MB, 1.6 / 0.0 ms  (average mu = 0.991, current mu = 0.989) allocation failure; 
[6089:0x73fe720]    24371 ms: Scavenge 199.1 (219.1) -> 183.5 (219.1) MB, 1.1 / 0.0 ms  (average mu = 0.991, current mu = 0.989) allocation failure; 
[6089:0x73fe720]    24379 ms: Scavenge 199.1 (219.1) -> 183.6 (219.1) MB, 1.0 / 0.0 ms  (average mu = 0.991, current mu = 0.989) allocation failure; 
[6089:0x73fe720]    24389 ms: Scavenge 199.2 (219.1) -> 183.6 (219.1) MB, 2.7 / 0.0 ms  (average mu = 0.991, current mu = 0.989) allocation failure; 
[6089:0x73fe720]    24399 ms: Scavenge 199.2 (219.1) -> 183.7 (219.1) MB, 1.2 / 0.0 ms  (average mu = 0.991, current mu = 0.989) allocation failure; 
[6089:0x73fe720]    24410 ms: Scavenge 199.3 (219.1) -> 183.7 (219.3) MB, 1.2 / 0.0 ms  (average mu = 0.991, current mu = 0.989) allocation failure; 
[6089:0x73fe720]    24419 ms: Scavenge 199.3 (219.3) -> 183.8 (219.3) MB, 1.2 / 0.0 ms  (average mu = 0.991, current mu = 0.989) allocation failure; 
[6089:0x73fe720]    24427 ms: Scavenge 199.4 (219.3) -> 183.8 (219.3) MB, 0.9 / 0.0 ms  (average mu = 0.991, current mu = 0.989) allocation failure; 
[6089:0x73fe720]    24437 ms: Scavenge 199.4 (219.3) -> 183.9 (219.3) MB, 1.5 / 0.0 ms  (average mu = 0.991, current mu = 0.989) allocation failure; 
[6089:0x73fe720]    24445 ms: Scavenge 199.4 (219.3) -> 183.9 (219.3) MB, 1.4 / 0.0 ms  (average mu = 0.991, current mu = 0.989) allocation failure; 
[6089:0x73fe720]    24454 ms: Scavenge 199.5 (219.3) -> 184.0 (219.3) MB, 1.0 / 0.0 ms  (average mu = 0.991, current mu = 0.989) allocation failure; 
[6089:0x73fe720]    24462 ms: Scavenge 199.5 (219.3) -> 184.0 (219.6) MB, 0.9 / 0.0 ms  (average mu = 0.991, current mu = 0.989) allocation failure; 
[6089:0x73fe720]    24471 ms: Scavenge 199.6 (219.6) -> 184.0 (219.8) MB, 1.8 / 0.0 ms  (average mu = 0.991, current mu = 0.989) allocation failure; 
[6089:0x73fe720]    24481 ms: Scavenge 199.6 (219.8) -> 184.1 (219.8) MB, 1.1 / 0.0 ms  (average mu = 0.991, current mu = 0.989) allocation failure; 
[6089:0x73fe720]    24489 ms: Scavenge 199.7 (219.8) -> 184.1 (219.8) MB, 1.0 / 0.0 ms  (average mu = 0.991, current mu = 0.989) allocation failure; 
[6089:0x73fe720]    24498 ms: Scavenge 199.7 (219.8) -> 184.2 (219.8) MB, 1.0 / 0.0 ms  (average mu = 0.991, current mu = 0.989) allocation failure; 
[6089:0x73fe720]    24508 ms: Scavenge 199.8 (219.8) -> 184.2 (219.8) MB, 1.8 / 0.0 ms  (average mu = 0.991, current mu = 0.989) allocation failure; 
[6089:0x73fe720]    24517 ms: Scavenge 199.8 (219.8) -> 184.3 (219.8) MB, 0.9 / 0.0 ms  (average mu = 0.991, current mu = 0.989) allocation failure; 
[6089:0x73fe720]    24526 ms: Scavenge 199.9 (219.8) -> 184.3 (219.8) MB, 1.2 / 0.0 ms  (average mu = 0.991, current mu = 0.989) allocation failure; 
[6089:0x73fe720]    24536 ms: Scavenge 199.9 (219.8) -> 184.4 (219.8) MB, 1.5 / 0.0 ms  (average mu = 0.991, current mu = 0.989) allocation failure; 
[6089:0x73fe720]    24544 ms: Scavenge 200.0 (219.8) -> 184.4 (219.8) MB, 1.0 / 0.0 ms  (average mu = 0.991, current mu = 0.989) allocation failure; 
[6089:0x73fe720]    24556 ms: Scavenge 200.0 (219.8) -> 184.5 (220.1) MB, 1.6 / 0.0 ms  (average mu = 0.991, current mu = 0.989) allocation failure; 
[6089:0x73fe720]    24565 ms: Scavenge 200.1 (220.1) -> 184.6 (220.1) MB, 1.0 / 0.0 ms  (average mu = 0.991, current mu = 0.989) allocation failure; 
[6089:0x73fe720]    24574 ms: Scavenge 200.1 (220.1) -> 184.6 (220.1) MB, 0.9 / 0.0 ms  (average mu = 0.991, current mu = 0.989) allocation failure; 
[6089:0x73fe720]    24584 ms: Scavenge 200.2 (220.1) -> 184.7 (220.1) MB, 1.5 / 0.0 ms  (average mu = 0.991, current mu = 0.989) allocation failure; 
[6089:0x73fe720]    24593 ms: Scavenge 200.2 (220.1) -> 184.7 (220.1) MB, 1.0 / 0.0 ms  (average mu = 0.991, current mu = 0.989) allocation failure; 
[6089:0x73fe720]    24603 ms: Scavenge 200.3 (220.1) -> 184.7 (220.3) MB, 1.6 / 0.0 ms  (average mu = 0.991, current mu = 0.989) allocation failure; 
[6089:0x73fe720]    24612 ms: Scavenge 200.3 (220.3) -> 184.8 (220.3) MB, 1.3 / 0.0 ms  (average mu = 0.991, current mu = 0.989) allocation failure; 
[6089:0x73fe720]    24621 ms: Scavenge 200.4 (220.3) -> 184.8 (220.3) MB, 1.1 / 0.0 ms  (average mu = 0.991, current mu = 0.989) allocation failure; 
[6089:0x73fe720]    24629 ms: Scavenge 200.4 (220.3) -> 184.9 (220.3) MB, 1.2 / 0.0 ms  (average mu = 0.991, current mu = 0.989) allocation failure; 
[6089:0x73fe720]    24639 ms: Scavenge 200.5 (220.3) -> 184.9 (220.3) MB, 2.0 / 0.0 ms  (average mu = 0.991, current mu = 0.989) allocation failure; 
[6089:0x73fe720]    24648 ms: Scavenge 200.5 (220.3) -> 185.0 (220.6) MB, 1.2 / 0.0 ms  (average mu = 0.991, current mu = 0.989) allocation failure; 
[6089:0x73fe720]    24656 ms: Scavenge 200.5 (220.6) -> 185.0 (220.6) MB, 0.9 / 0.0 ms  (average mu = 0.991, current mu = 0.989) allocation failure; 
[6089:0x73fe720]    24665 ms: Scavenge 200.6 (220.6) -> 185.1 (220.6) MB, 1.1 / 0.0 ms  (average mu = 0.991, current mu = 0.989) allocation failure; 
[6089:0x73fe720]    24674 ms: Scavenge 200.6 (220.6) -> 185.1 (220.6) MB, 1.7 / 0.0 ms  (average mu = 0.991, current mu = 0.989) allocation failure; 
[6089:0x73fe720]    24683 ms: Scavenge 200.7 (220.6) -> 185.1 (220.6) MB, 0.8 / 0.0 ms  (average mu = 0.991, current mu = 0.989) allocation failure; 
[6089:0x73fe720]    24691 ms: Scavenge 200.7 (220.6) -> 185.2 (220.8) MB, 0.9 / 0.0 ms  (average mu = 0.991, current mu = 0.989) allocation failure; 
[6089:0x73fe720]    24699 ms: Scavenge 200.8 (220.8) -> 185.2 (220.8) MB, 0.9 / 0.0 ms  (average mu = 0.991, current mu = 0.989) allocation failure; 
[6089:0x73fe720]    24708 ms: Scavenge 200.8 (220.8) -> 185.3 (220.8) MB, 1.7 / 0.0 ms  (average mu = 0.991, current mu = 0.989) allocation failure; 
[6089:0x73fe720]    24717 ms: Scavenge 200.9 (220.8) -> 185.3 (220.8) MB, 0.9 / 0.0 ms  (average mu = 0.991, current mu = 0.989) allocation failure; 
[6089:0x73fe720]    24725 ms: Scavenge 200.9 (220.8) -> 185.4 (220.8) MB, 0.8 / 0.0 ms  (average mu = 0.991, current mu = 0.989) allocation failure; 
[6089:0x73fe720]    24734 ms: Scavenge 201.0 (220.8) -> 185.4 (221.1) MB, 1.0 / 0.0 ms  (average mu = 0.991, current mu = 0.989) allocation failure; 
[6089:0x73fe720]    24742 ms: Scavenge 201.0 (221.1) -> 185.5 (221.1) MB, 1.5 / 0.0 ms  (average mu = 0.991, current mu = 0.989) allocation failure; 
[6089:0x73fe720]    24751 ms: Scavenge 201.1 (221.1) -> 185.5 (221.1) MB, 1.3 / 0.0 ms  (average mu = 0.991, current mu = 0.989) allocation failure; 
[6089:0x73fe720]    24760 ms: Scavenge 201.1 (221.1) -> 185.6 (221.1) MB, 1.0 / 0.0 ms  (average mu = 0.991, current mu = 0.989) allocation failure; 
[6089:0x73fe720]    24769 ms: Scavenge 201.2 (221.1) -> 185.6 (221.1) MB, 1.2 / 0.0 ms  (average mu = 0.991, current mu = 0.989) allocation failure; 
[6089:0x73fe720]    24779 ms: Scavenge 201.2 (221.1) -> 185.7 (221.1) MB, 1.4 / 0.0 ms  (average mu = 0.991, current mu = 0.989) allocation failure; 
[6089:0x73fe720]    24789 ms: Scavenge 201.3 (221.1) -> 185.7 (221.3) MB, 0.9 / 0.0 ms  (average mu = 0.991, current mu = 0.989) allocation failure; 
[6089:0x73fe720]    24798 ms: Scavenge 201.3 (221.3) -> 185.8 (221.3) MB, 1.5 / 0.0 ms  (average mu = 0.991, current mu = 0.989) allocation failure; 
[6089:0x73fe720]    24808 ms: Scavenge 201.4 (221.3) -> 185.8 (221.3) MB, 1.3 / 0.0 ms  (average mu = 0.991, current mu = 0.989) allocation failure; 
[6089:0x73fe720]    24818 ms: Scavenge 201.4 (221.3) -> 185.9 (221.3) MB, 1.2 / 0.0 ms  (average mu = 0.991, current mu = 0.989) allocation failure; 
[6089:0x73fe720]    24827 ms: Scavenge 201.5 (221.3) -> 185.9 (221.6) MB, 1.5 / 0.0 ms  (average mu = 0.991, current mu = 0.989) allocation failure; 
[6089:0x73fe720]    24836 ms: Scavenge 201.5 (221.6) -> 186.0 (221.6) MB, 1.0 / 0.0 ms  (average mu = 0.991, current mu = 0.989) allocation failure; 
[6089:0x73fe720]    24845 ms: Scavenge 201.6 (221.6) -> 186.0 (221.6) MB, 1.0 / 0.0 ms  (average mu = 0.991, current mu = 0.989) allocation failure; 
[6089:0x73fe720]    24856 ms: Scavenge 201.6 (221.6) -> 186.1 (221.6) MB, 1.0 / 0.0 ms  (average mu = 0.991, current mu = 0.989) allocation failure; 
[6089:0x73fe720]    24865 ms: Scavenge 201.6 (221.6) -> 186.1 (221.6) MB, 1.1 / 0.0 ms  (average mu = 0.991, current mu = 0.989) allocation failure; 
[6089:0x73fe720]    24877 ms: Scavenge 201.7 (221.6) -> 186.2 (221.6) MB, 1.8 / 0.0 ms  (average mu = 0.991, current mu = 0.989) allocation failure; 
[6089:0x73fe720]    24885 ms: Scavenge 201.7 (221.6) -> 186.2 (221.8) MB, 1.0 / 0.0 ms  (average mu = 0.991, current mu = 0.989) allocation failure; 
[6089:0x73fe720]    24894 ms: Scavenge 201.8 (221.8) -> 186.2 (221.8) MB, 1.1 / 0.0 ms  (average mu = 0.991, current mu = 0.989) allocation failure; 
[6089:0x73fe720]    24903 ms: Scavenge 201.8 (221.8) -> 186.3 (221.8) MB, 1.3 / 0.0 ms  (average mu = 0.991, current mu = 0.989) allocation failure; 
[6089:0x73fe720]    24912 ms: Scavenge 201.9 (221.8) -> 186.3 (221.8) MB, 1.1 / 0.0 ms  (average mu = 0.991, current mu = 0.989) allocation failure; 
[6089:0x73fe720]    24919 ms: Scavenge 201.9 (221.8) -> 186.4 (221.8) MB, 1.0 / 0.0 ms  (average mu = 0.991, current mu = 0.989) allocation failure; 
[6089:0x73fe720]    24928 ms: Scavenge 202.0 (221.8) -> 186.5 (222.1) MB, 1.1 / 0.0 ms  (average mu = 0.991, current mu = 0.989) allocation failure; 
[6089:0x73fe720]    24938 ms: Scavenge 202.0 (222.1) -> 186.5 (222.1) MB, 1.7 / 0.0 ms  (average mu = 0.991, current mu = 0.989) allocation failure; 
[6089:0x73fe720]    24947 ms: Scavenge 202.1 (222.1) -> 186.6 (222.1) MB, 1.0 / 0.0 ms  (average mu = 0.991, current mu = 0.989) allocation failure; 
[6089:0x73fe720]    24955 ms: Scavenge 202.1 (222.1) -> 186.6 (222.1) MB, 0.9 / 0.0 ms  (average mu = 0.991, current mu = 0.989) allocation failure; 
[6089:0x73fe720]    24964 ms: Scavenge 202.2 (222.1) -> 186.6 (222.1) MB, 1.3 / 0.0 ms  (average mu = 0.991, current mu = 0.989) allocation failure; 
[6089:0x73fe720]    24974 ms: Scavenge 202.2 (222.1) -> 186.7 (222.3) MB, 1.2 / 0.0 ms  (average mu = 0.991, current mu = 0.989) allocation failure; 
[6089:0x73fe720]    24982 ms: Scavenge 202.3 (222.3) -> 186.8 (222.3) MB, 1.0 / 0.0 ms  (average mu = 0.991, current mu = 0.989) allocation failure; 
[6089:0x73fe720]    24990 ms: Scavenge 202.3 (222.3) -> 186.8 (222.3) MB, 0.9 / 0.0 ms  (average mu = 0.991, current mu = 0.989) allocation failure; 
[6089:0x73fe720]    24999 ms: Scavenge 202.4 (222.3) -> 186.9 (222.3) MB, 1.4 / 0.0 ms  (average mu = 0.991, current mu = 0.989) allocation failure; 
[6089:0x73fe720]    25008 ms: Scavenge 202.4 (222.3) -> 186.9 (222.3) MB, 0.9 / 0.0 ms  (average mu = 0.991, current mu = 0.989) allocation failure; 
[6089:0x73fe720]    25016 ms: Scavenge 202.5 (222.3) -> 186.9 (222.6) MB, 0.9 / 0.0 ms  (average mu = 0.991, current mu = 0.989) allocation failure; 
[6089:0x73fe720]    25024 ms: Scavenge 202.5 (222.6) -> 187.0 (222.6) MB, 0.9 / 0.0 ms  (average mu = 0.991, current mu = 0.989) allocation failure; 
[6089:0x73fe720]    25032 ms: Scavenge 202.6 (222.6) -> 187.0 (222.6) MB, 0.9 / 0.0 ms  (average mu = 0.991, current mu = 0.989) allocation failure; 
[6089:0x73fe720]    25042 ms: Scavenge 202.6 (222.6) -> 187.1 (222.6) MB, 2.1 / 0.0 ms  (average mu = 0.991, current mu = 0.989) allocation failure; 
[6089:0x73fe720]    25052 ms: Scavenge 202.7 (222.6) -> 187.1 (222.6) MB, 1.1 / 0.0 ms  (average mu = 0.991, current mu = 0.989) allocation failure; 
[6089:0x73fe720]    25060 ms: Scavenge 202.7 (222.6) -> 187.2 (222.8) MB, 1.0 / 0.0 ms  (average mu = 0.991, current mu = 0.989) allocation failure; 
[6089:0x73fe720]    25071 ms: Scavenge 202.7 (222.8) -> 187.2 (222.8) MB, 1.7 / 0.0 ms  (average mu = 0.991, current mu = 0.989) allocation failure; 
[6089:0x73fe720]    25079 ms: Scavenge 202.8 (222.8) -> 187.3 (222.8) MB, 1.0 / 0.0 ms  (average mu = 0.991, current mu = 0.989) allocation failure; 
[6089:0x73fe720]    25088 ms: Scavenge 202.8 (222.8) -> 187.3 (223.1) MB, 1.3 / 0.0 ms  (average mu = 0.991, current mu = 0.989) allocation failure; 
[6089:0x73fe720]    25098 ms: Scavenge 202.9 (223.1) -> 187.3 (223.1) MB, 1.1 / 0.0 ms  (average mu = 0.991, current mu = 0.989) allocation failure; 
[6089:0x73fe720]    25107 ms: Scavenge 202.9 (223.1) -> 187.4 (223.1) MB, 1.1 / 0.0 ms  (average mu = 0.991, current mu = 0.989) allocation failure; 
[6089:0x73fe720]    25115 ms: Scavenge 203.0 (223.1) -> 187.4 (223.1) MB, 0.9 / 0.0 ms  (average mu = 0.991, current mu = 0.989) allocation failure; 
[6089:0x73fe720]    25124 ms: Scavenge 203.0 (223.1) -> 187.5 (223.1) MB, 1.6 / 0.0 ms  (average mu = 0.991, current mu = 0.989) allocation failure; 
[6089:0x73fe720]    25135 ms: Scavenge 203.1 (223.1) -> 187.5 (223.1) MB, 1.1 / 0.0 ms  (average mu = 0.991, current mu = 0.989) allocation failure; 
[6089:0x73fe720]    25143 ms: Scavenge 203.1 (223.1) -> 187.6 (223.1) MB, 0.8 / 0.0 ms  (average mu = 0.991, current mu = 0.989) allocation failure; 
[6089:0x73fe720]    25154 ms: Scavenge 203.2 (223.1) -> 187.7 (223.1) MB, 1.2 / 0.0 ms  (average mu = 0.991, current mu = 0.989) allocation failure; 
[6089:0x73fe720]    25163 ms: Scavenge 203.2 (223.1) -> 187.7 (223.3) MB, 0.9 / 0.0 ms  (average mu = 0.991, current mu = 0.989) allocation failure; 
[6089:0x73fe720]    25172 ms: Scavenge 203.3 (223.3) -> 187.7 (223.3) MB, 1.0 / 0.0 ms  (average mu = 0.991, current mu = 0.989) allocation failure; 
[6089:0x73fe720]    25181 ms: Scavenge 203.3 (223.3) -> 187.8 (223.3) MB, 1.9 / 0.0 ms  (average mu = 0.991, current mu = 0.989) allocation failure; 
[6089:0x73fe720]    25190 ms: Scavenge 203.4 (223.3) -> 187.8 (223.3) MB, 1.0 / 0.0 ms  (average mu = 0.991, current mu = 0.989) allocation failure; 
[6089:0x73fe720]    25199 ms: Scavenge 203.4 (223.3) -> 187.9 (223.3) MB, 0.9 / 0.0 ms  (average mu = 0.991, current mu = 0.989) allocation failure; 
[6089:0x73fe720]    25207 ms: Scavenge 203.5 (223.3) -> 187.9 (223.6) MB, 1.4 / 0.0 ms  (average mu = 0.991, current mu = 0.989) allocation failure; 
[6089:0x73fe720]    25217 ms: Scavenge 203.5 (223.6) -> 188.0 (223.6) MB, 1.0 / 0.0 ms  (average mu = 0.991, current mu = 0.989) allocation failure; 
[6089:0x73fe720]    25226 ms: Scavenge 203.6 (223.6) -> 188.0 (223.6) MB, 1.0 / 0.0 ms  (average mu = 0.991, current mu = 0.989) allocation failure; 
[6089:0x73fe720]    25235 ms: Scavenge 203.6 (223.6) -> 188.1 (223.6) MB, 1.6 / 0.0 ms  (average mu = 0.991, current mu = 0.989) allocation failure; 
[6089:0x73fe720]    25246 ms: Scavenge 203.7 (223.6) -> 188.1 (223.6) MB, 1.1 / 0.0 ms  (average mu = 0.991, current mu = 0.989) allocation failure; 
[6089:0x73fe720]    25254 ms: Scavenge 203.7 (223.6) -> 188.2 (223.8) MB, 1.0 / 0.0 ms  (average mu = 0.991, current mu = 0.989) allocation failure; 
[6089:0x73fe720]    25263 ms: Scavenge 203.8 (223.8) -> 188.2 (223.8) MB, 1.6 / 0.0 ms  (average mu = 0.991, current mu = 0.989) allocation failure; 
[6089:0x73fe720]    25272 ms: Scavenge 203.8 (223.8) -> 188.3 (223.8) MB, 1.3 / 0.0 ms  (average mu = 0.991, current mu = 0.989) allocation failure; 
[6089:0x73fe720]    25281 ms: Scavenge 203.8 (223.8) -> 188.3 (223.8) MB, 1.0 / 0.0 ms  (average mu = 0.991, current mu = 0.989) allocation failure; 
[6089:0x73fe720]    25290 ms: Scavenge 203.9 (223.8) -> 188.4 (223.8) MB, 1.1 / 0.0 ms  (average mu = 0.991, current mu = 0.989) allocation failure; 
[6089:0x73fe720]    25299 ms: Scavenge 203.9 (223.8) -> 188.4 (224.1) MB, 1.7 / 0.0 ms  (average mu = 0.991, current mu = 0.989) allocation failure; 
[6089:0x73fe720]    25309 ms: Scavenge 204.0 (224.1) -> 188.4 (224.1) MB, 0.9 / 0.0 ms  (average mu = 0.991, current mu = 0.989) allocation failure; 
[6089:0x73fe720]    25318 ms: Scavenge 204.0 (224.1) -> 188.5 (224.1) MB, 1.4 / 0.0 ms  (average mu = 0.991, current mu = 0.989) allocation failure; 
[6089:0x73fe720]    25329 ms: Scavenge 204.1 (224.1) -> 188.5 (224.1) MB, 0.9 / 0.0 ms  (average mu = 0.991, current mu = 0.989) allocation failure; 
[6089:0x73fe720]    25338 ms: Scavenge 204.1 (224.1) -> 188.6 (224.1) MB, 1.0 / 0.0 ms  (average mu = 0.991, current mu = 0.989) allocation failure; 
[6089:0x73fe720]    25348 ms: Scavenge 204.2 (224.1) -> 188.7 (224.3) MB, 2.1 / 0.0 ms  (average mu = 0.991, current mu = 0.989) allocation failure; 
[6089:0x73fe720]    25357 ms: Scavenge 204.2 (224.3) -> 188.7 (224.3) MB, 1.0 / 0.0 ms  (average mu = 0.991, current mu = 0.989) allocation failure; 
[6089:0x73fe720]    25366 ms: Scavenge 204.3 (224.3) -> 188.7 (224.6) MB, 1.3 / 0.0 ms  (average mu = 0.991, current mu = 0.989) allocation failure; 
[6089:0x73fe720]    25376 ms: Scavenge 204.3 (224.6) -> 188.8 (224.6) MB, 1.4 / 0.0 ms  (average mu = 0.991, current mu = 0.989) allocation failure; 
[6089:0x73fe720]    25385 ms: Scavenge 204.4 (224.6) -> 188.8 (224.6) MB, 1.1 / 0.0 ms  (average mu = 0.991, current mu = 0.989) allocation failure; 
[6089:0x73fe720]    25394 ms: Scavenge 204.4 (224.6) -> 188.9 (224.6) MB, 1.1 / 0.0 ms  (average mu = 0.991, current mu = 0.989) allocation failure; 
[6089:0x73fe720]    25403 ms: Scavenge 204.5 (224.6) -> 188.9 (224.6) MB, 1.6 / 0.0 ms  (average mu = 0.991, current mu = 0.989) allocation failure; 
[6089:0x73fe720]    25413 ms: Scavenge 204.5 (224.6) -> 189.0 (224.6) MB, 0.9 / 0.0 ms  (average mu = 0.991, current mu = 0.989) allocation failure; 
[6089:0x73fe720]    25424 ms: Scavenge 204.6 (224.6) -> 189.0 (224.6) MB, 2.0 / 0.0 ms  (average mu = 0.991, current mu = 0.989) allocation failure; 
[6089:0x73fe720]    25435 ms: Scavenge 204.6 (224.6) -> 189.1 (224.6) MB, 0.8 / 0.0 ms  (average mu = 0.991, current mu = 0.989) allocation failure; 
[6089:0x73fe720]    25444 ms: Scavenge 204.7 (224.6) -> 189.1 (224.8) MB, 1.9 / 0.0 ms  (average mu = 0.991, current mu = 0.989) allocation failure; 
[6089:0x73fe720]    25453 ms: Scavenge 204.7 (224.8) -> 189.2 (224.8) MB, 1.4 / 0.0 ms  (average mu = 0.991, current mu = 0.989) allocation failure; 
[6089:0x73fe720]    25462 ms: Scavenge 204.8 (224.8) -> 189.2 (224.8) MB, 0.9 / 0.0 ms  (average mu = 0.991, current mu = 0.989) allocation failure; 
[6089:0x73fe720]    25471 ms: Scavenge 204.8 (224.8) -> 189.3 (224.8) MB, 1.5 / 0.0 ms  (average mu = 0.991, current mu = 0.989) allocation failure; 
[6089:0x73fe720]    25481 ms: Scavenge 204.9 (224.8) -> 189.3 (224.8) MB, 1.5 / 0.0 ms  (average mu = 0.991, current mu = 0.989) allocation failure; 
[6089:0x73fe720]    25489 ms: Scavenge 204.9 (224.8) -> 189.4 (224.8) MB, 0.9 / 0.0 ms  (average mu = 0.991, current mu = 0.989) allocation failure; 
[6089:0x73fe720]    25498 ms: Scavenge 204.9 (224.8) -> 189.4 (225.1) MB, 1.0 / 0.0 ms  (average mu = 0.991, current mu = 0.989) allocation failure; 
[6089:0x73fe720]    25507 ms: Scavenge 205.0 (225.1) -> 189.5 (225.3) MB, 2.3 / 0.0 ms  (average mu = 0.991, current mu = 0.989) allocation failure; 
[6089:0x73fe720]    25517 ms: Scavenge 205.0 (225.3) -> 189.5 (225.3) MB, 0.9 / 0.0 ms  (average mu = 0.991, current mu = 0.989) allocation failure; 
[6089:0x73fe720]    25526 ms: Scavenge 205.1 (225.3) -> 189.6 (225.3) MB, 1.5 / 0.0 ms  (average mu = 0.991, current mu = 0.989) allocation failure; 
[6089:0x73fe720]    25536 ms: Scavenge 205.1 (225.3) -> 189.6 (225.3) MB, 1.2 / 0.0 ms  (average mu = 0.991, current mu = 0.989) allocation failure; 
[6089:0x73fe720]    25545 ms: Scavenge 205.2 (225.3) -> 189.6 (225.3) MB, 1.1 / 0.0 ms  (average mu = 0.991, current mu = 0.989) allocation failure; 
[6089:0x73fe720]    25556 ms: Scavenge 205.2 (225.3) -> 189.7 (225.3) MB, 1.4 / 0.0 ms  (average mu = 0.991, current mu = 0.989) allocation failure; 
[6089:0x73fe720]    25567 ms: Scavenge 205.3 (225.3) -> 189.7 (225.3) MB, 1.1 / 0.0 ms  (average mu = 0.991, current mu = 0.989) allocation failure; 
[6089:0x73fe720]    25579 ms: Scavenge 205.3 (225.3) -> 189.8 (225.3) MB, 1.1 / 0.0 ms  (average mu = 0.991, current mu = 0.989) allocation failure; 
[6089:0x73fe720]    25588 ms: Scavenge 205.4 (225.3) -> 189.8 (225.3) MB, 1.1 / 0.0 ms  (average mu = 0.991, current mu = 0.989) allocation failure; 
[6089:0x73fe720]    25596 ms: Scavenge 205.4 (225.3) -> 189.9 (225.8) MB, 1.8 / 0.0 ms  (average mu = 0.991, current mu = 0.989) allocation failure; 
[6089:0x73fe720]    25605 ms: Scavenge 205.5 (225.8) -> 189.9 (225.8) MB, 1.0 / 0.0 ms  (average mu = 0.991, current mu = 0.989) allocation failure; 
[6089:0x73fe720]    25615 ms: Scavenge 205.5 (225.8) -> 190.0 (225.8) MB, 1.1 / 0.0 ms  (average mu = 0.991, current mu = 0.989) allocation failure; 
[6089:0x73fe720]    25623 ms: Scavenge 205.6 (225.8) -> 190.0 (225.8) MB, 1.0 / 0.0 ms  (average mu = 0.991, current mu = 0.989) allocation failure; 
[6089:0x73fe720]    25632 ms: Scavenge 205.6 (225.8) -> 190.1 (225.8) MB, 0.9 / 0.0 ms  (average mu = 0.991, current mu = 0.989) allocation failure; 
[6089:0x73fe720]    25641 ms: Scavenge 205.7 (225.8) -> 190.1 (225.8) MB, 1.5 / 0.0 ms  (average mu = 0.991, current mu = 0.989) allocation failure; 
[6089:0x73fe720]    25651 ms: Scavenge 205.7 (225.8) -> 190.2 (225.8) MB, 1.3 / 0.0 ms  (average mu = 0.991, current mu = 0.989) allocation failure; 
[6089:0x73fe720]    25660 ms: Scavenge 205.8 (225.8) -> 190.2 (225.8) MB, 1.2 / 0.0 ms  (average mu = 0.991, current mu = 0.989) allocation failure; 
[6089:0x73fe720]    25669 ms: Scavenge 205.8 (225.8) -> 190.3 (225.8) MB, 1.5 / 0.0 ms  (average mu = 0.991, current mu = 0.989) allocation failure; 
[6089:0x73fe720]    25679 ms: Scavenge 205.9 (225.8) -> 190.3 (225.8) MB, 1.6 / 0.0 ms  (average mu = 0.991, current mu = 0.989) allocation failure; 
[6089:0x73fe720]    25687 ms: Scavenge 205.9 (225.8) -> 190.4 (226.1) MB, 1.2 / 0.0 ms  (average mu = 0.991, current mu = 0.989) allocation failure; 
[6089:0x73fe720]    25697 ms: Scavenge 206.0 (226.1) -> 190.4 (226.1) MB, 0.9 / 0.0 ms  (average mu = 0.991, current mu = 0.989) allocation failure; 
[6089:0x73fe720]    25706 ms: Scavenge 206.0 (226.1) -> 190.5 (226.1) MB, 1.1 / 0.0 ms  (average mu = 0.991, current mu = 0.989) allocation failure; 
[6089:0x73fe720]    25719 ms: Scavenge 206.0 (226.1) -> 190.5 (226.1) MB, 1.3 / 0.0 ms  (average mu = 0.991, current mu = 0.989) allocation failure; 
[6089:0x73fe720]    25731 ms: Scavenge 206.1 (226.1) -> 190.6 (226.1) MB, 1.3 / 0.0 ms  (average mu = 0.991, current mu = 0.989) allocation failure; 
[6089:0x73fe720]    25744 ms: Scavenge 206.1 (226.1) -> 190.6 (226.3) MB, 1.3 / 0.0 ms  (average mu = 0.991, current mu = 0.989) allocation failure; 
[6089:0x73fe720]    25752 ms: Scavenge 206.2 (226.3) -> 190.6 (226.3) MB, 0.9 / 0.0 ms  (average mu = 0.991, current mu = 0.989) allocation failure; 
[6089:0x73fe720]    25763 ms: Scavenge 206.2 (226.3) -> 190.7 (226.3) MB, 1.6 / 0.0 ms  (average mu = 0.991, current mu = 0.989) allocation failure; 
[6089:0x73fe720]    25772 ms: Scavenge 206.3 (226.3) -> 190.7 (226.3) MB, 1.3 / 0.0 ms  (average mu = 0.991, current mu = 0.989) allocation failure; 
[6089:0x73fe720]    25781 ms: Scavenge 206.3 (226.3) -> 190.8 (226.3) MB, 1.4 / 0.0 ms  (average mu = 0.991, current mu = 0.989) allocation failure; 
[6089:0x73fe720]    25792 ms: Scavenge 206.4 (226.3) -> 190.8 (226.6) MB, 1.6 / 0.0 ms  (average mu = 0.991, current mu = 0.989) allocation failure; 
[6089:0x73fe720]    25800 ms: Scavenge 206.4 (226.6) -> 190.9 (226.6) MB, 0.9 / 0.0 ms  (average mu = 0.991, current mu = 0.989) allocation failure; 
[6089:0x73fe720]    25809 ms: Scavenge 206.5 (226.6) -> 190.9 (226.6) MB, 1.1 / 0.0 ms  (average mu = 0.991, current mu = 0.989) allocation failure; 
[6089:0x73fe720]    25818 ms: Scavenge 206.5 (226.6) -> 191.0 (226.6) MB, 1.6 / 0.0 ms  (average mu = 0.991, current mu = 0.989) allocation failure; 
[6089:0x73fe720]    25827 ms: Scavenge 206.6 (226.6) -> 191.0 (226.6) MB, 0.9 / 0.0 ms  (average mu = 0.991, current mu = 0.989) allocation failure; 
[6089:0x73fe720]    25836 ms: Scavenge 206.6 (226.6) -> 191.1 (226.6) MB, 1.4 / 0.0 ms  (average mu = 0.991, current mu = 0.989) allocation failure; 
[6089:0x73fe720]    25848 ms: Scavenge 206.7 (226.6) -> 191.1 (226.8) MB, 1.7 / 0.0 ms  (average mu = 0.991, current mu = 0.989) allocation failure; 
[6089:0x73fe720]    25859 ms: Scavenge 206.7 (226.8) -> 191.2 (226.8) MB, 1.4 / 0.0 ms  (average mu = 0.991, current mu = 0.989) allocation failure; 
[6089:0x73fe720]    25869 ms: Scavenge 206.8 (226.8) -> 191.2 (226.8) MB, 1.3 / 0.0 ms  (average mu = 0.991, current mu = 0.989) allocation failure; 
[6089:0x73fe720]    25878 ms: Scavenge 206.8 (226.8) -> 191.3 (226.8) MB, 1.5 / 0.0 ms  (average mu = 0.991, current mu = 0.989) allocation failure; 
[6089:0x73fe720]    25887 ms: Scavenge 206.9 (226.8) -> 191.3 (226.8) MB, 1.3 / 0.0 ms  (average mu = 0.991, current mu = 0.989) allocation failure; 
[6089:0x73fe720]    25897 ms: Scavenge 206.9 (226.8) -> 191.4 (227.1) MB, 1.2 / 0.0 ms  (average mu = 0.991, current mu = 0.989) allocation failure; 
[6089:0x73fe720]    25906 ms: Scavenge 207.0 (227.1) -> 191.4 (227.1) MB, 1.3 / 0.0 ms  (average mu = 0.991, current mu = 0.989) allocation failure; 
[6089:0x73fe720]    25917 ms: Scavenge 207.0 (227.1) -> 191.5 (227.1) MB, 1.6 / 0.0 ms  (average mu = 0.991, current mu = 0.989) allocation failure; 
[6089:0x73fe720]    25926 ms: Scavenge 207.1 (227.1) -> 191.5 (227.1) MB, 1.1 / 0.0 ms  (average mu = 0.991, current mu = 0.989) allocation failure; 
[6089:0x73fe720]    25935 ms: Scavenge 207.1 (227.1) -> 191.6 (227.1) MB, 1.1 / 0.0 ms  (average mu = 0.991, current mu = 0.989) allocation failure; 
[6089:0x73fe720]    25944 ms: Scavenge 207.1 (227.1) -> 191.6 (227.3) MB, 1.1 / 0.0 ms  (average mu = 0.991, current mu = 0.989) allocation failure; 
[6089:0x73fe720]    25953 ms: Scavenge 207.2 (227.3) -> 191.7 (227.3) MB, 1.0 / 0.0 ms  (average mu = 0.991, current mu = 0.989) allocation failure; 
[6089:0x73fe720]    25962 ms: Scavenge 207.2 (227.3) -> 191.7 (227.3) MB, 1.1 / 0.0 ms  (average mu = 0.991, current mu = 0.989) allocation failure; 
[6089:0x73fe720]    25971 ms: Scavenge 207.3 (227.3) -> 191.7 (227.3) MB, 1.2 / 0.0 ms  (average mu = 0.991, current mu = 0.989) allocation failure; 
[6089:0x73fe720]    25979 ms: Scavenge 207.3 (227.3) -> 191.8 (227.3) MB, 1.0 / 0.0 ms  (average mu = 0.991, current mu = 0.989) allocation failure; 
[6089:0x73fe720]    25988 ms: Scavenge 207.4 (227.3) -> 191.8 (227.6) MB, 1.2 / 0.0 ms  (average mu = 0.991, current mu = 0.989) allocation failure; 
[6089:0x73fe720]    25997 ms: Scavenge 207.4 (227.6) -> 191.9 (227.6) MB, 0.9 / 0.0 ms  (average mu = 0.991, current mu = 0.989) allocation failure; 
[6089:0x73fe720]    26004 ms: Scavenge 207.5 (227.6) -> 191.9 (227.6) MB, 0.9 / 0.0 ms  (average mu = 0.991, current mu = 0.989) allocation failure; 
[6089:0x73fe720]    26013 ms: Scavenge 207.5 (227.6) -> 192.0 (227.6) MB, 1.2 / 0.0 ms  (average mu = 0.991, current mu = 0.989) allocation failure; 
[6089:0x73fe720]    26021 ms: Scavenge 207.6 (227.6) -> 192.0 (227.6) MB, 1.1 / 0.0 ms  (average mu = 0.991, current mu = 0.989) allocation failure; 
[6089:0x73fe720]    26029 ms: Scavenge 207.6 (227.6) -> 192.1 (227.8) MB, 0.9 / 0.0 ms  (average mu = 0.991, current mu = 0.989) allocation failure; 
[6089:0x73fe720]    26037 ms: Scavenge 207.7 (227.8) -> 192.1 (227.8) MB, 1.2 / 0.0 ms  (average mu = 0.991, current mu = 0.989) allocation failure; 
[6089:0x73fe720]    26047 ms: Scavenge 207.7 (227.8) -> 192.2 (227.8) MB, 1.0 / 0.0 ms  (average mu = 0.991, current mu = 0.989) allocation failure; 
[6089:0x73fe720]    26055 ms: Scavenge 207.8 (227.8) -> 192.2 (227.8) MB, 1.4 / 0.0 ms  (average mu = 0.991, current mu = 0.989) allocation failure; 
[6089:0x73fe720]    26064 ms: Scavenge 207.8 (227.8) -> 192.3 (227.8) MB, 1.1 / 0.0 ms  (average mu = 0.991, current mu = 0.989) allocation failure; 
[6089:0x73fe720]    26073 ms: Scavenge 207.9 (227.8) -> 192.3 (228.1) MB, 1.1 / 0.0 ms  (average mu = 0.991, current mu = 0.989) allocation failure; 
[6089:0x73fe720]    26081 ms: Scavenge 207.9 (228.1) -> 192.4 (228.1) MB, 0.9 / 0.0 ms  (average mu = 0.991, current mu = 0.989) allocation failure; 
[6089:0x73fe720]    26090 ms: Scavenge 208.0 (228.1) -> 192.4 (228.1) MB, 1.4 / 0.0 ms  (average mu = 0.991, current mu = 0.989) allocation failure; 
[6089:0x73fe720]    26101 ms: Scavenge 208.0 (228.1) -> 192.5 (228.1) MB, 0.9 / 0.0 ms  (average mu = 0.991, current mu = 0.989) allocation failure; 
[6089:0x73fe720]    26109 ms: Scavenge 208.1 (228.1) -> 192.5 (228.1) MB, 0.9 / 0.0 ms  (average mu = 0.991, current mu = 0.989) allocation failure; 
[6089:0x73fe720]    26118 ms: Scavenge 208.1 (228.1) -> 192.6 (228.3) MB, 1.1 / 0.0 ms  (average mu = 0.991, current mu = 0.989) allocation failure; 
[6089:0x73fe720]    26126 ms: Scavenge 208.2 (228.3) -> 192.6 (228.3) MB, 1.1 / 0.0 ms  (average mu = 0.991, current mu = 0.989) allocation failure; 
[6089:0x73fe720]    26134 ms: Scavenge 208.2 (228.3) -> 192.7 (228.3) MB, 1.1 / 0.0 ms  (average mu = 0.991, current mu = 0.989) allocation failure; 
[6089:0x73fe720]    26142 ms: Scavenge 208.2 (228.3) -> 192.7 (228.3) MB, 1.5 / 0.0 ms  (average mu = 0.991, current mu = 0.989) allocation failure; 
[6089:0x73fe720]    26150 ms: Scavenge 208.3 (228.3) -> 192.8 (228.3) MB, 0.8 / 0.0 ms  (average mu = 0.991, current mu = 0.989) allocation failure; 
[6089:0x73fe720]    26159 ms: Scavenge 208.3 (228.3) -> 192.8 (228.3) MB, 1.1 / 0.0 ms  (average mu = 0.991, current mu = 0.989) allocation failure; 
[6089:0x73fe720]    26167 ms: Scavenge 208.4 (228.3) -> 192.8 (228.6) MB, 1.2 / 0.0 ms  (average mu = 0.991, current mu = 0.989) allocation failure; 
[6089:0x73fe720]    26176 ms: Scavenge 208.4 (228.6) -> 192.9 (228.6) MB, 1.2 / 0.0 ms  (average mu = 0.991, current mu = 0.989) allocation failure; 
[6089:0x73fe720]    26184 ms: Scavenge 208.5 (228.6) -> 192.9 (228.6) MB, 1.3 / 0.0 ms  (average mu = 0.991, current mu = 0.989) allocation failure; 
[6089:0x73fe720]    26191 ms: Scavenge 208.5 (228.6) -> 193.0 (228.6) MB, 0.8 / 0.0 ms  (average mu = 0.991, current mu = 0.989) allocation failure; 
[6089:0x73fe720]    26199 ms: Scavenge 208.6 (228.6) -> 193.0 (228.6) MB, 0.9 / 0.0 ms  (average mu = 0.991, current mu = 0.989) allocation failure; 
[6089:0x73fe720]    26207 ms: Scavenge 208.6 (228.6) -> 193.1 (228.8) MB, 1.2 / 0.0 ms  (average mu = 0.991, current mu = 0.989) allocation failure; 
[6089:0x73fe720]    26215 ms: Scavenge 208.7 (228.8) -> 193.1 (228.8) MB, 1.1 / 0.0 ms  (average mu = 0.991, current mu = 0.989) allocation failure; 
[6089:0x73fe720]    26223 ms: Scavenge 208.7 (228.8) -> 193.2 (228.8) MB, 1.3 / 0.0 ms  (average mu = 0.991, current mu = 0.989) allocation failure; 
[6089:0x73fe720]    26231 ms: Scavenge 208.8 (228.8) -> 193.2 (228.8) MB, 1.2 / 0.0 ms  (average mu = 0.991, current mu = 0.989) allocation failure; 
[6089:0x73fe720]    26241 ms: Scavenge 208.8 (228.8) -> 193.3 (228.8) MB, 1.0 / 0.0 ms  (average mu = 0.991, current mu = 0.989) allocation failure; 
[6089:0x73fe720]    26249 ms: Scavenge 208.9 (228.8) -> 193.3 (229.1) MB, 1.3 / 0.0 ms  (average mu = 0.991, current mu = 0.989) allocation failure; 
[6089:0x73fe720]    26258 ms: Scavenge 208.9 (229.1) -> 193.4 (229.1) MB, 1.4 / 0.0 ms  (average mu = 0.991, current mu = 0.989) allocation failure; 
[6089:0x73fe720]    26265 ms: Scavenge 209.0 (229.1) -> 193.4 (229.1) MB, 1.1 / 0.0 ms  (average mu = 0.991, current mu = 0.989) allocation failure; 
[6089:0x73fe720]    26274 ms: Scavenge 209.0 (229.1) -> 193.5 (229.1) MB, 1.1 / 0.0 ms  (average mu = 0.991, current mu = 0.989) allocation failure; 
[6089:0x73fe720]    26282 ms: Scavenge 209.1 (229.1) -> 193.5 (229.1) MB, 0.8 / 0.0 ms  (average mu = 0.991, current mu = 0.989) allocation failure; 
[6089:0x73fe720]    26290 ms: Scavenge 209.1 (229.1) -> 193.6 (229.3) MB, 1.1 / 0.0 ms  (average mu = 0.991, current mu = 0.989) allocation failure; 
[6089:0x73fe720]    26298 ms: Scavenge 209.2 (229.3) -> 193.6 (229.3) MB, 1.1 / 0.0 ms  (average mu = 0.991, current mu = 0.989) allocation failure; 
[6089:0x73fe720]    26306 ms: Scavenge 209.2 (229.3) -> 193.7 (229.3) MB, 1.2 / 0.0 ms  (average mu = 0.991, current mu = 0.989) allocation failure; 
[6089:0x73fe720]    26315 ms: Scavenge 209.3 (229.3) -> 193.7 (229.3) MB, 1.3 / 0.0 ms  (average mu = 0.991, current mu = 0.989) allocation failure; 
[6089:0x73fe720]    26325 ms: Scavenge 209.3 (229.3) -> 193.8 (229.3) MB, 1.4 / 0.0 ms  (average mu = 0.991, current mu = 0.989) allocation failure; 
[6089:0x73fe720]    26335 ms: Scavenge 209.3 (229.3) -> 193.8 (229.6) MB, 1.2 / 0.0 ms  (average mu = 0.991, current mu = 0.989) allocation failure; 
[6089:0x73fe720]    26343 ms: Scavenge 209.4 (229.6) -> 193.9 (229.6) MB, 1.1 / 0.0 ms  (average mu = 0.991, current mu = 0.989) allocation failure; 
[6089:0x73fe720]    26351 ms: Scavenge 209.4 (229.6) -> 193.9 (229.6) MB, 1.0 / 0.0 ms  (average mu = 0.991, current mu = 0.989) allocation failure; 
[6089:0x73fe720]    26360 ms: Scavenge 209.5 (229.6) -> 194.0 (229.6) MB, 1.3 / 0.0 ms  (average mu = 0.991, current mu = 0.989) allocation failure; 
[6089:0x73fe720]    26368 ms: Scavenge 209.5 (229.6) -> 194.0 (229.8) MB, 1.4 / 0.0 ms  (average mu = 0.991, current mu = 0.989) allocation failure; 
[6089:0x73fe720]    26378 ms: Scavenge 209.6 (229.8) -> 194.0 (229.8) MB, 0.8 / 0.0 ms  (average mu = 0.991, current mu = 0.989) allocation failure; 
[6089:0x73fe720]    26386 ms: Scavenge 209.6 (229.8) -> 194.1 (229.8) MB, 0.9 / 0.0 ms  (average mu = 0.991, current mu = 0.989) allocation failure; 
[6089:0x73fe720]    26394 ms: Scavenge 209.7 (229.8) -> 194.1 (229.8) MB, 0.8 / 0.0 ms  (average mu = 0.991, current mu = 0.989) allocation failure; 
[6089:0x73fe720]    26403 ms: Scavenge 209.7 (229.8) -> 194.2 (229.8) MB, 1.0 / 0.0 ms  (average mu = 0.991, current mu = 0.989) allocation failure; 
[6089:0x73fe720]    26411 ms: Scavenge 209.8 (229.8) -> 194.2 (229.8) MB, 0.9 / 0.0 ms  (average mu = 0.991, current mu = 0.989) allocation failure; 
[6089:0x73fe720]    26420 ms: Scavenge 209.8 (229.8) -> 194.3 (230.1) MB, 1.6 / 0.0 ms  (average mu = 0.991, current mu = 0.989) allocation failure; 
[6089:0x73fe720]    26429 ms: Scavenge 209.9 (230.1) -> 194.4 (230.1) MB, 1.1 / 0.0 ms  (average mu = 0.991, current mu = 0.989) allocation failure; 
[6089:0x73fe720]    26437 ms: Scavenge 209.9 (230.1) -> 194.4 (230.1) MB, 1.3 / 0.0 ms  (average mu = 0.991, current mu = 0.989) allocation failure; 
[6089:0x73fe720]    26445 ms: Scavenge 210.0 (230.1) -> 194.4 (230.1) MB, 1.3 / 0.0 ms  (average mu = 0.991, current mu = 0.989) allocation failure; 
[6089:0x73fe720]    26454 ms: Scavenge 210.0 (230.1) -> 194.5 (230.1) MB, 1.3 / 0.0 ms  (average mu = 0.991, current mu = 0.989) allocation failure; 
[6089:0x73fe720]    26463 ms: Scavenge 210.1 (230.1) -> 194.5 (230.1) MB, 1.0 / 0.0 ms  (average mu = 0.991, current mu = 0.989) allocation failure; 
[6089:0x73fe720]    26471 ms: Scavenge 210.1 (230.1) -> 194.6 (230.3) MB, 1.5 / 0.0 ms  (average mu = 0.991, current mu = 0.989) allocation failure; 
[6089:0x73fe720]    26480 ms: Scavenge 210.2 (230.3) -> 194.7 (230.3) MB, 1.5 / 0.0 ms  (average mu = 0.991, current mu = 0.989) allocation failure; 
[6089:0x73fe720]    26489 ms: Scavenge 210.2 (230.3) -> 194.7 (230.3) MB, 1.3 / 0.0 ms  (average mu = 0.991, current mu = 0.989) allocation failure; 
[6089:0x73fe720]    26497 ms: Scavenge 210.3 (230.3) -> 194.7 (230.3) MB, 1.1 / 0.0 ms  (average mu = 0.991, current mu = 0.989) allocation failure; 
[6089:0x73fe720]    26507 ms: Scavenge 210.3 (230.3) -> 194.8 (230.3) MB, 1.4 / 0.0 ms  (average mu = 0.991, current mu = 0.989) allocation failure; 
[6089:0x73fe720]    26517 ms: Scavenge 210.4 (230.3) -> 194.8 (230.6) MB, 1.1 / 0.0 ms  (average mu = 0.991, current mu = 0.989) allocation failure; 
[6089:0x73fe720]    26525 ms: Scavenge 210.4 (230.6) -> 194.9 (230.6) MB, 1.2 / 0.0 ms  (average mu = 0.991, current mu = 0.989) allocation failure; 
[6089:0x73fe720]    26535 ms: Scavenge 210.4 (230.6) -> 194.9 (230.6) MB, 1.3 / 0.0 ms  (average mu = 0.991, current mu = 0.989) allocation failure; 
[6089:0x73fe720]    26544 ms: Scavenge 210.5 (230.6) -> 195.0 (230.6) MB, 0.9 / 0.0 ms  (average mu = 0.991, current mu = 0.989) allocation failure; 
[6089:0x73fe720]    26554 ms: Scavenge 210.5 (230.6) -> 195.0 (230.6) MB, 1.5 / 0.0 ms  (average mu = 0.991, current mu = 0.989) allocation failure; 
[6089:0x73fe720]    26564 ms: Scavenge 210.6 (230.6) -> 195.0 (230.8) MB, 1.9 / 0.0 ms  (average mu = 0.991, current mu = 0.989) allocation failure; 
[6089:0x73fe720]    26574 ms: Scavenge 210.6 (230.8) -> 195.1 (230.8) MB, 1.3 / 0.0 ms  (average mu = 0.991, current mu = 0.989) allocation failure; 
[6089:0x73fe720]    26585 ms: Scavenge 210.7 (230.8) -> 195.1 (230.8) MB, 1.3 / 0.0 ms  (average mu = 0.991, current mu = 0.989) allocation failure; 
[6089:0x73fe720]    26594 ms: Scavenge 210.7 (230.8) -> 195.2 (230.8) MB, 1.3 / 0.0 ms  (average mu = 0.991, current mu = 0.989) allocation failure; 
[6089:0x73fe720]    26604 ms: Scavenge 210.8 (230.8) -> 195.2 (230.8) MB, 1.4 / 0.0 ms  (average mu = 0.991, current mu = 0.989) allocation failure; 
[6089:0x73fe720]    26614 ms: Scavenge 210.8 (230.8) -> 195.3 (231.1) MB, 1.2 / 0.0 ms  (average mu = 0.991, current mu = 0.989) allocation failure; 
[6089:0x73fe720]    26625 ms: Scavenge 210.9 (231.1) -> 195.3 (231.1) MB, 1.6 / 0.0 ms  (average mu = 0.991, current mu = 0.989) allocation failure; 
[6089:0x73fe720]    26633 ms: Scavenge 210.9 (231.1) -> 195.4 (231.1) MB, 1.4 / 0.0 ms  (average mu = 0.991, current mu = 0.989) allocation failure; 
[6089:0x73fe720]    26643 ms: Scavenge 211.0 (231.1) -> 195.4 (231.1) MB, 1.1 / 0.0 ms  (average mu = 0.991, current mu = 0.989) allocation failure; 
[6089:0x73fe720]    26652 ms: Scavenge 211.0 (231.1) -> 195.5 (231.1) MB, 1.4 / 0.0 ms  (average mu = 0.991, current mu = 0.989) allocation failure; 
[6089:0x73fe720]    26662 ms: Scavenge 211.1 (231.1) -> 195.5 (231.3) MB, 1.2 / 0.0 ms  (average mu = 0.991, current mu = 0.989) allocation failure; 
[6089:0x73fe720]    26671 ms: Scavenge 211.1 (231.3) -> 195.6 (231.3) MB, 1.3 / 0.0 ms  (average mu = 0.991, current mu = 0.989) allocation failure; 
[6089:0x73fe720]    26681 ms: Scavenge 211.2 (231.3) -> 195.6 (231.3) MB, 1.3 / 0.0 ms  (average mu = 0.991, current mu = 0.989) allocation failure; 
[6089:0x73fe720]    26691 ms: Scavenge 211.2 (231.3) -> 195.7 (231.3) MB, 1.5 / 0.0 ms  (average mu = 0.991, current mu = 0.989) allocation failure; 
[6089:0x73fe720]    26699 ms: Scavenge 211.3 (231.3) -> 195.7 (231.3) MB, 1.1 / 0.0 ms  (average mu = 0.991, current mu = 0.989) allocation failure; 
[6089:0x73fe720]    26708 ms: Scavenge 211.3 (231.3) -> 195.8 (231.6) MB, 1.2 / 0.0 ms  (average mu = 0.991, current mu = 0.989) allocation failure; 
[6089:0x73fe720]    26717 ms: Scavenge 211.4 (231.6) -> 195.8 (231.6) MB, 1.1 / 0.0 ms  (average mu = 0.991, current mu = 0.989) allocation failure; 
[6089:0x73fe720]    26726 ms: Scavenge 211.4 (231.6) -> 195.9 (231.6) MB, 1.6 / 0.0 ms  (average mu = 0.991, current mu = 0.989) allocation failure; 
[6089:0x73fe720]    26736 ms: Scavenge 211.5 (231.6) -> 195.9 (231.6) MB, 1.5 / 0.0 ms  (average mu = 0.991, current mu = 0.989) allocation failure; 
[6089:0x73fe720]    26745 ms: Scavenge 211.5 (231.6) -> 196.0 (231.6) MB, 1.5 / 0.0 ms  (average mu = 0.991, current mu = 0.989) allocation failure; 
[6089:0x73fe720]    26754 ms: Scavenge 211.5 (231.6) -> 196.0 (231.8) MB, 1.2 / 0.0 ms  (average mu = 0.991, current mu = 0.989) allocation failure; 
[6089:0x73fe720]    26762 ms: Scavenge 211.6 (231.8) -> 196.1 (231.8) MB, 1.1 / 0.0 ms  (average mu = 0.991, current mu = 0.989) allocation failure; 
[6089:0x73fe720]    26772 ms: Scavenge 211.6 (231.8) -> 196.1 (231.8) MB, 1.4 / 0.0 ms  (average mu = 0.991, current mu = 0.989) allocation failure; 
[6089:0x73fe720]    26780 ms: Scavenge 211.7 (231.8) -> 196.1 (231.8) MB, 1.0 / 0.0 ms  (average mu = 0.991, current mu = 0.989) allocation failure; 
[6089:0x73fe720]    26791 ms: Scavenge 211.7 (231.8) -> 196.2 (231.8) MB, 1.3 / 0.0 ms  (average mu = 0.991, current mu = 0.989) allocation failure; 
[6089:0x73fe720]    26800 ms: Scavenge 211.8 (231.8) -> 196.2 (232.1) MB, 1.3 / 0.0 ms  (average mu = 0.991, current mu = 0.989) allocation failure; 
[6089:0x73fe720]    26811 ms: Scavenge 211.8 (232.1) -> 196.3 (232.1) MB, 1.2 / 0.0 ms  (average mu = 0.991, current mu = 0.989) allocation failure; 
[6089:0x73fe720]    26821 ms: Scavenge 211.9 (232.1) -> 196.4 (232.1) MB, 1.1 / 0.0 ms  (average mu = 0.991, current mu = 0.989) allocation failure; 
[6089:0x73fe720]    26830 ms: Scavenge 211.9 (232.1) -> 196.4 (232.1) MB, 1.3 / 0.0 ms  (average mu = 0.991, current mu = 0.989) allocation failure; 
[6089:0x73fe720]    26839 ms: Scavenge 212.0 (232.1) -> 196.4 (232.3) MB, 1.2 / 0.0 ms  (average mu = 0.991, current mu = 0.989) allocation failure; 
[6089:0x73fe720]    26849 ms: Scavenge 212.0 (232.3) -> 196.5 (232.3) MB, 1.5 / 0.0 ms  (average mu = 0.991, current mu = 0.989) allocation failure; 
[6089:0x73fe720]    26858 ms: Scavenge 212.1 (232.3) -> 196.5 (232.3) MB, 1.3 / 0.0 ms  (average mu = 0.991, current mu = 0.989) allocation failure; 
[6089:0x73fe720]    26868 ms: Scavenge 212.1 (232.3) -> 196.6 (232.3) MB, 1.2 / 0.0 ms  (average mu = 0.991, current mu = 0.989) allocation failure; 
[6089:0x73fe720]    26879 ms: Scavenge 212.2 (232.3) -> 196.6 (232.3) MB, 1.2 / 0.0 ms  (average mu = 0.991, current mu = 0.989) allocation failure; 
[6089:0x73fe720]    26889 ms: Scavenge 212.2 (232.3) -> 196.7 (232.3) MB, 1.0 / 0.0 ms  (average mu = 0.991, current mu = 0.989) allocation failure; 
[6089:0x73fe720]    26899 ms: Scavenge 212.3 (232.3) -> 196.7 (232.3) MB, 1.2 / 0.0 ms  (average mu = 0.991, current mu = 0.989) allocation failure; 
[6089:0x73fe720]    26907 ms: Scavenge 212.3 (232.3) -> 196.8 (232.6) MB, 0.9 / 0.0 ms  (average mu = 0.991, current mu = 0.989) allocation failure; 
[6089:0x73fe720]    26917 ms: Scavenge 212.4 (232.6) -> 196.8 (232.6) MB, 1.4 / 0.0 ms  (average mu = 0.991, current mu = 0.989) allocation failure; 
[6089:0x73fe720]    26926 ms: Scavenge 212.4 (232.6) -> 196.9 (232.6) MB, 1.1 / 0.0 ms  (average mu = 0.991, current mu = 0.989) allocation failure; 
[6089:0x73fe720]    26935 ms: Scavenge 212.5 (232.6) -> 196.9 (232.6) MB, 1.3 / 0.0 ms  (average mu = 0.991, current mu = 0.989) allocation failure; 
[6089:0x73fe720]    26944 ms: Scavenge 212.5 (232.6) -> 197.0 (232.6) MB, 1.3 / 0.0 ms  (average mu = 0.991, current mu = 0.989) allocation failure; 
[6089:0x73fe720]    26955 ms: Scavenge 212.6 (232.6) -> 197.0 (233.1) MB, 1.3 / 0.0 ms  (average mu = 0.991, current mu = 0.989) allocation failure; 
[6089:0x73fe720]    26968 ms: Scavenge 212.6 (233.1) -> 197.1 (233.1) MB, 5.2 / 0.0 ms  (average mu = 0.991, current mu = 0.989) allocation failure; 
[6089:0x73fe720]    26977 ms: Scavenge 212.6 (233.1) -> 197.1 (233.1) MB, 1.5 / 0.0 ms  (average mu = 0.991, current mu = 0.989) allocation failure; 
[6089:0x73fe720]    26986 ms: Scavenge 212.7 (233.1) -> 197.2 (233.1) MB, 1.4 / 0.0 ms  (average mu = 0.991, current mu = 0.989) allocation failure; 
[6089:0x73fe720]    26996 ms: Scavenge 212.7 (233.1) -> 197.2 (233.1) MB, 1.4 / 0.0 ms  (average mu = 0.991, current mu = 0.989) allocation failure; 
[6089:0x73fe720]    27005 ms: Scavenge 212.8 (233.1) -> 197.3 (233.1) MB, 1.4 / 0.0 ms  (average mu = 0.991, current mu = 0.989) allocation failure; 
[6089:0x73fe720]    27016 ms: Scavenge 212.8 (233.1) -> 197.3 (233.1) MB, 1.6 / 0.0 ms  (average mu = 0.991, current mu = 0.989) allocation failure; 
[6089:0x73fe720]    27025 ms: Scavenge 212.9 (233.1) -> 197.3 (233.1) MB, 0.9 / 0.0 ms  (average mu = 0.991, current mu = 0.989) allocation failure; 
[6089:0x73fe720]    27035 ms: Scavenge 212.9 (233.1) -> 197.4 (233.1) MB, 1.6 / 0.0 ms  (average mu = 0.991, current mu = 0.989) allocation failure; 
[6089:0x73fe720]    27044 ms: Scavenge 213.0 (233.1) -> 197.5 (233.1) MB, 1.1 / 0.0 ms  (average mu = 0.991, current mu = 0.989) allocation failure; 
[6089:0x73fe720]    27053 ms: Scavenge 213.0 (233.1) -> 197.5 (233.3) MB, 1.0 / 0.0 ms  (average mu = 0.991, current mu = 0.989) allocation failure; 
[6089:0x73fe720]    27063 ms: Scavenge 213.1 (233.3) -> 197.5 (233.3) MB, 1.4 / 0.0 ms  (average mu = 0.991, current mu = 0.989) allocation failure; 
[6089:0x73fe720]    27073 ms: Scavenge 213.1 (233.3) -> 197.6 (233.3) MB, 1.3 / 0.0 ms  (average mu = 0.991, current mu = 0.989) allocation failure; 
[6089:0x73fe720]    27082 ms: Scavenge 213.2 (233.3) -> 197.6 (233.3) MB, 1.2 / 0.0 ms  (average mu = 0.991, current mu = 0.989) allocation failure; 
[6089:0x73fe720]    27092 ms: Scavenge 213.2 (233.3) -> 197.7 (233.3) MB, 1.5 / 0.0 ms  (average mu = 0.991, current mu = 0.989) allocation failure; 
[6089:0x73fe720]    27102 ms: Scavenge 213.3 (233.3) -> 197.7 (233.6) MB, 0.9 / 0.0 ms  (average mu = 0.991, current mu = 0.989) allocation failure; 
[6089:0x73fe720]    27112 ms: Scavenge 213.3 (233.6) -> 197.8 (233.6) MB, 1.7 / 0.0 ms  (average mu = 0.991, current mu = 0.989) allocation failure; 
[6089:0x73fe720]    27121 ms: Scavenge 213.4 (233.6) -> 197.8 (233.6) MB, 1.4 / 0.0 ms  (average mu = 0.991, current mu = 0.989) allocation failure; 
[6089:0x73fe720]    27129 ms: Scavenge 213.4 (233.6) -> 197.9 (233.6) MB, 1.0 / 0.0 ms  (average mu = 0.991, current mu = 0.989) allocation failure; 
[6089:0x73fe720]    27140 ms: Scavenge 213.5 (233.6) -> 198.0 (233.6) MB, 1.4 / 0.0 ms  (average mu = 0.991, current mu = 0.989) allocation failure; 
[6089:0x73fe720]    27148 ms: Scavenge 213.5 (233.6) -> 198.0 (233.8) MB, 1.1 / 0.0 ms  (average mu = 0.991, current mu = 0.989) allocation failure; 
[6089:0x73fe720]    27157 ms: Scavenge 213.6 (233.8) -> 198.0 (233.8) MB, 1.0 / 0.0 ms  (average mu = 0.991, current mu = 0.989) allocation failure; 
[6089:0x73fe720]    27167 ms: Scavenge 213.6 (233.8) -> 198.1 (233.8) MB, 1.3 / 0.0 ms  (average mu = 0.991, current mu = 0.989) allocation failure; 
[6089:0x73fe720]    27176 ms: Scavenge 213.7 (233.8) -> 198.1 (233.8) MB, 1.1 / 0.0 ms  (average mu = 0.991, current mu = 0.989) allocation failure; 
[6089:0x73fe720]    27185 ms: Scavenge 213.7 (233.8) -> 198.2 (233.8) MB, 1.1 / 0.0 ms  (average mu = 0.991, current mu = 0.989) allocation failure; 
[6089:0x73fe720]    27195 ms: Scavenge 213.7 (233.8) -> 198.2 (233.8) MB, 1.9 / 0.0 ms  (average mu = 0.991, current mu = 0.989) allocation failure; 
[6089:0x73fe720]    27204 ms: Scavenge 213.8 (233.8) -> 198.3 (234.1) MB, 1.1 / 0.0 ms  (average mu = 0.991, current mu = 0.989) allocation failure; 
[6089:0x73fe720]    27213 ms: Scavenge 213.8 (234.1) -> 198.3 (234.1) MB, 1.3 / 0.0 ms  (average mu = 0.991, current mu = 0.989) allocation failure; 
[6089:0x73fe720]    27223 ms: Scavenge 213.9 (234.1) -> 198.4 (234.1) MB, 1.5 / 0.0 ms  (average mu = 0.991, current mu = 0.989) allocation failure; 
[6089:0x73fe720]    27233 ms: Scavenge 213.9 (234.1) -> 198.4 (234.1) MB, 1.4 / 0.0 ms  (average mu = 0.991, current mu = 0.989) allocation failure; 
[6089:0x73fe720]    27243 ms: Scavenge 214.0 (234.1) -> 198.4 (234.1) MB, 1.8 / 0.0 ms  (average mu = 0.991, current mu = 0.989) allocation failure; 
[6089:0x73fe720]    27253 ms: Scavenge 214.0 (234.1) -> 198.5 (234.3) MB, 1.5 / 0.0 ms  (average mu = 0.991, current mu = 0.989) allocation failure; 
[6089:0x73fe720]    27262 ms: Scavenge 214.1 (234.3) -> 198.5 (234.3) MB, 1.2 / 0.0 ms  (average mu = 0.991, current mu = 0.989) allocation failure; 
[6089:0x73fe720]    27274 ms: Scavenge 214.1 (234.3) -> 198.6 (234.3) MB, 0.9 / 0.0 ms  (average mu = 0.991, current mu = 0.989) allocation failure; 
[6089:0x73fe720]    27283 ms: Scavenge 214.2 (234.3) -> 198.6 (234.3) MB, 1.2 / 0.0 ms  (average mu = 0.991, current mu = 0.989) allocation failure; 
[6089:0x73fe720]    27293 ms: Scavenge 214.2 (234.3) -> 198.7 (234.3) MB, 1.7 / 0.0 ms  (average mu = 0.991, current mu = 0.989) allocation failure; 
[6089:0x73fe720]    27303 ms: Scavenge 214.3 (234.3) -> 198.7 (234.6) MB, 0.9 / 0.0 ms  (average mu = 0.991, current mu = 0.989) allocation failure; 
[6089:0x73fe720]    27313 ms: Scavenge 214.3 (234.6) -> 198.8 (234.6) MB, 1.3 / 0.0 ms  (average mu = 0.991, current mu = 0.989) allocation failure; 
[6089:0x73fe720]    27324 ms: Scavenge 214.4 (234.6) -> 198.8 (234.6) MB, 1.1 / 0.0 ms  (average mu = 0.991, current mu = 0.989) allocation failure; 
[6089:0x73fe720]    27334 ms: Scavenge 214.4 (234.6) -> 198.9 (234.6) MB, 1.5 / 0.0 ms  (average mu = 0.991, current mu = 0.989) allocation failure; 
[6089:0x73fe720]    27343 ms: Scavenge 214.5 (234.6) -> 199.0 (234.6) MB, 1.1 / 0.0 ms  (average mu = 0.991, current mu = 0.989) allocation failure; 
[6089:0x73fe720]    27353 ms: Scavenge 214.5 (234.6) -> 199.0 (234.8) MB, 1.7 / 0.0 ms  (average mu = 0.991, current mu = 0.989) allocation failure; 
[6089:0x73fe720]    27363 ms: Scavenge 214.6 (234.8) -> 199.0 (234.8) MB, 0.9 / 0.0 ms  (average mu = 0.991, current mu = 0.989) allocation failure; 
[6089:0x73fe720]    27372 ms: Scavenge 214.6 (234.8) -> 199.1 (234.8) MB, 1.0 / 0.0 ms  (average mu = 0.991, current mu = 0.989) allocation failure; 
[6089:0x73fe720]    27383 ms: Scavenge 214.7 (234.8) -> 199.1 (234.8) MB, 1.4 / 0.0 ms  (average mu = 0.991, current mu = 0.989) allocation failure; 
[6089:0x73fe720]    27393 ms: Scavenge 214.7 (234.8) -> 199.2 (234.8) MB, 1.1 / 0.0 ms  (average mu = 0.991, current mu = 0.989) allocation failure; 
[6089:0x73fe720]    27402 ms: Scavenge 214.8 (234.8) -> 199.2 (235.1) MB, 1.7 / 0.0 ms  (average mu = 0.991, current mu = 0.989) allocation failure; 
[6089:0x73fe720]    27411 ms: Scavenge 214.8 (235.1) -> 199.3 (235.1) MB, 1.4 / 0.0 ms  (average mu = 0.991, current mu = 0.989) allocation failure; 
[6089:0x73fe720]    27420 ms: Scavenge 214.9 (235.1) -> 199.3 (235.1) MB, 0.9 / 0.0 ms  (average mu = 0.991, current mu = 0.989) allocation failure; 
[6089:0x73fe720]    27430 ms: Scavenge 214.9 (235.1) -> 199.4 (235.1) MB, 1.4 / 0.0 ms  (average mu = 0.991, current mu = 0.989) allocation failure; 
[6089:0x73fe720]    27439 ms: Scavenge 214.9 (235.1) -> 199.4 (235.1) MB, 1.3 / 0.0 ms  (average mu = 0.991, current mu = 0.989) allocation failure; 
[6089:0x73fe720]    27449 ms: Scavenge 215.0 (235.1) -> 199.5 (235.3) MB, 0.9 / 0.0 ms  (average mu = 0.991, current mu = 0.989) allocation failure; 
[6089:0x73fe720]    27458 ms: Scavenge 215.0 (235.3) -> 199.5 (235.3) MB, 1.6 / 0.0 ms  (average mu = 0.991, current mu = 0.989) allocation failure; 
[6089:0x73fe720]    27468 ms: Scavenge 215.1 (235.3) -> 199.5 (235.3) MB, 1.3 / 0.0 ms  (average mu = 0.991, current mu = 0.989) allocation failure; 
[6089:0x73fe720]    27478 ms: Scavenge 215.1 (235.3) -> 199.6 (235.3) MB, 1.4 / 0.0 ms  (average mu = 0.991, current mu = 0.989) allocation failure; 
[6089:0x73fe720]    27487 ms: Scavenge 215.2 (235.3) -> 199.6 (235.3) MB, 1.4 / 0.0 ms  (average mu = 0.991, current mu = 0.989) allocation failure; 
[6089:0x73fe720]    27496 ms: Scavenge 215.2 (235.3) -> 199.7 (235.6) MB, 1.2 / 0.0 ms  (average mu = 0.991, current mu = 0.989) allocation failure; 
[6089:0x73fe720]    27506 ms: Scavenge 215.3 (235.6) -> 199.7 (235.6) MB, 1.4 / 0.0 ms  (average mu = 0.991, current mu = 0.989) allocation failure; 
[6089:0x73fe720]    27515 ms: Scavenge 215.3 (235.6) -> 199.8 (235.6) MB, 1.3 / 0.0 ms  (average mu = 0.991, current mu = 0.989) allocation failure; 
[6089:0x73fe720]    27525 ms: Scavenge 215.4 (235.6) -> 199.8 (235.6) MB, 1.0 / 0.0 ms  (average mu = 0.991, current mu = 0.989) allocation failure; 
[6089:0x73fe720]    27535 ms: Scavenge 215.4 (235.6) -> 199.9 (235.6) MB, 1.2 / 0.0 ms  (average mu = 0.991, current mu = 0.989) allocation failure; 
[6089:0x73fe720]    27544 ms: Scavenge 215.5 (235.6) -> 199.9 (235.6) MB, 0.9 / 0.0 ms  (average mu = 0.991, current mu = 0.989) allocation failure; 
[6089:0x73fe720]    27554 ms: Scavenge 215.5 (235.6) -> 200.0 (235.8) MB, 1.3 / 0.0 ms  (average mu = 0.991, current mu = 0.989) allocation failure; 
[6089:0x73fe720]    27564 ms: Scavenge 215.6 (235.8) -> 200.0 (235.8) MB, 1.6 / 0.0 ms  (average mu = 0.991, current mu = 0.989) allocation failure; 
[6089:0x73fe720]    27573 ms: Scavenge 215.6 (235.8) -> 200.1 (235.8) MB, 1.0 / 0.0 ms  (average mu = 0.991, current mu = 0.989) allocation failure; 
[6089:0x73fe720]    27582 ms: Scavenge 215.7 (235.8) -> 200.1 (235.8) MB, 1.7 / 0.0 ms  (average mu = 0.991, current mu = 0.989) allocation failure; 
[6089:0x73fe720]    27591 ms: Scavenge 215.7 (235.8) -> 200.2 (235.8) MB, 1.1 / 0.0 ms  (average mu = 0.991, current mu = 0.989) allocation failure; 
[6089:0x73fe720]    27600 ms: Scavenge 215.8 (235.8) -> 200.2 (236.1) MB, 1.1 / 0.0 ms  (average mu = 0.991, current mu = 0.989) allocation failure; 
[6089:0x73fe720]    27612 ms: Scavenge 215.8 (236.1) -> 200.3 (236.1) MB, 1.4 / 0.0 ms  (average mu = 0.991, current mu = 0.989) allocation failure; 
[6089:0x73fe720]    27621 ms: Scavenge 215.9 (236.1) -> 200.3 (236.1) MB, 1.6 / 0.0 ms  (average mu = 0.991, current mu = 0.989) allocation failure; 
[6089:0x73fe720]    27631 ms: Scavenge 215.9 (236.1) -> 200.4 (236.1) MB, 1.1 / 0.0 ms  (average mu = 0.991, current mu = 0.989) allocation failure; 
[6089:0x73fe720]    27640 ms: Scavenge 216.0 (236.1) -> 200.4 (236.1) MB, 1.2 / 0.0 ms  (average mu = 0.991, current mu = 0.989) allocation failure; 
[6089:0x73fe720]    27650 ms: Scavenge 216.0 (236.1) -> 200.5 (236.3) MB, 1.0 / 0.0 ms  (average mu = 0.991, current mu = 0.989) allocation failure; 
[6089:0x73fe720]    27659 ms: Scavenge 216.0 (236.3) -> 200.5 (236.3) MB, 1.5 / 0.0 ms  (average mu = 0.991, current mu = 0.989) allocation failure; 
[6089:0x73fe720]    27668 ms: Scavenge 216.1 (236.3) -> 200.6 (236.3) MB, 1.3 / 0.0 ms  (average mu = 0.991, current mu = 0.989) allocation failure; 
[6089:0x73fe720]    27677 ms: Scavenge 216.1 (236.3) -> 200.6 (236.3) MB, 1.3 / 0.0 ms  (average mu = 0.991, current mu = 0.989) allocation failure; 
[6089:0x73fe720]    27687 ms: Scavenge 216.2 (236.3) -> 200.6 (236.3) MB, 1.5 / 0.0 ms  (average mu = 0.991, current mu = 0.989) allocation failure; 
[6089:0x73fe720]    27696 ms: Scavenge 216.2 (236.3) -> 200.7 (236.6) MB, 1.1 / 0.0 ms  (average mu = 0.991, current mu = 0.989) allocation failure; 
[6089:0x73fe720]    27705 ms: Scavenge 216.3 (236.6) -> 200.7 (236.6) MB, 1.1 / 0.0 ms  (average mu = 0.991, current mu = 0.989) allocation failure; 
[6089:0x73fe720]    27714 ms: Scavenge 216.3 (236.6) -> 200.8 (236.6) MB, 1.5 / 0.0 ms  (average mu = 0.991, current mu = 0.989) allocation failure; 
[6089:0x73fe720]    27724 ms: Scavenge 216.4 (236.6) -> 200.8 (236.6) MB, 1.0 / 0.0 ms  (average mu = 0.991, current mu = 0.989) allocation failure; 
[6089:0x73fe720]    27732 ms: Scavenge 216.4 (236.6) -> 200.9 (236.6) MB, 1.2 / 0.0 ms  (average mu = 0.991, current mu = 0.989) allocation failure; 
[6089:0x73fe720]    27743 ms: Scavenge 216.5 (236.6) -> 200.9 (236.8) MB, 1.2 / 0.0 ms  (average mu = 0.991, current mu = 0.989) allocation failure; 
[6089:0x73fe720]    27752 ms: Scavenge 216.5 (236.8) -> 201.0 (237.1) MB, 1.2 / 0.0 ms  (average mu = 0.991, current mu = 0.989) allocation failure; 
[6089:0x73fe720]    27761 ms: Scavenge 216.6 (237.1) -> 201.0 (237.1) MB, 1.2 / 0.0 ms  (average mu = 0.991, current mu = 0.989) allocation failure; 
[6089:0x73fe720]    27770 ms: Scavenge 216.6 (237.1) -> 201.1 (237.1) MB, 1.5 / 0.0 ms  (average mu = 0.991, current mu = 0.989) allocation failure; 
[6089:0x73fe720]    27779 ms: Scavenge 216.7 (237.1) -> 201.1 (237.1) MB, 1.2 / 0.0 ms  (average mu = 0.991, current mu = 0.989) allocation failure; 
[6089:0x73fe720]    27788 ms: Scavenge 216.7 (237.1) -> 201.2 (237.1) MB, 1.3 / 0.0 ms  (average mu = 0.991, current mu = 0.989) allocation failure; 
[6089:0x73fe720]    27797 ms: Scavenge 216.8 (237.1) -> 201.3 (237.1) MB, 1.2 / 0.0 ms  (average mu = 0.991, current mu = 0.989) allocation failure; 
[6089:0x73fe720]    27806 ms: Scavenge 216.8 (237.1) -> 201.3 (237.1) MB, 1.2 / 0.0 ms  (average mu = 0.991, current mu = 0.989) allocation failure; 
[6089:0x73fe720]    27815 ms: Scavenge 216.9 (237.1) -> 201.3 (237.1) MB, 1.1 / 0.0 ms  (average mu = 0.991, current mu = 0.989) allocation failure; 
[6089:0x73fe720]    27825 ms: Scavenge 216.9 (237.1) -> 201.4 (237.1) MB, 1.4 / 0.0 ms  (average mu = 0.991, current mu = 0.989) allocation failure; 
[6089:0x73fe720]    27835 ms: Scavenge 217.0 (237.1) -> 201.4 (237.3) MB, 1.0 / 0.0 ms  (average mu = 0.991, current mu = 0.989) allocation failure; 
[6089:0x73fe720]    27844 ms: Scavenge 217.0 (237.3) -> 201.5 (237.3) MB, 1.3 / 0.0 ms  (average mu = 0.991, current mu = 0.989) allocation failure; 
[6089:0x73fe720]    27853 ms: Scavenge 217.1 (237.3) -> 201.5 (237.3) MB, 1.4 / 0.0 ms  (average mu = 0.991, current mu = 0.989) allocation failure; 
[6089:0x73fe720]    27863 ms: Scavenge 217.1 (237.3) -> 201.6 (237.3) MB, 0.9 / 0.0 ms  (average mu = 0.991, current mu = 0.989) allocation failure; 
[6089:0x73fe720]    27872 ms: Scavenge 217.1 (237.3) -> 201.6 (237.3) MB, 1.2 / 0.0 ms  (average mu = 0.991, current mu = 0.989) allocation failure; 
[6089:0x73fe720]    27881 ms: Scavenge 217.2 (237.3) -> 201.7 (237.3) MB, 1.8 / 0.0 ms  (average mu = 0.991, current mu = 0.989) allocation failure; 
[6089:0x73fe720]    27890 ms: Scavenge 217.2 (237.3) -> 201.7 (237.6) MB, 1.1 / 0.0 ms  (average mu = 0.991, current mu = 0.989) allocation failure; 
[6089:0x73fe720]    27900 ms: Scavenge 217.3 (237.6) -> 201.7 (237.6) MB, 1.2 / 0.0 ms  (average mu = 0.991, current mu = 0.989) allocation failure; 
[6089:0x73fe720]    27912 ms: Scavenge 217.3 (237.6) -> 201.8 (237.6) MB, 1.1 / 0.0 ms  (average mu = 0.991, current mu = 0.989) allocation failure; 
[6089:0x73fe720]    27922 ms: Scavenge 217.4 (237.6) -> 201.8 (237.6) MB, 1.4 / 0.0 ms  (average mu = 0.991, current mu = 0.989) allocation failure; 
[6089:0x73fe720]    27937 ms: Scavenge 217.4 (237.6) -> 201.9 (237.6) MB, 1.9 / 0.0 ms  (average mu = 0.991, current mu = 0.989) allocation failure; 
[6089:0x73fe720]    27946 ms: Scavenge 217.5 (237.6) -> 201.9 (237.8) MB, 1.1 / 0.0 ms  (average mu = 0.991, current mu = 0.989) allocation failure; 
[6089:0x73fe720]    27956 ms: Scavenge 217.5 (237.8) -> 202.0 (237.8) MB, 1.2 / 0.0 ms  (average mu = 0.991, current mu = 0.989) allocation failure; 
[6089:0x73fe720]    27967 ms: Scavenge 217.6 (237.8) -> 202.0 (237.8) MB, 1.4 / 0.0 ms  (average mu = 0.991, current mu = 0.989) allocation failure; 
[6089:0x73fe720]    27976 ms: Scavenge 217.6 (237.8) -> 202.1 (237.8) MB, 1.2 / 0.0 ms  (average mu = 0.991, current mu = 0.989) allocation failure; 
[6089:0x73fe720]    27986 ms: Scavenge 217.7 (237.8) -> 202.1 (237.8) MB, 1.9 / 0.0 ms  (average mu = 0.991, current mu = 0.989) allocation failure; 
[6089:0x73fe720]    27996 ms: Scavenge 217.7 (237.8) -> 202.2 (238.1) MB, 1.2 / 0.0 ms  (average mu = 0.991, current mu = 0.989) allocation failure; 
[6089:0x73fe720]    28007 ms: Scavenge 217.8 (238.1) -> 202.2 (238.1) MB, 1.1 / 0.0 ms  (average mu = 0.991, current mu = 0.989) allocation failure; 
[6089:0x73fe720]    28017 ms: Scavenge 217.8 (238.1) -> 202.3 (238.1) MB, 1.1 / 0.0 ms  (average mu = 0.991, current mu = 0.989) allocation failure; 
[6089:0x73fe720]    28026 ms: Scavenge 217.9 (238.1) -> 202.3 (238.1) MB, 1.3 / 0.0 ms  (average mu = 0.991, current mu = 0.989) allocation failure; 
[6089:0x73fe720]    28036 ms: Scavenge 217.9 (238.1) -> 202.4 (238.1) MB, 1.0 / 0.0 ms  (average mu = 0.991, current mu = 0.989) allocation failure; 
[6089:0x73fe720]    28045 ms: Scavenge 218.0 (238.1) -> 202.4 (238.3) MB, 1.3 / 0.0 ms  (average mu = 0.991, current mu = 0.989) allocation failure; 
[6089:0x73fe720]    28056 ms: Scavenge 218.0 (238.3) -> 202.5 (238.3) MB, 1.6 / 0.0 ms  (average mu = 0.991, current mu = 0.989) allocation failure; 
[6089:0x73fe720]    28065 ms: Scavenge 218.1 (238.3) -> 202.5 (238.3) MB, 1.3 / 0.0 ms  (average mu = 0.991, current mu = 0.989) allocation failure; 
[6089:0x73fe720]    28074 ms: Scavenge 218.1 (238.3) -> 202.6 (238.3) MB, 0.9 / 0.0 ms  (average mu = 0.991, current mu = 0.989) allocation failure; 
[6089:0x73fe720]    28084 ms: Scavenge 218.2 (238.3) -> 202.6 (238.3) MB, 1.2 / 0.0 ms  (average mu = 0.991, current mu = 0.989) allocation failure; 
[6089:0x73fe720]    28092 ms: Scavenge 218.2 (238.3) -> 202.7 (238.6) MB, 1.1 / 0.0 ms  (average mu = 0.991, current mu = 0.989) allocation failure; 
[6089:0x73fe720]    28101 ms: Scavenge 218.2 (238.6) -> 202.7 (238.6) MB, 0.9 / 0.0 ms  (average mu = 0.991, current mu = 0.989) allocation failure; 
[6089:0x73fe720]    28111 ms: Scavenge 218.3 (238.6) -> 202.8 (238.6) MB, 1.5 / 0.0 ms  (average mu = 0.991, current mu = 0.989) allocation failure; 
[6089:0x73fe720]    28121 ms: Scavenge 218.3 (238.6) -> 202.8 (238.6) MB, 1.1 / 0.0 ms  (average mu = 0.991, current mu = 0.989) allocation failure; 
[6089:0x73fe720]    28129 ms: Scavenge 218.4 (238.6) -> 202.8 (238.6) MB, 1.0 / 0.0 ms  (average mu = 0.991, current mu = 0.989) allocation failure; 
[6089:0x73fe720]    28138 ms: Scavenge 218.4 (238.6) -> 202.9 (238.8) MB, 1.8 / 0.0 ms  (average mu = 0.991, current mu = 0.989) allocation failure; 
[6089:0x73fe720]    28147 ms: Scavenge 218.5 (238.8) -> 202.9 (238.8) MB, 1.1 / 0.0 ms  (average mu = 0.991, current mu = 0.989) allocation failure; 
[6089:0x73fe720]    28156 ms: Scavenge 218.5 (238.8) -> 203.0 (238.8) MB, 1.3 / 0.0 ms  (average mu = 0.991, current mu = 0.989) allocation failure; 
[6089:0x73fe720]    28164 ms: Scavenge 218.6 (238.8) -> 203.0 (238.8) MB, 1.0 / 0.0 ms  (average mu = 0.991, current mu = 0.989) allocation failure; 
[6089:0x73fe720]    28174 ms: Scavenge 218.6 (238.8) -> 203.1 (238.8) MB, 1.5 / 0.0 ms  (average mu = 0.991, current mu = 0.989) allocation failure; 
[6089:0x73fe720]    28183 ms: Scavenge 218.7 (238.8) -> 203.2 (239.1) MB, 1.1 / 0.0 ms  (average mu = 0.991, current mu = 0.989) allocation failure; 
[6089:0x73fe720]    28191 ms: Scavenge 218.7 (239.1) -> 203.2 (239.1) MB, 0.9 / 0.0 ms  (average mu = 0.991, current mu = 0.989) allocation failure; 
[6089:0x73fe720]    28200 ms: Scavenge 218.8 (239.1) -> 203.2 (239.1) MB, 1.2 / 0.0 ms  (average mu = 0.991, current mu = 0.989) allocation failure; 
[6089:0x73fe720]    28209 ms: Scavenge 218.8 (239.1) -> 203.3 (239.1) MB, 1.2 / 0.0 ms  (average mu = 0.991, current mu = 0.989) allocation failure; 
[6089:0x73fe720]    28218 ms: Scavenge 218.9 (239.1) -> 203.3 (239.1) MB, 1.2 / 0.0 ms  (average mu = 0.991, current mu = 0.989) allocation failure; 
[6089:0x73fe720]    28227 ms: Scavenge 218.9 (239.1) -> 203.4 (239.1) MB, 1.1 / 0.0 ms  (average mu = 0.991, current mu = 0.989) allocation failure; 
[6089:0x73fe720]    28236 ms: Scavenge 219.0 (239.1) -> 203.4 (239.3) MB, 1.8 / 0.0 ms  (average mu = 0.991, current mu = 0.989) allocation failure; 
[6089:0x73fe720]    28245 ms: Scavenge 219.0 (239.3) -> 203.5 (239.3) MB, 1.0 / 0.0 ms  (average mu = 0.991, current mu = 0.989) allocation failure; 
[6089:0x73fe720]    28253 ms: Scavenge 219.1 (239.3) -> 203.5 (239.3) MB, 1.1 / 0.0 ms  (average mu = 0.991, current mu = 0.989) allocation failure; 
[6089:0x73fe720]    28262 ms: Scavenge 219.1 (239.3) -> 203.6 (239.3) MB, 1.1 / 0.0 ms  (average mu = 0.991, current mu = 0.989) allocation failure; 
[6089:0x73fe720]    28272 ms: Scavenge 219.2 (239.3) -> 203.6 (239.3) MB, 1.4 / 0.0 ms  (average mu = 0.991, current mu = 0.989) allocation failure; 
[6089:0x73fe720]    28282 ms: Scavenge 219.2 (239.3) -> 203.7 (239.6) MB, 1.3 / 0.0 ms  (average mu = 0.991, current mu = 0.989) allocation failure; 
[6089:0x73fe720]    28293 ms: Scavenge 219.3 (239.6) -> 203.7 (239.6) MB, 1.2 / 0.0 ms  (average mu = 0.991, current mu = 0.989) allocation failure; 
[6089:0x73fe720]    28302 ms: Scavenge 219.3 (239.6) -> 203.8 (239.6) MB, 1.4 / 0.0 ms  (average mu = 0.991, current mu = 0.989) allocation failure; 
[6089:0x73fe720]    28310 ms: Scavenge 219.3 (239.6) -> 203.8 (239.6) MB, 1.0 / 0.0 ms  (average mu = 0.991, current mu = 0.989) allocation failure; 
[6089:0x73fe720]    28319 ms: Scavenge 219.4 (239.6) -> 203.9 (239.6) MB, 1.3 / 0.0 ms  (average mu = 0.991, current mu = 0.989) allocation failure; 
[6089:0x73fe720]    28328 ms: Scavenge 219.4 (239.6) -> 203.9 (239.8) MB, 1.0 / 0.0 ms  (average mu = 0.991, current mu = 0.989) allocation failure; 
[6089:0x73fe720]    28338 ms: Scavenge 219.5 (239.8) -> 204.0 (239.8) MB, 1.6 / 0.0 ms  (average mu = 0.991, current mu = 0.989) allocation failure; 
[6089:0x73fe720]    28346 ms: Scavenge 219.5 (239.8) -> 204.0 (239.8) MB, 1.1 / 0.0 ms  (average mu = 0.991, current mu = 0.989) allocation failure; 
[6089:0x73fe720]    28355 ms: Scavenge 219.6 (239.8) -> 204.0 (239.8) MB, 1.3 / 0.0 ms  (average mu = 0.991, current mu = 0.989) allocation failure; 
[6089:0x73fe720]    28364 ms: Scavenge 219.6 (239.8) -> 204.1 (239.8) MB, 1.2 / 0.0 ms  (average mu = 0.991, current mu = 0.989) allocation failure; 
[6089:0x73fe720]    28373 ms: Scavenge 219.7 (239.8) -> 204.1 (240.3) MB, 1.1 / 0.0 ms  (average mu = 0.991, current mu = 0.989) allocation failure; 
[6089:0x73fe720]    28383 ms: Scavenge 219.7 (240.3) -> 204.2 (240.3) MB, 1.1 / 0.0 ms  (average mu = 0.991, current mu = 0.989) allocation failure; 
[6089:0x73fe720]    28391 ms: Scavenge 219.8 (240.3) -> 204.2 (240.3) MB, 1.1 / 0.0 ms  (average mu = 0.991, current mu = 0.989) allocation failure; 
[6089:0x73fe720]    28400 ms: Scavenge 219.8 (240.3) -> 204.3 (240.3) MB, 0.9 / 0.0 ms  (average mu = 0.991, current mu = 0.989) allocation failure; 
[6089:0x73fe720]    28411 ms: Scavenge 219.9 (240.3) -> 204.3 (240.3) MB, 1.2 / 0.0 ms  (average mu = 0.991, current mu = 0.989) allocation failure; 
[6089:0x73fe720]    28420 ms: Scavenge 219.9 (240.3) -> 204.4 (240.3) MB, 1.0 / 0.0 ms  (average mu = 0.991, current mu = 0.989) allocation failure; 
[6089:0x73fe720]    28431 ms: Scavenge 220.0 (240.3) -> 204.4 (240.3) MB, 1.1 / 0.0 ms  (average mu = 0.991, current mu = 0.989) allocation failure; 
[6089:0x73fe720]    28440 ms: Scavenge 220.0 (240.3) -> 204.5 (240.3) MB, 1.0 / 0.0 ms  (average mu = 0.991, current mu = 0.989) allocation failure; 
[6089:0x73fe720]    28448 ms: Scavenge 220.1 (240.3) -> 204.5 (240.3) MB, 0.9 / 0.0 ms  (average mu = 0.991, current mu = 0.989) allocation failure; 
[6089:0x73fe720]    28458 ms: Scavenge 220.1 (240.3) -> 204.6 (240.3) MB, 1.8 / 0.0 ms  (average mu = 0.991, current mu = 0.989) allocation failure; 
[6089:0x73fe720]    28467 ms: Scavenge 220.2 (240.3) -> 204.6 (240.6) MB, 1.0 / 0.0 ms  (average mu = 0.991, current mu = 0.989) allocation failure; 
[6089:0x73fe720]    28477 ms: Scavenge 220.2 (240.6) -> 204.7 (240.6) MB, 1.2 / 0.0 ms  (average mu = 0.991, current mu = 0.989) allocation failure; 
[6089:0x73fe720]    28488 ms: Scavenge 220.3 (240.6) -> 204.7 (240.6) MB, 1.1 / 0.0 ms  (average mu = 0.991, current mu = 0.989) allocation failure; 
[6089:0x73fe720]    28497 ms: Scavenge 220.3 (240.6) -> 204.8 (240.6) MB, 1.2 / 0.0 ms  (average mu = 0.991, current mu = 0.989) allocation failure; 
[6089:0x73fe720]    28508 ms: Scavenge 217.8 (240.6) -> 204.7 (240.6) MB, 2.7 / 0.0 ms  (average mu = 0.991, current mu = 0.989) task; 
[6089:0x73fe720]    28518 ms: Scavenge 220.4 (240.6) -> 204.9 (240.8) MB, 1.1 / 0.0 ms  (average mu = 0.991, current mu = 0.989) allocation failure; 
[6089:0x73fe720]    28529 ms: Scavenge 220.4 (240.8) -> 204.9 (240.8) MB, 1.4 / 0.0 ms  (average mu = 0.991, current mu = 0.989) allocation failure; 
[6089:0x73fe720]    28538 ms: Scavenge 220.5 (240.8) -> 204.9 (240.8) MB, 1.2 / 0.0 ms  (average mu = 0.991, current mu = 0.989) allocation failure; 
[6089:0x73fe720]    28550 ms: Scavenge 220.5 (240.8) -> 205.0 (240.8) MB, 1.9 / 0.0 ms  (average mu = 0.991, current mu = 0.989) allocation failure; 
[6089:0x73fe720]    28560 ms: Scavenge 220.6 (240.8) -> 205.0 (240.8) MB, 1.2 / 0.0 ms  (average mu = 0.991, current mu = 0.989) allocation failure; 
[6089:0x73fe720]    28571 ms: Scavenge 220.6 (240.8) -> 205.1 (240.8) MB, 1.4 / 0.0 ms  (average mu = 0.991, current mu = 0.989) allocation failure; 
[6089:0x73fe720]    28581 ms: Scavenge 220.7 (240.8) -> 205.1 (241.1) MB, 1.3 / 0.0 ms  (average mu = 0.991, current mu = 0.989) allocation failure; 
[6089:0x73fe720]    28593 ms: Scavenge 220.7 (241.1) -> 205.2 (241.1) MB, 1.3 / 0.0 ms  (average mu = 0.991, current mu = 0.989) allocation failure; 
[6089:0x73fe720]    28604 ms: Scavenge 220.8 (241.1) -> 205.2 (241.1) MB, 1.4 / 0.0 ms  (average mu = 0.991, current mu = 0.989) allocation failure; 
[6089:0x73fe720]    28616 ms: Scavenge 220.8 (241.1) -> 205.3 (241.1) MB, 1.1 / 0.0 ms  (average mu = 0.991, current mu = 0.989) allocation failure; 
[6089:0x73fe720]    28626 ms: Scavenge 220.9 (241.1) -> 205.3 (241.1) MB, 1.4 / 0.0 ms  (average mu = 0.991, current mu = 0.989) allocation failure; 
[6089:0x73fe720]    28636 ms: Scavenge 220.9 (241.1) -> 205.4 (241.3) MB, 1.3 / 0.0 ms  (average mu = 0.991, current mu = 0.989) allocation failure; 
[6089:0x73fe720]    28646 ms: Scavenge 221.0 (241.3) -> 205.4 (241.3) MB, 1.4 / 0.0 ms  (average mu = 0.991, current mu = 0.989) allocation failure; 
[6089:0x73fe720]    28656 ms: Scavenge 221.0 (241.3) -> 205.5 (241.6) MB, 1.3 / 0.0 ms  (average mu = 0.991, current mu = 0.989) allocation failure; 
[6089:0x73fe720]    28666 ms: Scavenge 221.1 (241.6) -> 205.5 (241.6) MB, 1.6 / 0.0 ms  (average mu = 0.991, current mu = 0.989) allocation failure; 
[6089:0x73fe720]    28675 ms: Scavenge 221.1 (241.6) -> 205.6 (241.6) MB, 1.3 / 0.0 ms  (average mu = 0.991, current mu = 0.989) allocation failure; 
[6089:0x73fe720]    28685 ms: Scavenge 221.2 (241.6) -> 205.6 (241.6) MB, 1.6 / 0.0 ms  (average mu = 0.991, current mu = 0.989) allocation failure; 
[6089:0x73fe720]    28696 ms: Scavenge 221.2 (241.6) -> 205.7 (241.6) MB, 1.6 / 0.0 ms  (average mu = 0.991, current mu = 0.989) allocation failure; 
[6089:0x73fe720]    28705 ms: Scavenge 221.3 (241.6) -> 205.7 (241.6) MB, 1.1 / 0.0 ms  (average mu = 0.991, current mu = 0.989) allocation failure; 
[6089:0x73fe720]    28715 ms: Scavenge 221.3 (241.6) -> 205.8 (241.6) MB, 1.5 / 0.0 ms  (average mu = 0.991, current mu = 0.989) allocation failure; 
[6089:0x73fe720]    28724 ms: Scavenge 221.3 (241.6) -> 205.8 (241.6) MB, 1.0 / 0.0 ms  (average mu = 0.991, current mu = 0.989) allocation failure; 
[6089:0x73fe720]    28733 ms: Scavenge 221.4 (241.6) -> 205.9 (241.8) MB, 1.3 / 0.0 ms  (average mu = 0.991, current mu = 0.989) allocation failure; 
[6089:0x73fe720]    28743 ms: Scavenge 221.4 (241.8) -> 205.9 (241.8) MB, 1.5 / 0.0 ms  (average mu = 0.991, current mu = 0.989) allocation failure; 
[6089:0x73fe720]    28751 ms: Scavenge 221.5 (241.8) -> 205.9 (241.8) MB, 1.2 / 0.0 ms  (average mu = 0.991, current mu = 0.989) allocation failure; 
[6089:0x73fe720]    28759 ms: Scavenge 221.5 (241.8) -> 206.0 (241.8) MB, 0.8 / 0.0 ms  (average mu = 0.991, current mu = 0.989) allocation failure; 
[6089:0x73fe720]    28767 ms: Scavenge 221.6 (241.8) -> 206.0 (241.8) MB, 1.1 / 0.0 ms  (average mu = 0.991, current mu = 0.989) allocation failure; 
[6089:0x73fe720]    28775 ms: Scavenge 221.6 (241.8) -> 206.1 (242.1) MB, 0.9 / 0.0 ms  (average mu = 0.991, current mu = 0.989) allocation failure; 
[6089:0x73fe720]    28782 ms: Scavenge 221.7 (242.1) -> 206.1 (242.1) MB, 1.0 / 0.0 ms  (average mu = 0.991, current mu = 0.989) allocation failure; 
[6089:0x73fe720]    28790 ms: Scavenge 221.7 (242.1) -> 206.2 (242.1) MB, 1.1 / 0.0 ms  (average mu = 0.991, current mu = 0.989) allocation failure; 
[6089:0x73fe720]    28798 ms: Scavenge 221.8 (242.1) -> 206.2 (242.1) MB, 1.4 / 0.0 ms  (average mu = 0.991, current mu = 0.989) allocation failure; 
[6089:0x73fe720]    28807 ms: Scavenge 221.8 (242.1) -> 206.3 (242.1) MB, 0.9 / 0.0 ms  (average mu = 0.991, current mu = 0.989) allocation failure; 
[6089:0x73fe720]    28814 ms: Scavenge 221.9 (242.1) -> 206.3 (242.3) MB, 1.0 / 0.0 ms  (average mu = 0.991, current mu = 0.989) allocation failure; 
[6089:0x73fe720]    28822 ms: Scavenge 221.9 (242.3) -> 206.4 (242.3) MB, 1.1 / 0.0 ms  (average mu = 0.991, current mu = 0.989) allocation failure; 
[6089:0x73fe720]    28830 ms: Scavenge 222.0 (242.3) -> 206.4 (242.3) MB, 1.0 / 0.0 ms  (average mu = 0.991, current mu = 0.989) allocation failure; 
[6089:0x73fe720]    28840 ms: Scavenge 222.0 (242.3) -> 206.5 (242.3) MB, 1.4 / 0.0 ms  (average mu = 0.991, current mu = 0.989) allocation failure; 
[6089:0x73fe720]    28848 ms: Scavenge 222.1 (242.3) -> 206.5 (242.3) MB, 0.8 / 0.0 ms  (average mu = 0.991, current mu = 0.989) allocation failure; 
[6089:0x73fe720]    28856 ms: Scavenge 222.1 (242.3) -> 206.6 (242.6) MB, 1.1 / 0.0 ms  (average mu = 0.991, current mu = 0.989) allocation failure; 
[6089:0x73fe720]    28864 ms: Scavenge 222.2 (242.6) -> 206.6 (242.6) MB, 1.0 / 0.0 ms  (average mu = 0.991, current mu = 0.989) allocation failure; 
[6089:0x73fe720]    28872 ms: Scavenge 222.2 (242.6) -> 206.7 (242.6) MB, 0.9 / 0.0 ms  (average mu = 0.991, current mu = 0.989) allocation failure; 
[6089:0x73fe720]    28880 ms: Scavenge 222.3 (242.6) -> 206.7 (242.6) MB, 1.0 / 0.0 ms  (average mu = 0.991, current mu = 0.989) allocation failure; 
[6089:0x73fe720]    28887 ms: Scavenge 222.3 (242.6) -> 206.8 (242.6) MB, 1.2 / 0.0 ms  (average mu = 0.991, current mu = 0.989) allocation failure; 
[6089:0x73fe720]    28896 ms: Scavenge 222.4 (242.6) -> 206.8 (242.6) MB, 1.6 / 0.0 ms  (average mu = 0.991, current mu = 0.989) allocation failure; 
[6089:0x73fe720]    28903 ms: Scavenge 222.4 (242.6) -> 206.9 (242.8) MB, 1.0 / 0.0 ms  (average mu = 0.991, current mu = 0.989) allocation failure; 
[6089:0x73fe720]    28911 ms: Scavenge 222.4 (242.8) -> 206.9 (242.8) MB, 0.9 / 0.0 ms  (average mu = 0.991, current mu = 0.989) allocation failure; 
[6089:0x73fe720]    28919 ms: Scavenge 222.5 (242.8) -> 207.0 (242.8) MB, 1.2 / 0.0 ms  (average mu = 0.991, current mu = 0.989) allocation failure; 
[6089:0x73fe720]    28927 ms: Scavenge 222.5 (242.8) -> 207.0 (242.8) MB, 1.0 / 0.0 ms  (average mu = 0.991, current mu = 0.989) allocation failure; 
[6089:0x73fe720]    28934 ms: Scavenge 222.6 (242.8) -> 207.0 (242.8) MB, 0.8 / 0.0 ms  (average mu = 0.991, current mu = 0.989) allocation failure; 
[6089:0x73fe720]    28942 ms: Scavenge 222.6 (242.8) -> 207.1 (243.1) MB, 0.9 / 0.0 ms  (average mu = 0.991, current mu = 0.989) allocation failure; 
[6089:0x73fe720]    28950 ms: Scavenge 222.7 (243.1) -> 207.2 (243.1) MB, 1.0 / 0.0 ms  (average mu = 0.991, current mu = 0.989) allocation failure; 
[6089:0x73fe720]    28958 ms: Scavenge 222.7 (243.1) -> 207.2 (243.1) MB, 1.5 / 0.0 ms  (average mu = 0.991, current mu = 0.989) allocation failure; 
[6089:0x73fe720]    28966 ms: Scavenge 222.8 (243.1) -> 207.2 (243.1) MB, 0.9 / 0.0 ms  (average mu = 0.991, current mu = 0.989) allocation failure; 
[6089:0x73fe720]    28974 ms: Scavenge 222.8 (243.1) -> 207.3 (243.1) MB, 1.1 / 0.0 ms  (average mu = 0.991, current mu = 0.989) allocation failure; 
[6089:0x73fe720]    28982 ms: Scavenge 222.9 (243.1) -> 207.3 (243.3) MB, 1.0 / 0.0 ms  (average mu = 0.991, current mu = 0.989) allocation failure; 
[6089:0x73fe720]    28990 ms: Scavenge 222.9 (243.3) -> 207.4 (243.3) MB, 0.9 / 0.0 ms  (average mu = 0.991, current mu = 0.989) allocation failure; 
[6089:0x73fe720]    28998 ms: Scavenge 223.0 (243.3) -> 207.4 (243.6) MB, 1.2 / 0.0 ms  (average mu = 0.991, current mu = 0.989) allocation failure; 
[6089:0x73fe720]    29006 ms: Scavenge 223.0 (243.6) -> 207.5 (243.6) MB, 1.5 / 0.0 ms  (average mu = 0.991, current mu = 0.989) allocation failure; 
[6089:0x73fe720]    29015 ms: Scavenge 223.1 (243.6) -> 207.5 (243.6) MB, 1.5 / 0.0 ms  (average mu = 0.991, current mu = 0.989) allocation failure; 
[6089:0x73fe720]    29023 ms: Scavenge 223.1 (243.6) -> 207.6 (243.6) MB, 1.0 / 0.0 ms  (average mu = 0.991, current mu = 0.989) allocation failure; 
[6089:0x73fe720]    29032 ms: Scavenge 223.2 (243.6) -> 207.6 (243.6) MB, 1.1 / 0.0 ms  (average mu = 0.991, current mu = 0.989) allocation failure; 
[6089:0x73fe720]    29039 ms: Scavenge 223.2 (243.6) -> 207.7 (243.6) MB, 0.8 / 0.0 ms  (average mu = 0.991, current mu = 0.989) allocation failure; 
[6089:0x73fe720]    29048 ms: Scavenge 223.3 (243.6) -> 207.7 (243.6) MB, 1.6 / 0.0 ms  (average mu = 0.991, current mu = 0.989) allocation failure; 
[6089:0x73fe720]    29056 ms: Scavenge 223.3 (243.6) -> 207.8 (243.6) MB, 1.1 / 0.0 ms  (average mu = 0.991, current mu = 0.989) allocation failure; 
[6089:0x73fe720]    29064 ms: Scavenge 223.4 (243.6) -> 207.8 (243.8) MB, 0.9 / 0.0 ms  (average mu = 0.991, current mu = 0.989) allocation failure; 
[6089:0x73fe720]    29072 ms: Scavenge 223.4 (243.8) -> 207.9 (243.8) MB, 1.2 / 0.0 ms  (average mu = 0.991, current mu = 0.989) allocation failure; 
[6089:0x73fe720]    29080 ms: Scavenge 223.5 (243.8) -> 207.9 (243.8) MB, 1.0 / 0.0 ms  (average mu = 0.991, current mu = 0.989) allocation failure; 
[6089:0x73fe720]    29088 ms: Scavenge 223.5 (243.8) -> 208.0 (243.8) MB, 0.8 / 0.0 ms  (average mu = 0.991, current mu = 0.989) allocation failure; 
[6089:0x73fe720]    29095 ms: Scavenge 223.5 (243.8) -> 208.0 (243.8) MB, 0.9 / 0.0 ms  (average mu = 0.991, current mu = 0.989) allocation failure; 
[6089:0x73fe720]    29107 ms: Scavenge 228.0 (248.3) -> 212.5 (248.5) MB, 1.7 / 0.0 ms  (average mu = 0.991, current mu = 0.989) allocation failure; 
[6089:0x73fe720]    29115 ms: Scavenge 228.1 (248.5) -> 212.5 (248.5) MB, 1.2 / 0.0 ms  (average mu = 0.991, current mu = 0.989) allocation failure; 
[6089:0x73fe720]    29122 ms: Scavenge 228.1 (248.5) -> 212.6 (248.5) MB, 1.1 / 0.0 ms  (average mu = 0.991, current mu = 0.989) allocation failure; 
[6089:0x73fe720]    29130 ms: Scavenge 228.2 (248.5) -> 212.6 (248.5) MB, 0.8 / 0.0 ms  (average mu = 0.991, current mu = 0.989) allocation failure; 
[6089:0x73fe720]    29138 ms: Scavenge 228.2 (248.5) -> 212.7 (248.5) MB, 1.4 / 0.0 ms  (average mu = 0.991, current mu = 0.989) allocation failure; 
[6089:0x73fe720]    29146 ms: Scavenge 228.3 (248.5) -> 212.7 (248.8) MB, 1.2 / 0.0 ms  (average mu = 0.991, current mu = 0.989) allocation failure; 
[6089:0x73fe720]    29154 ms: Scavenge 228.3 (248.8) -> 212.8 (248.8) MB, 0.9 / 0.0 ms  (average mu = 0.991, current mu = 0.989) allocation failure; 
[6089:0x73fe720]    29162 ms: Scavenge 228.4 (248.8) -> 212.8 (248.8) MB, 1.3 / 0.0 ms  (average mu = 0.991, current mu = 0.989) allocation failure; 
[6089:0x73fe720]    29170 ms: Scavenge 228.4 (248.8) -> 212.9 (248.8) MB, 1.1 / 0.0 ms  (average mu = 0.991, current mu = 0.989) allocation failure; 
[6089:0x73fe720]    29178 ms: Scavenge 228.4 (248.8) -> 212.9 (248.8) MB, 0.9 / 0.0 ms  (average mu = 0.991, current mu = 0.989) allocation failure; 
[6089:0x73fe720]    29185 ms: Scavenge 228.5 (248.8) -> 213.0 (248.8) MB, 1.0 / 0.0 ms  (average mu = 0.991, current mu = 0.989) allocation failure; 
[6089:0x73fe720]    29193 ms: Scavenge 228.5 (248.8) -> 213.0 (249.0) MB, 1.0 / 0.0 ms  (average mu = 0.991, current mu = 0.989) allocation failure; 
[6089:0x73fe720]    29201 ms: Scavenge 228.6 (249.0) -> 213.1 (249.0) MB, 1.4 / 0.0 ms  (average mu = 0.991, current mu = 0.989) allocation failure; 
[6089:0x73fe720]    29209 ms: Scavenge 228.6 (249.0) -> 213.1 (249.0) MB, 1.0 / 0.0 ms  (average mu = 0.991, current mu = 0.989) allocation failure; 
[6089:0x73fe720]    29216 ms: Scavenge 228.7 (249.0) -> 213.1 (249.0) MB, 1.2 / 0.0 ms  (average mu = 0.991, current mu = 0.989) allocation failure; 
[6089:0x73fe720]    29225 ms: Scavenge 228.7 (249.0) -> 213.2 (249.0) MB, 1.1 / 0.0 ms  (average mu = 0.991, current mu = 0.989) allocation failure; 
[6089:0x73fe720]    29234 ms: Scavenge 228.8 (249.0) -> 213.2 (249.3) MB, 1.0 / 0.0 ms  (average mu = 0.991, current mu = 0.989) allocation failure; 
[6089:0x73fe720]    29242 ms: Scavenge 228.8 (249.3) -> 213.3 (249.3) MB, 1.2 / 0.0 ms  (average mu = 0.991, current mu = 0.989) allocation failure; 
[6089:0x73fe720]    29250 ms: Scavenge 228.9 (249.3) -> 213.3 (249.3) MB, 1.4 / 0.0 ms  (average mu = 0.991, current mu = 0.989) allocation failure; 
[6089:0x73fe720]    29259 ms: Scavenge 228.9 (249.3) -> 213.4 (249.3) MB, 1.0 / 0.0 ms  (average mu = 0.991, current mu = 0.989) allocation failure; 
[6089:0x73fe720]    29266 ms: Scavenge 229.0 (249.3) -> 213.4 (249.3) MB, 1.1 / 0.0 ms  (average mu = 0.991, current mu = 0.989) allocation failure; 
[6089:0x73fe720]    29274 ms: Scavenge 229.0 (249.3) -> 213.5 (249.5) MB, 1.0 / 0.0 ms  (average mu = 0.991, current mu = 0.989) allocation failure; 
[6089:0x73fe720]    29282 ms: Scavenge 229.1 (249.5) -> 213.5 (249.5) MB, 0.9 / 0.0 ms  (average mu = 0.991, current mu = 0.989) allocation failure; 
[6089:0x73fe720]    29289 ms: Scavenge 229.1 (249.5) -> 213.6 (249.5) MB, 0.9 / 0.0 ms  (average mu = 0.991, current mu = 0.989) allocation failure; 
[6089:0x73fe720]    29297 ms: Scavenge 229.2 (249.5) -> 213.6 (249.5) MB, 1.3 / 0.0 ms  (average mu = 0.991, current mu = 0.989) allocation failure; 
[6089:0x73fe720]    29307 ms: Scavenge 229.2 (249.5) -> 213.7 (249.5) MB, 1.1 / 0.0 ms  (average mu = 0.991, current mu = 0.989) allocation failure; 
[6089:0x73fe720]    29314 ms: Scavenge 229.3 (249.5) -> 213.7 (249.8) MB, 1.0 / 0.0 ms  (average mu = 0.991, current mu = 0.989) allocation failure; 
[6089:0x73fe720]    29322 ms: Scavenge 229.3 (249.8) -> 213.8 (249.8) MB, 1.3 / 0.0 ms  (average mu = 0.991, current mu = 0.989) allocation failure; 
[6089:0x73fe720]    29330 ms: Scavenge 229.4 (249.8) -> 213.8 (249.8) MB, 1.0 / 0.0 ms  (average mu = 0.991, current mu = 0.989) allocation failure; 
[6089:0x73fe720]    29338 ms: Scavenge 229.4 (249.8) -> 213.9 (249.8) MB, 1.0 / 0.0 ms  (average mu = 0.991, current mu = 0.989) allocation failure; 
[6089:0x73fe720]    29345 ms: Scavenge 229.5 (249.8) -> 213.9 (249.8) MB, 1.1 / 0.0 ms  (average mu = 0.991, current mu = 0.989) allocation failure; 
[6089:0x73fe720]    29356 ms: Scavenge 229.5 (249.8) -> 214.0 (250.0) MB, 0.9 / 0.0 ms  (average mu = 0.991, current mu = 0.989) allocation failure; 
[6089:0x73fe720]    29364 ms: Scavenge 229.6 (250.0) -> 214.0 (250.3) MB, 1.1 / 0.0 ms  (average mu = 0.991, current mu = 0.989) allocation failure; 
[6089:0x73fe720]    29372 ms: Scavenge 229.6 (250.3) -> 214.1 (250.3) MB, 1.2 / 0.0 ms  (average mu = 0.991, current mu = 0.989) allocation failure; 
[6089:0x73fe720]    29379 ms: Scavenge 229.6 (250.3) -> 214.1 (250.3) MB, 0.8 / 0.0 ms  (average mu = 0.991, current mu = 0.989) allocation failure; 
[6089:0x73fe720]    29387 ms: Scavenge 229.7 (250.3) -> 214.2 (250.3) MB, 1.2 / 0.0 ms  (average mu = 0.991, current mu = 0.989) allocation failure; 
[6089:0x73fe720]    29395 ms: Scavenge 229.7 (250.3) -> 214.2 (250.3) MB, 1.3 / 0.0 ms  (average mu = 0.991, current mu = 0.989) allocation failure; 
[6089:0x73fe720]    29404 ms: Scavenge 229.8 (250.3) -> 214.2 (250.3) MB, 1.1 / 0.0 ms  (average mu = 0.991, current mu = 0.989) allocation failure; 
[6089:0x73fe720]    29412 ms: Scavenge 229.8 (250.3) -> 214.3 (250.3) MB, 1.1 / 0.0 ms  (average mu = 0.991, current mu = 0.989) allocation failure; 
[6089:0x73fe720]    29420 ms: Scavenge 229.9 (250.3) -> 214.3 (250.3) MB, 1.2 / 0.0 ms  (average mu = 0.991, current mu = 0.989) allocation failure; 
[6089:0x73fe720]    29427 ms: Scavenge 229.9 (250.3) -> 214.4 (250.3) MB, 0.8 / 0.0 ms  (average mu = 0.991, current mu = 0.989) allocation failure; 
[6089:0x73fe720]    29436 ms: Scavenge 230.0 (250.3) -> 214.4 (250.5) MB, 1.1 / 0.0 ms  (average mu = 0.991, current mu = 0.989) allocation failure; 
[6089:0x73fe720]    29444 ms: Scavenge 230.0 (250.5) -> 214.5 (250.5) MB, 1.4 / 0.0 ms  (average mu = 0.991, current mu = 0.989) allocation failure; 
[6089:0x73fe720]    29452 ms: Scavenge 230.1 (250.5) -> 214.5 (250.5) MB, 1.1 / 0.0 ms  (average mu = 0.991, current mu = 0.989) allocation failure; 
[6089:0x73fe720]    29459 ms: Scavenge 230.1 (250.5) -> 214.6 (250.5) MB, 0.9 / 0.0 ms  (average mu = 0.991, current mu = 0.989) allocation failure; 
[6089:0x73fe720]    29467 ms: Scavenge 230.2 (250.5) -> 214.6 (250.5) MB, 1.1 / 0.0 ms  (average mu = 0.991, current mu = 0.989) allocation failure; 
[6089:0x73fe720]    29476 ms: Scavenge 230.2 (250.5) -> 214.7 (250.5) MB, 1.3 / 0.0 ms  (average mu = 0.991, current mu = 0.989) allocation failure; 
[6089:0x73fe720]    29483 ms: Scavenge 230.3 (250.5) -> 214.7 (250.8) MB, 0.8 / 0.0 ms  (average mu = 0.991, current mu = 0.989) allocation failure; 
[6089:0x73fe720]    29491 ms: Scavenge 230.3 (250.8) -> 214.8 (250.8) MB, 0.9 / 0.0 ms  (average mu = 0.991, current mu = 0.989) allocation failure; 
[6089:0x73fe720]    29499 ms: Scavenge 230.4 (250.8) -> 214.8 (250.8) MB, 1.4 / 0.0 ms  (average mu = 0.991, current mu = 0.989) allocation failure; 
[6089:0x73fe720]    29507 ms: Scavenge 230.4 (250.8) -> 214.9 (250.8) MB, 1.3 / 0.0 ms  (average mu = 0.991, current mu = 0.989) allocation failure; 
[6089:0x73fe720]    29516 ms: Scavenge 230.5 (250.8) -> 214.9 (250.8) MB, 1.1 / 0.0 ms  (average mu = 0.991, current mu = 0.989) allocation failure; 
[6089:0x73fe720]    29525 ms: Scavenge 230.5 (250.8) -> 215.0 (251.0) MB, 0.9 / 0.0 ms  (average mu = 0.991, current mu = 0.989) allocation failure; 
[6089:0x73fe720]    29532 ms: Scavenge 230.6 (251.0) -> 215.0 (251.0) MB, 0.9 / 0.0 ms  (average mu = 0.991, current mu = 0.989) allocation failure; 
[6089:0x73fe720]    29540 ms: Scavenge 230.6 (251.0) -> 215.1 (251.0) MB, 1.2 / 0.0 ms  (average mu = 0.991, current mu = 0.989) allocation failure; 
[6089:0x73fe720]    29549 ms: Scavenge 230.7 (251.0) -> 215.1 (251.3) MB, 2.0 / 0.0 ms  (average mu = 0.991, current mu = 0.989) allocation failure; 
[6089:0x73fe720]    29560 ms: Scavenge 230.7 (251.3) -> 215.2 (251.3) MB, 1.0 / 0.0 ms  (average mu = 0.991, current mu = 0.989) allocation failure; 
[6089:0x73fe720]    29570 ms: Scavenge 230.7 (251.3) -> 215.2 (251.3) MB, 1.1 / 0.0 ms  (average mu = 0.991, current mu = 0.989) allocation failure; 
[6089:0x73fe720]    29577 ms: Scavenge 230.8 (251.3) -> 215.3 (251.3) MB, 0.9 / 0.0 ms  (average mu = 0.991, current mu = 0.989) allocation failure; 
[6089:0x73fe720]    29586 ms: Scavenge 230.8 (251.3) -> 215.3 (251.3) MB, 1.2 / 0.0 ms  (average mu = 0.991, current mu = 0.989) allocation failure; 
[6089:0x73fe720]    29593 ms: Scavenge 230.9 (251.3) -> 215.4 (251.3) MB, 1.1 / 0.0 ms  (average mu = 0.991, current mu = 0.989) allocation failure; 
[6089:0x73fe720]    29603 ms: Scavenge 230.9 (251.3) -> 215.4 (251.3) MB, 1.4 / 0.0 ms  (average mu = 0.991, current mu = 0.989) allocation failure; 
[6089:0x73fe720]    29613 ms: Scavenge 231.0 (251.3) -> 215.4 (251.5) MB, 1.0 / 0.0 ms  (average mu = 0.991, current mu = 0.989) allocation failure; 
[6089:0x73fe720]    29621 ms: Scavenge 231.0 (251.5) -> 215.5 (251.5) MB, 1.0 / 0.0 ms  (average mu = 0.991, current mu = 0.989) allocation failure; 
[6089:0x73fe720]    29629 ms: Scavenge 231.1 (251.5) -> 215.5 (251.5) MB, 0.9 / 0.0 ms  (average mu = 0.991, current mu = 0.989) allocation failure; 
[6089:0x73fe720]    29636 ms: Scavenge 231.1 (251.5) -> 215.6 (251.5) MB, 0.9 / 0.0 ms  (average mu = 0.991, current mu = 0.989) allocation failure; 
[6089:0x73fe720]    29645 ms: Scavenge 231.2 (251.5) -> 215.6 (251.5) MB, 1.2 / 0.0 ms  (average mu = 0.991, current mu = 0.989) allocation failure; 
[6089:0x73fe720]    29653 ms: Scavenge 231.2 (251.5) -> 215.7 (251.8) MB, 1.5 / 0.0 ms  (average mu = 0.991, current mu = 0.989) allocation failure; 
[6089:0x73fe720]    29662 ms: Scavenge 231.3 (251.8) -> 215.7 (251.8) MB, 1.0 / 0.0 ms  (average mu = 0.991, current mu = 0.989) allocation failure; 
[6089:0x73fe720]    29670 ms: Scavenge 231.3 (251.8) -> 215.8 (251.8) MB, 1.2 / 0.0 ms  (average mu = 0.991, current mu = 0.989) allocation failure; 
[6089:0x73fe720]    29678 ms: Scavenge 231.4 (251.8) -> 215.8 (251.8) MB, 0.8 / 0.0 ms  (average mu = 0.991, current mu = 0.989) allocation failure; 
[6089:0x73fe720]    29686 ms: Scavenge 231.4 (251.8) -> 215.9 (252.0) MB, 1.3 / 0.0 ms  (average mu = 0.991, current mu = 0.989) allocation failure; 
[6089:0x73fe720]    29694 ms: Scavenge 231.5 (252.0) -> 215.9 (252.0) MB, 1.2 / 0.0 ms  (average mu = 0.991, current mu = 0.989) allocation failure; 
[6089:0x73fe720]    29702 ms: Scavenge 231.5 (252.0) -> 216.0 (252.0) MB, 1.0 / 0.0 ms  (average mu = 0.991, current mu = 0.989) allocation failure; 
[6089:0x73fe720]    29709 ms: Scavenge 231.6 (252.0) -> 216.0 (252.0) MB, 0.9 / 0.0 ms  (average mu = 0.991, current mu = 0.989) allocation failure; 
[6089:0x73fe720]    29717 ms: Scavenge 231.6 (252.0) -> 216.1 (252.0) MB, 1.0 / 0.0 ms  (average mu = 0.991, current mu = 0.989) allocation failure; 
[6089:0x73fe720]    29725 ms: Scavenge 231.7 (252.0) -> 216.1 (252.0) MB, 1.2 / 0.0 ms  (average mu = 0.991, current mu = 0.989) allocation failure; 
[6089:0x73fe720]    29732 ms: Scavenge 231.7 (252.0) -> 216.2 (252.3) MB, 1.0 / 0.0 ms  (average mu = 0.991, current mu = 0.989) allocation failure; 
[6089:0x73fe720]    29740 ms: Scavenge 231.8 (252.3) -> 216.2 (252.3) MB, 0.9 / 0.0 ms  (average mu = 0.991, current mu = 0.989) allocation failure; 
[6089:0x73fe720]    29748 ms: Scavenge 231.8 (252.3) -> 216.3 (252.3) MB, 0.9 / 0.0 ms  (average mu = 0.991, current mu = 0.989) allocation failure; 
[6089:0x73fe720]    29755 ms: Scavenge 231.8 (252.3) -> 216.3 (252.3) MB, 1.0 / 0.0 ms  (average mu = 0.991, current mu = 0.989) allocation failure; 
[6089:0x73fe720]    29763 ms: Scavenge 231.9 (252.3) -> 216.4 (252.3) MB, 1.4 / 0.0 ms  (average mu = 0.991, current mu = 0.989) allocation failure; 
[6089:0x73fe720]    29771 ms: Scavenge 231.9 (252.3) -> 216.4 (252.5) MB, 1.1 / 0.0 ms  (average mu = 0.991, current mu = 0.989) allocation failure; 
[6089:0x73fe720]    29779 ms: Scavenge 232.0 (252.5) -> 216.4 (252.5) MB, 0.9 / 0.0 ms  (average mu = 0.991, current mu = 0.989) allocation failure; 
[6089:0x73fe720]    29786 ms: Scavenge 232.0 (252.5) -> 216.5 (252.5) MB, 0.9 / 0.0 ms  (average mu = 0.991, current mu = 0.989) allocation failure; 
[6089:0x73fe720]    29794 ms: Scavenge 232.1 (252.5) -> 216.5 (252.5) MB, 1.2 / 0.0 ms  (average mu = 0.991, current mu = 0.989) allocation failure; 
[6089:0x73fe720]    29802 ms: Scavenge 232.1 (252.5) -> 216.6 (252.5) MB, 1.0 / 0.0 ms  (average mu = 0.991, current mu = 0.989) allocation failure; 
[6089:0x73fe720]    29809 ms: Scavenge 232.2 (252.5) -> 216.6 (252.5) MB, 1.1 / 0.0 ms  (average mu = 0.991, current mu = 0.989) allocation failure; 
[6089:0x73fe720]    29817 ms: Scavenge 232.2 (252.5) -> 216.7 (252.8) MB, 0.9 / 0.0 ms  (average mu = 0.991, current mu = 0.989) allocation failure; 
[6089:0x73fe720]    29826 ms: Scavenge 232.3 (252.8) -> 216.8 (252.8) MB, 1.7 / 0.0 ms  (average mu = 0.991, current mu = 0.989) allocation failure; 
[6089:0x73fe720]    29834 ms: Scavenge 232.3 (252.8) -> 216.8 (252.8) MB, 1.6 / 0.0 ms  (average mu = 0.991, current mu = 0.989) allocation failure; 
[6089:0x73fe720]    29843 ms: Scavenge 232.4 (252.8) -> 216.8 (252.8) MB, 0.8 / 0.0 ms  (average mu = 0.991, current mu = 0.989) allocation failure; 
[6089:0x73fe720]    29851 ms: Scavenge 232.4 (252.8) -> 216.9 (252.8) MB, 0.9 / 0.0 ms  (average mu = 0.991, current mu = 0.989) allocation failure; 
[6089:0x73fe720]    29858 ms: Scavenge 232.5 (252.8) -> 216.9 (253.0) MB, 0.9 / 0.0 ms  (average mu = 0.991, current mu = 0.989) allocation failure; 
[6089:0x73fe720]    29866 ms: Scavenge 232.5 (253.0) -> 217.0 (253.0) MB, 1.1 / 0.0 ms  (average mu = 0.991, current mu = 0.989) allocation failure; 
[6089:0x73fe720]    29874 ms: Scavenge 232.6 (253.0) -> 217.1 (253.0) MB, 1.5 / 0.0 ms  (average mu = 0.991, current mu = 0.989) allocation failure; 
[6089:0x73fe720]    29884 ms: Scavenge 232.6 (253.0) -> 217.1 (253.0) MB, 0.9 / 0.0 ms  (average mu = 0.991, current mu = 0.989) allocation failure; 
[6089:0x73fe720]    29892 ms: Scavenge 232.7 (253.0) -> 217.1 (253.0) MB, 1.0 / 0.0 ms  (average mu = 0.991, current mu = 0.989) allocation failure; 
[6089:0x73fe720]    29899 ms: Scavenge 232.7 (253.0) -> 217.2 (253.3) MB, 0.9 / 0.0 ms  (average mu = 0.991, current mu = 0.989) allocation failure; 
[6089:0x73fe720]    29907 ms: Scavenge 232.8 (253.3) -> 217.2 (253.3) MB, 0.8 / 0.0 ms  (average mu = 0.991, current mu = 0.989) allocation failure; 
[6089:0x73fe720]    29915 ms: Scavenge 232.8 (253.3) -> 217.3 (253.3) MB, 1.2 / 0.0 ms  (average mu = 0.991, current mu = 0.989) allocation failure; 
[6089:0x73fe720]    29923 ms: Scavenge 232.9 (253.3) -> 217.3 (253.3) MB, 1.7 / 0.0 ms  (average mu = 0.991, current mu = 0.989) allocation failure; 
[6089:0x73fe720]    29931 ms: Scavenge 232.9 (253.3) -> 217.4 (253.3) MB, 1.2 / 0.0 ms  (average mu = 0.991, current mu = 0.989) allocation failure; 
[6089:0x73fe720]    29939 ms: Scavenge 232.9 (253.3) -> 217.4 (253.5) MB, 0.9 / 0.0 ms  (average mu = 0.991, current mu = 0.989) allocation failure; 
[6089:0x73fe720]    29947 ms: Scavenge 233.0 (253.5) -> 217.5 (253.5) MB, 1.0 / 0.0 ms  (average mu = 0.991, current mu = 0.989) allocation failure; 
[6089:0x73fe720]    29955 ms: Scavenge 233.0 (253.5) -> 217.5 (253.5) MB, 1.2 / 0.0 ms  (average mu = 0.991, current mu = 0.989) allocation failure; 
[6089:0x73fe720]    29962 ms: Scavenge 233.1 (253.5) -> 217.5 (253.5) MB, 0.8 / 0.0 ms  (average mu = 0.991, current mu = 0.989) allocation failure; 
[6089:0x73fe720]    29970 ms: Scavenge 233.1 (253.5) -> 217.6 (253.5) MB, 1.1 / 0.0 ms  (average mu = 0.991, current mu = 0.989) allocation failure; 
[6089:0x73fe720]    29979 ms: Scavenge 233.2 (253.5) -> 217.6 (253.8) MB, 1.7 / 0.0 ms  (average mu = 0.991, current mu = 0.989) allocation failure; 
[6089:0x73fe720]    29987 ms: Scavenge 233.2 (253.8) -> 217.7 (253.8) MB, 1.0 / 0.0 ms  (average mu = 0.991, current mu = 0.989) allocation failure; 
[6089:0x73fe720]    29994 ms: Scavenge 233.3 (253.8) -> 217.7 (253.8) MB, 0.9 / 0.0 ms  (average mu = 0.991, current mu = 0.989) allocation failure; 
[6089:0x73fe720]    30002 ms: Scavenge 233.3 (253.8) -> 217.8 (254.0) MB, 1.2 / 0.0 ms  (average mu = 0.991, current mu = 0.989) allocation failure; 
[6089:0x73fe720]    30011 ms: Scavenge 233.4 (254.0) -> 217.8 (254.0) MB, 0.9 / 0.0 ms  (average mu = 0.991, current mu = 0.989) allocation failure; 
[6089:0x73fe720]    30018 ms: Scavenge 233.4 (254.0) -> 217.9 (254.0) MB, 0.9 / 0.0 ms  (average mu = 0.991, current mu = 0.989) allocation failure; 
[6089:0x73fe720]    30026 ms: Scavenge 233.5 (254.0) -> 217.9 (254.0) MB, 1.0 / 0.0 ms  (average mu = 0.991, current mu = 0.989) allocation failure; 
[6089:0x73fe720]    30034 ms: Scavenge 233.5 (254.0) -> 218.0 (254.0) MB, 1.6 / 0.0 ms  (average mu = 0.991, current mu = 0.989) allocation failure; 
[6089:0x73fe720]    30042 ms: Scavenge 233.6 (254.0) -> 218.0 (254.0) MB, 1.3 / 0.0 ms  (average mu = 0.991, current mu = 0.989) allocation failure; 
[6089:0x73fe720]    30051 ms: Scavenge 233.6 (254.0) -> 218.1 (254.0) MB, 1.0 / 0.0 ms  (average mu = 0.991, current mu = 0.989) allocation failure; 
[6089:0x73fe720]    30059 ms: Scavenge 233.7 (254.0) -> 218.1 (254.3) MB, 1.0 / 0.0 ms  (average mu = 0.991, current mu = 0.989) allocation failure; 
[6089:0x73fe720]    30066 ms: Scavenge 233.7 (254.3) -> 218.2 (254.3) MB, 0.9 / 0.0 ms  (average mu = 0.991, current mu = 0.989) allocation failure; 
[6089:0x73fe720]    30074 ms: Scavenge 233.8 (254.3) -> 218.2 (254.3) MB, 1.1 / 0.0 ms  (average mu = 0.991, current mu = 0.989) allocation failure; 
[6089:0x73fe720]    30083 ms: Scavenge 233.8 (254.3) -> 218.3 (254.3) MB, 1.7 / 0.0 ms  (average mu = 0.991, current mu = 0.989) allocation failure; 
[6089:0x73fe720]    30092 ms: Scavenge 233.9 (254.3) -> 218.3 (254.3) MB, 1.0 / 0.0 ms  (average mu = 0.991, current mu = 0.989) allocation failure; 
[6089:0x73fe720]    30100 ms: Scavenge 233.9 (254.3) -> 218.4 (254.3) MB, 1.1 / 0.0 ms  (average mu = 0.991, current mu = 0.989) allocation failure; 
[6089:0x73fe720]    30108 ms: Scavenge 234.0 (254.3) -> 218.4 (254.5) MB, 0.9 / 0.0 ms  (average mu = 0.991, current mu = 0.989) allocation failure; 
[6089:0x73fe720]    30116 ms: Scavenge 234.0 (254.5) -> 218.5 (254.5) MB, 0.9 / 0.0 ms  (average mu = 0.991, current mu = 0.989) allocation failure; 
[6089:0x73fe720]    30124 ms: Scavenge 234.0 (254.5) -> 218.5 (254.8) MB, 1.6 / 0.0 ms  (average mu = 0.991, current mu = 0.989) allocation failure; 
[6089:0x73fe720]    30134 ms: Scavenge 234.1 (254.8) -> 218.6 (254.8) MB, 0.9 / 0.0 ms  (average mu = 0.991, current mu = 0.989) allocation failure; 
[6089:0x73fe720]    30142 ms: Scavenge 234.1 (254.8) -> 218.6 (254.8) MB, 1.1 / 0.0 ms  (average mu = 0.991, current mu = 0.989) allocation failure; 
[6089:0x73fe720]    30152 ms: Scavenge 234.2 (254.8) -> 218.6 (254.8) MB, 1.2 / 0.0 ms  (average mu = 0.991, current mu = 0.989) allocation failure; 
[6089:0x73fe720]    30160 ms: Scavenge 234.2 (254.8) -> 218.7 (254.8) MB, 1.5 / 0.0 ms  (average mu = 0.991, current mu = 0.989) allocation failure; 
[6089:0x73fe720]    30170 ms: Scavenge 234.3 (254.8) -> 218.7 (254.8) MB, 1.3 / 0.0 ms  (average mu = 0.991, current mu = 0.989) allocation failure; 
[6089:0x73fe720]    30178 ms: Scavenge 234.3 (254.8) -> 218.8 (254.8) MB, 0.9 / 0.0 ms  (average mu = 0.991, current mu = 0.989) allocation failure; 
[6089:0x73fe720]    30186 ms: Scavenge 234.4 (254.8) -> 218.8 (254.8) MB, 1.1 / 0.0 ms  (average mu = 0.991, current mu = 0.989) allocation failure; 
[6089:0x73fe720]    30194 ms: Scavenge 234.4 (254.8) -> 218.9 (255.3) MB, 1.6 / 0.0 ms  (average mu = 0.991, current mu = 0.989) allocation failure; 
[6089:0x73fe720]    30202 ms: Scavenge 234.5 (255.3) -> 218.9 (255.3) MB, 1.2 / 0.0 ms  (average mu = 0.991, current mu = 0.989) allocation failure; 
[6089:0x73fe720]    30210 ms: Scavenge 234.5 (255.3) -> 219.0 (255.3) MB, 1.2 / 0.0 ms  (average mu = 0.991, current mu = 0.989) allocation failure; 
[6089:0x73fe720]    30218 ms: Scavenge 234.6 (255.3) -> 219.1 (255.3) MB, 1.2 / 0.0 ms  (average mu = 0.991, current mu = 0.989) allocation failure; 
[6089:0x73fe720]    30225 ms: Scavenge 234.6 (255.3) -> 219.1 (255.3) MB, 1.0 / 0.0 ms  (average mu = 0.991, current mu = 0.989) allocation failure; 
[6089:0x73fe720]    30233 ms: Scavenge 234.7 (255.3) -> 219.1 (255.3) MB, 0.8 / 0.0 ms  (average mu = 0.991, current mu = 0.989) allocation failure; 
[6089:0x73fe720]    30241 ms: Scavenge 234.7 (255.3) -> 219.2 (255.3) MB, 0.9 / 0.0 ms  (average mu = 0.991, current mu = 0.989) allocation failure; 
[6089:0x73fe720]    30249 ms: Scavenge 234.8 (255.3) -> 219.2 (255.3) MB, 1.7 / 0.0 ms  (average mu = 0.991, current mu = 0.989) allocation failure; 
[6089:0x73fe720]    30258 ms: Scavenge 234.8 (255.3) -> 219.3 (255.3) MB, 1.2 / 0.0 ms  (average mu = 0.991, current mu = 0.989) allocation failure; 
[6089:0x73fe720]    30292 ms: Scavenge 234.9 (255.3) -> 219.3 (255.3) MB, 5.7 / 0.0 ms  (average mu = 0.991, current mu = 0.989) allocation failure; 
[6089:0x73fe720]    30340 ms: Scavenge 234.9 (255.3) -> 219.4 (255.5) MB, 3.3 / 0.0 ms  (average mu = 0.991, current mu = 0.989) allocation failure; 
[6089:0x73fe720]    30385 ms: Scavenge 235.0 (255.5) -> 219.4 (255.5) MB, 1.6 / 0.0 ms  (average mu = 0.991, current mu = 0.989) allocation failure; 
[6089:0x73fe720]    30410 ms: Mark-sweep 228.4 (255.5) -> 217.4 (254.8) MB, 4.9 / 0.0 ms  (+ 106.3 ms in 581 steps since start of marking, biggest step 0.7 ms, walltime since start of marking 149 ms) (average mu = 0.989, current mu = 0.988) finalize incremental marking via stack guard; GC in old space requested
[6089:0x73fe720]    30421 ms: Scavenge 233.1 (254.8) -> 217.4 (254.8) MB, 0.9 / 0.0 ms  (average mu = 0.989, current mu = 0.988) allocation failure; 
[6089:0x73fe720]    30433 ms: Scavenge 233.1 (254.8) -> 217.6 (254.8) MB, 3.7 / 0.0 ms  (average mu = 0.989, current mu = 0.988) allocation failure; 
[6089:0x73fe720]    30442 ms: Scavenge 233.2 (254.8) -> 217.6 (254.8) MB, 2.3 / 0.0 ms  (average mu = 0.989, current mu = 0.988) allocation failure; 
[6089:0x73fe720]    30452 ms: Scavenge 233.2 (254.8) -> 217.7 (254.8) MB, 1.5 / 0.0 ms  (average mu = 0.989, current mu = 0.988) allocation failure; 
[6089:0x73fe720]    30459 ms: Scavenge 233.3 (254.8) -> 217.7 (254.8) MB, 1.0 / 0.0 ms  (average mu = 0.989, current mu = 0.988) allocation failure; 
[6089:0x73fe720]    30467 ms: Scavenge 233.3 (254.8) -> 217.8 (254.8) MB, 1.1 / 0.0 ms  (average mu = 0.989, current mu = 0.988) allocation failure; 
[6089:0x73fe720]    30475 ms: Scavenge 233.3 (254.8) -> 217.8 (254.8) MB, 1.0 / 0.0 ms  (average mu = 0.989, current mu = 0.988) allocation failure; 
[6089:0x73fe720]    30483 ms: Scavenge 233.4 (254.8) -> 217.9 (254.8) MB, 1.1 / 0.0 ms  (average mu = 0.989, current mu = 0.988) allocation failure; 
[6089:0x73fe720]    30491 ms: Scavenge 233.4 (254.8) -> 217.9 (254.8) MB, 0.9 / 0.0 ms  (average mu = 0.989, current mu = 0.988) allocation failure; 
[6089:0x73fe720]    30500 ms: Scavenge 233.5 (254.8) -> 217.9 (254.8) MB, 0.9 / 0.0 ms  (average mu = 0.989, current mu = 0.988) allocation failure; 
[6089:0x73fe720]    30507 ms: Scavenge 233.5 (254.8) -> 218.0 (254.8) MB, 0.9 / 0.0 ms  (average mu = 0.989, current mu = 0.988) allocation failure; 
[6089:0x73fe720]    30515 ms: Scavenge 233.6 (254.8) -> 218.0 (254.8) MB, 1.0 / 0.0 ms  (average mu = 0.989, current mu = 0.988) allocation failure; 
[6089:0x73fe720]    30523 ms: Scavenge 233.6 (254.8) -> 218.1 (254.8) MB, 1.5 / 0.0 ms  (average mu = 0.989, current mu = 0.988) allocation failure; 
[6089:0x73fe720]    30531 ms: Scavenge 233.7 (254.8) -> 218.1 (254.8) MB, 0.9 / 0.0 ms  (average mu = 0.989, current mu = 0.988) allocation failure; 
[6089:0x73fe720]    30539 ms: Scavenge 233.7 (254.8) -> 218.2 (254.8) MB, 1.0 / 0.0 ms  (average mu = 0.989, current mu = 0.988) allocation failure; 
[6089:0x73fe720]    30547 ms: Scavenge 233.8 (254.8) -> 218.2 (254.8) MB, 1.0 / 0.0 ms  (average mu = 0.989, current mu = 0.988) allocation failure; 
[6089:0x73fe720]    30556 ms: Scavenge 233.8 (254.8) -> 218.3 (254.8) MB, 0.7 / 0.0 ms  (average mu = 0.989, current mu = 0.988) allocation failure; 
[6089:0x73fe720]    30564 ms: Scavenge 233.9 (254.8) -> 218.4 (254.8) MB, 1.5 / 0.0 ms  (average mu = 0.989, current mu = 0.988) allocation failure; 
[6089:0x73fe720]    30573 ms: Scavenge 233.9 (254.8) -> 218.4 (254.8) MB, 1.0 / 0.0 ms  (average mu = 0.989, current mu = 0.988) allocation failure; 
[6089:0x73fe720]    30581 ms: Scavenge 234.0 (254.8) -> 218.4 (254.8) MB, 0.9 / 0.0 ms  (average mu = 0.989, current mu = 0.988) allocation failure; 
[6089:0x73fe720]    30589 ms: Scavenge 234.0 (254.8) -> 218.5 (254.8) MB, 1.2 / 0.0 ms  (average mu = 0.989, current mu = 0.988) allocation failure; 
[6089:0x73fe720]    30596 ms: Scavenge 234.1 (254.8) -> 218.5 (254.8) MB, 1.3 / 0.0 ms  (average mu = 0.989, current mu = 0.988) allocation failure; 
[6089:0x73fe720]    30605 ms: Scavenge 234.1 (254.8) -> 218.6 (254.8) MB, 0.9 / 0.0 ms  (average mu = 0.989, current mu = 0.988) allocation failure; 
[6089:0x73fe720]    30614 ms: Scavenge 234.2 (254.8) -> 218.6 (254.8) MB, 1.7 / 0.0 ms  (average mu = 0.989, current mu = 0.988) allocation failure; 
[6089:0x73fe720]    30622 ms: Scavenge 234.2 (254.8) -> 218.7 (254.8) MB, 0.9 / 0.0 ms  (average mu = 0.989, current mu = 0.988) allocation failure; 
[6089:0x73fe720]    30629 ms: Scavenge 234.3 (254.8) -> 218.7 (254.8) MB, 0.8 / 0.0 ms  (average mu = 0.989, current mu = 0.988) allocation failure; 
[6089:0x73fe720]    30637 ms: Scavenge 234.3 (254.8) -> 218.8 (254.8) MB, 1.2 / 0.0 ms  (average mu = 0.989, current mu = 0.988) allocation failure; 
[6089:0x73fe720]    30646 ms: Scavenge 234.4 (254.8) -> 218.8 (254.8) MB, 0.9 / 0.0 ms  (average mu = 0.989, current mu = 0.988) allocation failure; 
[6089:0x73fe720]    30655 ms: Scavenge 234.4 (254.8) -> 218.9 (255.1) MB, 1.4 / 0.0 ms  (average mu = 0.989, current mu = 0.988) allocation failure; 
[6089:0x73fe720]    30664 ms: Scavenge 234.4 (255.1) -> 218.9 (255.1) MB, 1.1 / 0.0 ms  (average mu = 0.989, current mu = 0.988) allocation failure; 
[6089:0x73fe720]    30672 ms: Scavenge 234.5 (255.1) -> 219.0 (255.1) MB, 1.0 / 0.0 ms  (average mu = 0.989, current mu = 0.988) allocation failure; 
[6089:0x73fe720]    30679 ms: Scavenge 234.5 (255.1) -> 219.0 (255.1) MB, 1.1 / 0.0 ms  (average mu = 0.989, current mu = 0.988) allocation failure; 
[6089:0x73fe720]    30687 ms: Scavenge 234.6 (255.1) -> 219.0 (255.1) MB, 1.3 / 0.0 ms  (average mu = 0.989, current mu = 0.988) allocation failure; 
[6089:0x73fe720]    30695 ms: Scavenge 234.6 (255.1) -> 219.1 (255.1) MB, 1.0 / 0.0 ms  (average mu = 0.989, current mu = 0.988) allocation failure; 
[6089:0x73fe720]    30704 ms: Scavenge 234.7 (255.1) -> 219.1 (255.3) MB, 1.5 / 0.0 ms  (average mu = 0.989, current mu = 0.988) allocation failure; 
[6089:0x73fe720]    30711 ms: Scavenge 234.7 (255.3) -> 219.2 (255.3) MB, 1.1 / 0.0 ms  (average mu = 0.989, current mu = 0.988) allocation failure; 
[6089:0x73fe720]    30719 ms: Scavenge 234.8 (255.3) -> 219.2 (255.3) MB, 0.8 / 0.0 ms  (average mu = 0.989, current mu = 0.988) allocation failure; 
[6089:0x73fe720]    30726 ms: Scavenge 234.8 (255.3) -> 219.3 (255.3) MB, 0.8 / 0.0 ms  (average mu = 0.989, current mu = 0.988) allocation failure; 
[6089:0x73fe720]    30734 ms: Scavenge 234.9 (255.3) -> 219.3 (255.3) MB, 1.0 / 0.0 ms  (average mu = 0.989, current mu = 0.988) allocation failure; 
[6089:0x73fe720]    30743 ms: Scavenge 234.9 (255.3) -> 219.4 (255.6) MB, 1.4 / 0.0 ms  (average mu = 0.989, current mu = 0.988) allocation failure; 
[6089:0x73fe720]    30750 ms: Scavenge 235.0 (255.6) -> 219.4 (255.6) MB, 1.0 / 0.0 ms  (average mu = 0.989, current mu = 0.988) allocation failure; 
[6089:0x73fe720]    30760 ms: Scavenge 235.0 (255.6) -> 219.5 (255.6) MB, 1.5 / 0.0 ms  (average mu = 0.989, current mu = 0.988) allocation failure; 
[6089:0x73fe720]    30767 ms: Scavenge 235.1 (255.6) -> 219.5 (255.6) MB, 0.9 / 0.0 ms  (average mu = 0.989, current mu = 0.988) allocation failure; 
[6089:0x73fe720]    30776 ms: Scavenge 235.1 (255.6) -> 219.6 (255.6) MB, 1.0 / 0.0 ms  (average mu = 0.989, current mu = 0.988) allocation failure; 
[6089:0x73fe720]    30784 ms: Scavenge 235.2 (255.6) -> 219.6 (256.1) MB, 1.2 / 0.0 ms  (average mu = 0.989, current mu = 0.988) allocation failure; 
[6089:0x73fe720]    30792 ms: Scavenge 235.2 (256.1) -> 219.7 (256.1) MB, 1.3 / 0.0 ms  (average mu = 0.989, current mu = 0.988) allocation failure; 
[6089:0x73fe720]    30800 ms: Scavenge 235.3 (256.1) -> 219.7 (256.1) MB, 0.9 / 0.0 ms  (average mu = 0.989, current mu = 0.988) allocation failure; 
[6089:0x73fe720]    30808 ms: Scavenge 235.3 (256.1) -> 219.8 (256.1) MB, 1.3 / 0.0 ms  (average mu = 0.989, current mu = 0.988) allocation failure; 
[6089:0x73fe720]    30816 ms: Scavenge 235.4 (256.1) -> 219.8 (256.1) MB, 0.8 / 0.0 ms  (average mu = 0.989, current mu = 0.988) allocation failure; 
[6089:0x73fe720]    30823 ms: Scavenge 235.4 (256.1) -> 219.9 (256.1) MB, 0.8 / 0.0 ms  (average mu = 0.989, current mu = 0.988) allocation failure; 
[6089:0x73fe720]    30831 ms: Scavenge 235.5 (256.1) -> 219.9 (256.1) MB, 0.9 / 0.0 ms  (average mu = 0.989, current mu = 0.988) allocation failure; 
[6089:0x73fe720]    30840 ms: Scavenge 235.5 (256.1) -> 220.0 (256.1) MB, 1.6 / 0.0 ms  (average mu = 0.989, current mu = 0.988) allocation failure; 
[6089:0x73fe720]    30848 ms: Scavenge 235.5 (256.1) -> 220.0 (256.1) MB, 1.0 / 0.0 ms  (average mu = 0.989, current mu = 0.988) allocation failure; 
[6089:0x73fe720]    30856 ms: Scavenge 235.6 (256.1) -> 220.1 (256.1) MB, 1.3 / 0.0 ms  (average mu = 0.989, current mu = 0.988) allocation failure; 
[6089:0x73fe720]    30864 ms: Scavenge 235.6 (256.1) -> 220.1 (256.3) MB, 1.2 / 0.0 ms  (average mu = 0.989, current mu = 0.988) allocation failure; 
[6089:0x73fe720]    30872 ms: Scavenge 235.7 (256.3) -> 220.1 (256.3) MB, 0.8 / 0.0 ms  (average mu = 0.989, current mu = 0.988) allocation failure; 
[6089:0x73fe720]    30880 ms: Scavenge 235.7 (256.3) -> 220.2 (256.3) MB, 1.1 / 0.0 ms  (average mu = 0.989, current mu = 0.988) allocation failure; 
[6089:0x73fe720]    30888 ms: Scavenge 235.8 (256.3) -> 220.2 (256.3) MB, 1.2 / 0.0 ms  (average mu = 0.989, current mu = 0.988) allocation failure; 
[6089:0x73fe720]    30897 ms: Scavenge 235.8 (256.3) -> 220.3 (256.3) MB, 1.0 / 0.0 ms  (average mu = 0.989, current mu = 0.988) allocation failure; 
[6089:0x73fe720]    30905 ms: Scavenge 235.9 (256.3) -> 220.3 (256.6) MB, 0.9 / 0.0 ms  (average mu = 0.989, current mu = 0.988) allocation failure; 
[6089:0x73fe720]    30913 ms: Scavenge 235.9 (256.6) -> 220.4 (256.8) MB, 1.2 / 0.0 ms  (average mu = 0.989, current mu = 0.988) allocation failure; 
[6089:0x73fe720]    30920 ms: Scavenge 236.0 (256.8) -> 220.4 (256.8) MB, 0.9 / 0.0 ms  (average mu = 0.989, current mu = 0.988) allocation failure; 
[6089:0x73fe720]    30928 ms: Scavenge 236.0 (256.8) -> 220.5 (256.8) MB, 0.9 / 0.0 ms  (average mu = 0.989, current mu = 0.988) allocation failure; 
[6089:0x73fe720]    30936 ms: Scavenge 236.1 (256.8) -> 220.5 (256.8) MB, 1.1 / 0.0 ms  (average mu = 0.989, current mu = 0.988) allocation failure; 
[6089:0x73fe720]    30944 ms: Scavenge 236.1 (256.8) -> 220.6 (256.8) MB, 1.6 / 0.0 ms  (average mu = 0.989, current mu = 0.988) allocation failure; 
[6089:0x73fe720]    30952 ms: Scavenge 236.2 (256.8) -> 220.6 (256.8) MB, 1.0 / 0.0 ms  (average mu = 0.989, current mu = 0.988) allocation failure; 
[6089:0x73fe720]    30960 ms: Scavenge 236.2 (256.8) -> 220.7 (256.8) MB, 0.9 / 0.0 ms  (average mu = 0.989, current mu = 0.988) allocation failure; 
[6089:0x73fe720]    30968 ms: Scavenge 236.3 (256.8) -> 220.7 (256.8) MB, 1.5 / 0.0 ms  (average mu = 0.989, current mu = 0.988) allocation failure; 
[6089:0x73fe720]    30976 ms: Scavenge 236.3 (256.8) -> 220.8 (256.8) MB, 0.9 / 0.0 ms  (average mu = 0.989, current mu = 0.988) allocation failure; 
[6089:0x73fe720]    30984 ms: Scavenge 236.4 (256.8) -> 220.8 (256.8) MB, 1.0 / 0.0 ms  (average mu = 0.989, current mu = 0.988) allocation failure; 
[6089:0x73fe720]    30992 ms: Scavenge 236.4 (256.8) -> 220.9 (257.1) MB, 1.2 / 0.0 ms  (average mu = 0.989, current mu = 0.988) allocation failure; 
[6089:0x73fe720]    31001 ms: Scavenge 236.5 (257.1) -> 220.9 (257.1) MB, 1.2 / 0.0 ms  (average mu = 0.989, current mu = 0.988) allocation failure; 
[6089:0x73fe720]    31009 ms: Scavenge 236.5 (257.1) -> 221.0 (257.1) MB, 1.4 / 0.0 ms  (average mu = 0.989, current mu = 0.988) allocation failure; 
[6089:0x73fe720]    31017 ms: Scavenge 236.6 (257.1) -> 221.0 (257.1) MB, 0.9 / 0.0 ms  (average mu = 0.989, current mu = 0.988) allocation failure; 
[6089:0x73fe720]    31024 ms: Scavenge 236.6 (257.1) -> 221.1 (257.1) MB, 0.8 / 0.0 ms  (average mu = 0.989, current mu = 0.988) allocation failure; 
[6089:0x73fe720]    31032 ms: Scavenge 236.6 (257.1) -> 221.1 (257.3) MB, 0.9 / 0.0 ms  (average mu = 0.989, current mu = 0.988) allocation failure; 
[6089:0x73fe720]    31040 ms: Scavenge 236.7 (257.3) -> 221.2 (257.3) MB, 1.0 / 0.0 ms  (average mu = 0.989, current mu = 0.988) allocation failure; 
[6089:0x73fe720]    31049 ms: Scavenge 236.7 (257.3) -> 221.2 (257.3) MB, 1.6 / 0.0 ms  (average mu = 0.989, current mu = 0.988) allocation failure; 
[6089:0x73fe720]    31057 ms: Scavenge 236.8 (257.3) -> 221.2 (257.3) MB, 0.9 / 0.0 ms  (average mu = 0.989, current mu = 0.988) allocation failure; 
[6089:0x73fe720]    31065 ms: Scavenge 236.8 (257.3) -> 221.3 (257.3) MB, 1.5 / 0.0 ms  (average mu = 0.989, current mu = 0.988) allocation failure; 
[6089:0x73fe720]    31073 ms: Scavenge 236.9 (257.3) -> 221.3 (257.6) MB, 0.9 / 0.0 ms  (average mu = 0.989, current mu = 0.988) allocation failure; 
[6089:0x73fe720]    31080 ms: Scavenge 236.9 (257.6) -> 221.4 (257.6) MB, 0.9 / 0.0 ms  (average mu = 0.989, current mu = 0.988) allocation failure; 
[6089:0x73fe720]    31088 ms: Scavenge 237.0 (257.6) -> 221.4 (257.6) MB, 0.8 / 0.0 ms  (average mu = 0.989, current mu = 0.988) allocation failure; 
[6089:0x73fe720]    31097 ms: Scavenge 237.0 (257.6) -> 221.5 (257.6) MB, 1.4 / 0.0 ms  (average mu = 0.989, current mu = 0.988) allocation failure; 
[6089:0x73fe720]    31108 ms: Scavenge 237.1 (257.6) -> 221.5 (257.6) MB, 1.3 / 0.0 ms  (average mu = 0.989, current mu = 0.988) allocation failure; 
[6089:0x73fe720]    31119 ms: Scavenge 237.1 (257.6) -> 221.6 (257.8) MB, 1.4 / 0.0 ms  (average mu = 0.989, current mu = 0.988) allocation failure; 
[6089:0x73fe720]    31128 ms: Scavenge 237.2 (257.8) -> 221.6 (257.8) MB, 1.2 / 0.0 ms  (average mu = 0.989, current mu = 0.988) allocation failure; 
[6089:0x73fe720]    31137 ms: Scavenge 237.2 (257.8) -> 221.7 (257.8) MB, 1.2 / 0.0 ms  (average mu = 0.989, current mu = 0.988) allocation failure; 
[6089:0x73fe720]    31148 ms: Scavenge 237.3 (257.8) -> 221.7 (257.8) MB, 1.1 / 0.0 ms  (average mu = 0.989, current mu = 0.988) allocation failure; 
[6089:0x73fe720]    31159 ms: Scavenge 237.3 (257.8) -> 221.8 (257.8) MB, 1.3 / 0.0 ms  (average mu = 0.989, current mu = 0.988) allocation failure; 
[6089:0x73fe720]    31168 ms: Scavenge 237.4 (257.8) -> 221.8 (258.1) MB, 0.9 / 0.0 ms  (average mu = 0.989, current mu = 0.988) allocation failure; 
[6089:0x73fe720]    31176 ms: Scavenge 237.4 (258.1) -> 221.9 (258.1) MB, 0.9 / 0.0 ms  (average mu = 0.989, current mu = 0.988) allocation failure; 
[6089:0x73fe720]    31184 ms: Scavenge 237.5 (258.1) -> 222.0 (258.1) MB, 1.0 / 0.0 ms  (average mu = 0.989, current mu = 0.988) allocation failure; 
[6089:0x73fe720]    31191 ms: Scavenge 237.5 (258.1) -> 222.0 (258.1) MB, 0.8 / 0.0 ms  (average mu = 0.989, current mu = 0.988) allocation failure; 
[6089:0x73fe720]    31199 ms: Scavenge 237.6 (258.1) -> 222.0 (258.1) MB, 1.3 / 0.0 ms  (average mu = 0.989, current mu = 0.988) allocation failure; 
[6089:0x73fe720]    31207 ms: Scavenge 237.6 (258.1) -> 222.1 (258.3) MB, 1.3 / 0.0 ms  (average mu = 0.989, current mu = 0.988) allocation failure; 
[6089:0x73fe720]    31216 ms: Scavenge 237.7 (258.3) -> 222.1 (258.3) MB, 0.9 / 0.0 ms  (average mu = 0.989, current mu = 0.988) allocation failure; 
[6089:0x73fe720]    31225 ms: Scavenge 237.7 (258.3) -> 222.2 (258.3) MB, 1.6 / 0.0 ms  (average mu = 0.989, current mu = 0.988) allocation failure; 
[6089:0x73fe720]    31233 ms: Scavenge 237.7 (258.3) -> 222.2 (258.3) MB, 0.8 / 0.0 ms  (average mu = 0.989, current mu = 0.988) allocation failure; 
[6089:0x73fe720]    31240 ms: Scavenge 237.8 (258.3) -> 222.3 (258.3) MB, 0.8 / 0.0 ms  (average mu = 0.989, current mu = 0.988) allocation failure; 
[6089:0x73fe720]    31248 ms: Scavenge 237.8 (258.3) -> 222.3 (258.6) MB, 0.9 / 0.0 ms  (average mu = 0.989, current mu = 0.988) allocation failure; 
[6089:0x73fe720]    31256 ms: Scavenge 237.9 (258.6) -> 222.3 (258.6) MB, 1.2 / 0.0 ms  (average mu = 0.989, current mu = 0.988) allocation failure; 
[6089:0x73fe720]    31265 ms: Scavenge 238.1 (258.6) -> 222.6 (258.8) MB, 1.0 / 0.0 ms  (average mu = 0.989, current mu = 0.988) allocation failure; 
[6089:0x73fe720]    31274 ms: Scavenge 238.2 (258.8) -> 222.6 (258.8) MB, 1.7 / 0.0 ms  (average mu = 0.989, current mu = 0.988) allocation failure; 
[6089:0x73fe720]    31282 ms: Scavenge 238.2 (258.8) -> 222.7 (258.8) MB, 0.9 / 0.0 ms  (average mu = 0.989, current mu = 0.988) allocation failure; 
[6089:0x73fe720]    31289 ms: Scavenge 238.3 (258.8) -> 222.7 (258.8) MB, 0.9 / 0.0 ms  (average mu = 0.989, current mu = 0.988) allocation failure; 
[6089:0x73fe720]    31297 ms: Scavenge 238.3 (258.8) -> 222.8 (258.8) MB, 1.1 / 0.0 ms  (average mu = 0.989, current mu = 0.988) allocation failure; 
[6089:0x73fe720]    31305 ms: Scavenge 238.4 (258.8) -> 222.8 (259.1) MB, 1.4 / 0.0 ms  (average mu = 0.989, current mu = 0.988) allocation failure; 
[6089:0x73fe720]    31314 ms: Scavenge 238.4 (259.1) -> 222.9 (259.1) MB, 0.9 / 0.0 ms  (average mu = 0.989, current mu = 0.988) allocation failure; 
[6089:0x73fe720]    31322 ms: Scavenge 238.5 (259.1) -> 222.9 (259.1) MB, 1.5 / 0.0 ms  (average mu = 0.989, current mu = 0.988) allocation failure; 
[6089:0x73fe720]    31330 ms: Scavenge 238.5 (259.1) -> 223.0 (259.1) MB, 0.9 / 0.0 ms  (average mu = 0.989, current mu = 0.988) allocation failure; 
[6089:0x73fe720]    31338 ms: Scavenge 238.6 (259.1) -> 223.0 (259.1) MB, 0.9 / 0.0 ms  (average mu = 0.989, current mu = 0.988) allocation failure; 
[6089:0x73fe720]    31346 ms: Scavenge 238.6 (259.1) -> 223.1 (259.3) MB, 1.2 / 0.0 ms  (average mu = 0.989, current mu = 0.988) allocation failure; 
[6089:0x73fe720]    31355 ms: Scavenge 238.7 (259.3) -> 223.1 (259.3) MB, 1.1 / 0.0 ms  (average mu = 0.989, current mu = 0.988) allocation failure; 
[6089:0x73fe720]    31362 ms: Scavenge 238.7 (259.3) -> 223.2 (259.3) MB, 1.0 / 0.0 ms  (average mu = 0.989, current mu = 0.988) allocation failure; 
[6089:0x73fe720]    31371 ms: Scavenge 238.8 (259.3) -> 223.2 (259.3) MB, 1.6 / 0.0 ms  (average mu = 0.989, current mu = 0.988) allocation failure; 
[6089:0x73fe720]    31379 ms: Scavenge 238.8 (259.3) -> 223.3 (259.3) MB, 0.8 / 0.0 ms  (average mu = 0.989, current mu = 0.988) allocation failure; 
[6089:0x73fe720]    31387 ms: Scavenge 238.9 (259.3) -> 223.3 (259.8) MB, 1.1 / 0.0 ms  (average mu = 0.989, current mu = 0.988) allocation failure; 
[6089:0x73fe720]    31394 ms: Scavenge 238.9 (259.8) -> 223.4 (259.8) MB, 1.2 / 0.0 ms  (average mu = 0.989, current mu = 0.988) allocation failure; 
[6089:0x73fe720]    31402 ms: Scavenge 238.9 (259.8) -> 223.4 (259.8) MB, 1.3 / 0.0 ms  (average mu = 0.989, current mu = 0.988) allocation failure; 
[6089:0x73fe720]    31410 ms: Scavenge 239.0 (259.8) -> 223.5 (259.8) MB, 1.2 / 0.0 ms  (average mu = 0.989, current mu = 0.988) allocation failure; 
[6089:0x73fe720]    31418 ms: Scavenge 239.0 (259.8) -> 223.5 (259.8) MB, 0.9 / 0.0 ms  (average mu = 0.989, current mu = 0.988) allocation failure; 
[6089:0x73fe720]    31426 ms: Scavenge 239.1 (259.8) -> 223.5 (259.8) MB, 1.3 / 0.0 ms  (average mu = 0.989, current mu = 0.988) allocation failure; 
[6089:0x73fe720]    31434 ms: Scavenge 239.1 (259.8) -> 223.6 (259.8) MB, 1.4 / 0.0 ms  (average mu = 0.989, current mu = 0.988) allocation failure; 
[6089:0x73fe720]    31441 ms: Scavenge 239.2 (259.8) -> 223.7 (259.8) MB, 0.7 / 0.0 ms  (average mu = 0.989, current mu = 0.988) allocation failure; 
[6089:0x73fe720]    31449 ms: Scavenge 239.2 (259.8) -> 223.7 (260.1) MB, 1.0 / 0.0 ms  (average mu = 0.989, current mu = 0.988) allocation failure; 
[6089:0x73fe720]    31458 ms: Scavenge 239.3 (260.1) -> 223.8 (260.1) MB, 1.4 / 0.0 ms  (average mu = 0.989, current mu = 0.988) allocation failure; 
[6089:0x73fe720]    31466 ms: Scavenge 239.3 (260.1) -> 223.8 (260.1) MB, 1.0 / 0.0 ms  (average mu = 0.989, current mu = 0.988) allocation failure; 
[6089:0x73fe720]    31473 ms: Scavenge 239.4 (260.1) -> 223.8 (260.1) MB, 0.9 / 0.0 ms  (average mu = 0.989, current mu = 0.988) allocation failure; 
[6089:0x73fe720]    31482 ms: Scavenge 239.4 (260.1) -> 223.9 (260.1) MB, 1.5 / 0.0 ms  (average mu = 0.989, current mu = 0.988) allocation failure; 
[6089:0x73fe720]    31490 ms: Scavenge 239.5 (260.1) -> 223.9 (260.1) MB, 1.0 / 0.0 ms  (average mu = 0.989, current mu = 0.988) allocation failure; 
[6089:0x73fe720]    31497 ms: Scavenge 239.5 (260.1) -> 224.0 (260.1) MB, 0.9 / 0.0 ms  (average mu = 0.989, current mu = 0.988) allocation failure; 
[6089:0x73fe720]    31505 ms: Scavenge 239.6 (260.1) -> 224.0 (260.3) MB, 0.9 / 0.0 ms  (average mu = 0.989, current mu = 0.988) allocation failure; 
[6089:0x73fe720]    31513 ms: Scavenge 239.6 (260.3) -> 224.1 (260.3) MB, 1.2 / 0.0 ms  (average mu = 0.989, current mu = 0.988) allocation failure; 
[6089:0x73fe720]    31521 ms: Scavenge 239.7 (260.3) -> 224.1 (260.3) MB, 1.1 / 0.0 ms  (average mu = 0.989, current mu = 0.988) allocation failure; 
[6089:0x73fe720]    31528 ms: Scavenge 239.7 (260.3) -> 224.2 (260.3) MB, 0.9 / 0.0 ms  (average mu = 0.989, current mu = 0.988) allocation failure; 
[6089:0x73fe720]    31537 ms: Scavenge 239.8 (260.3) -> 224.2 (260.3) MB, 1.4 / 0.0 ms  (average mu = 0.989, current mu = 0.988) allocation failure; 
[6089:0x73fe720]    31545 ms: Scavenge 239.8 (260.3) -> 224.3 (260.6) MB, 1.1 / 0.0 ms  (average mu = 0.989, current mu = 0.988) allocation failure; 
[6089:0x73fe720]    31554 ms: Scavenge 239.9 (260.6) -> 224.3 (260.6) MB, 1.3 / 0.0 ms  (average mu = 0.989, current mu = 0.988) allocation failure; 
[6089:0x73fe720]    31562 ms: Scavenge 239.9 (260.6) -> 224.4 (260.6) MB, 1.4 / 0.0 ms  (average mu = 0.989, current mu = 0.988) allocation failure; 
[6089:0x73fe720]    31570 ms: Scavenge 240.0 (260.6) -> 224.4 (260.6) MB, 1.1 / 0.0 ms  (average mu = 0.989, current mu = 0.988) allocation failure; 
[6089:0x73fe720]    31579 ms: Scavenge 240.0 (260.6) -> 224.5 (260.6) MB, 1.4 / 0.0 ms  (average mu = 0.989, current mu = 0.988) allocation failure; 
[6089:0x73fe720]    31588 ms: Scavenge 240.0 (260.6) -> 224.5 (260.6) MB, 1.0 / 0.0 ms  (average mu = 0.989, current mu = 0.988) allocation failure; 
[6089:0x73fe720]    31598 ms: Scavenge 240.1 (260.6) -> 224.6 (260.8) MB, 1.4 / 0.0 ms  (average mu = 0.989, current mu = 0.988) allocation failure; 
[6089:0x73fe720]    31608 ms: Scavenge 240.1 (260.8) -> 224.6 (260.8) MB, 1.6 / 0.0 ms  (average mu = 0.989, current mu = 0.988) allocation failure; 
[6089:0x73fe720]    31617 ms: Scavenge 240.2 (260.8) -> 224.6 (260.8) MB, 1.1 / 0.0 ms  (average mu = 0.989, current mu = 0.988) allocation failure; 
[6089:0x73fe720]    31624 ms: Scavenge 240.2 (260.8) -> 224.7 (260.8) MB, 1.0 / 0.0 ms  (average mu = 0.989, current mu = 0.988) allocation failure; 
[6089:0x73fe720]    31633 ms: Scavenge 240.3 (260.8) -> 224.7 (260.8) MB, 0.9 / 0.0 ms  (average mu = 0.989, current mu = 0.988) allocation failure; 
[6089:0x73fe720]    31641 ms: Scavenge 240.3 (260.8) -> 224.8 (261.1) MB, 1.1 / 0.0 ms  (average mu = 0.989, current mu = 0.988) allocation failure; 
[6089:0x73fe720]    31649 ms: Scavenge 240.4 (261.1) -> 224.8 (261.1) MB, 1.2 / 0.0 ms  (average mu = 0.989, current mu = 0.988) allocation failure; 
[6089:0x73fe720]    31657 ms: Scavenge 240.4 (261.1) -> 224.9 (261.1) MB, 1.0 / 0.0 ms  (average mu = 0.989, current mu = 0.988) allocation failure; 
[6089:0x73fe720]    31665 ms: Scavenge 240.5 (261.1) -> 224.9 (261.1) MB, 1.1 / 0.0 ms  (average mu = 0.989, current mu = 0.988) allocation failure; 
[6089:0x73fe720]    31674 ms: Scavenge 240.5 (261.1) -> 225.0 (261.1) MB, 1.8 / 0.0 ms  (average mu = 0.989, current mu = 0.988) allocation failure; 
[6089:0x73fe720]    31682 ms: Scavenge 240.6 (261.1) -> 225.0 (261.6) MB, 1.1 / 0.0 ms  (average mu = 0.989, current mu = 0.988) allocation failure; 
[6089:0x73fe720]    31690 ms: Scavenge 240.6 (261.6) -> 225.1 (261.6) MB, 1.0 / 0.0 ms  (average mu = 0.989, current mu = 0.988) allocation failure; 
[6089:0x73fe720]    31697 ms: Scavenge 240.7 (261.6) -> 225.1 (261.6) MB, 0.8 / 0.0 ms  (average mu = 0.989, current mu = 0.988) allocation failure; 
[6089:0x73fe720]    31705 ms: Scavenge 240.7 (261.6) -> 225.2 (261.6) MB, 0.9 / 0.0 ms  (average mu = 0.989, current mu = 0.988) allocation failure; 
[6089:0x73fe720]    31713 ms: Scavenge 240.8 (261.6) -> 225.2 (261.6) MB, 1.0 / 0.0 ms  (average mu = 0.989, current mu = 0.988) allocation failure; 
[6089:0x73fe720]    31721 ms: Scavenge 240.8 (261.6) -> 225.3 (261.6) MB, 1.5 / 0.0 ms  (average mu = 0.989, current mu = 0.988) allocation failure; 
[6089:0x73fe720]    31730 ms: Scavenge 240.9 (261.6) -> 225.3 (261.6) MB, 1.3 / 0.0 ms  (average mu = 0.989, current mu = 0.988) allocation failure; 
[6089:0x73fe720]    31739 ms: Scavenge 240.9 (261.6) -> 225.4 (261.6) MB, 1.2 / 0.0 ms  (average mu = 0.989, current mu = 0.988) allocation failure; 
[6089:0x73fe720]    31747 ms: Scavenge 241.0 (261.6) -> 225.4 (261.6) MB, 0.9 / 0.0 ms  (average mu = 0.989, current mu = 0.988) allocation failure; 
[6089:0x73fe720]    31755 ms: Scavenge 241.0 (261.6) -> 225.5 (261.6) MB, 1.0 / 0.0 ms  (average mu = 0.989, current mu = 0.988) allocation failure; 
[6089:0x73fe720]    31764 ms: Scavenge 241.1 (261.6) -> 225.5 (261.8) MB, 1.7 / 0.0 ms  (average mu = 0.989, current mu = 0.988) allocation failure; 
[6089:0x73fe720]    31771 ms: Scavenge 241.1 (261.8) -> 225.6 (261.8) MB, 1.1 / 0.0 ms  (average mu = 0.989, current mu = 0.988) allocation failure; 
[6089:0x73fe720]    31779 ms: Scavenge 241.1 (261.8) -> 225.6 (261.8) MB, 0.9 / 0.0 ms  (average mu = 0.989, current mu = 0.988) allocation failure; 
[6089:0x73fe720]    31788 ms: Scavenge 241.2 (261.8) -> 225.7 (261.8) MB, 1.1 / 0.0 ms  (average mu = 0.989, current mu = 0.988) allocation failure; 
[6089:0x73fe720]    31795 ms: Scavenge 241.2 (261.8) -> 225.7 (261.8) MB, 0.9 / 0.0 ms  (average mu = 0.989, current mu = 0.988) allocation failure; 
[6089:0x73fe720]    31803 ms: Scavenge 241.3 (261.8) -> 225.7 (262.1) MB, 1.0 / 0.0 ms  (average mu = 0.989, current mu = 0.988) allocation failure; 
[6089:0x73fe720]    31811 ms: Scavenge 241.3 (262.1) -> 225.8 (262.1) MB, 1.5 / 0.0 ms  (average mu = 0.989, current mu = 0.988) allocation failure; 
[6089:0x73fe720]    31819 ms: Scavenge 241.4 (262.1) -> 225.8 (262.1) MB, 1.4 / 0.0 ms  (average mu = 0.989, current mu = 0.988) allocation failure; 
[6089:0x73fe720]    31827 ms: Scavenge 241.4 (262.1) -> 225.9 (262.1) MB, 0.9 / 0.0 ms  (average mu = 0.989, current mu = 0.988) allocation failure; 
[6089:0x73fe720]    31835 ms: Scavenge 241.5 (262.1) -> 225.9 (262.1) MB, 0.9 / 0.0 ms  (average mu = 0.989, current mu = 0.988) allocation failure; 
[6089:0x73fe720]    31843 ms: Scavenge 241.5 (262.1) -> 226.0 (262.3) MB, 1.1 / 0.0 ms  (average mu = 0.989, current mu = 0.988) allocation failure; 
[6089:0x73fe720]    31851 ms: Scavenge 241.6 (262.3) -> 226.0 (262.3) MB, 0.9 / 0.0 ms  (average mu = 0.989, current mu = 0.988) allocation failure; 
[6089:0x73fe720]    31858 ms: Scavenge 241.6 (262.3) -> 226.1 (262.3) MB, 0.9 / 0.0 ms  (average mu = 0.989, current mu = 0.988) allocation failure; 
[6089:0x73fe720]    31866 ms: Scavenge 241.7 (262.3) -> 226.1 (262.3) MB, 1.2 / 0.0 ms  (average mu = 0.989, current mu = 0.988) allocation failure; 
[6089:0x73fe720]    31875 ms: Scavenge 241.7 (262.3) -> 226.2 (262.3) MB, 1.5 / 0.0 ms  (average mu = 0.989, current mu = 0.988) allocation failure; 
[6089:0x73fe720]    31883 ms: Scavenge 241.8 (262.3) -> 226.2 (262.3) MB, 0.9 / 0.0 ms  (average mu = 0.989, current mu = 0.988) allocation failure; 
[6089:0x73fe720]    31891 ms: Scavenge 241.8 (262.3) -> 226.3 (262.6) MB, 1.1 / 0.0 ms  (average mu = 0.989, current mu = 0.988) allocation failure; 
[6089:0x73fe720]    31900 ms: Scavenge 241.9 (262.6) -> 226.4 (262.6) MB, 0.9 / 0.0 ms  (average mu = 0.989, current mu = 0.988) allocation failure; 
[6089:0x73fe720]    31908 ms: Scavenge 241.9 (262.6) -> 226.4 (262.6) MB, 1.6 / 0.0 ms  (average mu = 0.989, current mu = 0.988) allocation failure; 
[6089:0x73fe720]    31917 ms: Scavenge 242.0 (262.6) -> 226.4 (262.6) MB, 1.4 / 0.0 ms  (average mu = 0.989, current mu = 0.988) allocation failure; 
[6089:0x73fe720]    31925 ms: Scavenge 242.0 (262.6) -> 226.5 (262.6) MB, 0.9 / 0.0 ms  (average mu = 0.989, current mu = 0.988) allocation failure; 
[6089:0x73fe720]    31932 ms: Scavenge 242.1 (262.6) -> 226.5 (262.8) MB, 0.9 / 0.0 ms  (average mu = 0.989, current mu = 0.988) allocation failure; 
[6089:0x73fe720]    31940 ms: Scavenge 242.1 (262.8) -> 226.6 (262.8) MB, 1.0 / 0.0 ms  (average mu = 0.989, current mu = 0.988) allocation failure; 
[6089:0x73fe720]    31947 ms: Scavenge 242.2 (262.8) -> 226.6 (262.8) MB, 0.9 / 0.0 ms  (average mu = 0.989, current mu = 0.988) allocation failure; 
[6089:0x73fe720]    31955 ms: Scavenge 242.2 (262.8) -> 226.7 (262.8) MB, 0.9 / 0.0 ms  (average mu = 0.989, current mu = 0.988) allocation failure; 
[6089:0x73fe720]    31962 ms: Scavenge 242.2 (262.8) -> 226.7 (262.8) MB, 0.9 / 0.0 ms  (average mu = 0.989, current mu = 0.988) allocation failure; 
[6089:0x73fe720]    31970 ms: Scavenge 242.3 (262.8) -> 226.8 (263.1) MB, 1.0 / 0.0 ms  (average mu = 0.989, current mu = 0.988) allocation failure; 
[6089:0x73fe720]    31980 ms: Scavenge 242.3 (263.1) -> 226.8 (263.1) MB, 1.2 / 0.0 ms  (average mu = 0.989, current mu = 0.988) allocation failure; 
[6089:0x73fe720]    31990 ms: Scavenge 242.4 (263.1) -> 226.8 (263.1) MB, 1.1 / 0.0 ms  (average mu = 0.989, current mu = 0.988) allocation failure; 
[6089:0x73fe720]    31999 ms: Scavenge 242.4 (263.1) -> 226.9 (263.1) MB, 1.6 / 0.0 ms  (average mu = 0.989, current mu = 0.988) allocation failure; 
[6089:0x73fe720]    32008 ms: Scavenge 242.5 (263.1) -> 227.0 (263.1) MB, 1.5 / 0.0 ms  (average mu = 0.989, current mu = 0.988) allocation failure; 
[6089:0x73fe720]    32018 ms: Scavenge 242.5 (263.1) -> 227.0 (263.3) MB, 0.9 / 0.0 ms  (average mu = 0.989, current mu = 0.988) allocation failure; 
[6089:0x73fe720]    32028 ms: Scavenge 242.6 (263.3) -> 227.0 (263.3) MB, 1.2 / 0.0 ms  (average mu = 0.989, current mu = 0.988) allocation failure; 
[6089:0x73fe720]    32036 ms: Scavenge 242.6 (263.3) -> 227.1 (263.3) MB, 0.9 / 0.0 ms  (average mu = 0.989, current mu = 0.988) allocation failure; 
[6089:0x73fe720]    32044 ms: Scavenge 242.7 (263.3) -> 227.1 (263.3) MB, 1.3 / 0.0 ms  (average mu = 0.989, current mu = 0.988) allocation failure; 
[6089:0x73fe720]    32053 ms: Scavenge 242.7 (263.3) -> 227.2 (263.3) MB, 1.1 / 0.0 ms  (average mu = 0.989, current mu = 0.988) allocation failure; 
[6089:0x73fe720]    32062 ms: Scavenge 242.8 (263.3) -> 227.3 (263.6) MB, 1.9 / 0.0 ms  (average mu = 0.989, current mu = 0.988) allocation failure; 
[6089:0x73fe720]    32071 ms: Scavenge 242.8 (263.6) -> 227.3 (263.6) MB, 1.0 / 0.0 ms  (average mu = 0.989, current mu = 0.988) allocation failure; 
[6089:0x73fe720]    32080 ms: Scavenge 242.9 (263.6) -> 227.3 (263.6) MB, 0.8 / 0.0 ms  (average mu = 0.989, current mu = 0.988) allocation failure; 
[6089:0x73fe720]    32089 ms: Scavenge 242.9 (263.6) -> 227.4 (263.6) MB, 1.6 / 0.0 ms  (average mu = 0.989, current mu = 0.988) allocation failure; 
[6089:0x73fe720]    32100 ms: Scavenge 243.0 (263.6) -> 227.4 (263.6) MB, 0.9 / 0.0 ms  (average mu = 0.989, current mu = 0.988) allocation failure; 
[6089:0x73fe720]    32109 ms: Scavenge 243.0 (263.6) -> 227.5 (263.8) MB, 1.1 / 0.0 ms  (average mu = 0.989, current mu = 0.988) allocation failure; 
[6089:0x73fe720]    32118 ms: Scavenge 243.1 (263.8) -> 227.5 (263.8) MB, 1.5 / 0.0 ms  (average mu = 0.989, current mu = 0.988) allocation failure; 
[6089:0x73fe720]    32126 ms: Scavenge 243.1 (263.8) -> 227.6 (263.8) MB, 0.9 / 0.0 ms  (average mu = 0.989, current mu = 0.988) allocation failure; 
[6089:0x73fe720]    32135 ms: Scavenge 243.2 (263.8) -> 227.6 (263.8) MB, 1.2 / 0.0 ms  (average mu = 0.989, current mu = 0.988) allocation failure; 
[6089:0x73fe720]    32143 ms: Scavenge 243.2 (263.8) -> 227.7 (263.8) MB, 1.1 / 0.0 ms  (average mu = 0.989, current mu = 0.988) allocation failure; 
[6089:0x73fe720]    32152 ms: Scavenge 243.3 (263.8) -> 227.7 (264.1) MB, 1.7 / 0.0 ms  (average mu = 0.989, current mu = 0.988) allocation failure; 
[6089:0x73fe720]    32161 ms: Scavenge 243.3 (264.1) -> 227.8 (264.1) MB, 1.1 / 0.0 ms  (average mu = 0.989, current mu = 0.988) allocation failure; 
[6089:0x73fe720]    32169 ms: Scavenge 243.3 (264.1) -> 227.8 (264.1) MB, 1.0 / 0.0 ms  (average mu = 0.989, current mu = 0.988) allocation failure; 
[6089:0x73fe720]    32177 ms: Scavenge 243.4 (264.1) -> 227.9 (264.1) MB, 1.1 / 0.0 ms  (average mu = 0.989, current mu = 0.988) allocation failure; 
[6089:0x73fe720]    32186 ms: Scavenge 243.4 (264.1) -> 227.9 (264.1) MB, 1.3 / 0.0 ms  (average mu = 0.989, current mu = 0.988) allocation failure; 
[6089:0x73fe720]    32194 ms: Scavenge 243.5 (264.1) -> 228.0 (264.1) MB, 1.3 / 0.0 ms  (average mu = 0.989, current mu = 0.988) allocation failure; 
[6089:0x73fe720]    32203 ms: Scavenge 243.5 (264.1) -> 228.0 (264.3) MB, 1.2 / 0.0 ms  (average mu = 0.989, current mu = 0.988) allocation failure; 
[6089:0x73fe720]    32212 ms: Scavenge 243.6 (264.3) -> 228.0 (264.3) MB, 1.0 / 0.0 ms  (average mu = 0.989, current mu = 0.988) allocation failure; 
[6089:0x73fe720]    32221 ms: Scavenge 243.6 (264.3) -> 228.1 (264.3) MB, 1.1 / 0.0 ms  (average mu = 0.989, current mu = 0.988) allocation failure; 
[6089:0x73fe720]    32229 ms: Scavenge 243.7 (264.3) -> 228.2 (264.3) MB, 1.9 / 0.0 ms  (average mu = 0.989, current mu = 0.988) allocation failure; 
[6089:0x73fe720]    32237 ms: Scavenge 243.7 (264.3) -> 228.2 (264.3) MB, 0.9 / 0.0 ms  (average mu = 0.989, current mu = 0.988) allocation failure; 
[6089:0x73fe720]    32245 ms: Scavenge 243.8 (264.3) -> 228.2 (264.6) MB, 1.0 / 0.0 ms  (average mu = 0.989, current mu = 0.988) allocation failure; 
[6089:0x73fe720]    32254 ms: Scavenge 243.8 (264.6) -> 228.3 (264.6) MB, 1.0 / 0.0 ms  (average mu = 0.989, current mu = 0.988) allocation failure; 
[6089:0x73fe720]    32262 ms: Scavenge 243.9 (264.6) -> 228.3 (264.6) MB, 1.3 / 0.0 ms  (average mu = 0.989, current mu = 0.988) allocation failure; 
[6089:0x73fe720]    32271 ms: Scavenge 243.9 (264.6) -> 228.4 (264.6) MB, 1.8 / 0.0 ms  (average mu = 0.989, current mu = 0.988) allocation failure; 
[6089:0x73fe720]    32279 ms: Scavenge 244.0 (264.6) -> 228.5 (264.6) MB, 1.0 / 0.0 ms  (average mu = 0.989, current mu = 0.988) allocation failure; 
[6089:0x73fe720]    32287 ms: Scavenge 244.0 (264.6) -> 228.5 (264.8) MB, 1.0 / 0.0 ms  (average mu = 0.989, current mu = 0.988) allocation failure; 
[6089:0x73fe720]    32295 ms: Scavenge 244.1 (264.8) -> 228.6 (264.8) MB, 1.1 / 0.0 ms  (average mu = 0.989, current mu = 0.988) allocation failure; 
[6089:0x73fe720]    32303 ms: Scavenge 244.1 (264.8) -> 228.6 (264.8) MB, 0.9 / 0.0 ms  (average mu = 0.989, current mu = 0.988) allocation failure; 
[6089:0x73fe720]    32310 ms: Scavenge 244.2 (264.8) -> 228.6 (264.8) MB, 0.9 / 0.0 ms  (average mu = 0.989, current mu = 0.988) allocation failure; 
[6089:0x73fe720]    32320 ms: Scavenge 244.2 (264.8) -> 228.7 (264.8) MB, 0.9 / 0.0 ms  (average mu = 0.989, current mu = 0.988) allocation failure; 
[6089:0x73fe720]    32329 ms: Scavenge 244.3 (264.8) -> 228.7 (265.1) MB, 1.1 / 0.0 ms  (average mu = 0.989, current mu = 0.988) allocation failure; 
[6089:0x73fe720]    32337 ms: Scavenge 244.3 (265.1) -> 228.8 (265.1) MB, 0.9 / 0.0 ms  (average mu = 0.989, current mu = 0.988) allocation failure; 
[6089:0x73fe720]    32345 ms: Scavenge 244.4 (265.1) -> 228.8 (265.1) MB, 1.0 / 0.0 ms  (average mu = 0.989, current mu = 0.988) allocation failure; 
[6089:0x73fe720]    32354 ms: Scavenge 244.4 (265.1) -> 228.9 (265.1) MB, 2.0 / 0.0 ms  (average mu = 0.989, current mu = 0.988) allocation failure; 
[6089:0x73fe720]    32362 ms: Scavenge 244.4 (265.1) -> 228.9 (265.1) MB, 1.1 / 0.0 ms  (average mu = 0.989, current mu = 0.988) allocation failure; 
[6089:0x73fe720]    32369 ms: Scavenge 244.5 (265.1) -> 229.0 (265.3) MB, 0.9 / 0.0 ms  (average mu = 0.989, current mu = 0.988) allocation failure; 
[6089:0x73fe720]    32378 ms: Scavenge 244.5 (265.3) -> 229.0 (265.3) MB, 1.2 / 0.0 ms  (average mu = 0.989, current mu = 0.988) allocation failure; 
[6089:0x73fe720]    32386 ms: Scavenge 244.6 (265.3) -> 229.0 (265.3) MB, 0.9 / 0.0 ms  (average mu = 0.989, current mu = 0.988) allocation failure; 
[6089:0x73fe720]    32393 ms: Scavenge 244.6 (265.3) -> 229.1 (265.6) MB, 1.0 / 0.0 ms  (average mu = 0.989, current mu = 0.988) allocation failure; 
[6089:0x73fe720]    32402 ms: Scavenge 244.7 (265.6) -> 229.2 (265.6) MB, 1.8 / 0.0 ms  (average mu = 0.989, current mu = 0.988) allocation failure; 
[6089:0x73fe720]    32412 ms: Scavenge 244.7 (265.6) -> 229.2 (265.6) MB, 1.6 / 0.0 ms  (average mu = 0.989, current mu = 0.988) allocation failure; 
[6089:0x73fe720]    32421 ms: Scavenge 244.8 (265.6) -> 229.2 (265.6) MB, 1.1 / 0.0 ms  (average mu = 0.989, current mu = 0.988) allocation failure; 
[6089:0x73fe720]    32431 ms: Scavenge 244.8 (265.6) -> 229.3 (265.6) MB, 1.4 / 0.0 ms  (average mu = 0.989, current mu = 0.988) allocation failure; 
[6089:0x73fe720]    32439 ms: Scavenge 244.9 (265.6) -> 229.3 (265.6) MB, 1.2 / 0.0 ms  (average mu = 0.989, current mu = 0.988) allocation failure; 
[6089:0x73fe720]    32448 ms: Scavenge 244.9 (265.6) -> 229.4 (265.6) MB, 1.1 / 0.0 ms  (average mu = 0.989, current mu = 0.988) allocation failure; 
[6089:0x73fe720]    32457 ms: Scavenge 245.0 (265.6) -> 229.4 (265.8) MB, 1.5 / 0.0 ms  (average mu = 0.989, current mu = 0.988) allocation failure; 
[6089:0x73fe720]    32465 ms: Scavenge 245.0 (265.8) -> 229.5 (265.8) MB, 1.5 / 0.0 ms  (average mu = 0.989, current mu = 0.988) allocation failure; 
[6089:0x73fe720]    32474 ms: Scavenge 245.1 (265.8) -> 229.5 (265.8) MB, 1.0 / 0.0 ms  (average mu = 0.989, current mu = 0.988) allocation failure; 
[6089:0x73fe720]    32482 ms: Scavenge 245.1 (265.8) -> 229.6 (265.8) MB, 1.2 / 0.0 ms  (average mu = 0.989, current mu = 0.988) allocation failure; 
[6089:0x73fe720]    32492 ms: Scavenge 245.2 (265.8) -> 229.6 (265.8) MB, 1.3 / 0.0 ms  (average mu = 0.989, current mu = 0.988) allocation failure; 
[6089:0x73fe720]    32500 ms: Scavenge 245.2 (265.8) -> 229.7 (265.8) MB, 1.4 / 0.0 ms  (average mu = 0.989, current mu = 0.988) allocation failure; 
[6089:0x73fe720]    32509 ms: Scavenge 245.3 (265.8) -> 229.8 (266.1) MB, 1.3 / 0.0 ms  (average mu = 0.989, current mu = 0.988) allocation failure; 
[6089:0x73fe720]    32519 ms: Scavenge 245.3 (266.1) -> 229.8 (266.1) MB, 1.1 / 0.0 ms  (average mu = 0.989, current mu = 0.988) allocation failure; 
[6089:0x73fe720]    32530 ms: Scavenge 245.4 (266.1) -> 229.8 (266.1) MB, 0.9 / 0.0 ms  (average mu = 0.989, current mu = 0.988) allocation failure; 
[6089:0x73fe720]    32538 ms: Scavenge 245.4 (266.1) -> 229.9 (266.1) MB, 1.0 / 0.0 ms  (average mu = 0.989, current mu = 0.988) allocation failure; 
[6089:0x73fe720]    32546 ms: Scavenge 245.5 (266.1) -> 229.9 (266.1) MB, 1.1 / 0.0 ms  (average mu = 0.989, current mu = 0.988) allocation failure; 
[6089:0x73fe720]    32556 ms: Scavenge 245.5 (266.1) -> 230.0 (266.3) MB, 1.7 / 0.0 ms  (average mu = 0.989, current mu = 0.988) allocation failure; 
[6089:0x73fe720]    32565 ms: Scavenge 245.5 (266.3) -> 230.0 (266.3) MB, 1.0 / 0.0 ms  (average mu = 0.989, current mu = 0.988) allocation failure; 
[6089:0x73fe720]    32573 ms: Scavenge 245.6 (266.3) -> 230.1 (266.3) MB, 1.0 / 0.0 ms  (average mu = 0.989, current mu = 0.988) allocation failure; 
[6089:0x73fe720]    32583 ms: Scavenge 245.6 (266.3) -> 230.1 (266.3) MB, 1.7 / 0.0 ms  (average mu = 0.989, current mu = 0.988) allocation failure; 
[6089:0x73fe720]    32591 ms: Scavenge 245.7 (266.3) -> 230.1 (266.3) MB, 1.2 / 0.0 ms  (average mu = 0.989, current mu = 0.988) allocation failure; 
[6089:0x73fe720]    32599 ms: Scavenge 245.7 (266.3) -> 230.2 (266.6) MB, 1.0 / 0.0 ms  (average mu = 0.989, current mu = 0.988) allocation failure; 
[6089:0x73fe720]    32608 ms: Scavenge 245.8 (266.6) -> 230.3 (266.6) MB, 1.0 / 0.0 ms  (average mu = 0.989, current mu = 0.988) allocation failure; 
[6089:0x73fe720]    32617 ms: Scavenge 245.8 (266.6) -> 230.3 (266.6) MB, 1.4 / 0.0 ms  (average mu = 0.989, current mu = 0.988) allocation failure; 
[6089:0x73fe720]    32625 ms: Scavenge 245.9 (266.6) -> 230.3 (266.6) MB, 1.4 / 0.0 ms  (average mu = 0.989, current mu = 0.988) allocation failure; 
[6089:0x73fe720]    32633 ms: Scavenge 245.9 (266.6) -> 230.4 (266.6) MB, 1.0 / 0.0 ms  (average mu = 0.989, current mu = 0.988) allocation failure; 
[6089:0x73fe720]    32642 ms: Scavenge 246.0 (266.6) -> 230.4 (267.1) MB, 1.1 / 0.0 ms  (average mu = 0.989, current mu = 0.988) allocation failure; 
[6089:0x73fe720]    32650 ms: Scavenge 246.0 (267.1) -> 230.5 (267.1) MB, 0.9 / 0.0 ms  (average mu = 0.989, current mu = 0.988) allocation failure; 
[6089:0x73fe720]    32658 ms: Scavenge 246.1 (267.1) -> 230.5 (267.1) MB, 1.4 / 0.0 ms  (average mu = 0.989, current mu = 0.988) allocation failure; 
[6089:0x73fe720]    32667 ms: Scavenge 246.1 (267.1) -> 230.6 (267.1) MB, 1.5 / 0.0 ms  (average mu = 0.989, current mu = 0.988) allocation failure; 
[6089:0x73fe720]    32675 ms: Scavenge 246.2 (267.1) -> 230.6 (267.1) MB, 1.0 / 0.0 ms  (average mu = 0.989, current mu = 0.988) allocation failure; 
[6089:0x73fe720]    32683 ms: Scavenge 246.2 (267.1) -> 230.7 (267.1) MB, 1.0 / 0.0 ms  (average mu = 0.989, current mu = 0.988) allocation failure; 
[6089:0x73fe720]    32691 ms: Scavenge 246.3 (267.1) -> 230.7 (267.1) MB, 0.9 / 0.0 ms  (average mu = 0.989, current mu = 0.988) allocation failure; 
[6089:0x73fe720]    32699 ms: Scavenge 246.3 (267.1) -> 230.8 (267.1) MB, 1.1 / 0.0 ms  (average mu = 0.989, current mu = 0.988) allocation failure; 
[6089:0x73fe720]    32708 ms: Scavenge 246.4 (267.1) -> 230.8 (267.1) MB, 1.8 / 0.0 ms  (average mu = 0.989, current mu = 0.988) allocation failure; 
[6089:0x73fe720]    32716 ms: Scavenge 246.4 (267.1) -> 230.9 (267.1) MB, 1.0 / 0.0 ms  (average mu = 0.989, current mu = 0.988) allocation failure; 
[6089:0x73fe720]    32724 ms: Scavenge 246.5 (267.1) -> 230.9 (267.3) MB, 1.0 / 0.0 ms  (average mu = 0.989, current mu = 0.988) allocation failure; 
[6089:0x73fe720]    32732 ms: Scavenge 246.5 (267.3) -> 231.0 (267.3) MB, 1.0 / 0.0 ms  (average mu = 0.989, current mu = 0.988) allocation failure; 
[6089:0x73fe720]    32740 ms: Scavenge 246.6 (267.3) -> 231.0 (267.3) MB, 0.9 / 0.0 ms  (average mu = 0.989, current mu = 0.988) allocation failure; 
[6089:0x73fe720]    32748 ms: Scavenge 246.6 (267.3) -> 231.1 (267.3) MB, 1.3 / 0.0 ms  (average mu = 0.989, current mu = 0.988) allocation failure; 
[6089:0x73fe720]    32757 ms: Scavenge 246.6 (267.3) -> 231.1 (267.3) MB, 1.5 / 0.0 ms  (average mu = 0.989, current mu = 0.988) allocation failure; 
[6089:0x73fe720]    32765 ms: Scavenge 246.7 (267.3) -> 231.2 (267.6) MB, 1.0 / 0.0 ms  (average mu = 0.989, current mu = 0.988) allocation failure; 
[6089:0x73fe720]    32773 ms: Scavenge 246.7 (267.6) -> 231.2 (267.6) MB, 1.0 / 0.0 ms  (average mu = 0.989, current mu = 0.988) allocation failure; 
[6089:0x73fe720]    32781 ms: Scavenge 246.8 (267.6) -> 231.3 (267.6) MB, 0.9 / 0.0 ms  (average mu = 0.989, current mu = 0.988) allocation failure; 
[6089:0x73fe720]    32790 ms: Scavenge 246.8 (267.6) -> 231.3 (267.6) MB, 1.2 / 0.0 ms  (average mu = 0.989, current mu = 0.988) allocation failure; 
[6089:0x73fe720]    32798 ms: Scavenge 246.9 (267.6) -> 231.4 (267.6) MB, 1.8 / 0.0 ms  (average mu = 0.989, current mu = 0.988) allocation failure; 
[6089:0x73fe720]    32807 ms: Scavenge 246.9 (267.6) -> 231.4 (267.8) MB, 1.2 / 0.0 ms  (average mu = 0.989, current mu = 0.988) allocation failure; 
[6089:0x73fe720]    32815 ms: Scavenge 247.0 (267.8) -> 231.4 (267.8) MB, 1.1 / 0.0 ms  (average mu = 0.989, current mu = 0.988) allocation failure; 
[6089:0x73fe720]    32823 ms: Scavenge 247.0 (267.8) -> 231.5 (267.8) MB, 1.0 / 0.0 ms  (average mu = 0.989, current mu = 0.988) allocation failure; 
[6089:0x73fe720]    32831 ms: Scavenge 247.1 (267.8) -> 231.5 (268.1) MB, 1.2 / 0.0 ms  (average mu = 0.989, current mu = 0.988) allocation failure; 
[6089:0x73fe720]    32840 ms: Scavenge 247.1 (268.1) -> 231.6 (268.1) MB, 1.7 / 0.0 ms  (average mu = 0.989, current mu = 0.988) allocation failure; 
[6089:0x73fe720]    32849 ms: Scavenge 247.2 (268.1) -> 231.6 (268.1) MB, 1.0 / 0.0 ms  (average mu = 0.989, current mu = 0.988) allocation failure; 
[6089:0x73fe720]    32857 ms: Scavenge 247.2 (268.1) -> 231.7 (268.1) MB, 1.1 / 0.0 ms  (average mu = 0.989, current mu = 0.988) allocation failure; 
[6089:0x73fe720]    32865 ms: Scavenge 247.3 (268.1) -> 231.7 (268.1) MB, 0.8 / 0.0 ms  (average mu = 0.989, current mu = 0.988) allocation failure; 
[6089:0x73fe720]    32872 ms: Scavenge 247.3 (268.1) -> 231.8 (268.1) MB, 0.9 / 0.0 ms  (average mu = 0.989, current mu = 0.988) allocation failure; 
[6089:0x73fe720]    32882 ms: Scavenge 247.4 (268.1) -> 231.8 (268.1) MB, 1.5 / 0.0 ms  (average mu = 0.989, current mu = 0.988) allocation failure; 
[6089:0x73fe720]    32890 ms: Scavenge 247.4 (268.1) -> 231.9 (268.1) MB, 1.1 / 0.0 ms  (average mu = 0.989, current mu = 0.988) allocation failure; 
[6089:0x73fe720]    32897 ms: Scavenge 247.5 (268.1) -> 231.9 (268.3) MB, 1.0 / 0.0 ms  (average mu = 0.989, current mu = 0.988) allocation failure; 
[6089:0x73fe720]    32906 ms: Scavenge 247.5 (268.3) -> 232.0 (268.3) MB, 1.1 / 0.0 ms  (average mu = 0.989, current mu = 0.988) allocation failure; 
[6089:0x73fe720]    32915 ms: Scavenge 247.6 (268.3) -> 232.0 (268.3) MB, 1.2 / 0.0 ms  (average mu = 0.989, current mu = 0.988) allocation failure; 
[6089:0x73fe720]    32923 ms: Scavenge 247.6 (268.3) -> 232.1 (268.3) MB, 1.3 / 0.0 ms  (average mu = 0.989, current mu = 0.988) allocation failure; 
[6089:0x73fe720]    32931 ms: Scavenge 247.7 (268.3) -> 232.1 (268.3) MB, 1.0 / 0.0 ms  (average mu = 0.989, current mu = 0.988) allocation failure; 
[6089:0x73fe720]    32939 ms: Scavenge 247.7 (268.3) -> 232.2 (268.8) MB, 1.1 / 0.0 ms  (average mu = 0.989, current mu = 0.988) allocation failure; 
[6089:0x73fe720]    32948 ms: Scavenge 247.8 (268.8) -> 232.2 (268.8) MB, 1.1 / 0.0 ms  (average mu = 0.989, current mu = 0.988) allocation failure; 
[6089:0x73fe720]    32958 ms: Scavenge 247.8 (268.8) -> 232.3 (268.8) MB, 1.6 / 0.0 ms  (average mu = 0.989, current mu = 0.988) allocation failure; 
[6089:0x73fe720]    32966 ms: Scavenge 247.8 (268.8) -> 232.3 (268.8) MB, 1.3 / 0.0 ms  (average mu = 0.989, current mu = 0.988) allocation failure; 
[6089:0x73fe720]    32975 ms: Scavenge 247.9 (268.8) -> 232.4 (268.8) MB, 1.3 / 0.0 ms  (average mu = 0.989, current mu = 0.988) allocation failure; 
[6089:0x73fe720]    32987 ms: Scavenge 247.9 (268.8) -> 232.4 (268.8) MB, 1.2 / 0.0 ms  (average mu = 0.989, current mu = 0.988) allocation failure; 
[6089:0x73fe720]    32996 ms: Scavenge 248.0 (268.8) -> 232.4 (268.8) MB, 1.2 / 0.0 ms  (average mu = 0.989, current mu = 0.988) allocation failure; 
[6089:0x73fe720]    33005 ms: Scavenge 248.0 (268.8) -> 232.5 (268.8) MB, 1.5 / 0.0 ms  (average mu = 0.989, current mu = 0.988) allocation failure; 
[6089:0x73fe720]    33016 ms: Scavenge 248.1 (268.8) -> 232.5 (268.8) MB, 1.2 / 0.0 ms  (average mu = 0.989, current mu = 0.988) allocation failure; 
[6089:0x73fe720]    33026 ms: Scavenge 248.1 (268.8) -> 232.6 (269.1) MB, 1.2 / 0.0 ms  (average mu = 0.989, current mu = 0.988) allocation failure; 
[6089:0x73fe720]    33036 ms: Scavenge 248.2 (269.1) -> 232.6 (269.1) MB, 1.1 / 0.0 ms  (average mu = 0.989, current mu = 0.988) allocation failure; 
[6089:0x73fe720]    33045 ms: Scavenge 248.2 (269.1) -> 232.7 (269.1) MB, 1.2 / 0.0 ms  (average mu = 0.989, current mu = 0.988) allocation failure; 
[6089:0x73fe720]    33054 ms: Scavenge 248.3 (269.1) -> 232.8 (269.1) MB, 1.5 / 0.0 ms  (average mu = 0.989, current mu = 0.988) allocation failure; 
[6089:0x73fe720]    33064 ms: Scavenge 248.3 (269.1) -> 232.8 (269.1) MB, 1.1 / 0.0 ms  (average mu = 0.989, current mu = 0.988) allocation failure; 
[6089:0x73fe720]    33074 ms: Scavenge 248.4 (269.1) -> 232.8 (269.1) MB, 0.9 / 0.0 ms  (average mu = 0.989, current mu = 0.988) allocation failure; 
[6089:0x73fe720]    33085 ms: Scavenge 248.4 (269.1) -> 232.9 (269.3) MB, 1.4 / 0.0 ms  (average mu = 0.989, current mu = 0.988) allocation failure; 
[6089:0x73fe720]    33093 ms: Scavenge 248.5 (269.3) -> 232.9 (269.3) MB, 1.0 / 0.0 ms  (average mu = 0.989, current mu = 0.988) allocation failure; 
[6089:0x73fe720]    33101 ms: Scavenge 248.5 (269.3) -> 233.0 (269.3) MB, 1.0 / 0.0 ms  (average mu = 0.989, current mu = 0.988) allocation failure; 
[6089:0x73fe720]    33110 ms: Scavenge 248.6 (269.3) -> 233.1 (269.3) MB, 1.4 / 0.0 ms  (average mu = 0.989, current mu = 0.988) allocation failure; 
[6089:0x73fe720]    33118 ms: Scavenge 248.6 (269.3) -> 233.1 (269.3) MB, 1.4 / 0.0 ms  (average mu = 0.989, current mu = 0.988) allocation failure; 
[6089:0x73fe720]    33126 ms: Scavenge 248.7 (269.3) -> 233.1 (269.6) MB, 0.9 / 0.0 ms  (average mu = 0.989, current mu = 0.988) allocation failure; 
[6089:0x73fe720]    33135 ms: Scavenge 248.7 (269.6) -> 233.2 (269.6) MB, 1.0 / 0.0 ms  (average mu = 0.989, current mu = 0.988) allocation failure; 
[6089:0x73fe720]    33143 ms: Scavenge 248.8 (269.6) -> 233.2 (269.6) MB, 0.9 / 0.0 ms  (average mu = 0.989, current mu = 0.988) allocation failure; 
[6089:0x73fe720]    33150 ms: Scavenge 248.8 (269.6) -> 233.3 (269.6) MB, 0.9 / 0.0 ms  (average mu = 0.989, current mu = 0.988) allocation failure; 
[6089:0x73fe720]    33159 ms: Scavenge 248.9 (269.6) -> 233.3 (269.6) MB, 1.7 / 0.0 ms  (average mu = 0.989, current mu = 0.988) allocation failure; 
[6089:0x73fe720]    33167 ms: Scavenge 248.9 (269.6) -> 233.4 (269.6) MB, 1.1 / 0.0 ms  (average mu = 0.989, current mu = 0.988) allocation failure; 
[6089:0x73fe720]    33175 ms: Scavenge 248.9 (269.6) -> 233.4 (269.8) MB, 1.0 / 0.0 ms  (average mu = 0.989, current mu = 0.988) allocation failure; 
[6089:0x73fe720]    33184 ms: Scavenge 249.0 (269.8) -> 233.5 (269.8) MB, 1.0 / 0.0 ms  (average mu = 0.989, current mu = 0.988) allocation failure; 
[6089:0x73fe720]    33192 ms: Scavenge 249.0 (269.8) -> 233.5 (269.8) MB, 0.9 / 0.0 ms  (average mu = 0.989, current mu = 0.988) allocation failure; 
[6089:0x73fe720]    33200 ms: Scavenge 249.1 (269.8) -> 233.5 (270.1) MB, 1.5 / 0.0 ms  (average mu = 0.989, current mu = 0.988) allocation failure; 
[6089:0x73fe720]    33209 ms: Scavenge 249.1 (270.1) -> 233.6 (270.1) MB, 1.3 / 0.0 ms  (average mu = 0.989, current mu = 0.988) allocation failure; 
[6089:0x73fe720]    33217 ms: Scavenge 249.2 (270.1) -> 233.6 (270.1) MB, 0.9 / 0.0 ms  (average mu = 0.989, current mu = 0.988) allocation failure; 
[6089:0x73fe720]    33226 ms: Scavenge 249.2 (270.1) -> 233.7 (270.1) MB, 1.3 / 0.0 ms  (average mu = 0.989, current mu = 0.988) allocation failure; 
[6089:0x73fe720]    33233 ms: Scavenge 249.3 (270.1) -> 233.8 (270.1) MB, 1.0 / 0.0 ms  (average mu = 0.989, current mu = 0.988) allocation failure; 
[6089:0x73fe720]    33243 ms: Scavenge 249.3 (270.1) -> 233.8 (270.1) MB, 1.5 / 0.0 ms  (average mu = 0.989, current mu = 0.988) allocation failure; 
[6089:0x73fe720]    33251 ms: Scavenge 249.4 (270.1) -> 233.8 (270.1) MB, 1.0 / 0.0 ms  (average mu = 0.989, current mu = 0.988) allocation failure; 
[6089:0x73fe720]    33259 ms: Scavenge 249.4 (270.1) -> 233.9 (270.3) MB, 1.1 / 0.0 ms  (average mu = 0.989, current mu = 0.988) allocation failure; 
[6089:0x73fe720]    33268 ms: Scavenge 249.5 (270.3) -> 234.0 (270.3) MB, 1.0 / 0.0 ms  (average mu = 0.989, current mu = 0.988) allocation failure; 
[6089:0x73fe720]    33277 ms: Scavenge 249.5 (270.3) -> 234.0 (270.3) MB, 1.5 / 0.0 ms  (average mu = 0.989, current mu = 0.988) allocation failure; 
[6089:0x73fe720]    33285 ms: Scavenge 249.6 (270.3) -> 234.0 (270.3) MB, 1.1 / 0.0 ms  (average mu = 0.989, current mu = 0.988) allocation failure; 
[6089:0x73fe720]    33294 ms: Scavenge 249.6 (270.3) -> 234.1 (270.3) MB, 1.3 / 0.0 ms  (average mu = 0.989, current mu = 0.988) allocation failure; 
[6089:0x73fe720]    33302 ms: Scavenge 249.7 (270.3) -> 234.2 (270.6) MB, 1.1 / 0.0 ms  (average mu = 0.989, current mu = 0.988) allocation failure; 
[6089:0x73fe720]    33310 ms: Scavenge 249.7 (270.6) -> 234.2 (270.6) MB, 0.9 / 0.0 ms  (average mu = 0.989, current mu = 0.988) allocation failure; 
[6089:0x73fe720]    33319 ms: Scavenge 249.8 (270.6) -> 234.2 (270.6) MB, 1.7 / 0.0 ms  (average mu = 0.989, current mu = 0.988) allocation failure; 
[6089:0x73fe720]    33327 ms: Scavenge 249.8 (270.6) -> 234.3 (270.6) MB, 1.3 / 0.0 ms  (average mu = 0.989, current mu = 0.988) allocation failure; 
[6089:0x73fe720]    33336 ms: Scavenge 249.9 (270.6) -> 234.3 (270.6) MB, 1.1 / 0.0 ms  (average mu = 0.989, current mu = 0.988) allocation failure; 
[6089:0x73fe720]    33344 ms: Scavenge 249.9 (270.6) -> 234.4 (270.8) MB, 0.9 / 0.0 ms  (average mu = 0.989, current mu = 0.988) allocation failure; 
[6089:0x73fe720]    33353 ms: Scavenge 250.0 (270.8) -> 234.4 (270.8) MB, 1.5 / 0.0 ms  (average mu = 0.989, current mu = 0.988) allocation failure; 
[6089:0x73fe720]    33361 ms: Scavenge 250.0 (270.8) -> 234.5 (270.8) MB, 1.3 / 0.0 ms  (average mu = 0.989, current mu = 0.988) allocation failure; 
[6089:0x73fe720]    33370 ms: Scavenge 250.0 (270.8) -> 234.5 (270.8) MB, 1.0 / 0.0 ms  (average mu = 0.989, current mu = 0.988) allocation failure; 
[6089:0x73fe720]    33378 ms: Scavenge 250.1 (270.8) -> 234.6 (270.8) MB, 1.1 / 0.0 ms  (average mu = 0.989, current mu = 0.988) allocation failure; 
[6089:0x73fe720]    33386 ms: Scavenge 250.1 (270.8) -> 234.6 (271.1) MB, 0.9 / 0.0 ms  (average mu = 0.989, current mu = 0.988) allocation failure; 
[6089:0x73fe720]    33394 ms: Scavenge 250.2 (271.1) -> 234.6 (271.1) MB, 1.3 / 0.0 ms  (average mu = 0.989, current mu = 0.988) allocation failure; 
[6089:0x73fe720]    33403 ms: Scavenge 250.2 (271.1) -> 234.7 (271.1) MB, 1.2 / 0.0 ms  (average mu = 0.989, current mu = 0.988) allocation failure; 
[6089:0x73fe720]    33411 ms: Scavenge 250.3 (271.1) -> 234.7 (271.1) MB, 1.0 / 0.0 ms  (average mu = 0.989, current mu = 0.988) allocation failure; 
[6089:0x73fe720]    33419 ms: Scavenge 250.3 (271.1) -> 234.8 (271.1) MB, 1.1 / 0.0 ms  (average mu = 0.989, current mu = 0.988) allocation failure; 
[6089:0x73fe720]    33428 ms: Scavenge 250.4 (271.1) -> 234.8 (271.3) MB, 1.3 / 0.0 ms  (average mu = 0.989, current mu = 0.988) allocation failure; 
[6089:0x73fe720]    33437 ms: Scavenge 250.4 (271.3) -> 234.9 (271.3) MB, 1.6 / 0.0 ms  (average mu = 0.989, current mu = 0.988) allocation failure; 
[6089:0x73fe720]    33445 ms: Scavenge 250.5 (271.3) -> 234.9 (271.3) MB, 1.0 / 0.0 ms  (average mu = 0.989, current mu = 0.988) allocation failure; 
[6089:0x73fe720]    33453 ms: Scavenge 250.5 (271.3) -> 235.0 (271.3) MB, 1.2 / 0.0 ms  (average mu = 0.989, current mu = 0.988) allocation failure; 
[6089:0x73fe720]    33462 ms: Scavenge 250.6 (271.3) -> 235.1 (271.3) MB, 1.2 / 0.0 ms  (average mu = 0.989, current mu = 0.988) allocation failure; 
[6089:0x73fe720]    33469 ms: Scavenge 250.6 (271.3) -> 235.1 (271.3) MB, 0.9 / 0.0 ms  (average mu = 0.989, current mu = 0.988) allocation failure; 
[6089:0x73fe720]    33479 ms: Scavenge 250.7 (271.3) -> 235.1 (271.6) MB, 1.8 / 0.0 ms  (average mu = 0.989, current mu = 0.988) allocation failure; 
[6089:0x73fe720]    33487 ms: Scavenge 250.7 (271.6) -> 235.2 (271.6) MB, 1.0 / 0.0 ms  (average mu = 0.989, current mu = 0.988) allocation failure; 
[6089:0x73fe720]    33496 ms: Scavenge 250.8 (271.6) -> 235.2 (271.6) MB, 1.0 / 0.0 ms  (average mu = 0.989, current mu = 0.988) allocation failure; 
[6089:0x73fe720]    33503 ms: Scavenge 250.8 (271.6) -> 235.3 (271.6) MB, 0.9 / 0.0 ms  (average mu = 0.989, current mu = 0.988) allocation failure; 
[6089:0x73fe720]    33511 ms: Scavenge 250.9 (271.6) -> 235.3 (271.6) MB, 0.9 / 0.0 ms  (average mu = 0.989, current mu = 0.988) allocation failure; 
[6089:0x73fe720]    33519 ms: Scavenge 250.9 (271.6) -> 235.4 (271.8) MB, 1.3 / 0.0 ms  (average mu = 0.989, current mu = 0.988) allocation failure; 
[6089:0x73fe720]    33528 ms: Scavenge 251.0 (271.8) -> 235.4 (271.8) MB, 1.8 / 0.0 ms  (average mu = 0.989, current mu = 0.988) allocation failure; 
[6089:0x73fe720]    33536 ms: Scavenge 251.0 (271.8) -> 235.5 (271.8) MB, 0.9 / 0.0 ms  (average mu = 0.989, current mu = 0.988) allocation failure; 
[6089:0x73fe720]    33543 ms: Scavenge 251.1 (271.8) -> 235.5 (271.8) MB, 1.0 / 0.0 ms  (average mu = 0.989, current mu = 0.988) allocation failure; 
[6089:0x73fe720]    33552 ms: Scavenge 251.1 (271.8) -> 235.6 (271.8) MB, 1.1 / 0.0 ms  (average mu = 0.989, current mu = 0.988) allocation failure; 
[6089:0x73fe720]    33560 ms: Scavenge 251.1 (271.8) -> 235.6 (272.1) MB, 1.1 / 0.0 ms  (average mu = 0.989, current mu = 0.988) allocation failure; 
[6089:0x73fe720]    33569 ms: Scavenge 251.2 (272.1) -> 235.7 (272.1) MB, 1.7 / 0.0 ms  (average mu = 0.989, current mu = 0.988) allocation failure; 
[6089:0x73fe720]    33577 ms: Scavenge 251.2 (272.1) -> 235.7 (272.1) MB, 1.2 / 0.0 ms  (average mu = 0.989, current mu = 0.988) allocation failure; 
[6089:0x73fe720]    33586 ms: Scavenge 251.3 (272.1) -> 235.7 (272.1) MB, 1.2 / 0.0 ms  (average mu = 0.989, current mu = 0.988) allocation failure; 
[6089:0x73fe720]    33594 ms: Scavenge 251.3 (272.1) -> 235.8 (272.1) MB, 1.0 / 0.0 ms  (average mu = 0.989, current mu = 0.988) allocation failure; 
[6089:0x73fe720]    33601 ms: Scavenge 251.4 (272.1) -> 235.8 (272.3) MB, 0.9 / 0.0 ms  (average mu = 0.989, current mu = 0.988) allocation failure; 
[6089:0x73fe720]    33610 ms: Scavenge 251.4 (272.3) -> 235.9 (272.3) MB, 1.6 / 0.0 ms  (average mu = 0.989, current mu = 0.988) allocation failure; 
[6089:0x73fe720]    33619 ms: Scavenge 251.5 (272.3) -> 235.9 (272.3) MB, 1.1 / 0.0 ms  (average mu = 0.989, current mu = 0.988) allocation failure; 
[6089:0x73fe720]    33628 ms: Scavenge 251.5 (272.3) -> 236.0 (272.3) MB, 1.1 / 0.0 ms  (average mu = 0.989, current mu = 0.988) allocation failure; 
[6089:0x73fe720]    33636 ms: Scavenge 251.6 (272.3) -> 236.0 (272.3) MB, 1.0 / 0.0 ms  (average mu = 0.989, current mu = 0.988) allocation failure; 
[6089:0x73fe720]    33645 ms: Scavenge 251.6 (272.3) -> 236.1 (272.6) MB, 1.4 / 0.0 ms  (average mu = 0.989, current mu = 0.988) allocation failure; 
[6089:0x73fe720]    33653 ms: Scavenge 251.7 (272.6) -> 236.1 (272.6) MB, 1.4 / 0.0 ms  (average mu = 0.989, current mu = 0.988) allocation failure; 
[6089:0x73fe720]    33662 ms: Scavenge 251.7 (272.6) -> 236.2 (272.6) MB, 1.1 / 0.0 ms  (average mu = 0.989, current mu = 0.988) allocation failure; 
[6089:0x73fe720]    33670 ms: Scavenge 251.8 (272.6) -> 236.2 (272.6) MB, 1.1 / 0.0 ms  (average mu = 0.989, current mu = 0.988) allocation failure; 
[6089:0x73fe720]    33680 ms: Scavenge 251.8 (272.6) -> 236.3 (272.6) MB, 1.6 / 0.0 ms  (average mu = 0.989, current mu = 0.988) allocation failure; 
[6089:0x73fe720]    33689 ms: Scavenge 251.9 (272.6) -> 236.3 (272.8) MB, 1.1 / 0.0 ms  (average mu = 0.989, current mu = 0.988) allocation failure; 
[6089:0x73fe720]    33697 ms: Scavenge 251.9 (272.8) -> 236.4 (272.8) MB, 0.9 / 0.0 ms  (average mu = 0.989, current mu = 0.988) allocation failure; 
[6089:0x73fe720]    33706 ms: Scavenge 252.0 (272.8) -> 236.4 (272.8) MB, 0.8 / 0.0 ms  (average mu = 0.989, current mu = 0.988) allocation failure; 
[6089:0x73fe720]    33713 ms: Scavenge 252.0 (272.8) -> 236.5 (272.8) MB, 1.3 / 0.0 ms  (average mu = 0.989, current mu = 0.988) allocation failure; 
[6089:0x73fe720]    33722 ms: Scavenge 252.1 (272.8) -> 236.5 (272.8) MB, 1.9 / 0.0 ms  (average mu = 0.989, current mu = 0.988) allocation failure; 
[6089:0x73fe720]    33731 ms: Scavenge 252.1 (272.8) -> 236.6 (273.1) MB, 1.1 / 0.0 ms  (average mu = 0.989, current mu = 0.988) allocation failure; 
[6089:0x73fe720]    33739 ms: Scavenge 252.2 (273.1) -> 236.6 (273.1) MB, 0.9 / 0.0 ms  (average mu = 0.989, current mu = 0.988) allocation failure; 
[6089:0x73fe720]    33747 ms: Scavenge 252.2 (273.1) -> 236.7 (273.1) MB, 0.9 / 0.0 ms  (average mu = 0.989, current mu = 0.988) allocation failure; 
[6089:0x73fe720]    33755 ms: Scavenge 252.2 (273.1) -> 236.7 (273.1) MB, 1.1 / 0.0 ms  (average mu = 0.989, current mu = 0.988) allocation failure; 
[6089:0x73fe720]    33765 ms: Scavenge 252.3 (273.1) -> 236.8 (273.1) MB, 1.0 / 0.0 ms  (average mu = 0.989, current mu = 0.988) allocation failure; 
[6089:0x73fe720]    33773 ms: Scavenge 252.3 (273.1) -> 236.8 (273.1) MB, 1.0 / 0.0 ms  (average mu = 0.989, current mu = 0.988) allocation failure; 
[6089:0x73fe720]    33781 ms: Scavenge 252.4 (273.1) -> 236.8 (273.3) MB, 0.9 / 0.0 ms  (average mu = 0.989, current mu = 0.988) allocation failure; 
[6089:0x73fe720]    33789 ms: Scavenge 252.4 (273.3) -> 236.9 (273.3) MB, 1.2 / 0.0 ms  (average mu = 0.989, current mu = 0.988) allocation failure; 
[6089:0x73fe720]    33799 ms: Scavenge 252.5 (273.3) -> 236.9 (273.3) MB, 1.5 / 0.0 ms  (average mu = 0.989, current mu = 0.988) allocation failure; 
[6089:0x73fe720]    33807 ms: Scavenge 252.5 (273.3) -> 237.0 (273.3) MB, 1.2 / 0.0 ms  (average mu = 0.989, current mu = 0.988) allocation failure; 
[6089:0x73fe720]    33815 ms: Scavenge 252.6 (273.3) -> 237.0 (273.3) MB, 0.9 / 0.0 ms  (average mu = 0.989, current mu = 0.988) allocation failure; 
[6089:0x73fe720]    33824 ms: Scavenge 252.6 (273.3) -> 237.1 (273.6) MB, 1.0 / 0.0 ms  (average mu = 0.989, current mu = 0.988) allocation failure; 
[6089:0x73fe720]    33833 ms: Scavenge 252.7 (273.6) -> 237.2 (273.6) MB, 1.9 / 0.0 ms  (average mu = 0.989, current mu = 0.988) allocation failure; 
[6089:0x73fe720]    33841 ms: Scavenge 252.7 (273.6) -> 237.2 (273.6) MB, 0.9 / 0.0 ms  (average mu = 0.989, current mu = 0.988) allocation failure; 
[6089:0x73fe720]    33850 ms: Scavenge 252.8 (273.6) -> 237.2 (273.6) MB, 1.1 / 0.0 ms  (average mu = 0.989, current mu = 0.988) allocation failure; 
[6089:0x73fe720]    33858 ms: Scavenge 252.8 (273.6) -> 237.3 (273.8) MB, 1.0 / 0.0 ms  (average mu = 0.989, current mu = 0.988) allocation failure; 
[6089:0x73fe720]    33868 ms: Scavenge 252.9 (273.8) -> 237.3 (273.8) MB, 1.9 / 0.0 ms  (average mu = 0.989, current mu = 0.988) allocation failure; 
[6089:0x73fe720]    33876 ms: Scavenge 252.9 (273.8) -> 237.4 (273.8) MB, 1.1 / 0.0 ms  (average mu = 0.989, current mu = 0.988) allocation failure; 
[6089:0x73fe720]    33884 ms: Scavenge 253.0 (273.8) -> 237.4 (273.8) MB, 1.0 / 0.0 ms  (average mu = 0.989, current mu = 0.988) allocation failure; 
[6089:0x73fe720]    33892 ms: Scavenge 253.0 (273.8) -> 237.5 (273.8) MB, 0.9 / 0.0 ms  (average mu = 0.989, current mu = 0.988) allocation failure; 
[6089:0x73fe720]    33899 ms: Scavenge 253.1 (273.8) -> 237.5 (273.8) MB, 0.9 / 0.0 ms  (average mu = 0.989, current mu = 0.988) allocation failure; 
[6089:0x73fe720]    33908 ms: Scavenge 253.1 (273.8) -> 237.6 (274.1) MB, 1.6 / 0.0 ms  (average mu = 0.989, current mu = 0.988) allocation failure; 
[6089:0x73fe720]    33917 ms: Scavenge 253.2 (274.1) -> 237.6 (274.1) MB, 1.3 / 0.0 ms  (average mu = 0.989, current mu = 0.988) allocation failure; 
[6089:0x73fe720]    33925 ms: Scavenge 253.0 (274.1) -> 237.6 (274.1) MB, 0.9 / 0.0 ms  (average mu = 0.989, current mu = 0.988) task; 
[6089:0x73fe720]    33933 ms: Scavenge 253.3 (274.1) -> 237.7 (274.1) MB, 1.1 / 0.0 ms  (average mu = 0.989, current mu = 0.988) allocation failure; 
[6089:0x73fe720]    33941 ms: Scavenge 253.3 (274.1) -> 237.8 (274.1) MB, 1.1 / 0.0 ms  (average mu = 0.989, current mu = 0.988) allocation failure; 
[6089:0x73fe720]    33949 ms: Scavenge 253.3 (274.1) -> 237.8 (274.3) MB, 1.3 / 0.0 ms  (average mu = 0.989, current mu = 0.988) allocation failure; 
[6089:0x73fe720]    33960 ms: Scavenge 253.4 (274.3) -> 237.9 (274.3) MB, 0.9 / 0.0 ms  (average mu = 0.989, current mu = 0.988) allocation failure; 
[6089:0x73fe720]    33968 ms: Scavenge 253.4 (274.3) -> 237.9 (274.3) MB, 1.0 / 0.0 ms  (average mu = 0.989, current mu = 0.988) allocation failure; 
[6089:0x73fe720]    33975 ms: Scavenge 253.5 (274.3) -> 237.9 (274.3) MB, 0.9 / 0.0 ms  (average mu = 0.989, current mu = 0.988) allocation failure; 
[6089:0x73fe720]    33983 ms: Scavenge 253.5 (274.3) -> 238.0 (274.3) MB, 0.9 / 0.0 ms  (average mu = 0.989, current mu = 0.988) allocation failure; 
[6089:0x73fe720]    33992 ms: Scavenge 253.6 (274.3) -> 238.0 (274.6) MB, 1.7 / 0.0 ms  (average mu = 0.989, current mu = 0.988) allocation failure; 
[6089:0x73fe720]    34002 ms: Scavenge 253.6 (274.6) -> 238.1 (274.6) MB, 1.1 / 0.0 ms  (average mu = 0.989, current mu = 0.988) allocation failure; 
[6089:0x73fe720]    34010 ms: Scavenge 253.7 (274.6) -> 238.1 (274.6) MB, 0.9 / 0.0 ms  (average mu = 0.989, current mu = 0.988) allocation failure; 
[6089:0x73fe720]    34018 ms: Scavenge 253.7 (274.6) -> 238.2 (274.6) MB, 1.0 / 0.0 ms  (average mu = 0.989, current mu = 0.988) allocation failure; 
[6089:0x73fe720]    34028 ms: Scavenge 253.8 (274.6) -> 238.2 (274.8) MB, 1.9 / 0.0 ms  (average mu = 0.989, current mu = 0.988) allocation failure; 
[6089:0x73fe720]    34036 ms: Scavenge 253.8 (274.8) -> 238.3 (274.8) MB, 1.2 / 0.0 ms  (average mu = 0.989, current mu = 0.988) allocation failure; 
[6089:0x73fe720]    34044 ms: Scavenge 253.9 (274.8) -> 238.3 (274.8) MB, 1.0 / 0.0 ms  (average mu = 0.989, current mu = 0.988) allocation failure; 
[6089:0x73fe720]    34052 ms: Scavenge 253.9 (274.8) -> 238.4 (274.8) MB, 1.2 / 0.0 ms  (average mu = 0.989, current mu = 0.988) allocation failure; 
[6089:0x73fe720]    34063 ms: Scavenge 254.0 (274.8) -> 238.4 (274.8) MB, 1.2 / 0.0 ms  (average mu = 0.989, current mu = 0.988) allocation failure; 
[6089:0x73fe720]    34071 ms: Scavenge 254.0 (274.8) -> 238.5 (274.8) MB, 1.1 / 0.0 ms  (average mu = 0.989, current mu = 0.988) allocation failure; 
[6089:0x73fe720]    34081 ms: Scavenge 254.1 (274.8) -> 238.5 (275.1) MB, 1.1 / 0.0 ms  (average mu = 0.989, current mu = 0.988) allocation failure; 
[6089:0x73fe720]    34090 ms: Scavenge 254.1 (275.1) -> 238.6 (275.1) MB, 2.3 / 0.0 ms  (average mu = 0.989, current mu = 0.988) allocation failure; 
[6089:0x73fe720]    34100 ms: Scavenge 254.2 (275.1) -> 238.6 (275.1) MB, 1.0 / 0.0 ms  (average mu = 0.989, current mu = 0.988) allocation failure; 
[6089:0x73fe720]    34109 ms: Scavenge 254.2 (275.1) -> 238.7 (275.1) MB, 1.4 / 0.0 ms  (average mu = 0.989, current mu = 0.988) allocation failure; 
[6089:0x73fe720]    34118 ms: Scavenge 254.3 (275.1) -> 238.7 (275.1) MB, 1.4 / 0.0 ms  (average mu = 0.989, current mu = 0.988) allocation failure; 
[6089:0x73fe720]    34126 ms: Scavenge 254.3 (275.1) -> 238.8 (275.1) MB, 1.3 / 0.0 ms  (average mu = 0.989, current mu = 0.988) allocation failure; 
[6089:0x73fe720]    34135 ms: Scavenge 254.4 (275.1) -> 238.8 (275.3) MB, 0.9 / 0.0 ms  (average mu = 0.989, current mu = 0.988) allocation failure; 
[6089:0x73fe720]    34143 ms: Scavenge 254.4 (275.3) -> 238.9 (275.3) MB, 1.0 / 0.0 ms  (average mu = 0.989, current mu = 0.988) allocation failure; 
[6089:0x73fe720]    34152 ms: Scavenge 254.4 (275.3) -> 238.9 (275.3) MB, 1.8 / 0.0 ms  (average mu = 0.989, current mu = 0.988) allocation failure; 
[6089:0x73fe720]    34161 ms: Scavenge 254.5 (275.3) -> 239.0 (275.3) MB, 1.3 / 0.0 ms  (average mu = 0.989, current mu = 0.988) allocation failure; 
[6089:0x73fe720]    34169 ms: Scavenge 254.5 (275.3) -> 239.0 (275.3) MB, 1.0 / 0.0 ms  (average mu = 0.989, current mu = 0.988) allocation failure; 
[6089:0x73fe720]    34178 ms: Scavenge 254.6 (275.3) -> 239.0 (275.6) MB, 1.0 / 0.0 ms  (average mu = 0.989, current mu = 0.988) allocation failure; 
[6089:0x73fe720]    34186 ms: Scavenge 254.6 (275.6) -> 239.1 (275.6) MB, 0.8 / 0.0 ms  (average mu = 0.989, current mu = 0.988) allocation failure; 
[6089:0x73fe720]    34196 ms: Scavenge 254.7 (275.6) -> 239.1 (275.6) MB, 1.0 / 0.0 ms  (average mu = 0.989, current mu = 0.988) allocation failure; 
[6089:0x73fe720]    34203 ms: Scavenge 254.7 (275.6) -> 239.2 (275.6) MB, 0.9 / 0.0 ms  (average mu = 0.989, current mu = 0.988) allocation failure; 
[6089:0x73fe720]    34211 ms: Scavenge 254.8 (275.6) -> 239.2 (275.6) MB, 1.0 / 0.0 ms  (average mu = 0.989, current mu = 0.988) allocation failure; 
[6089:0x73fe720]    34220 ms: Scavenge 254.8 (275.6) -> 239.3 (276.1) MB, 1.2 / 0.0 ms  (average mu = 0.989, current mu = 0.988) allocation failure; 
[6089:0x73fe720]    34230 ms: Scavenge 254.9 (276.1) -> 239.3 (276.1) MB, 1.5 / 0.0 ms  (average mu = 0.989, current mu = 0.988) allocation failure; 
[6089:0x73fe720]    34239 ms: Scavenge 254.9 (276.1) -> 239.4 (276.1) MB, 1.1 / 0.0 ms  (average mu = 0.989, current mu = 0.988) allocation failure; 
[6089:0x73fe720]    34249 ms: Scavenge 255.0 (276.1) -> 239.4 (276.1) MB, 1.8 / 0.0 ms  (average mu = 0.989, current mu = 0.988) allocation failure; 
[6089:0x73fe720]    34259 ms: Scavenge 255.0 (276.1) -> 239.5 (276.1) MB, 0.9 / 0.0 ms  (average mu = 0.989, current mu = 0.988) allocation failure; 
[6089:0x73fe720]    34267 ms: Scavenge 255.1 (276.1) -> 239.5 (276.1) MB, 0.9 / 0.0 ms  (average mu = 0.989, current mu = 0.988) allocation failure; 
[6089:0x73fe720]    34279 ms: Scavenge 255.1 (276.1) -> 239.6 (276.1) MB, 1.2 / 0.0 ms  (average mu = 0.989, current mu = 0.988) allocation failure; 
[6089:0x73fe720]    34286 ms: Scavenge 255.2 (276.1) -> 239.6 (276.1) MB, 0.9 / 0.0 ms  (average mu = 0.989, current mu = 0.988) allocation failure; 
[6089:0x73fe720]    34295 ms: Scavenge 255.2 (276.1) -> 239.7 (276.1) MB, 1.3 / 0.0 ms  (average mu = 0.989, current mu = 0.988) allocation failure; 
[6089:0x73fe720]    34305 ms: Scavenge 255.3 (276.1) -> 239.7 (276.1) MB, 1.6 / 0.0 ms  (average mu = 0.989, current mu = 0.988) allocation failure; 
[6089:0x73fe720]    34313 ms: Scavenge 255.3 (276.1) -> 239.8 (276.3) MB, 1.3 / 0.0 ms  (average mu = 0.989, current mu = 0.988) allocation failure; 
[6089:0x73fe720]    34322 ms: Scavenge 255.4 (276.3) -> 239.8 (276.3) MB, 1.0 / 0.0 ms  (average mu = 0.989, current mu = 0.988) allocation failure; 
[6089:0x73fe720]    34330 ms: Scavenge 255.4 (276.3) -> 239.9 (276.3) MB, 1.0 / 0.0 ms  (average mu = 0.989, current mu = 0.988) allocation failure; 
[6089:0x73fe720]    34338 ms: Scavenge 255.5 (276.3) -> 239.9 (276.3) MB, 1.4 / 0.0 ms  (average mu = 0.989, current mu = 0.988) allocation failure; 
[6089:0x73fe720]    34348 ms: Scavenge 255.5 (276.3) -> 240.0 (276.3) MB, 1.4 / 0.0 ms  (average mu = 0.989, current mu = 0.988) allocation failure; 
[6089:0x73fe720]    34356 ms: Scavenge 255.5 (276.3) -> 240.0 (276.6) MB, 1.2 / 0.0 ms  (average mu = 0.989, current mu = 0.988) allocation failure; 
[6089:0x73fe720]    34365 ms: Scavenge 255.6 (276.6) -> 240.1 (276.6) MB, 1.0 / 0.0 ms  (average mu = 0.989, current mu = 0.988) allocation failure; 
[6089:0x73fe720]    34375 ms: Scavenge 255.6 (276.6) -> 240.1 (276.6) MB, 1.8 / 0.0 ms  (average mu = 0.989, current mu = 0.988) allocation failure; 
[6089:0x73fe720]    34383 ms: Scavenge 255.7 (276.6) -> 240.1 (276.6) MB, 1.2 / 0.0 ms  (average mu = 0.989, current mu = 0.988) allocation failure; 
[6089:0x73fe720]    34393 ms: Scavenge 255.7 (276.6) -> 240.2 (276.6) MB, 1.0 / 0.0 ms  (average mu = 0.989, current mu = 0.988) allocation failure; 
[6089:0x73fe720]    34402 ms: Scavenge 255.8 (276.6) -> 240.2 (276.8) MB, 2.0 / 0.0 ms  (average mu = 0.989, current mu = 0.988) allocation failure; 
[6089:0x73fe720]    34411 ms: Scavenge 255.8 (276.8) -> 240.3 (276.8) MB, 1.3 / 0.0 ms  (average mu = 0.989, current mu = 0.988) allocation failure; 
[6089:0x73fe720]    34420 ms: Scavenge 255.9 (276.8) -> 240.3 (276.8) MB, 1.1 / 0.0 ms  (average mu = 0.989, current mu = 0.988) allocation failure; 
[6089:0x73fe720]    34431 ms: Scavenge 255.9 (276.8) -> 240.4 (276.8) MB, 1.6 / 0.0 ms  (average mu = 0.989, current mu = 0.988) allocation failure; 
[6089:0x73fe720]    34440 ms: Scavenge 256.0 (276.8) -> 240.4 (276.8) MB, 1.7 / 0.0 ms  (average mu = 0.989, current mu = 0.988) allocation failure; 
[6089:0x73fe720]    34450 ms: Scavenge 256.0 (276.8) -> 240.5 (276.8) MB, 1.4 / 0.0 ms  (average mu = 0.989, current mu = 0.988) allocation failure; 
[6089:0x73fe720]    34459 ms: Scavenge 256.1 (276.8) -> 240.5 (277.1) MB, 1.5 / 0.0 ms  (average mu = 0.989, current mu = 0.988) allocation failure; 
[6089:0x73fe720]    34468 ms: Scavenge 256.1 (277.1) -> 240.6 (277.1) MB, 1.0 / 0.0 ms  (average mu = 0.989, current mu = 0.988) allocation failure; 
[6089:0x73fe720]    34476 ms: Scavenge 256.2 (277.1) -> 240.6 (277.1) MB, 1.2 / 0.0 ms  (average mu = 0.989, current mu = 0.988) allocation failure; 
[6089:0x73fe720]    34485 ms: Scavenge 256.2 (277.1) -> 240.7 (277.1) MB, 2.0 / 0.0 ms  (average mu = 0.989, current mu = 0.988) allocation failure; 
[6089:0x73fe720]    34494 ms: Scavenge 256.3 (277.1) -> 240.7 (277.1) MB, 1.1 / 0.0 ms  (average mu = 0.989, current mu = 0.988) allocation failure; 
[6089:0x73fe720]    34503 ms: Scavenge 256.3 (277.1) -> 240.8 (277.3) MB, 1.2 / 0.0 ms  (average mu = 0.989, current mu = 0.988) allocation failure; 
[6089:0x73fe720]    34512 ms: Scavenge 256.4 (277.3) -> 240.8 (277.3) MB, 1.2 / 0.0 ms  (average mu = 0.989, current mu = 0.988) allocation failure; 
[6089:0x73fe720]    34521 ms: Scavenge 256.4 (277.3) -> 240.9 (277.3) MB, 2.1 / 0.0 ms  (average mu = 0.989, current mu = 0.988) allocation failure; 
[6089:0x73fe720]    34530 ms: Scavenge 256.5 (277.3) -> 240.9 (277.3) MB, 1.2 / 0.0 ms  (average mu = 0.989, current mu = 0.988) allocation failure; 
[6089:0x73fe720]    34538 ms: Scavenge 256.5 (277.3) -> 241.0 (277.3) MB, 1.0 / 0.0 ms  (average mu = 0.989, current mu = 0.988) allocation failure; 
[6089:0x73fe720]    34546 ms: Scavenge 256.6 (277.3) -> 241.0 (277.8) MB, 1.1 / 0.0 ms  (average mu = 0.989, current mu = 0.988) allocation failure; 
[6089:0x73fe720]    34556 ms: Scavenge 256.6 (277.8) -> 241.1 (277.8) MB, 1.1 / 0.0 ms  (average mu = 0.989, current mu = 0.988) allocation failure; 
[6089:0x73fe720]    34564 ms: Scavenge 256.6 (277.8) -> 241.1 (277.8) MB, 0.9 / 0.0 ms  (average mu = 0.989, current mu = 0.988) allocation failure; 
[6089:0x73fe720]    34573 ms: Scavenge 256.7 (277.8) -> 241.2 (277.8) MB, 1.1 / 0.0 ms  (average mu = 0.989, current mu = 0.988) allocation failure; 
[6089:0x73fe720]    34581 ms: Scavenge 256.7 (277.8) -> 241.2 (277.8) MB, 0.9 / 0.0 ms  (average mu = 0.989, current mu = 0.988) allocation failure; 
[6089:0x73fe720]    34589 ms: Scavenge 256.8 (277.8) -> 241.2 (277.8) MB, 1.3 / 0.0 ms  (average mu = 0.989, current mu = 0.988) allocation failure; 
[6089:0x73fe720]    34598 ms: Scavenge 256.8 (277.8) -> 241.3 (277.8) MB, 1.5 / 0.0 ms  (average mu = 0.989, current mu = 0.988) allocation failure; 
[6089:0x73fe720]    34606 ms: Scavenge 256.9 (277.8) -> 241.3 (277.8) MB, 1.0 / 0.0 ms  (average mu = 0.989, current mu = 0.988) allocation failure; 
[6089:0x73fe720]    34615 ms: Scavenge 256.9 (277.8) -> 241.4 (277.8) MB, 1.0 / 0.0 ms  (average mu = 0.989, current mu = 0.988) allocation failure; 
[6089:0x73fe720]    34623 ms: Scavenge 257.0 (277.8) -> 241.4 (277.8) MB, 1.1 / 0.0 ms  (average mu = 0.989, current mu = 0.988) allocation failure; 
[6089:0x73fe720]    34632 ms: Scavenge 257.0 (277.8) -> 241.5 (278.1) MB, 1.6 / 0.0 ms  (average mu = 0.989, current mu = 0.988) allocation failure; 
[6089:0x73fe720]    34640 ms: Scavenge 257.1 (278.1) -> 241.5 (278.1) MB, 1.2 / 0.0 ms  (average mu = 0.989, current mu = 0.988) allocation failure; 
[6089:0x73fe720]    34648 ms: Scavenge 257.1 (278.1) -> 241.6 (278.1) MB, 1.3 / 0.0 ms  (average mu = 0.989, current mu = 0.988) allocation failure; 
[6089:0x73fe720]    34659 ms: Scavenge 257.2 (278.1) -> 241.6 (278.1) MB, 1.3 / 0.0 ms  (average mu = 0.989, current mu = 0.988) allocation failure; 
[6089:0x73fe720]    34668 ms: Scavenge 257.2 (278.1) -> 241.7 (278.1) MB, 1.0 / 0.0 ms  (average mu = 0.989, current mu = 0.988) allocation failure; 
[6089:0x73fe720]    34676 ms: Scavenge 257.3 (278.1) -> 241.8 (278.3) MB, 1.3 / 0.0 ms  (average mu = 0.989, current mu = 0.988) allocation failure; 
[6089:0x73fe720]    34686 ms: Scavenge 257.3 (278.3) -> 241.8 (278.3) MB, 1.1 / 0.0 ms  (average mu = 0.989, current mu = 0.988) allocation failure; 
[6089:0x73fe720]    34695 ms: Scavenge 257.4 (278.3) -> 241.9 (278.3) MB, 1.7 / 0.0 ms  (average mu = 0.989, current mu = 0.988) allocation failure; 
[6089:0x73fe720]    34703 ms: Scavenge 257.4 (278.3) -> 241.9 (278.3) MB, 1.1 / 0.0 ms  (average mu = 0.989, current mu = 0.988) allocation failure; 
[6089:0x73fe720]    34711 ms: Scavenge 257.5 (278.3) -> 241.9 (278.3) MB, 1.4 / 0.0 ms  (average mu = 0.989, current mu = 0.988) allocation failure; 
[6089:0x73fe720]    34720 ms: Scavenge 257.5 (278.3) -> 242.0 (278.6) MB, 1.3 / 0.0 ms  (average mu = 0.989, current mu = 0.988) allocation failure; 
[6089:0x73fe720]    34729 ms: Scavenge 257.6 (278.6) -> 242.0 (278.6) MB, 1.4 / 0.0 ms  (average mu = 0.989, current mu = 0.988) allocation failure; 
[6089:0x73fe720]    34737 ms: Scavenge 257.6 (278.6) -> 242.1 (278.6) MB, 0.9 / 0.0 ms  (average mu = 0.989, current mu = 0.988) allocation failure; 
[6089:0x73fe720]    34745 ms: Scavenge 257.7 (278.6) -> 242.1 (278.6) MB, 1.1 / 0.0 ms  (average mu = 0.989, current mu = 0.988) allocation failure; 
[6089:0x73fe720]    34753 ms: Scavenge 257.7 (278.6) -> 242.2 (278.6) MB, 1.0 / 0.0 ms  (average mu = 0.989, current mu = 0.988) allocation failure; 
[6089:0x73fe720]    34762 ms: Scavenge 257.7 (278.6) -> 242.2 (278.6) MB, 1.1 / 0.0 ms  (average mu = 0.989, current mu = 0.988) allocation failure; 
[6089:0x73fe720]    34771 ms: Scavenge 257.8 (278.6) -> 242.3 (278.8) MB, 1.1 / 0.0 ms  (average mu = 0.989, current mu = 0.988) allocation failure; 
[6089:0x73fe720]    34779 ms: Scavenge 257.8 (278.8) -> 242.3 (278.8) MB, 1.1 / 0.0 ms  (average mu = 0.989, current mu = 0.988) allocation failure; 
[6089:0x73fe720]    34787 ms: Scavenge 257.9 (278.8) -> 242.3 (278.8) MB, 1.2 / 0.0 ms  (average mu = 0.989, current mu = 0.988) allocation failure; 
[6089:0x73fe720]    34795 ms: Scavenge 257.9 (278.8) -> 242.4 (278.8) MB, 0.9 / 0.0 ms  (average mu = 0.989, current mu = 0.988) allocation failure; 
[6089:0x73fe720]    34804 ms: Scavenge 258.0 (278.8) -> 242.4 (278.8) MB, 1.2 / 0.0 ms  (average mu = 0.989, current mu = 0.988) allocation failure; 
[6089:0x73fe720]    34812 ms: Scavenge 258.0 (278.8) -> 242.5 (279.1) MB, 1.1 / 0.0 ms  (average mu = 0.989, current mu = 0.988) allocation failure; 
[6089:0x73fe720]    34820 ms: Scavenge 258.1 (279.1) -> 242.5 (279.1) MB, 1.1 / 0.0 ms  (average mu = 0.989, current mu = 0.988) allocation failure; 
[6089:0x73fe720]    34828 ms: Scavenge 258.1 (279.1) -> 242.6 (279.1) MB, 1.3 / 0.0 ms  (average mu = 0.989, current mu = 0.988) allocation failure; 
[6089:0x73fe720]    34836 ms: Scavenge 258.2 (279.1) -> 242.6 (279.1) MB, 1.3 / 0.0 ms  (average mu = 0.989, current mu = 0.988) allocation failure; 
[6089:0x73fe720]    34844 ms: Scavenge 258.2 (279.1) -> 242.7 (279.1) MB, 1.1 / 0.0 ms  (average mu = 0.989, current mu = 0.988) allocation failure; 
[6089:0x73fe720]    34853 ms: Scavenge 258.3 (279.1) -> 242.7 (279.3) MB, 1.1 / 0.0 ms  (average mu = 0.989, current mu = 0.988) allocation failure; 
[6089:0x73fe720]    34860 ms: Scavenge 258.3 (279.3) -> 242.8 (279.3) MB, 1.2 / 0.0 ms  (average mu = 0.989, current mu = 0.988) allocation failure; 
[6089:0x73fe720]    34869 ms: Scavenge 258.4 (279.3) -> 242.8 (279.3) MB, 1.3 / 0.0 ms  (average mu = 0.989, current mu = 0.988) allocation failure; 
[6089:0x73fe720]    34877 ms: Scavenge 258.4 (279.3) -> 242.9 (279.3) MB, 1.1 / 0.0 ms  (average mu = 0.989, current mu = 0.988) allocation failure; 
[6089:0x73fe720]    34885 ms: Scavenge 258.5 (279.3) -> 242.9 (279.3) MB, 1.0 / 0.0 ms  (average mu = 0.989, current mu = 0.988) allocation failure; 
[6089:0x73fe720]    34893 ms: Scavenge 258.5 (279.3) -> 243.0 (279.6) MB, 1.3 / 0.0 ms  (average mu = 0.989, current mu = 0.988) allocation failure; 
[6089:0x73fe720]    34902 ms: Scavenge 258.6 (279.6) -> 243.0 (279.6) MB, 1.1 / 0.0 ms  (average mu = 0.989, current mu = 0.988) allocation failure; 
[6089:0x73fe720]    34910 ms: Scavenge 258.6 (279.6) -> 243.1 (279.6) MB, 1.6 / 0.0 ms  (average mu = 0.989, current mu = 0.988) allocation failure; 
[6089:0x73fe720]    34918 ms: Scavenge 258.7 (279.6) -> 243.1 (279.6) MB, 1.1 / 0.0 ms  (average mu = 0.989, current mu = 0.988) allocation failure; 
[6089:0x73fe720]    34927 ms: Scavenge 258.7 (279.6) -> 243.2 (279.6) MB, 1.9 / 0.0 ms  (average mu = 0.989, current mu = 0.988) allocation failure; 
[6089:0x73fe720]    34935 ms: Scavenge 258.8 (279.6) -> 243.2 (279.8) MB, 1.3 / 0.0 ms  (average mu = 0.989, current mu = 0.988) allocation failure; 
[6089:0x73fe720]    34943 ms: Scavenge 258.8 (279.8) -> 243.3 (279.8) MB, 1.1 / 0.0 ms  (average mu = 0.989, current mu = 0.988) allocation failure; 
[6089:0x73fe720]    34951 ms: Scavenge 258.8 (279.8) -> 243.3 (279.8) MB, 1.2 / 0.0 ms  (average mu = 0.989, current mu = 0.988) allocation failure; 
[6089:0x73fe720]    34959 ms: Scavenge 258.9 (279.8) -> 243.4 (279.8) MB, 1.1 / 0.0 ms  (average mu = 0.989, current mu = 0.988) allocation failure; 
[6089:0x73fe720]    34968 ms: Scavenge 258.9 (279.8) -> 243.4 (279.8) MB, 1.2 / 0.0 ms  (average mu = 0.989, current mu = 0.988) allocation failure; 
[6089:0x73fe720]    34976 ms: Scavenge 259.0 (279.8) -> 243.4 (280.1) MB, 1.3 / 0.0 ms  (average mu = 0.989, current mu = 0.988) allocation failure; 
[6089:0x73fe720]    34984 ms: Scavenge 259.0 (280.1) -> 243.5 (280.1) MB, 1.0 / 0.0 ms  (average mu = 0.989, current mu = 0.988) allocation failure; 
[6089:0x73fe720]    34992 ms: Scavenge 259.1 (280.1) -> 243.5 (280.1) MB, 1.4 / 0.0 ms  (average mu = 0.989, current mu = 0.988) allocation failure; 
[6089:0x73fe720]    35001 ms: Scavenge 259.1 (280.1) -> 243.6 (280.1) MB, 1.1 / 0.0 ms  (average mu = 0.989, current mu = 0.988) allocation failure; 
[6089:0x73fe720]    35010 ms: Scavenge 259.2 (280.1) -> 243.6 (280.1) MB, 1.2 / 0.0 ms  (average mu = 0.989, current mu = 0.988) allocation failure; 
[6089:0x73fe720]    35018 ms: Scavenge 259.2 (280.1) -> 243.7 (280.3) MB, 1.2 / 0.0 ms  (average mu = 0.989, current mu = 0.988) allocation failure; 
[6089:0x73fe720]    35025 ms: Scavenge 259.3 (280.3) -> 243.7 (280.3) MB, 1.0 / 0.0 ms  (average mu = 0.989, current mu = 0.988) allocation failure; 
[6089:0x73fe720]    35033 ms: Scavenge 259.3 (280.3) -> 243.8 (280.3) MB, 0.9 / 0.0 ms  (average mu = 0.989, current mu = 0.988) allocation failure; 
[6089:0x73fe720]    35041 ms: Scavenge 259.4 (280.3) -> 243.8 (280.3) MB, 1.3 / 0.0 ms  (average mu = 0.989, current mu = 0.988) allocation failure; 
[6089:0x73fe720]    35052 ms: Scavenge 259.4 (280.3) -> 243.9 (280.3) MB, 0.9 / 0.0 ms  (average mu = 0.989, current mu = 0.988) allocation failure; 
[6089:0x73fe720]    35061 ms: Scavenge 259.5 (280.3) -> 244.0 (280.3) MB, 1.2 / 0.0 ms  (average mu = 0.989, current mu = 0.988) allocation failure; 
[6089:0x73fe720]    35072 ms: Scavenge 259.5 (280.3) -> 244.0 (280.6) MB, 0.9 / 0.0 ms  (average mu = 0.989, current mu = 0.988) allocation failure; 
[6089:0x73fe720]    35080 ms: Scavenge 259.6 (280.6) -> 244.1 (280.6) MB, 1.2 / 0.0 ms  (average mu = 0.989, current mu = 0.988) allocation failure; 
[6089:0x73fe720]    35088 ms: Scavenge 259.6 (280.6) -> 244.1 (280.6) MB, 1.0 / 0.0 ms  (average mu = 0.989, current mu = 0.988) allocation failure; 
[6089:0x73fe720]    35096 ms: Scavenge 259.7 (280.6) -> 244.1 (280.6) MB, 1.2 / 0.0 ms  (average mu = 0.989, current mu = 0.988) allocation failure; 
[6089:0x73fe720]    35104 ms: Scavenge 259.7 (280.6) -> 244.2 (280.6) MB, 1.0 / 0.0 ms  (average mu = 0.989, current mu = 0.988) allocation failure; 
[6089:0x73fe720]    35112 ms: Scavenge 259.8 (280.6) -> 244.2 (280.8) MB, 1.2 / 0.0 ms  (average mu = 0.989, current mu = 0.988) allocation failure; 
[6089:0x73fe720]    35120 ms: Scavenge 259.8 (280.8) -> 244.3 (280.8) MB, 1.3 / 0.0 ms  (average mu = 0.989, current mu = 0.988) allocation failure; 
[6089:0x73fe720]    35129 ms: Scavenge 259.9 (280.8) -> 244.3 (280.8) MB, 1.5 / 0.0 ms  (average mu = 0.989, current mu = 0.988) allocation failure; 
[6089:0x73fe720]    35137 ms: Scavenge 259.9 (280.8) -> 244.4 (280.8) MB, 0.9 / 0.0 ms  (average mu = 0.989, current mu = 0.988) allocation failure; 
[6089:0x73fe720]    35145 ms: Scavenge 259.9 (280.8) -> 244.4 (280.8) MB, 1.2 / 0.0 ms  (average mu = 0.989, current mu = 0.988) allocation failure; 
[6089:0x73fe720]    35154 ms: Scavenge 260.0 (280.8) -> 244.5 (281.1) MB, 1.3 / 0.0 ms  (average mu = 0.989, current mu = 0.988) allocation failure; 
[6089:0x73fe720]    35162 ms: Scavenge 260.0 (281.1) -> 244.5 (281.1) MB, 1.1 / 0.0 ms  (average mu = 0.989, current mu = 0.988) allocation failure; 
[6089:0x73fe720]    35170 ms: Scavenge 260.1 (281.1) -> 244.5 (281.1) MB, 1.0 / 0.0 ms  (average mu = 0.989, current mu = 0.988) allocation failure; 
[6089:0x73fe720]    35179 ms: Scavenge 260.1 (281.1) -> 244.6 (281.1) MB, 1.1 / 0.0 ms  (average mu = 0.989, current mu = 0.988) allocation failure; 
[6089:0x73fe720]    35187 ms: Scavenge 260.2 (281.1) -> 244.6 (281.1) MB, 1.1 / 0.0 ms  (average mu = 0.989, current mu = 0.988) allocation failure; 
[6089:0x73fe720]    35195 ms: Scavenge 260.2 (281.1) -> 244.7 (281.3) MB, 1.2 / 0.0 ms  (average mu = 0.989, current mu = 0.988) allocation failure; 
[6089:0x73fe720]    35203 ms: Scavenge 260.3 (281.3) -> 244.7 (281.3) MB, 1.1 / 0.0 ms  (average mu = 0.989, current mu = 0.988) allocation failure; 
[6089:0x73fe720]    35211 ms: Scavenge 260.3 (281.3) -> 244.8 (281.3) MB, 1.0 / 0.0 ms  (average mu = 0.989, current mu = 0.988) allocation failure; 
[6089:0x73fe720]    35219 ms: Scavenge 260.4 (281.3) -> 244.8 (281.3) MB, 1.5 / 0.0 ms  (average mu = 0.989, current mu = 0.988) allocation failure; 
[6089:0x73fe720]    35227 ms: Scavenge 260.4 (281.3) -> 244.9 (281.3) MB, 1.1 / 0.0 ms  (average mu = 0.989, current mu = 0.988) allocation failure; 
[6089:0x73fe720]    35235 ms: Scavenge 260.5 (281.3) -> 244.9 (281.6) MB, 1.1 / 0.0 ms  (average mu = 0.989, current mu = 0.988) allocation failure; 
[6089:0x73fe720]    35243 ms: Scavenge 260.5 (281.6) -> 245.0 (281.6) MB, 1.1 / 0.0 ms  (average mu = 0.989, current mu = 0.988) allocation failure; 
[6089:0x73fe720]    35251 ms: Scavenge 260.6 (281.6) -> 245.0 (281.6) MB, 1.0 / 0.0 ms  (average mu = 0.989, current mu = 0.988) allocation failure; 
[6089:0x73fe720]    35260 ms: Scavenge 260.6 (281.6) -> 245.1 (281.6) MB, 1.2 / 0.0 ms  (average mu = 0.989, current mu = 0.988) allocation failure; 
[6089:0x73fe720]    35268 ms: Scavenge 260.7 (281.6) -> 245.1 (281.6) MB, 0.9 / 0.0 ms  (average mu = 0.989, current mu = 0.988) allocation failure; 
[6089:0x73fe720]    35276 ms: Scavenge 260.7 (281.6) -> 245.2 (281.8) MB, 1.3 / 0.0 ms  (average mu = 0.989, current mu = 0.988) allocation failure; 
[6089:0x73fe720]    35284 ms: Scavenge 260.8 (281.8) -> 245.2 (281.8) MB, 1.1 / 0.0 ms  (average mu = 0.989, current mu = 0.988) allocation failure; 
[6089:0x73fe720]    35293 ms: Scavenge 260.8 (281.8) -> 245.3 (281.8) MB, 1.3 / 0.0 ms  (average mu = 0.989, current mu = 0.988) allocation failure; 
[6089:0x73fe720]    35301 ms: Scavenge 260.9 (281.8) -> 245.3 (281.8) MB, 1.0 / 0.0 ms  (average mu = 0.989, current mu = 0.988) allocation failure; 
[6089:0x73fe720]    35309 ms: Scavenge 260.9 (281.8) -> 245.4 (281.8) MB, 1.2 / 0.0 ms  (average mu = 0.989, current mu = 0.988) allocation failure; 
[6089:0x73fe720]    35317 ms: Scavenge 261.0 (281.8) -> 245.4 (282.1) MB, 1.1 / 0.0 ms  (average mu = 0.989, current mu = 0.988) allocation failure; 
[6089:0x73fe720]    35325 ms: Scavenge 261.0 (282.1) -> 245.5 (282.1) MB, 1.0 / 0.0 ms  (average mu = 0.989, current mu = 0.988) allocation failure; 
[6089:0x73fe720]    35333 ms: Scavenge 261.0 (282.1) -> 245.5 (282.1) MB, 1.2 / 0.0 ms  (average mu = 0.989, current mu = 0.988) allocation failure; 
[6089:0x73fe720]    35341 ms: Scavenge 261.1 (282.1) -> 245.6 (282.1) MB, 1.1 / 0.0 ms  (average mu = 0.989, current mu = 0.988) allocation failure; 
[6089:0x73fe720]    35349 ms: Scavenge 261.1 (282.1) -> 245.6 (282.1) MB, 1.2 / 0.0 ms  (average mu = 0.989, current mu = 0.988) allocation failure; 
[6089:0x73fe720]    35357 ms: Scavenge 261.2 (282.1) -> 245.6 (282.1) MB, 1.2 / 0.0 ms  (average mu = 0.989, current mu = 0.988) allocation failure; 
[6089:0x73fe720]    35365 ms: Scavenge 261.2 (282.1) -> 245.7 (282.3) MB, 1.2 / 0.0 ms  (average mu = 0.989, current mu = 0.988) allocation failure; 
[6089:0x73fe720]    35373 ms: Scavenge 261.3 (282.3) -> 245.7 (282.6) MB, 1.2 / 0.0 ms  (average mu = 0.989, current mu = 0.988) allocation failure; 
[6089:0x73fe720]    35380 ms: Scavenge 261.3 (282.6) -> 245.8 (282.6) MB, 1.0 / 0.0 ms  (average mu = 0.989, current mu = 0.988) allocation failure; 
[6089:0x73fe720]    35388 ms: Scavenge 261.4 (282.6) -> 245.8 (282.6) MB, 1.1 / 0.0 ms  (average mu = 0.989, current mu = 0.988) allocation failure; 
[6089:0x73fe720]    35397 ms: Scavenge 261.4 (282.6) -> 245.9 (282.6) MB, 1.4 / 0.0 ms  (average mu = 0.989, current mu = 0.988) allocation failure; 
[6089:0x73fe720]    35404 ms: Scavenge 261.5 (282.6) -> 245.9 (282.6) MB, 1.1 / 0.0 ms  (average mu = 0.989, current mu = 0.988) allocation failure; 
[6089:0x73fe720]    35412 ms: Scavenge 261.5 (282.6) -> 246.0 (282.6) MB, 1.1 / 0.0 ms  (average mu = 0.989, current mu = 0.988) allocation failure; 
[6089:0x73fe720]    35421 ms: Scavenge 261.6 (282.6) -> 246.0 (282.6) MB, 1.4 / 0.0 ms  (average mu = 0.989, current mu = 0.988) allocation failure; 
[6089:0x73fe720]    35429 ms: Scavenge 261.6 (282.6) -> 246.1 (282.6) MB, 1.1 / 0.0 ms  (average mu = 0.989, current mu = 0.988) allocation failure; 
[6089:0x73fe720]    35437 ms: Scavenge 261.7 (282.6) -> 246.1 (282.6) MB, 1.2 / 0.0 ms  (average mu = 0.989, current mu = 0.988) allocation failure; 
[6089:0x73fe720]    35445 ms: Scavenge 261.7 (282.6) -> 246.2 (282.8) MB, 1.3 / 0.0 ms  (average mu = 0.989, current mu = 0.988) allocation failure; 
[6089:0x73fe720]    35454 ms: Scavenge 261.8 (282.8) -> 246.2 (282.8) MB, 1.3 / 0.0 ms  (average mu = 0.989, current mu = 0.988) allocation failure; 
[6089:0x73fe720]    35462 ms: Scavenge 261.8 (282.8) -> 246.3 (282.8) MB, 1.1 / 0.0 ms  (average mu = 0.989, current mu = 0.988) allocation failure; 
[6089:0x73fe720]    35470 ms: Scavenge 261.9 (282.8) -> 246.3 (282.8) MB, 1.0 / 0.0 ms  (average mu = 0.989, current mu = 0.988) allocation failure; 
[6089:0x73fe720]    35479 ms: Scavenge 261.9 (282.8) -> 246.4 (282.8) MB, 1.7 / 0.0 ms  (average mu = 0.989, current mu = 0.988) allocation failure; 
[6089:0x73fe720]    35487 ms: Scavenge 262.0 (282.8) -> 246.4 (283.1) MB, 1.0 / 0.0 ms  (average mu = 0.989, current mu = 0.988) allocation failure; 
[6089:0x73fe720]    35495 ms: Scavenge 262.0 (283.1) -> 246.5 (283.1) MB, 1.3 / 0.0 ms  (average mu = 0.989, current mu = 0.988) allocation failure; 
[6089:0x73fe720]    35503 ms: Scavenge 262.1 (283.1) -> 246.5 (283.3) MB, 1.0 / 0.0 ms  (average mu = 0.989, current mu = 0.988) allocation failure; 
[6089:0x73fe720]    35511 ms: Scavenge 262.1 (283.3) -> 246.6 (283.3) MB, 1.1 / 0.0 ms  (average mu = 0.989, current mu = 0.988) allocation failure; 
[6089:0x73fe720]    35519 ms: Scavenge 262.1 (283.3) -> 246.6 (283.3) MB, 1.2 / 0.0 ms  (average mu = 0.989, current mu = 0.988) allocation failure; 
[6089:0x73fe720]    35527 ms: Scavenge 262.2 (283.3) -> 246.7 (283.3) MB, 1.2 / 0.0 ms  (average mu = 0.989, current mu = 0.988) allocation failure; 
[6089:0x73fe720]    35535 ms: Scavenge 262.2 (283.3) -> 246.7 (283.3) MB, 1.1 / 0.0 ms  (average mu = 0.989, current mu = 0.988) allocation failure; 
[6089:0x73fe720]    35543 ms: Scavenge 262.3 (283.3) -> 246.7 (283.3) MB, 1.0 / 0.0 ms  (average mu = 0.989, current mu = 0.988) allocation failure; 
[6089:0x73fe720]    35552 ms: Scavenge 262.3 (283.3) -> 246.8 (283.3) MB, 1.2 / 0.0 ms  (average mu = 0.989, current mu = 0.988) allocation failure; 
[6089:0x73fe720]    35560 ms: Scavenge 262.4 (283.3) -> 246.8 (283.3) MB, 1.3 / 0.0 ms  (average mu = 0.989, current mu = 0.988) allocation failure; 
[6089:0x73fe720]    35568 ms: Scavenge 262.4 (283.3) -> 246.9 (283.6) MB, 1.1 / 0.0 ms  (average mu = 0.989, current mu = 0.988) allocation failure; 
[6089:0x73fe720]    35575 ms: Scavenge 262.5 (283.6) -> 247.0 (283.6) MB, 1.1 / 0.0 ms  (average mu = 0.989, current mu = 0.988) allocation failure; 
[6089:0x73fe720]    35584 ms: Scavenge 262.5 (283.6) -> 247.0 (283.6) MB, 1.3 / 0.0 ms  (average mu = 0.989, current mu = 0.988) allocation failure; 
[6089:0x73fe720]    35592 ms: Scavenge 262.6 (283.6) -> 247.0 (283.6) MB, 1.2 / 0.0 ms  (average mu = 0.989, current mu = 0.988) allocation failure; 
[6089:0x73fe720]    35601 ms: Scavenge 262.6 (283.6) -> 247.1 (283.6) MB, 1.0 / 0.0 ms  (average mu = 0.989, current mu = 0.988) allocation failure; 
[6089:0x73fe720]    35610 ms: Scavenge 262.7 (283.6) -> 247.2 (283.8) MB, 1.2 / 0.0 ms  (average mu = 0.989, current mu = 0.988) allocation failure; 
[6089:0x73fe720]    35618 ms: Scavenge 262.7 (283.8) -> 247.2 (283.8) MB, 1.2 / 0.0 ms  (average mu = 0.989, current mu = 0.988) allocation failure; 
[6089:0x73fe720]    35626 ms: Scavenge 262.8 (283.8) -> 247.2 (283.8) MB, 1.1 / 0.0 ms  (average mu = 0.989, current mu = 0.988) allocation failure; 
[6089:0x73fe720]    35634 ms: Scavenge 262.8 (283.8) -> 247.3 (283.8) MB, 1.0 / 0.0 ms  (average mu = 0.989, current mu = 0.988) allocation failure; 
[6089:0x73fe720]    35643 ms: Scavenge 262.9 (283.8) -> 247.3 (283.8) MB, 1.0 / 0.0 ms  (average mu = 0.989, current mu = 0.988) allocation failure; 
[6089:0x73fe720]    35651 ms: Scavenge 262.9 (283.8) -> 247.4 (284.1) MB, 1.2 / 0.0 ms  (average mu = 0.989, current mu = 0.988) allocation failure; 
[6089:0x73fe720]    35659 ms: Scavenge 263.0 (284.1) -> 247.4 (284.1) MB, 1.0 / 0.0 ms  (average mu = 0.989, current mu = 0.988) allocation failure; 
[6089:0x73fe720]    35667 ms: Scavenge 263.0 (284.1) -> 247.5 (284.1) MB, 1.2 / 0.0 ms  (average mu = 0.989, current mu = 0.988) allocation failure; 
[6089:0x73fe720]    35675 ms: Scavenge 263.1 (284.1) -> 247.5 (284.1) MB, 1.1 / 0.0 ms  (average mu = 0.989, current mu = 0.988) allocation failure; 
[6089:0x73fe720]    35683 ms: Scavenge 263.1 (284.1) -> 247.6 (284.1) MB, 1.3 / 0.0 ms  (average mu = 0.989, current mu = 0.988) allocation failure; 
[6089:0x73fe720]    35691 ms: Scavenge 263.2 (284.1) -> 247.6 (284.1) MB, 1.2 / 0.0 ms  (average mu = 0.989, current mu = 0.988) allocation failure; 
[6089:0x73fe720]    35700 ms: Scavenge 263.2 (284.1) -> 247.7 (284.3) MB, 1.3 / 0.0 ms  (average mu = 0.989, current mu = 0.988) allocation failure; 
[6089:0x73fe720]    35708 ms: Scavenge 263.2 (284.3) -> 247.7 (284.3) MB, 1.1 / 0.0 ms  (average mu = 0.989, current mu = 0.988) allocation failure; 
[6089:0x73fe720]    35716 ms: Scavenge 263.3 (284.3) -> 247.8 (284.3) MB, 1.1 / 0.0 ms  (average mu = 0.989, current mu = 0.988) allocation failure; 
[6089:0x73fe720]    35724 ms: Scavenge 263.3 (284.3) -> 247.8 (284.3) MB, 1.2 / 0.0 ms  (average mu = 0.989, current mu = 0.988) allocation failure; 
[6089:0x73fe720]    35732 ms: Scavenge 263.4 (284.3) -> 247.8 (284.3) MB, 1.2 / 0.0 ms  (average mu = 0.989, current mu = 0.988) allocation failure; 
[6089:0x73fe720]    35740 ms: Scavenge 263.4 (284.3) -> 247.9 (284.6) MB, 1.2 / 0.0 ms  (average mu = 0.989, current mu = 0.988) allocation failure; 
[6089:0x73fe720]    35748 ms: Scavenge 263.5 (284.6) -> 247.9 (284.6) MB, 1.2 / 0.0 ms  (average mu = 0.989, current mu = 0.988) allocation failure; 
[6089:0x73fe720]    35755 ms: Scavenge 263.5 (284.6) -> 248.0 (284.6) MB, 1.0 / 0.0 ms  (average mu = 0.989, current mu = 0.988) allocation failure; 
[6089:0x73fe720]    35764 ms: Scavenge 263.6 (284.6) -> 248.0 (284.8) MB, 1.4 / 0.0 ms  (average mu = 0.989, current mu = 0.988) allocation failure; 
[6089:0x73fe720]    35772 ms: Scavenge 263.6 (284.8) -> 248.1 (284.8) MB, 1.1 / 0.0 ms  (average mu = 0.989, current mu = 0.988) allocation failure; 
[6089:0x73fe720]    35781 ms: Scavenge 263.7 (284.8) -> 248.1 (284.8) MB, 1.3 / 0.0 ms  (average mu = 0.989, current mu = 0.988) allocation failure; 
[6089:0x73fe720]    35788 ms: Scavenge 263.7 (284.8) -> 248.2 (284.8) MB, 1.2 / 0.0 ms  (average mu = 0.989, current mu = 0.988) allocation failure; 
[6089:0x73fe720]    35796 ms: Scavenge 263.8 (284.8) -> 248.2 (284.8) MB, 0.9 / 0.0 ms  (average mu = 0.989, current mu = 0.988) allocation failure; 
[6089:0x73fe720]    35804 ms: Scavenge 263.8 (284.8) -> 248.3 (284.8) MB, 1.0 / 0.0 ms  (average mu = 0.989, current mu = 0.988) allocation failure; 
[6089:0x73fe720]    35811 ms: Scavenge 263.9 (284.8) -> 248.3 (284.8) MB, 1.0 / 0.0 ms  (average mu = 0.989, current mu = 0.988) allocation failure; 
[6089:0x73fe720]    35820 ms: Scavenge 263.9 (284.8) -> 248.4 (285.1) MB, 1.4 / 0.0 ms  (average mu = 0.989, current mu = 0.988) allocation failure; 
[6089:0x73fe720]    35827 ms: Scavenge 264.0 (285.1) -> 248.4 (285.1) MB, 1.0 / 0.0 ms  (average mu = 0.989, current mu = 0.988) allocation failure; 
[6089:0x73fe720]    35835 ms: Scavenge 264.0 (285.1) -> 248.5 (285.3) MB, 1.2 / 0.0 ms  (average mu = 0.989, current mu = 0.988) allocation failure; 
[6089:0x73fe720]    35843 ms: Scavenge 264.1 (285.3) -> 248.5 (285.3) MB, 1.4 / 0.0 ms  (average mu = 0.989, current mu = 0.988) allocation failure; 
[6089:0x73fe720]    35851 ms: Scavenge 264.1 (285.3) -> 248.6 (285.3) MB, 1.2 / 0.0 ms  (average mu = 0.989, current mu = 0.988) allocation failure; 
[6089:0x73fe720]    35859 ms: Scavenge 264.2 (285.3) -> 248.6 (285.3) MB, 1.1 / 0.0 ms  (average mu = 0.989, current mu = 0.988) allocation failure; 
[6089:0x73fe720]    35867 ms: Scavenge 264.2 (285.3) -> 248.7 (285.3) MB, 1.0 / 0.0 ms  (average mu = 0.989, current mu = 0.988) allocation failure; 
[6089:0x73fe720]    35875 ms: Scavenge 264.3 (285.3) -> 248.7 (285.3) MB, 1.2 / 0.0 ms  (average mu = 0.989, current mu = 0.988) allocation failure; 
[6089:0x73fe720]    35883 ms: Scavenge 264.3 (285.3) -> 248.8 (285.3) MB, 1.1 / 0.0 ms  (average mu = 0.989, current mu = 0.988) allocation failure; 
[6089:0x73fe720]    35891 ms: Scavenge 264.3 (285.3) -> 248.8 (285.3) MB, 1.1 / 0.0 ms  (average mu = 0.989, current mu = 0.988) allocation failure; 
[6089:0x73fe720]    35899 ms: Scavenge 264.4 (285.3) -> 248.9 (285.6) MB, 1.3 / 0.0 ms  (average mu = 0.989, current mu = 0.988) allocation failure; 
[6089:0x73fe720]    35907 ms: Scavenge 264.4 (285.6) -> 248.9 (285.6) MB, 1.1 / 0.0 ms  (average mu = 0.989, current mu = 0.988) allocation failure; 
[6089:0x73fe720]    35914 ms: Scavenge 264.5 (285.6) -> 248.9 (285.6) MB, 1.1 / 0.0 ms  (average mu = 0.989, current mu = 0.988) allocation failure; 
[6089:0x73fe720]    35923 ms: Scavenge 264.5 (285.6) -> 249.0 (285.6) MB, 1.3 / 0.0 ms  (average mu = 0.989, current mu = 0.988) allocation failure; 
[6089:0x73fe720]    35931 ms: Scavenge 264.6 (285.6) -> 249.1 (285.6) MB, 1.2 / 0.0 ms  (average mu = 0.989, current mu = 0.988) allocation failure; 
[6089:0x73fe720]    35940 ms: Scavenge 264.6 (285.6) -> 249.1 (285.8) MB, 1.6 / 0.0 ms  (average mu = 0.989, current mu = 0.988) allocation failure; 
[6089:0x73fe720]    35948 ms: Scavenge 264.7 (285.8) -> 249.1 (285.8) MB, 1.1 / 0.0 ms  (average mu = 0.989, current mu = 0.988) allocation failure; 
[6089:0x73fe720]    35956 ms: Scavenge 264.7 (285.8) -> 249.2 (285.8) MB, 1.2 / 0.0 ms  (average mu = 0.989, current mu = 0.988) allocation failure; 
[6089:0x73fe720]    35964 ms: Scavenge 264.8 (285.8) -> 249.2 (285.8) MB, 1.2 / 0.0 ms  (average mu = 0.989, current mu = 0.988) allocation failure; 
[6089:0x73fe720]    35972 ms: Scavenge 264.8 (285.8) -> 249.3 (285.8) MB, 1.2 / 0.0 ms  (average mu = 0.989, current mu = 0.988) allocation failure; 
[6089:0x73fe720]    35980 ms: Scavenge 264.9 (285.8) -> 249.3 (285.8) MB, 1.1 / 0.0 ms  (average mu = 0.989, current mu = 0.988) allocation failure; 
[6089:0x73fe720]    35989 ms: Scavenge 264.9 (285.8) -> 249.4 (286.1) MB, 1.1 / 0.0 ms  (average mu = 0.989, current mu = 0.988) allocation failure; 
[6089:0x73fe720]    35997 ms: Scavenge 265.0 (286.1) -> 249.4 (286.1) MB, 1.1 / 0.0 ms  (average mu = 0.989, current mu = 0.988) allocation failure; 
[6089:0x73fe720]    36004 ms: Scavenge 265.0 (286.1) -> 249.5 (286.1) MB, 0.9 / 0.0 ms  (average mu = 0.989, current mu = 0.988) allocation failure; 
[6089:0x73fe720]    36012 ms: Scavenge 265.1 (286.1) -> 249.6 (286.1) MB, 1.1 / 0.0 ms  (average mu = 0.989, current mu = 0.988) allocation failure; 
[6089:0x73fe720]    36020 ms: Scavenge 265.1 (286.1) -> 249.6 (286.1) MB, 1.1 / 0.0 ms  (average mu = 0.989, current mu = 0.988) allocation failure; 
[6089:0x73fe720]    36028 ms: Scavenge 265.2 (286.1) -> 249.6 (286.3) MB, 1.2 / 0.0 ms  (average mu = 0.989, current mu = 0.988) allocation failure; 
[6089:0x73fe720]    36036 ms: Scavenge 265.2 (286.3) -> 249.7 (286.3) MB, 1.1 / 0.0 ms  (average mu = 0.989, current mu = 0.988) allocation failure; 
[6089:0x73fe720]    36044 ms: Scavenge 265.3 (286.3) -> 249.7 (286.3) MB, 1.4 / 0.0 ms  (average mu = 0.989, current mu = 0.988) allocation failure; 
[6089:0x73fe720]    36052 ms: Scavenge 265.3 (286.3) -> 249.8 (286.3) MB, 1.1 / 0.0 ms  (average mu = 0.989, current mu = 0.988) allocation failure; 
[6089:0x73fe720]    36060 ms: Scavenge 265.4 (286.3) -> 249.8 (286.3) MB, 1.0 / 0.0 ms  (average mu = 0.989, current mu = 0.988) allocation failure; 
[6089:0x73fe720]    36068 ms: Scavenge 265.4 (286.3) -> 249.9 (286.6) MB, 1.0 / 0.0 ms  (average mu = 0.989, current mu = 0.988) allocation failure; 
[6089:0x73fe720]    36076 ms: Scavenge 265.4 (286.6) -> 249.9 (286.6) MB, 1.1 / 0.0 ms  (average mu = 0.989, current mu = 0.988) allocation failure; 
[6089:0x73fe720]    36084 ms: Scavenge 265.5 (286.6) -> 250.0 (286.6) MB, 1.1 / 0.0 ms  (average mu = 0.989, current mu = 0.988) allocation failure; 
[6089:0x73fe720]    36092 ms: Scavenge 265.5 (286.6) -> 250.0 (286.6) MB, 1.2 / 0.0 ms  (average mu = 0.989, current mu = 0.988) allocation failure; 
[6089:0x73fe720]    36100 ms: Scavenge 265.6 (286.6) -> 250.1 (286.6) MB, 1.0 / 0.0 ms  (average mu = 0.989, current mu = 0.988) allocation failure; 
[6089:0x73fe720]    36107 ms: Scavenge 265.6 (286.6) -> 250.1 (286.8) MB, 1.0 / 0.0 ms  (average mu = 0.989, current mu = 0.988) allocation failure; 
[6089:0x73fe720]    36115 ms: Scavenge 265.7 (286.8) -> 250.1 (286.8) MB, 1.0 / 0.0 ms  (average mu = 0.989, current mu = 0.988) allocation failure; 
[6089:0x73fe720]    36124 ms: Scavenge 265.7 (286.8) -> 250.2 (286.8) MB, 1.4 / 0.0 ms  (average mu = 0.989, current mu = 0.988) allocation failure; 
[6089:0x73fe720]    36132 ms: Scavenge 265.8 (286.8) -> 250.2 (286.8) MB, 1.1 / 0.0 ms  (average mu = 0.989, current mu = 0.988) allocation failure; 
[6089:0x73fe720]    36140 ms: Scavenge 265.8 (286.8) -> 250.3 (286.8) MB, 1.1 / 0.0 ms  (average mu = 0.989, current mu = 0.988) allocation failure; 
[6089:0x73fe720]    36148 ms: Scavenge 265.9 (286.8) -> 250.3 (287.1) MB, 1.0 / 0.0 ms  (average mu = 0.989, current mu = 0.988) allocation failure; 
[6089:0x73fe720]    36157 ms: Scavenge 265.9 (287.1) -> 250.4 (287.1) MB, 1.4 / 0.0 ms  (average mu = 0.989, current mu = 0.988) allocation failure; 
[6089:0x73fe720]    36166 ms: Scavenge 266.0 (287.1) -> 250.4 (287.1) MB, 1.3 / 0.0 ms  (average mu = 0.989, current mu = 0.988) allocation failure; 
[6089:0x73fe720]    36174 ms: Scavenge 266.0 (287.1) -> 250.5 (287.1) MB, 1.3 / 0.0 ms  (average mu = 0.989, current mu = 0.988) allocation failure; 
[6089:0x73fe720]    36182 ms: Scavenge 266.1 (287.1) -> 250.5 (287.1) MB, 1.2 / 0.0 ms  (average mu = 0.989, current mu = 0.988) allocation failure; 
[6089:0x73fe720]    36191 ms: Scavenge 266.1 (287.1) -> 250.6 (287.3) MB, 1.3 / 0.0 ms  (average mu = 0.989, current mu = 0.988) allocation failure; 
[6089:0x73fe720]    36199 ms: Scavenge 266.2 (287.3) -> 250.6 (287.3) MB, 1.5 / 0.0 ms  (average mu = 0.989, current mu = 0.988) allocation failure; 
[6089:0x73fe720]    36209 ms: Scavenge 266.2 (287.3) -> 250.7 (287.3) MB, 1.3 / 0.0 ms  (average mu = 0.989, current mu = 0.988) allocation failure; 
[6089:0x73fe720]    36218 ms: Scavenge 266.3 (287.3) -> 250.7 (287.3) MB, 1.1 / 0.0 ms  (average mu = 0.989, current mu = 0.988) allocation failure; 
[6089:0x73fe720]    36228 ms: Scavenge 266.3 (287.3) -> 250.8 (287.3) MB, 1.6 / 0.0 ms  (average mu = 0.989, current mu = 0.988) allocation failure; 
[6089:0x73fe720]    36239 ms: Scavenge 266.4 (287.3) -> 250.8 (287.6) MB, 1.3 / 0.0 ms  (average mu = 0.989, current mu = 0.988) allocation failure; 
[6089:0x73fe720]    36249 ms: Scavenge 266.4 (287.6) -> 250.9 (287.6) MB, 1.1 / 0.0 ms  (average mu = 0.989, current mu = 0.988) allocation failure; 
[6089:0x73fe720]    36259 ms: Scavenge 266.5 (287.6) -> 250.9 (287.6) MB, 1.5 / 0.0 ms  (average mu = 0.989, current mu = 0.988) allocation failure; 
[6089:0x73fe720]    36267 ms: Scavenge 266.5 (287.6) -> 251.0 (287.6) MB, 1.1 / 0.0 ms  (average mu = 0.989, current mu = 0.988) allocation failure; 
[6089:0x73fe720]    36277 ms: Scavenge 266.6 (287.6) -> 251.0 (287.6) MB, 1.5 / 0.0 ms  (average mu = 0.989, current mu = 0.988) allocation failure; 
[6089:0x73fe720]    36286 ms: Scavenge 266.6 (287.6) -> 251.1 (287.6) MB, 1.6 / 0.0 ms  (average mu = 0.989, current mu = 0.988) allocation failure; 
[6089:0x73fe720]    36295 ms: Scavenge 266.6 (287.6) -> 251.1 (287.8) MB, 1.1 / 0.0 ms  (average mu = 0.989, current mu = 0.988) allocation failure; 
[6089:0x73fe720]    36304 ms: Scavenge 266.7 (287.8) -> 251.2 (287.8) MB, 1.1 / 0.0 ms  (average mu = 0.989, current mu = 0.988) allocation failure; 
[6089:0x73fe720]    36313 ms: Scavenge 266.7 (287.8) -> 251.2 (287.8) MB, 1.5 / 0.0 ms  (average mu = 0.989, current mu = 0.988) allocation failure; 
[6089:0x73fe720]    36322 ms: Scavenge 266.8 (287.8) -> 251.2 (287.8) MB, 1.2 / 0.0 ms  (average mu = 0.989, current mu = 0.988) allocation failure; 
[6089:0x73fe720]    36330 ms: Scavenge 266.8 (287.8) -> 251.3 (287.8) MB, 1.2 / 0.0 ms  (average mu = 0.989, current mu = 0.988) allocation failure; 
[6089:0x73fe720]    36339 ms: Scavenge 266.9 (287.8) -> 251.4 (288.1) MB, 1.7 / 0.0 ms  (average mu = 0.989, current mu = 0.988) allocation failure; 
[6089:0x73fe720]    36349 ms: Scavenge 266.9 (288.1) -> 251.4 (288.1) MB, 1.1 / 0.0 ms  (average mu = 0.989, current mu = 0.988) allocation failure; 
[6089:0x73fe720]    36357 ms: Scavenge 267.0 (288.1) -> 251.4 (288.1) MB, 1.1 / 0.0 ms  (average mu = 0.989, current mu = 0.988) allocation failure; 
[6089:0x73fe720]    36366 ms: Scavenge 267.0 (288.1) -> 251.5 (288.1) MB, 1.5 / 0.0 ms  (average mu = 0.989, current mu = 0.988) allocation failure; 
[6089:0x73fe720]    36374 ms: Scavenge 267.1 (288.1) -> 251.5 (288.1) MB, 1.2 / 0.0 ms  (average mu = 0.989, current mu = 0.988) allocation failure; 
[6089:0x73fe720]    36382 ms: Scavenge 267.1 (288.1) -> 251.6 (288.3) MB, 1.2 / 0.0 ms  (average mu = 0.989, current mu = 0.988) allocation failure; 
[6089:0x73fe720]    36392 ms: Scavenge 267.2 (288.3) -> 251.6 (288.3) MB, 1.1 / 0.0 ms  (average mu = 0.989, current mu = 0.988) allocation failure; 
[6089:0x73fe720]    36400 ms: Scavenge 267.2 (288.3) -> 251.7 (288.3) MB, 1.4 / 0.0 ms  (average mu = 0.989, current mu = 0.988) allocation failure; 
[6089:0x73fe720]    36411 ms: Scavenge 267.3 (288.3) -> 251.7 (288.3) MB, 1.0 / 0.0 ms  (average mu = 0.989, current mu = 0.988) allocation failure; 
[6089:0x73fe720]    36420 ms: Scavenge 267.3 (288.3) -> 251.8 (288.3) MB, 1.3 / 0.0 ms  (average mu = 0.989, current mu = 0.988) allocation failure; 
[6089:0x73fe720]    36432 ms: Scavenge 267.4 (288.3) -> 251.8 (288.6) MB, 1.2 / 0.0 ms  (average mu = 0.989, current mu = 0.988) allocation failure; 
[6089:0x73fe720]    36444 ms: Scavenge 267.4 (288.6) -> 251.9 (288.6) MB, 1.1 / 0.0 ms  (average mu = 0.989, current mu = 0.988) allocation failure; 
[6089:0x73fe720]    36453 ms: Scavenge 267.5 (288.6) -> 251.9 (288.6) MB, 1.0 / 0.0 ms  (average mu = 0.989, current mu = 0.988) allocation failure; 
[6089:0x73fe720]    36462 ms: Scavenge 267.5 (288.6) -> 252.0 (288.6) MB, 1.4 / 0.0 ms  (average mu = 0.989, current mu = 0.988) allocation failure; 
[6089:0x73fe720]    36471 ms: Scavenge 267.6 (288.6) -> 252.0 (288.6) MB, 1.1 / 0.0 ms  (average mu = 0.989, current mu = 0.988) allocation failure; 
[6089:0x73fe720]    36479 ms: Scavenge 267.6 (288.6) -> 252.1 (288.8) MB, 1.2 / 0.0 ms  (average mu = 0.989, current mu = 0.988) allocation failure; 
[6089:0x73fe720]    36488 ms: Scavenge 267.7 (288.8) -> 252.1 (288.8) MB, 1.4 / 0.0 ms  (average mu = 0.989, current mu = 0.988) allocation failure; 
[6089:0x73fe720]    36496 ms: Scavenge 267.7 (288.8) -> 252.2 (288.8) MB, 1.1 / 0.0 ms  (average mu = 0.989, current mu = 0.988) allocation failure; 
[6089:0x73fe720]    36505 ms: Scavenge 267.7 (288.8) -> 252.2 (288.8) MB, 1.3 / 0.0 ms  (average mu = 0.989, current mu = 0.988) allocation failure; 
[6089:0x73fe720]    36517 ms: Scavenge 267.8 (288.8) -> 252.3 (288.8) MB, 1.2 / 0.0 ms  (average mu = 0.989, current mu = 0.988) allocation failure; 
[6089:0x73fe720]    36526 ms: Scavenge 267.8 (288.8) -> 252.3 (289.1) MB, 1.1 / 0.0 ms  (average mu = 0.989, current mu = 0.988) allocation failure; 
[6089:0x73fe720]    36535 ms: Scavenge 267.9 (289.1) -> 252.3 (289.1) MB, 1.5 / 0.0 ms  (average mu = 0.989, current mu = 0.988) allocation failure; 
[6089:0x73fe720]    36544 ms: Scavenge 267.9 (289.1) -> 252.4 (289.1) MB, 1.8 / 0.0 ms  (average mu = 0.989, current mu = 0.988) allocation failure; 
[6089:0x73fe720]    36554 ms: Scavenge 268.0 (289.1) -> 252.4 (289.1) MB, 1.2 / 0.0 ms  (average mu = 0.989, current mu = 0.988) allocation failure; 
[6089:0x73fe720]    36563 ms: Scavenge 268.0 (289.1) -> 252.5 (289.1) MB, 1.3 / 0.0 ms  (average mu = 0.989, current mu = 0.988) allocation failure; 
[6089:0x73fe720]    36572 ms: Scavenge 268.1 (289.1) -> 252.5 (289.3) MB, 1.5 / 0.0 ms  (average mu = 0.989, current mu = 0.988) allocation failure; 
[6089:0x73fe720]    36580 ms: Scavenge 268.1 (289.3) -> 252.6 (289.3) MB, 1.4 / 0.0 ms  (average mu = 0.989, current mu = 0.988) allocation failure; 
[6089:0x73fe720]    36587 ms: Scavenge 268.2 (289.3) -> 252.6 (289.3) MB, 0.9 / 0.0 ms  (average mu = 0.989, current mu = 0.988) allocation failure; 
[6089:0x73fe720]    36598 ms: Scavenge 268.2 (289.3) -> 252.7 (289.3) MB, 1.1 / 0.0 ms  (average mu = 0.989, current mu = 0.988) allocation failure; 
[6089:0x73fe720]    36607 ms: Scavenge 268.3 (289.3) -> 252.7 (289.3) MB, 1.2 / 0.0 ms  (average mu = 0.989, current mu = 0.988) allocation failure; 
[6089:0x73fe720]    36615 ms: Scavenge 268.3 (289.3) -> 252.8 (289.3) MB, 1.1 / 0.0 ms  (average mu = 0.989, current mu = 0.988) allocation failure; 
[6089:0x73fe720]    36624 ms: Scavenge 268.4 (289.3) -> 252.8 (289.6) MB, 1.5 / 0.0 ms  (average mu = 0.989, current mu = 0.988) allocation failure; 
[6089:0x73fe720]    36633 ms: Scavenge 268.4 (289.6) -> 252.9 (289.6) MB, 1.6 / 0.0 ms  (average mu = 0.989, current mu = 0.988) allocation failure; 
[6089:0x73fe720]    36642 ms: Scavenge 268.5 (289.6) -> 252.9 (289.6) MB, 1.3 / 0.0 ms  (average mu = 0.989, current mu = 0.988) allocation failure; 
[6089:0x73fe720]    36651 ms: Scavenge 268.5 (289.6) -> 253.0 (289.6) MB, 1.1 / 0.0 ms  (average mu = 0.989, current mu = 0.988) allocation failure; 
[6089:0x73fe720]    36660 ms: Scavenge 268.6 (289.6) -> 253.0 (289.6) MB, 1.4 / 0.0 ms  (average mu = 0.989, current mu = 0.988) allocation failure; 
[6089:0x73fe720]    36668 ms: Scavenge 268.6 (289.6) -> 253.1 (289.8) MB, 1.5 / 0.0 ms  (average mu = 0.989, current mu = 0.988) allocation failure; 
[6089:0x73fe720]    36676 ms: Scavenge 268.7 (289.8) -> 253.1 (289.8) MB, 1.3 / 0.0 ms  (average mu = 0.989, current mu = 0.988) allocation failure; 
[6089:0x73fe720]    36685 ms: Scavenge 268.7 (289.8) -> 253.2 (289.8) MB, 0.9 / 0.0 ms  (average mu = 0.989, current mu = 0.988) allocation failure; 
[6089:0x73fe720]    36693 ms: Scavenge 268.8 (289.8) -> 253.2 (290.1) MB, 1.4 / 0.0 ms  (average mu = 0.989, current mu = 0.988) allocation failure; 
[6089:0x73fe720]    36701 ms: Scavenge 268.8 (290.1) -> 253.3 (290.1) MB, 1.3 / 0.0 ms  (average mu = 0.989, current mu = 0.988) allocation failure; 
[6089:0x73fe720]    36710 ms: Scavenge 268.8 (290.1) -> 253.3 (290.1) MB, 1.2 / 0.0 ms  (average mu = 0.989, current mu = 0.988) allocation failure; 
[6089:0x73fe720]    36719 ms: Scavenge 268.9 (290.1) -> 253.4 (290.1) MB, 1.0 / 0.0 ms  (average mu = 0.989, current mu = 0.988) allocation failure; 
[6089:0x73fe720]    36728 ms: Scavenge 268.9 (290.1) -> 253.4 (290.1) MB, 1.2 / 0.0 ms  (average mu = 0.989, current mu = 0.988) allocation failure; 
[6089:0x73fe720]    36737 ms: Scavenge 269.0 (290.1) -> 253.4 (290.1) MB, 1.1 / 0.0 ms  (average mu = 0.989, current mu = 0.988) allocation failure; 
[6089:0x73fe720]    36745 ms: Scavenge 269.0 (290.1) -> 253.5 (290.1) MB, 1.4 / 0.0 ms  (average mu = 0.989, current mu = 0.988) allocation failure; 
[6089:0x73fe720]    36753 ms: Scavenge 269.1 (290.1) -> 253.5 (290.3) MB, 1.1 / 0.0 ms  (average mu = 0.989, current mu = 0.988) allocation failure; 
[6089:0x73fe720]    36761 ms: Scavenge 269.1 (290.3) -> 253.6 (290.3) MB, 1.0 / 0.0 ms  (average mu = 0.989, current mu = 0.988) allocation failure; 
[6089:0x73fe720]    36768 ms: Scavenge 269.2 (290.3) -> 253.6 (290.3) MB, 1.0 / 0.0 ms  (average mu = 0.989, current mu = 0.988) allocation failure; 
[6089:0x73fe720]    36777 ms: Scavenge 269.2 (290.3) -> 253.7 (290.6) MB, 1.7 / 0.0 ms  (average mu = 0.989, current mu = 0.988) allocation failure; 
[6089:0x73fe720]    36786 ms: Scavenge 269.3 (290.6) -> 253.7 (290.6) MB, 1.1 / 0.0 ms  (average mu = 0.989, current mu = 0.988) allocation failure; 
[6089:0x73fe720]    36794 ms: Scavenge 269.3 (290.6) -> 253.8 (290.6) MB, 1.0 / 0.0 ms  (average mu = 0.989, current mu = 0.988) allocation failure; 
[6089:0x73fe720]    36802 ms: Scavenge 269.4 (290.6) -> 253.8 (290.6) MB, 1.0 / 0.0 ms  (average mu = 0.989, current mu = 0.988) allocation failure; 
[6089:0x73fe720]    36810 ms: Scavenge 269.4 (290.6) -> 253.9 (290.6) MB, 1.1 / 0.0 ms  (average mu = 0.989, current mu = 0.988) allocation failure; 
[6089:0x73fe720]    36819 ms: Scavenge 269.5 (290.6) -> 253.9 (290.6) MB, 1.6 / 0.0 ms  (average mu = 0.989, current mu = 0.988) allocation failure; 
[6089:0x73fe720]    36827 ms: Scavenge 269.5 (290.6) -> 254.0 (290.6) MB, 1.2 / 0.0 ms  (average mu = 0.989, current mu = 0.988) allocation failure; 
[6089:0x73fe720]    36835 ms: Scavenge 269.6 (290.6) -> 254.1 (290.8) MB, 1.2 / 0.0 ms  (average mu = 0.989, current mu = 0.988) allocation failure; 
[6089:0x73fe720]    36844 ms: Scavenge 269.6 (290.8) -> 254.1 (290.8) MB, 1.0 / 0.0 ms  (average mu = 0.989, current mu = 0.988) allocation failure; 
[6089:0x73fe720]    36852 ms: Scavenge 269.7 (290.8) -> 254.1 (290.8) MB, 0.9 / 0.0 ms  (average mu = 0.989, current mu = 0.988) allocation failure; 
[6089:0x73fe720]    36861 ms: Scavenge 269.7 (290.8) -> 254.2 (290.8) MB, 1.3 / 0.0 ms  (average mu = 0.989, current mu = 0.988) allocation failure; 
[6089:0x73fe720]    36869 ms: Scavenge 269.8 (290.8) -> 254.2 (290.8) MB, 1.2 / 0.0 ms  (average mu = 0.989, current mu = 0.988) allocation failure; 
[6089:0x73fe720]    36877 ms: Scavenge 269.8 (290.8) -> 254.3 (291.1) MB, 1.4 / 0.0 ms  (average mu = 0.989, current mu = 0.988) allocation failure; 
[6089:0x73fe720]    36886 ms: Scavenge 269.9 (291.1) -> 254.3 (291.1) MB, 1.2 / 0.0 ms  (average mu = 0.989, current mu = 0.988) allocation failure; 
[6089:0x73fe720]    36894 ms: Scavenge 269.9 (291.1) -> 254.4 (291.3) MB, 1.2 / 0.0 ms  (average mu = 0.989, current mu = 0.988) allocation failure; 
[6089:0x73fe720]    36903 ms: Scavenge 269.9 (291.3) -> 254.4 (291.3) MB, 1.6 / 0.0 ms  (average mu = 0.989, current mu = 0.988) allocation failure; 
[6089:0x73fe720]    36911 ms: Scavenge 270.0 (291.3) -> 254.5 (291.3) MB, 1.3 / 0.0 ms  (average mu = 0.989, current mu = 0.988) allocation failure; 
[6089:0x73fe720]    36920 ms: Scavenge 270.0 (291.3) -> 254.5 (291.3) MB, 1.0 / 0.0 ms  (average mu = 0.989, current mu = 0.988) allocation failure; 
[6089:0x73fe720]    36928 ms: Scavenge 270.1 (291.3) -> 254.5 (291.3) MB, 1.2 / 0.0 ms  (average mu = 0.989, current mu = 0.988) allocation failure; 
[6089:0x73fe720]    36937 ms: Scavenge 270.1 (291.3) -> 254.6 (291.3) MB, 1.5 / 0.0 ms  (average mu = 0.989, current mu = 0.988) allocation failure; 
[6089:0x73fe720]    36946 ms: Scavenge 270.2 (291.3) -> 254.6 (291.3) MB, 1.1 / 0.0 ms  (average mu = 0.989, current mu = 0.988) allocation failure; 
[6089:0x73fe720]    36954 ms: Scavenge 270.2 (291.3) -> 254.7 (291.3) MB, 1.2 / 0.0 ms  (average mu = 0.989, current mu = 0.988) allocation failure; 
[6089:0x73fe720]    36962 ms: Scavenge 270.3 (291.3) -> 254.7 (291.3) MB, 0.9 / 0.0 ms  (average mu = 0.989, current mu = 0.988) allocation failure; 
[6089:0x73fe720]    36970 ms: Scavenge 270.3 (291.3) -> 254.8 (291.6) MB, 1.0 / 0.0 ms  (average mu = 0.989, current mu = 0.988) allocation failure; 
[6089:0x73fe720]    36978 ms: Scavenge 270.4 (291.6) -> 254.8 (291.6) MB, 1.1 / 0.0 ms  (average mu = 0.989, current mu = 0.988) allocation failure; 
[6089:0x73fe720]    36985 ms: Scavenge 270.4 (291.6) -> 254.9 (291.6) MB, 1.1 / 0.0 ms  (average mu = 0.989, current mu = 0.988) allocation failure; 
[6089:0x73fe720]    36993 ms: Scavenge 270.5 (291.6) -> 254.9 (291.6) MB, 1.1 / 0.0 ms  (average mu = 0.989, current mu = 0.988) allocation failure; 
[6089:0x73fe720]    37002 ms: Scavenge 270.5 (291.6) -> 255.0 (291.6) MB, 1.3 / 0.0 ms  (average mu = 0.989, current mu = 0.988) allocation failure; 
[6089:0x73fe720]    37009 ms: Scavenge 270.6 (291.6) -> 255.0 (291.8) MB, 1.0 / 0.0 ms  (average mu = 0.989, current mu = 0.988) allocation failure; 
[6089:0x73fe720]    37017 ms: Scavenge 270.6 (291.8) -> 255.1 (291.8) MB, 1.2 / 0.0 ms  (average mu = 0.989, current mu = 0.988) allocation failure; 
[6089:0x73fe720]    37025 ms: Scavenge 270.7 (291.8) -> 255.1 (291.8) MB, 1.0 / 0.0 ms  (average mu = 0.989, current mu = 0.988) allocation failure; 
[6089:0x73fe720]    37033 ms: Scavenge 270.7 (291.8) -> 255.2 (291.8) MB, 1.1 / 0.0 ms  (average mu = 0.989, current mu = 0.988) allocation failure; 
[6089:0x73fe720]    37041 ms: Scavenge 270.8 (291.8) -> 255.2 (291.8) MB, 1.2 / 0.0 ms  (average mu = 0.989, current mu = 0.988) allocation failure; 
[6089:0x73fe720]    37049 ms: Scavenge 270.8 (291.8) -> 255.3 (292.3) MB, 1.4 / 0.0 ms  (average mu = 0.989, current mu = 0.988) allocation failure; 
[6089:0x73fe720]    37058 ms: Scavenge 270.9 (292.3) -> 255.3 (292.3) MB, 1.7 / 0.0 ms  (average mu = 0.989, current mu = 0.988) allocation failure; 
[6089:0x73fe720]    37066 ms: Scavenge 270.9 (292.3) -> 255.4 (292.3) MB, 1.2 / 0.0 ms  (average mu = 0.989, current mu = 0.988) allocation failure; 
[6089:0x73fe720]    37074 ms: Scavenge 271.0 (292.3) -> 255.4 (292.3) MB, 1.0 / 0.0 ms  (average mu = 0.989, current mu = 0.988) allocation failure; 
[6089:0x73fe720]    37082 ms: Scavenge 271.0 (292.3) -> 255.5 (292.3) MB, 1.2 / 0.0 ms  (average mu = 0.989, current mu = 0.988) allocation failure; 
[6089:0x73fe720]    37089 ms: Scavenge 271.0 (292.3) -> 255.5 (292.3) MB, 0.9 / 0.0 ms  (average mu = 0.989, current mu = 0.988) allocation failure; 
[6089:0x73fe720]    37098 ms: Scavenge 271.1 (292.3) -> 255.6 (292.3) MB, 1.3 / 0.0 ms  (average mu = 0.989, current mu = 0.988) allocation failure; 
[6089:0x73fe720]    37106 ms: Scavenge 271.1 (292.3) -> 255.6 (292.3) MB, 1.1 / 0.0 ms  (average mu = 0.989, current mu = 0.988) allocation failure; 
[6089:0x73fe720]    37114 ms: Scavenge 271.2 (292.3) -> 255.6 (292.3) MB, 1.0 / 0.0 ms  (average mu = 0.989, current mu = 0.988) allocation failure; 
[6089:0x73fe720]    37122 ms: Scavenge 271.2 (292.3) -> 255.7 (292.3) MB, 1.1 / 0.0 ms  (average mu = 0.989, current mu = 0.988) allocation failure; 
[6089:0x73fe720]    37131 ms: Scavenge 271.3 (292.3) -> 255.7 (292.6) MB, 1.5 / 0.0 ms  (average mu = 0.989, current mu = 0.988) allocation failure; 
[6089:0x73fe720]    37139 ms: Scavenge 271.3 (292.6) -> 255.8 (292.6) MB, 1.2 / 0.0 ms  (average mu = 0.989, current mu = 0.988) allocation failure; 
[6089:0x73fe720]    37147 ms: Scavenge 271.4 (292.6) -> 255.8 (292.6) MB, 1.1 / 0.0 ms  (average mu = 0.989, current mu = 0.988) allocation failure; 
[6089:0x73fe720]    37155 ms: Scavenge 271.4 (292.6) -> 255.9 (292.6) MB, 1.1 / 0.0 ms  (average mu = 0.989, current mu = 0.988) allocation failure; 
[6089:0x73fe720]    37163 ms: Scavenge 271.5 (292.6) -> 255.9 (292.6) MB, 1.1 / 0.0 ms  (average mu = 0.989, current mu = 0.988) allocation failure; 
[6089:0x73fe720]    37171 ms: Scavenge 271.5 (292.6) -> 256.0 (292.8) MB, 1.0 / 0.0 ms  (average mu = 0.989, current mu = 0.988) allocation failure; 
[6089:0x73fe720]    37179 ms: Scavenge 271.6 (292.8) -> 256.1 (292.8) MB, 1.1 / 0.0 ms  (average mu = 0.989, current mu = 0.988) allocation failure; 
[6089:0x73fe720]    37186 ms: Scavenge 271.6 (292.8) -> 256.1 (292.8) MB, 1.0 / 0.0 ms  (average mu = 0.989, current mu = 0.988) allocation failure; 
[6089:0x73fe720]    37194 ms: Scavenge 271.7 (292.8) -> 256.2 (292.8) MB, 1.2 / 0.0 ms  (average mu = 0.989, current mu = 0.988) allocation failure; 
[6089:0x73fe720]    37202 ms: Scavenge 271.7 (292.8) -> 256.2 (293.1) MB, 1.1 / 0.0 ms  (average mu = 0.989, current mu = 0.988) allocation failure; 
[6089:0x73fe720]    37210 ms: Scavenge 271.8 (293.1) -> 256.2 (293.1) MB, 1.3 / 0.0 ms  (average mu = 0.989, current mu = 0.988) allocation failure; 
[6089:0x73fe720]    37219 ms: Scavenge 271.8 (293.1) -> 256.3 (293.1) MB, 1.5 / 0.0 ms  (average mu = 0.989, current mu = 0.988) allocation failure; 
[6089:0x73fe720]    37227 ms: Scavenge 271.9 (293.1) -> 256.3 (293.1) MB, 1.0 / 0.0 ms  (average mu = 0.989, current mu = 0.988) allocation failure; 
[6089:0x73fe720]    37235 ms: Scavenge 271.9 (293.1) -> 256.4 (293.1) MB, 1.1 / 0.0 ms  (average mu = 0.989, current mu = 0.988) allocation failure; 
[6089:0x73fe720]    37242 ms: Scavenge 272.0 (293.1) -> 256.4 (293.1) MB, 1.1 / 0.0 ms  (average mu = 0.989, current mu = 0.988) allocation failure; 
[6089:0x73fe720]    37250 ms: Scavenge 272.0 (293.1) -> 256.5 (293.1) MB, 1.2 / 0.0 ms  (average mu = 0.989, current mu = 0.988) allocation failure; 
[6089:0x73fe720]    37258 ms: Scavenge 272.1 (293.1) -> 256.5 (293.3) MB, 1.2 / 0.0 ms  (average mu = 0.989, current mu = 0.988) allocation failure; 
[6089:0x73fe720]    37267 ms: Scavenge 272.1 (293.3) -> 256.6 (293.3) MB, 1.4 / 0.0 ms  (average mu = 0.989, current mu = 0.988) allocation failure; 
[6089:0x73fe720]    37275 ms: Scavenge 272.1 (293.3) -> 256.6 (293.6) MB, 1.1 / 0.0 ms  (average mu = 0.989, current mu = 0.988) allocation failure; 
[6089:0x73fe720]    37283 ms: Scavenge 272.2 (293.6) -> 256.7 (293.6) MB, 1.0 / 0.0 ms  (average mu = 0.989, current mu = 0.988) allocation failure; 
[6089:0x73fe720]    37291 ms: Scavenge 272.2 (293.6) -> 256.7 (293.6) MB, 1.0 / 0.0 ms  (average mu = 0.989, current mu = 0.988) allocation failure; 
[6089:0x73fe720]    37299 ms: Scavenge 272.3 (293.6) -> 256.7 (293.6) MB, 1.2 / 0.0 ms  (average mu = 0.989, current mu = 0.988) allocation failure; 
[6089:0x73fe720]    37307 ms: Scavenge 272.3 (293.6) -> 256.8 (293.6) MB, 1.1 / 0.0 ms  (average mu = 0.989, current mu = 0.988) allocation failure; 
[6089:0x73fe720]    37315 ms: Scavenge 272.4 (293.6) -> 256.8 (293.6) MB, 1.1 / 0.0 ms  (average mu = 0.989, current mu = 0.988) allocation failure; 
[6089:0x73fe720]    37323 ms: Scavenge 272.4 (293.6) -> 256.9 (293.6) MB, 1.3 / 0.0 ms  (average mu = 0.989, current mu = 0.988) allocation failure; 
[6089:0x73fe720]    37330 ms: Scavenge 272.5 (293.6) -> 256.9 (293.6) MB, 1.0 / 0.0 ms  (average mu = 0.989, current mu = 0.988) allocation failure; 
[6089:0x73fe720]    37338 ms: Scavenge 272.5 (293.6) -> 257.0 (293.8) MB, 1.0 / 0.0 ms  (average mu = 0.989, current mu = 0.988) allocation failure; 
[6089:0x73fe720]    37346 ms: Scavenge 272.6 (293.8) -> 257.0 (293.8) MB, 1.0 / 0.0 ms  (average mu = 0.989, current mu = 0.988) allocation failure; 
[6089:0x73fe720]    37353 ms: Scavenge 272.6 (293.8) -> 257.1 (293.8) MB, 1.0 / 0.0 ms  (average mu = 0.989, current mu = 0.988) allocation failure; 
[6089:0x73fe720]    37361 ms: Scavenge 272.7 (293.8) -> 257.2 (293.8) MB, 1.1 / 0.0 ms  (average mu = 0.989, current mu = 0.988) allocation failure; 
[6089:0x73fe720]    37369 ms: Scavenge 272.7 (293.8) -> 257.2 (293.8) MB, 1.0 / 0.0 ms  (average mu = 0.989, current mu = 0.988) allocation failure; 
[6089:0x73fe720]    37377 ms: Scavenge 272.8 (293.8) -> 257.2 (294.1) MB, 1.2 / 0.0 ms  (average mu = 0.989, current mu = 0.988) allocation failure; 
[6089:0x73fe720]    37385 ms: Scavenge 272.8 (294.1) -> 257.3 (294.1) MB, 1.1 / 0.0 ms  (average mu = 0.989, current mu = 0.988) allocation failure; 
[6089:0x73fe720]    37393 ms: Scavenge 272.9 (294.1) -> 257.3 (294.1) MB, 1.2 / 0.0 ms  (average mu = 0.989, current mu = 0.988) allocation failure; 
[6089:0x73fe720]    37400 ms: Scavenge 272.9 (294.1) -> 257.4 (294.1) MB, 1.0 / 0.0 ms  (average mu = 0.989, current mu = 0.988) allocation failure; 
[6089:0x73fe720]    37408 ms: Scavenge 273.0 (294.1) -> 257.4 (294.1) MB, 1.0 / 0.0 ms  (average mu = 0.989, current mu = 0.988) allocation failure; 
[6089:0x73fe720]    37416 ms: Scavenge 273.0 (294.1) -> 257.5 (294.3) MB, 1.4 / 0.0 ms  (average mu = 0.989, current mu = 0.988) allocation failure; 
[6089:0x73fe720]    37426 ms: Scavenge 273.1 (294.3) -> 257.5 (294.3) MB, 1.5 / 0.0 ms  (average mu = 0.989, current mu = 0.988) allocation failure; 
[6089:0x73fe720]    37435 ms: Scavenge 273.1 (294.3) -> 257.6 (294.3) MB, 1.0 / 0.0 ms  (average mu = 0.989, current mu = 0.988) allocation failure; 
[6089:0x73fe720]    37444 ms: Scavenge 273.2 (294.3) -> 257.6 (294.3) MB, 1.4 / 0.0 ms  (average mu = 0.989, current mu = 0.988) allocation failure; 
[6089:0x73fe720]    37455 ms: Scavenge 273.2 (294.3) -> 257.7 (294.3) MB, 1.9 / 0.0 ms  (average mu = 0.989, current mu = 0.988) allocation failure; 
[6089:0x73fe720]    37467 ms: Scavenge 273.2 (294.3) -> 257.7 (294.6) MB, 1.2 / 0.0 ms  (average mu = 0.989, current mu = 0.988) allocation failure; 
[6089:0x73fe720]    37477 ms: Scavenge 273.3 (294.6) -> 257.8 (294.6) MB, 1.1 / 0.0 ms  (average mu = 0.989, current mu = 0.988) allocation failure; 
[6089:0x73fe720]    37486 ms: Scavenge 273.3 (294.6) -> 257.8 (294.6) MB, 1.1 / 0.0 ms  (average mu = 0.989, current mu = 0.988) allocation failure; 
[6089:0x73fe720]    37496 ms: Scavenge 273.4 (294.6) -> 257.9 (294.6) MB, 1.2 / 0.0 ms  (average mu = 0.989, current mu = 0.988) allocation failure; 
[6089:0x73fe720]    37507 ms: Scavenge 273.4 (294.6) -> 257.9 (294.6) MB, 1.3 / 0.0 ms  (average mu = 0.989, current mu = 0.988) allocation failure; 
[6089:0x73fe720]    37515 ms: Scavenge 273.5 (294.6) -> 258.0 (294.8) MB, 1.3 / 0.0 ms  (average mu = 0.989, current mu = 0.988) allocation failure; 
[6089:0x73fe720]    37523 ms: Scavenge 273.5 (294.8) -> 258.0 (294.8) MB, 1.4 / 0.0 ms  (average mu = 0.989, current mu = 0.988) allocation failure; 
[6089:0x73fe720]    37532 ms: Scavenge 273.6 (294.8) -> 258.0 (295.1) MB, 1.6 / 0.0 ms  (average mu = 0.989, current mu = 0.988) allocation failure; 
[6089:0x73fe720]    37540 ms: Scavenge 273.6 (295.1) -> 258.1 (295.1) MB, 1.1 / 0.0 ms  (average mu = 0.989, current mu = 0.988) allocation failure; 
[6089:0x73fe720]    37549 ms: Scavenge 273.7 (295.1) -> 258.1 (295.1) MB, 1.8 / 0.0 ms  (average mu = 0.989, current mu = 0.988) allocation failure; 
[6089:0x73fe720]    37558 ms: Scavenge 273.7 (295.1) -> 258.2 (295.1) MB, 1.2 / 0.0 ms  (average mu = 0.989, current mu = 0.988) allocation failure; 
[6089:0x73fe720]    37566 ms: Scavenge 273.8 (295.1) -> 258.2 (295.1) MB, 1.1 / 0.0 ms  (average mu = 0.989, current mu = 0.988) allocation failure; 
[6089:0x73fe720]    37573 ms: Scavenge 273.8 (295.1) -> 258.3 (295.1) MB, 1.0 / 0.0 ms  (average mu = 0.989, current mu = 0.988) allocation failure; 
[6089:0x73fe720]    37581 ms: Scavenge 273.9 (295.1) -> 258.3 (295.1) MB, 1.0 / 0.0 ms  (average mu = 0.989, current mu = 0.988) allocation failure; 
[6089:0x73fe720]    37589 ms: Scavenge 273.9 (295.1) -> 258.4 (295.1) MB, 1.3 / 0.0 ms  (average mu = 0.989, current mu = 0.988) allocation failure; 
[6089:0x73fe720]    37598 ms: Scavenge 274.0 (295.1) -> 258.4 (295.1) MB, 1.0 / 0.0 ms  (average mu = 0.989, current mu = 0.988) allocation failure; 
[6089:0x73fe720]    37606 ms: Scavenge 274.0 (295.1) -> 258.5 (295.3) MB, 1.2 / 0.0 ms  (average mu = 0.989, current mu = 0.988) allocation failure; 
[6089:0x73fe720]    37615 ms: Scavenge 274.1 (295.3) -> 258.5 (295.3) MB, 1.3 / 0.0 ms  (average mu = 0.989, current mu = 0.988) allocation failure; 
[6089:0x73fe720]    37623 ms: Scavenge 274.1 (295.3) -> 258.6 (295.3) MB, 1.3 / 0.0 ms  (average mu = 0.989, current mu = 0.988) allocation failure; 
[6089:0x73fe720]    37631 ms: Scavenge 274.2 (295.3) -> 258.6 (295.3) MB, 1.3 / 0.0 ms  (average mu = 0.989, current mu = 0.988) allocation failure; 
[6089:0x73fe720]    37640 ms: Scavenge 274.2 (295.3) -> 258.7 (295.3) MB, 1.2 / 0.0 ms  (average mu = 0.989, current mu = 0.988) allocation failure; 
[6089:0x73fe720]    37648 ms: Scavenge 274.3 (295.3) -> 258.7 (295.6) MB, 1.1 / 0.0 ms  (average mu = 0.989, current mu = 0.988) allocation failure; 
[6089:0x73fe720]    37657 ms: Scavenge 274.3 (295.6) -> 258.8 (295.6) MB, 0.9 / 0.0 ms  (average mu = 0.989, current mu = 0.988) allocation failure; 
[6089:0x73fe720]    37665 ms: Scavenge 274.3 (295.6) -> 258.8 (295.6) MB, 1.3 / 0.0 ms  (average mu = 0.989, current mu = 0.988) allocation failure; 
[6089:0x73fe720]    37674 ms: Scavenge 274.4 (295.6) -> 258.9 (295.6) MB, 1.2 / 0.0 ms  (average mu = 0.989, current mu = 0.988) allocation failure; 
[6089:0x73fe720]    37683 ms: Scavenge 274.4 (295.6) -> 258.9 (295.6) MB, 1.4 / 0.0 ms  (average mu = 0.989, current mu = 0.988) allocation failure; 
[6089:0x73fe720]    37691 ms: Scavenge 274.5 (295.6) -> 258.9 (295.8) MB, 1.1 / 0.0 ms  (average mu = 0.989, current mu = 0.988) allocation failure; 
[6089:0x73fe720]    37698 ms: Scavenge 274.5 (295.8) -> 259.0 (295.8) MB, 1.1 / 0.0 ms  (average mu = 0.989, current mu = 0.988) allocation failure; 
[6089:0x73fe720]    37706 ms: Scavenge 274.6 (295.8) -> 259.0 (295.8) MB, 1.0 / 0.0 ms  (average mu = 0.989, current mu = 0.988) allocation failure; 
[6089:0x73fe720]    37714 ms: Scavenge 274.6 (295.8) -> 259.1 (295.8) MB, 1.1 / 0.0 ms  (average mu = 0.989, current mu = 0.988) allocation failure; 
[6089:0x73fe720]    37722 ms: Scavenge 274.7 (295.8) -> 259.1 (295.8) MB, 1.2 / 0.0 ms  (average mu = 0.989, current mu = 0.988) allocation failure; 
[6089:0x73fe720]    37730 ms: Scavenge 274.7 (295.8) -> 259.2 (296.1) MB, 1.1 / 0.0 ms  (average mu = 0.989, current mu = 0.988) allocation failure; 
[6089:0x73fe720]    37738 ms: Scavenge 274.8 (296.1) -> 259.2 (296.1) MB, 1.1 / 0.0 ms  (average mu = 0.989, current mu = 0.988) allocation failure; 
[6089:0x73fe720]    37746 ms: Scavenge 274.8 (296.1) -> 259.3 (296.1) MB, 1.1 / 0.0 ms  (average mu = 0.989, current mu = 0.988) allocation failure; 
[6089:0x73fe720]    37754 ms: Scavenge 274.9 (296.1) -> 259.3 (296.1) MB, 1.1 / 0.0 ms  (average mu = 0.989, current mu = 0.988) allocation failure; 
[6089:0x73fe720]    37762 ms: Scavenge 274.9 (296.1) -> 259.4 (296.1) MB, 1.0 / 0.0 ms  (average mu = 0.989, current mu = 0.988) allocation failure; 
[6089:0x73fe720]    37769 ms: Scavenge 275.0 (296.1) -> 259.4 (296.3) MB, 1.0 / 0.0 ms  (average mu = 0.989, current mu = 0.988) allocation failure; 
[6089:0x73fe720]    37777 ms: Scavenge 275.0 (296.3) -> 259.5 (296.3) MB, 1.2 / 0.0 ms  (average mu = 0.989, current mu = 0.988) allocation failure; 
[6089:0x73fe720]    37785 ms: Scavenge 275.1 (296.3) -> 259.5 (296.3) MB, 1.0 / 0.0 ms  (average mu = 0.989, current mu = 0.988) allocation failure; 
[6089:0x73fe720]    37793 ms: Scavenge 275.1 (296.3) -> 259.6 (296.3) MB, 1.2 / 0.0 ms  (average mu = 0.989, current mu = 0.988) allocation failure; 
[6089:0x73fe720]    37801 ms: Scavenge 275.2 (296.3) -> 259.6 (296.3) MB, 1.0 / 0.0 ms  (average mu = 0.989, current mu = 0.988) allocation failure; 
[6089:0x73fe720]    37809 ms: Scavenge 275.2 (296.3) -> 259.7 (296.6) MB, 1.2 / 0.0 ms  (average mu = 0.989, current mu = 0.988) allocation failure; 
[6089:0x73fe720]    37817 ms: Scavenge 275.3 (296.6) -> 259.7 (296.6) MB, 1.0 / 0.0 ms  (average mu = 0.989, current mu = 0.988) allocation failure; 
[6089:0x73fe720]    37825 ms: Scavenge 275.3 (296.6) -> 259.8 (296.6) MB, 1.1 / 0.0 ms  (average mu = 0.989, current mu = 0.988) allocation failure; 
[6089:0x73fe720]    37833 ms: Scavenge 275.4 (296.6) -> 259.8 (296.6) MB, 1.1 / 0.0 ms  (average mu = 0.989, current mu = 0.988) allocation failure; 
[6089:0x73fe720]    37841 ms: Scavenge 275.4 (296.6) -> 259.9 (296.6) MB, 1.2 / 0.0 ms  (average mu = 0.989, current mu = 0.988) allocation failure; 
[6089:0x73fe720]    37849 ms: Scavenge 275.4 (296.6) -> 259.9 (296.6) MB, 1.3 / 0.0 ms  (average mu = 0.989, current mu = 0.988) allocation failure; 
[6089:0x73fe720]    37858 ms: Scavenge 275.5 (296.6) -> 260.0 (296.8) MB, 1.3 / 0.0 ms  (average mu = 0.989, current mu = 0.988) allocation failure; 
[6089:0x73fe720]    37865 ms: Scavenge 275.5 (296.8) -> 260.0 (296.8) MB, 1.0 / 0.0 ms  (average mu = 0.989, current mu = 0.988) allocation failure; 
[6089:0x73fe720]    37873 ms: Scavenge 275.6 (296.8) -> 260.1 (296.8) MB, 0.8 / 0.0 ms  (average mu = 0.989, current mu = 0.988) allocation failure; 
[6089:0x73fe720]    37880 ms: Scavenge 275.6 (296.8) -> 260.1 (296.8) MB, 1.3 / 0.0 ms  (average mu = 0.989, current mu = 0.988) allocation failure; 
[6089:0x73fe720]    37889 ms: Scavenge 275.7 (296.8) -> 260.1 (296.8) MB, 1.1 / 0.0 ms  (average mu = 0.989, current mu = 0.988) allocation failure; 
[6089:0x73fe720]    37897 ms: Scavenge 275.7 (296.8) -> 260.2 (297.1) MB, 1.1 / 0.0 ms  (average mu = 0.989, current mu = 0.988) allocation failure; 
[6089:0x73fe720]    37904 ms: Scavenge 275.8 (297.1) -> 260.2 (297.1) MB, 1.1 / 0.0 ms  (average mu = 0.989, current mu = 0.988) allocation failure; 
[6089:0x73fe720]    37912 ms: Scavenge 275.8 (297.1) -> 260.3 (297.1) MB, 1.1 / 0.0 ms  (average mu = 0.989, current mu = 0.988) allocation failure; 
[6089:0x73fe720]    37920 ms: Scavenge 275.9 (297.1) -> 260.3 (297.1) MB, 1.1 / 0.0 ms  (average mu = 0.989, current mu = 0.988) allocation failure; 
[6089:0x73fe720]    37928 ms: Scavenge 275.9 (297.1) -> 260.4 (297.1) MB, 1.0 / 0.0 ms  (average mu = 0.989, current mu = 0.988) allocation failure; 
[6089:0x73fe720]    37935 ms: Scavenge 276.0 (297.1) -> 260.4 (297.3) MB, 1.0 / 0.0 ms  (average mu = 0.989, current mu = 0.988) allocation failure; 
[6089:0x73fe720]    37943 ms: Scavenge 276.0 (297.3) -> 260.5 (297.3) MB, 1.0 / 0.0 ms  (average mu = 0.989, current mu = 0.988) allocation failure; 
[6089:0x73fe720]    37951 ms: Scavenge 276.1 (297.3) -> 260.5 (297.3) MB, 1.1 / 0.0 ms  (average mu = 0.989, current mu = 0.988) allocation failure; 
[6089:0x73fe720]    37959 ms: Scavenge 276.1 (297.3) -> 260.6 (297.3) MB, 1.0 / 0.0 ms  (average mu = 0.989, current mu = 0.988) allocation failure; 
[6089:0x73fe720]    37966 ms: Scavenge 276.2 (297.3) -> 260.6 (297.3) MB, 1.1 / 0.0 ms  (average mu = 0.989, current mu = 0.988) allocation failure; 
[6089:0x73fe720]    37974 ms: Scavenge 276.2 (297.3) -> 260.7 (297.6) MB, 1.1 / 0.0 ms  (average mu = 0.989, current mu = 0.988) allocation failure; 
[6089:0x73fe720]    37982 ms: Scavenge 276.3 (297.6) -> 260.7 (297.6) MB, 1.2 / 0.0 ms  (average mu = 0.989, current mu = 0.988) allocation failure; 
[6089:0x73fe720]    37990 ms: Scavenge 276.3 (297.6) -> 260.8 (297.6) MB, 1.1 / 0.0 ms  (average mu = 0.989, current mu = 0.988) allocation failure; 
[6089:0x73fe720]    37998 ms: Scavenge 276.4 (297.6) -> 260.8 (297.6) MB, 1.0 / 0.0 ms  (average mu = 0.989, current mu = 0.988) allocation failure; 
[6089:0x73fe720]    38005 ms: Scavenge 276.4 (297.6) -> 260.9 (297.6) MB, 1.0 / 0.0 ms  (average mu = 0.989, current mu = 0.988) allocation failure; 
[6089:0x73fe720]    38014 ms: Scavenge 276.5 (297.6) -> 260.9 (297.8) MB, 1.2 / 0.0 ms  (average mu = 0.989, current mu = 0.988) allocation failure; 
[6089:0x73fe720]    38022 ms: Scavenge 276.5 (297.8) -> 261.0 (297.8) MB, 1.1 / 0.0 ms  (average mu = 0.989, current mu = 0.988) allocation failure; 
[6089:0x73fe720]    38030 ms: Scavenge 276.5 (297.8) -> 261.0 (297.8) MB, 1.4 / 0.0 ms  (average mu = 0.989, current mu = 0.988) allocation failure; 
[6089:0x73fe720]    38038 ms: Scavenge 276.6 (297.8) -> 261.1 (297.8) MB, 1.2 / 0.0 ms  (average mu = 0.989, current mu = 0.988) allocation failure; 
[6089:0x73fe720]    38046 ms: Scavenge 276.6 (297.8) -> 261.1 (298.1) MB, 1.5 / 0.0 ms  (average mu = 0.989, current mu = 0.988) allocation failure; 
[6089:0x73fe720]    38055 ms: Scavenge 276.7 (298.1) -> 261.1 (298.1) MB, 1.1 / 0.0 ms  (average mu = 0.989, current mu = 0.988) allocation failure; 
[6089:0x73fe720]    38064 ms: Scavenge 276.7 (298.1) -> 261.2 (298.1) MB, 1.7 / 0.0 ms  (average mu = 0.989, current mu = 0.988) allocation failure; 
[6089:0x73fe720]    38074 ms: Scavenge 276.8 (298.1) -> 261.2 (298.1) MB, 1.5 / 0.0 ms  (average mu = 0.989, current mu = 0.988) allocation failure; 
[6089:0x73fe720]    38085 ms: Scavenge 276.8 (298.1) -> 261.3 (298.3) MB, 1.6 / 0.0 ms  (average mu = 0.989, current mu = 0.988) allocation failure; 
[6089:0x73fe720]    38094 ms: Scavenge 276.9 (298.3) -> 261.3 (298.3) MB, 1.1 / 0.0 ms  (average mu = 0.989, current mu = 0.988) allocation failure; 
[6089:0x73fe720]    38103 ms: Scavenge 276.9 (298.3) -> 261.4 (298.3) MB, 1.5 / 0.0 ms  (average mu = 0.989, current mu = 0.988) allocation failure; 
[6089:0x73fe720]    38111 ms: Scavenge 277.0 (298.3) -> 261.4 (298.3) MB, 1.1 / 0.0 ms  (average mu = 0.989, current mu = 0.988) allocation failure; 
[6089:0x73fe720]    38120 ms: Scavenge 277.0 (298.3) -> 261.5 (298.3) MB, 1.6 / 0.0 ms  (average mu = 0.989, current mu = 0.988) allocation failure; 
[6089:0x73fe720]    38129 ms: Scavenge 277.1 (298.3) -> 261.5 (298.3) MB, 1.5 / 0.0 ms  (average mu = 0.989, current mu = 0.988) allocation failure; 
[6089:0x73fe720]    38137 ms: Scavenge 277.1 (298.3) -> 261.6 (298.3) MB, 1.2 / 0.0 ms  (average mu = 0.989, current mu = 0.988) allocation failure; 
[6089:0x73fe720]    38145 ms: Scavenge 277.2 (298.3) -> 261.6 (298.6) MB, 1.3 / 0.0 ms  (average mu = 0.989, current mu = 0.988) allocation failure; 
[6089:0x73fe720]    38154 ms: Scavenge 277.2 (298.6) -> 261.7 (298.6) MB, 1.2 / 0.0 ms  (average mu = 0.989, current mu = 0.988) allocation failure; 
[6089:0x73fe720]    38162 ms: Scavenge 277.3 (298.6) -> 261.7 (298.6) MB, 1.3 / 0.0 ms  (average mu = 0.989, current mu = 0.988) allocation failure; 
[6089:0x73fe720]    38170 ms: Scavenge 277.3 (298.6) -> 261.8 (298.6) MB, 1.1 / 0.0 ms  (average mu = 0.989, current mu = 0.988) allocation failure; 
[6089:0x73fe720]    38178 ms: Scavenge 277.4 (298.6) -> 261.8 (298.6) MB, 1.0 / 0.0 ms  (average mu = 0.989, current mu = 0.988) allocation failure; 
[6089:0x73fe720]    38186 ms: Scavenge 277.4 (298.6) -> 261.9 (298.6) MB, 1.2 / 0.0 ms  (average mu = 0.989, current mu = 0.988) allocation failure; 
[6089:0x73fe720]    38194 ms: Scavenge 277.5 (298.6) -> 261.9 (298.8) MB, 1.1 / 0.0 ms  (average mu = 0.989, current mu = 0.988) allocation failure; 
[6089:0x73fe720]    38201 ms: Scavenge 277.5 (298.8) -> 262.0 (298.8) MB, 1.1 / 0.0 ms  (average mu = 0.989, current mu = 0.988) allocation failure; 
[6089:0x73fe720]    38209 ms: Scavenge 277.6 (298.8) -> 262.0 (298.8) MB, 1.1 / 0.0 ms  (average mu = 0.989, current mu = 0.988) allocation failure; 
[6089:0x73fe720]    38217 ms: Scavenge 277.6 (298.8) -> 262.1 (298.8) MB, 1.1 / 0.0 ms  (average mu = 0.989, current mu = 0.988) allocation failure; 
[6089:0x73fe720]    38225 ms: Scavenge 277.6 (298.8) -> 262.1 (298.8) MB, 1.0 / 0.0 ms  (average mu = 0.989, current mu = 0.988) allocation failure; 
[6089:0x73fe720]    38233 ms: Scavenge 277.7 (298.8) -> 262.2 (299.1) MB, 1.2 / 0.0 ms  (average mu = 0.989, current mu = 0.988) allocation failure; 
[6089:0x73fe720]    38240 ms: Scavenge 277.7 (299.1) -> 262.2 (299.1) MB, 0.9 / 0.0 ms  (average mu = 0.989, current mu = 0.988) allocation failure; 
[6089:0x73fe720]    38248 ms: Scavenge 277.8 (299.1) -> 262.2 (299.1) MB, 0.9 / 0.0 ms  (average mu = 0.989, current mu = 0.988) allocation failure; 
[6089:0x73fe720]    38256 ms: Scavenge 277.8 (299.1) -> 262.3 (299.1) MB, 1.0 / 0.0 ms  (average mu = 0.989, current mu = 0.988) allocation failure; 
[6089:0x73fe720]    38263 ms: Scavenge 277.9 (299.1) -> 262.3 (299.1) MB, 1.2 / 0.0 ms  (average mu = 0.989, current mu = 0.988) allocation failure; 
[6089:0x73fe720]    38271 ms: Scavenge 277.9 (299.1) -> 262.4 (299.3) MB, 1.1 / 0.0 ms  (average mu = 0.989, current mu = 0.988) allocation failure; 
[6089:0x73fe720]    38279 ms: Scavenge 278.0 (299.3) -> 262.5 (299.3) MB, 1.2 / 0.0 ms  (average mu = 0.989, current mu = 0.988) allocation failure; 
[6089:0x73fe720]    38287 ms: Scavenge 278.0 (299.3) -> 262.5 (299.3) MB, 1.1 / 0.0 ms  (average mu = 0.989, current mu = 0.988) allocation failure; 
[6089:0x73fe720]    38295 ms: Scavenge 278.1 (299.3) -> 262.5 (299.3) MB, 1.1 / 0.0 ms  (average mu = 0.989, current mu = 0.988) allocation failure; 
[6089:0x73fe720]    38303 ms: Scavenge 278.1 (299.3) -> 262.6 (299.3) MB, 1.2 / 0.0 ms  (average mu = 0.989, current mu = 0.988) allocation failure; 
[6089:0x73fe720]    38310 ms: Scavenge 278.2 (299.3) -> 262.6 (299.6) MB, 1.1 / 0.0 ms  (average mu = 0.989, current mu = 0.988) allocation failure; 
[6089:0x73fe720]    38318 ms: Scavenge 278.2 (299.6) -> 262.7 (299.6) MB, 1.0 / 0.0 ms  (average mu = 0.989, current mu = 0.988) allocation failure; 
[6089:0x73fe720]    38326 ms: Scavenge 278.3 (299.6) -> 262.7 (299.6) MB, 1.1 / 0.0 ms  (average mu = 0.989, current mu = 0.988) allocation failure; 
[6089:0x73fe720]    38334 ms: Scavenge 278.3 (299.6) -> 262.8 (299.6) MB, 1.1 / 0.0 ms  (average mu = 0.989, current mu = 0.988) allocation failure; 
[6089:0x73fe720]    38342 ms: Scavenge 278.4 (299.6) -> 262.8 (299.6) MB, 1.3 / 0.0 ms  (average mu = 0.989, current mu = 0.988) allocation failure; 
[6089:0x73fe720]    38351 ms: Scavenge 278.4 (299.6) -> 262.9 (299.8) MB, 1.1 / 0.0 ms  (average mu = 0.989, current mu = 0.988) allocation failure; 
[6089:0x73fe720]    38360 ms: Scavenge 278.5 (299.8) -> 262.9 (299.8) MB, 1.4 / 0.0 ms  (average mu = 0.989, current mu = 0.988) allocation failure; 
[6089:0x73fe720]    38368 ms: Scavenge 278.5 (299.8) -> 263.0 (299.8) MB, 1.1 / 0.0 ms  (average mu = 0.989, current mu = 0.988) allocation failure; 
[6089:0x73fe720]    38376 ms: Scavenge 278.6 (299.8) -> 263.0 (299.8) MB, 1.0 / 0.0 ms  (average mu = 0.989, current mu = 0.988) allocation failure; 
[6089:0x73fe720]    38384 ms: Scavenge 278.6 (299.8) -> 263.1 (299.8) MB, 1.2 / 0.0 ms  (average mu = 0.989, current mu = 0.988) allocation failure; 
[6089:0x73fe720]    38392 ms: Scavenge 278.7 (299.8) -> 263.1 (300.1) MB, 1.4 / 0.0 ms  (average mu = 0.989, current mu = 0.988) allocation failure; 
[6089:0x73fe720]    38400 ms: Scavenge 278.7 (300.1) -> 263.2 (300.1) MB, 1.0 / 0.0 ms  (average mu = 0.989, current mu = 0.988) allocation failure; 
[6089:0x73fe720]    38407 ms: Scavenge 278.7 (300.1) -> 263.2 (300.1) MB, 1.0 / 0.0 ms  (average mu = 0.989, current mu = 0.988) allocation failure; 
[6089:0x73fe720]    38415 ms: Scavenge 278.8 (300.1) -> 263.3 (300.1) MB, 1.1 / 0.0 ms  (average mu = 0.989, current mu = 0.988) allocation failure; 
[6089:0x73fe720]    38423 ms: Scavenge 278.8 (300.1) -> 263.3 (300.1) MB, 1.3 / 0.0 ms  (average mu = 0.989, current mu = 0.988) allocation failure; 
[6089:0x73fe720]    38431 ms: Scavenge 278.9 (300.1) -> 263.3 (300.3) MB, 1.2 / 0.0 ms  (average mu = 0.989, current mu = 0.988) allocation failure; 
[6089:0x73fe720]    38439 ms: Scavenge 278.9 (300.3) -> 263.4 (300.3) MB, 1.3 / 0.0 ms  (average mu = 0.989, current mu = 0.988) allocation failure; 
[6089:0x73fe720]    38448 ms: Scavenge 279.0 (300.3) -> 263.4 (300.3) MB, 1.6 / 0.0 ms  (average mu = 0.989, current mu = 0.988) allocation failure; 
[6089:0x73fe720]    38457 ms: Scavenge 279.0 (300.3) -> 263.5 (300.3) MB, 1.2 / 0.0 ms  (average mu = 0.989, current mu = 0.988) allocation failure; 
[6089:0x73fe720]    38468 ms: Scavenge 279.1 (300.3) -> 263.5 (300.3) MB, 1.3 / 0.0 ms  (average mu = 0.989, current mu = 0.988) allocation failure; 
[6089:0x73fe720]    38476 ms: Scavenge 279.1 (300.3) -> 263.6 (300.3) MB, 1.1 / 0.0 ms  (average mu = 0.989, current mu = 0.988) allocation failure; 
[6089:0x73fe720]    38484 ms: Scavenge 279.2 (300.3) -> 263.6 (300.6) MB, 1.2 / 0.0 ms  (average mu = 0.989, current mu = 0.988) allocation failure; 
[6089:0x73fe720]    38492 ms: Scavenge 279.2 (300.6) -> 263.7 (300.6) MB, 1.3 / 0.0 ms  (average mu = 0.989, current mu = 0.988) allocation failure; 
[6089:0x73fe720]    38500 ms: Scavenge 279.3 (300.6) -> 263.7 (300.6) MB, 1.2 / 0.0 ms  (average mu = 0.989, current mu = 0.988) allocation failure; 
[6089:0x73fe720]    38509 ms: Scavenge 279.3 (300.6) -> 263.8 (300.6) MB, 1.2 / 0.0 ms  (average mu = 0.989, current mu = 0.988) allocation failure; 
[6089:0x73fe720]    38517 ms: Scavenge 279.4 (300.6) -> 263.8 (300.6) MB, 1.1 / 0.0 ms  (average mu = 0.989, current mu = 0.988) allocation failure; 
[6089:0x73fe720]    38524 ms: Scavenge 279.4 (300.6) -> 263.9 (300.8) MB, 1.0 / 0.0 ms  (average mu = 0.989, current mu = 0.988) allocation failure; 
[6089:0x73fe720]    38532 ms: Scavenge 279.5 (300.8) -> 263.9 (300.8) MB, 1.0 / 0.0 ms  (average mu = 0.989, current mu = 0.988) allocation failure; 
[6089:0x73fe720]    38540 ms: Scavenge 279.5 (300.8) -> 264.0 (300.8) MB, 1.4 / 0.0 ms  (average mu = 0.989, current mu = 0.988) allocation failure; 
[6089:0x73fe720]    38549 ms: Scavenge 279.6 (300.8) -> 264.0 (300.8) MB, 1.9 / 0.0 ms  (average mu = 0.989, current mu = 0.988) allocation failure; 
[6089:0x73fe720]    38558 ms: Scavenge 279.6 (300.8) -> 264.1 (300.8) MB, 1.2 / 0.0 ms  (average mu = 0.989, current mu = 0.988) allocation failure; 
[6089:0x73fe720]    38566 ms: Scavenge 279.7 (300.8) -> 264.1 (301.1) MB, 1.1 / 0.0 ms  (average mu = 0.989, current mu = 0.988) allocation failure; 
[6089:0x73fe720]    38574 ms: Scavenge 279.7 (301.1) -> 264.2 (301.1) MB, 1.0 / 0.0 ms  (average mu = 0.989, current mu = 0.988) allocation failure; 
[6089:0x73fe720]    38582 ms: Scavenge 279.8 (301.1) -> 264.2 (301.1) MB, 1.2 / 0.0 ms  (average mu = 0.989, current mu = 0.988) allocation failure; 
[6089:0x73fe720]    38590 ms: Scavenge 279.8 (301.1) -> 264.3 (301.1) MB, 1.2 / 0.0 ms  (average mu = 0.989, current mu = 0.988) allocation failure; 
[6089:0x73fe720]    38597 ms: Scavenge 279.8 (301.1) -> 264.3 (301.1) MB, 1.1 / 0.0 ms  (average mu = 0.989, current mu = 0.988) allocation failure; 
[6089:0x73fe720]    38606 ms: Scavenge 279.9 (301.1) -> 264.4 (301.3) MB, 1.1 / 0.0 ms  (average mu = 0.989, current mu = 0.988) allocation failure; 
[6089:0x73fe720]    38613 ms: Scavenge 279.9 (301.3) -> 264.4 (301.3) MB, 1.1 / 0.0 ms  (average mu = 0.989, current mu = 0.988) allocation failure; 
[6089:0x73fe720]    38621 ms: Scavenge 280.0 (301.3) -> 264.4 (301.3) MB, 0.9 / 0.0 ms  (average mu = 0.989, current mu = 0.988) allocation failure; 
[6089:0x73fe720]    38629 ms: Scavenge 280.0 (301.3) -> 264.5 (301.3) MB, 1.1 / 0.0 ms  (average mu = 0.989, current mu = 0.988) allocation failure; 
[6089:0x73fe720]    38637 ms: Scavenge 280.1 (301.3) -> 264.5 (301.3) MB, 1.1 / 0.0 ms  (average mu = 0.989, current mu = 0.988) allocation failure; 
[6089:0x73fe720]    38646 ms: Scavenge 280.1 (301.3) -> 264.6 (301.6) MB, 1.6 / 0.0 ms  (average mu = 0.989, current mu = 0.988) allocation failure; 
[6089:0x73fe720]    38653 ms: Scavenge 280.2 (301.6) -> 264.6 (301.6) MB, 1.1 / 0.0 ms  (average mu = 0.989, current mu = 0.988) allocation failure; 
[6089:0x73fe720]    38662 ms: Scavenge 280.2 (301.6) -> 264.7 (301.6) MB, 1.4 / 0.0 ms  (average mu = 0.989, current mu = 0.988) allocation failure; 
[6089:0x73fe720]    38670 ms: Scavenge 280.3 (301.6) -> 264.8 (301.6) MB, 1.5 / 0.0 ms  (average mu = 0.989, current mu = 0.988) allocation failure; 
[6089:0x73fe720]    38678 ms: Scavenge 280.3 (301.6) -> 264.8 (301.6) MB, 1.2 / 0.0 ms  (average mu = 0.989, current mu = 0.988) allocation failure; 
[6089:0x73fe720]    38687 ms: Scavenge 280.4 (301.6) -> 264.9 (301.8) MB, 1.3 / 0.0 ms  (average mu = 0.989, current mu = 0.988) allocation failure; 
[6089:0x73fe720]    38695 ms: Scavenge 280.4 (301.8) -> 264.9 (301.8) MB, 1.1 / 0.0 ms  (average mu = 0.989, current mu = 0.988) allocation failure; 
[6089:0x73fe720]    38703 ms: Scavenge 280.5 (301.8) -> 264.9 (301.8) MB, 1.1 / 0.0 ms  (average mu = 0.989, current mu = 0.988) allocation failure; 
[6089:0x73fe720]    38711 ms: Scavenge 280.5 (301.8) -> 265.0 (301.8) MB, 1.2 / 0.0 ms  (average mu = 0.989, current mu = 0.988) allocation failure; 
[6089:0x73fe720]    38719 ms: Scavenge 280.6 (301.8) -> 265.0 (301.8) MB, 1.2 / 0.0 ms  (average mu = 0.989, current mu = 0.988) allocation failure; 
[6089:0x73fe720]    38728 ms: Scavenge 280.6 (301.8) -> 265.1 (302.1) MB, 1.2 / 0.0 ms  (average mu = 0.989, current mu = 0.988) allocation failure; 
[6089:0x73fe720]    38735 ms: Scavenge 280.7 (302.1) -> 265.1 (302.1) MB, 1.1 / 0.0 ms  (average mu = 0.989, current mu = 0.988) allocation failure; 
[6089:0x73fe720]    38743 ms: Scavenge 280.7 (302.1) -> 265.2 (302.1) MB, 1.2 / 0.0 ms  (average mu = 0.989, current mu = 0.988) allocation failure; 
[6089:0x73fe720]    38751 ms: Scavenge 280.8 (302.1) -> 265.2 (302.1) MB, 1.2 / 0.0 ms  (average mu = 0.989, current mu = 0.988) allocation failure; 
[6089:0x73fe720]    38759 ms: Scavenge 280.8 (302.1) -> 265.3 (302.1) MB, 1.2 / 0.0 ms  (average mu = 0.989, current mu = 0.988) allocation failure; 
[6089:0x73fe720]    38767 ms: Scavenge 280.9 (302.1) -> 265.3 (302.1) MB, 1.1 / 0.0 ms  (average mu = 0.989, current mu = 0.988) allocation failure; 
[6089:0x73fe720]    38775 ms: Scavenge 280.9 (302.1) -> 265.4 (302.3) MB, 1.1 / 0.0 ms  (average mu = 0.989, current mu = 0.988) allocation failure; 
[6089:0x73fe720]    38782 ms: Scavenge 280.9 (302.3) -> 265.4 (302.3) MB, 1.0 / 0.0 ms  (average mu = 0.989, current mu = 0.988) allocation failure; 
[6089:0x73fe720]    38790 ms: Scavenge 281.0 (302.3) -> 265.5 (302.3) MB, 1.0 / 0.0 ms  (average mu = 0.989, current mu = 0.988) allocation failure; 
[6089:0x73fe720]    38798 ms: Scavenge 281.0 (302.3) -> 265.5 (302.3) MB, 1.1 / 0.0 ms  (average mu = 0.989, current mu = 0.988) allocation failure; 
[6089:0x73fe720]    38807 ms: Scavenge 281.1 (302.3) -> 265.6 (302.3) MB, 1.2 / 0.0 ms  (average mu = 0.989, current mu = 0.988) allocation failure; 
[6089:0x73fe720]    38815 ms: Scavenge 281.1 (302.3) -> 265.6 (302.6) MB, 1.4 / 0.0 ms  (average mu = 0.989, current mu = 0.988) allocation failure; 
[6089:0x73fe720]    38822 ms: Scavenge 281.2 (302.6) -> 265.6 (302.6) MB, 1.1 / 0.0 ms  (average mu = 0.989, current mu = 0.988) allocation failure; 
[6089:0x73fe720]    38830 ms: Scavenge 281.2 (302.6) -> 265.7 (302.6) MB, 1.1 / 0.0 ms  (average mu = 0.989, current mu = 0.988) allocation failure; 
[6089:0x73fe720]    38838 ms: Scavenge 281.3 (302.6) -> 265.8 (302.6) MB, 1.1 / 0.0 ms  (average mu = 0.989, current mu = 0.988) allocation failure; 
[6089:0x73fe720]    38845 ms: Scavenge 281.3 (302.6) -> 265.8 (302.6) MB, 1.2 / 0.0 ms  (average mu = 0.989, current mu = 0.988) allocation failure; 
[6089:0x73fe720]    38854 ms: Scavenge 281.4 (302.6) -> 265.8 (302.8) MB, 1.3 / 0.0 ms  (average mu = 0.989, current mu = 0.988) allocation failure; 
[6089:0x73fe720]    38862 ms: Scavenge 281.4 (302.8) -> 265.9 (302.8) MB, 1.2 / 0.0 ms  (average mu = 0.989, current mu = 0.988) allocation failure; 
[6089:0x73fe720]    38870 ms: Scavenge 281.5 (302.8) -> 266.0 (302.8) MB, 1.2 / 0.0 ms  (average mu = 0.989, current mu = 0.988) allocation failure; 
[6089:0x73fe720]    38878 ms: Scavenge 281.5 (302.8) -> 266.0 (302.8) MB, 1.2 / 0.0 ms  (average mu = 0.989, current mu = 0.988) allocation failure; 
[6089:0x73fe720]    38886 ms: Scavenge 281.6 (302.8) -> 266.0 (302.8) MB, 1.3 / 0.0 ms  (average mu = 0.989, current mu = 0.988) allocation failure; 
[6089:0x73fe720]    38895 ms: Scavenge 281.6 (302.8) -> 266.1 (303.1) MB, 1.0 / 0.0 ms  (average mu = 0.989, current mu = 0.988) allocation failure; 
[6089:0x73fe720]    38903 ms: Scavenge 281.7 (303.1) -> 266.1 (303.1) MB, 1.3 / 0.0 ms  (average mu = 0.989, current mu = 0.988) allocation failure; 
[6089:0x73fe720]    38911 ms: Scavenge 281.7 (303.1) -> 266.2 (303.1) MB, 1.2 / 0.0 ms  (average mu = 0.989, current mu = 0.988) allocation failure; 
[6089:0x73fe720]    38919 ms: Scavenge 281.8 (303.1) -> 266.2 (303.1) MB, 1.2 / 0.0 ms  (average mu = 0.989, current mu = 0.988) allocation failure; 
[6089:0x73fe720]    38927 ms: Scavenge 281.8 (303.1) -> 266.3 (303.1) MB, 1.0 / 0.0 ms  (average mu = 0.989, current mu = 0.988) allocation failure; 
[6089:0x73fe720]    38947 ms: Scavenge 281.9 (303.1) -> 266.3 (303.3) MB, 1.2 / 0.0 ms  (average mu = 0.989, current mu = 0.988) allocation failure; 
[6089:0x73fe720]    38967 ms: Scavenge 281.9 (303.3) -> 266.4 (303.3) MB, 1.4 / 0.0 ms  (average mu = 0.989, current mu = 0.988) allocation failure; 
[6089:0x73fe720]    38975 ms: Scavenge 282.0 (303.3) -> 266.4 (303.3) MB, 1.3 / 0.0 ms  (average mu = 0.989, current mu = 0.988) allocation failure; 
[6089:0x73fe720]    38987 ms: Scavenge 282.0 (303.3) -> 266.5 (303.3) MB, 0.9 / 0.0 ms  (average mu = 0.989, current mu = 0.988) allocation failure; 
[6089:0x73fe720]    38994 ms: Scavenge 282.0 (303.3) -> 266.5 (303.3) MB, 0.9 / 0.0 ms  (average mu = 0.989, current mu = 0.988) allocation failure; 
[6089:0x73fe720]    39003 ms: Scavenge 282.1 (303.3) -> 266.6 (303.6) MB, 1.8 / 0.0 ms  (average mu = 0.989, current mu = 0.988) allocation failure; 
[6089:0x73fe720]    39011 ms: Scavenge 282.1 (303.6) -> 266.6 (303.6) MB, 1.1 / 0.0 ms  (average mu = 0.989, current mu = 0.988) allocation failure; 
[6089:0x73fe720]    39018 ms: Scavenge 282.2 (303.6) -> 266.6 (303.6) MB, 0.8 / 0.0 ms  (average mu = 0.989, current mu = 0.988) allocation failure; 
[6089:0x73fe720]    39025 ms: Scavenge 282.2 (303.6) -> 266.7 (303.6) MB, 1.0 / 0.0 ms  (average mu = 0.989, current mu = 0.988) allocation failure; 
[6089:0x73fe720]    39032 ms: Scavenge 282.3 (303.6) -> 266.7 (303.6) MB, 0.9 / 0.0 ms  (average mu = 0.989, current mu = 0.988) allocation failure; 
[6089:0x73fe720]    39039 ms: Scavenge 282.3 (303.6) -> 266.8 (303.8) MB, 0.9 / 0.0 ms  (average mu = 0.989, current mu = 0.988) allocation failure; 
[6089:0x73fe720]    39047 ms: Scavenge 282.4 (303.8) -> 266.8 (303.8) MB, 0.9 / 0.0 ms  (average mu = 0.989, current mu = 0.988) allocation failure; 
[6089:0x73fe720]    39054 ms: Scavenge 282.4 (303.8) -> 266.9 (303.8) MB, 0.9 / 0.0 ms  (average mu = 0.989, current mu = 0.988) allocation failure; 
[6089:0x73fe720]    39062 ms: Scavenge 282.5 (303.8) -> 266.9 (303.8) MB, 1.1 / 0.0 ms  (average mu = 0.989, current mu = 0.988) allocation failure; 
[6089:0x73fe720]    39069 ms: Scavenge 282.5 (303.8) -> 267.0 (303.8) MB, 1.0 / 0.0 ms  (average mu = 0.989, current mu = 0.988) allocation failure; 
[6089:0x73fe720]    39077 ms: Scavenge 282.6 (303.8) -> 267.0 (303.8) MB, 1.0 / 0.0 ms  (average mu = 0.989, current mu = 0.988) allocation failure; 
[6089:0x73fe720]    39084 ms: Scavenge 282.6 (303.8) -> 267.1 (304.1) MB, 1.0 / 0.0 ms  (average mu = 0.989, current mu = 0.988) allocation failure; 
[6089:0x73fe720]    39092 ms: Scavenge 282.7 (304.1) -> 267.1 (304.1) MB, 1.2 / 0.0 ms  (average mu = 0.989, current mu = 0.988) allocation failure; 
[6089:0x73fe720]    39100 ms: Scavenge 282.7 (304.1) -> 267.2 (304.1) MB, 1.1 / 0.0 ms  (average mu = 0.989, current mu = 0.988) allocation failure; 
[6089:0x73fe720]    39107 ms: Scavenge 282.8 (304.1) -> 267.2 (304.1) MB, 0.9 / 0.0 ms  (average mu = 0.989, current mu = 0.988) allocation failure; 
[6089:0x73fe720]    39114 ms: Scavenge 282.8 (304.1) -> 267.3 (304.1) MB, 0.9 / 0.0 ms  (average mu = 0.989, current mu = 0.988) allocation failure; 
[6089:0x73fe720]    39122 ms: Scavenge 282.9 (304.1) -> 267.4 (304.3) MB, 1.0 / 0.0 ms  (average mu = 0.989, current mu = 0.988) allocation failure; 
[6089:0x73fe720]    39132 ms: Scavenge 282.9 (304.3) -> 267.4 (304.3) MB, 0.9 / 0.0 ms  (average mu = 0.989, current mu = 0.988) allocation failure; 
[6089:0x73fe720]    39139 ms: Scavenge 283.0 (304.3) -> 267.4 (304.3) MB, 0.9 / 0.0 ms  (average mu = 0.989, current mu = 0.988) allocation failure; 
[6089:0x73fe720]    39146 ms: Scavenge 283.0 (304.3) -> 267.5 (304.3) MB, 1.0 / 0.0 ms  (average mu = 0.989, current mu = 0.988) allocation failure; 
[6089:0x73fe720]    39154 ms: Scavenge 283.1 (304.3) -> 267.5 (304.3) MB, 1.2 / 0.0 ms  (average mu = 0.989, current mu = 0.988) allocation failure; 
[6089:0x73fe720]    39162 ms: Scavenge 283.1 (304.3) -> 267.6 (304.6) MB, 1.2 / 0.0 ms  (average mu = 0.989, current mu = 0.988) allocation failure; 
[6089:0x73fe720]    39169 ms: Scavenge 283.1 (304.6) -> 267.6 (304.6) MB, 0.9 / 0.0 ms  (average mu = 0.989, current mu = 0.988) allocation failure; 
[6089:0x73fe720]    39177 ms: Scavenge 283.2 (304.6) -> 267.7 (304.6) MB, 1.3 / 0.0 ms  (average mu = 0.989, current mu = 0.988) allocation failure; 
[6089:0x73fe720]    39184 ms: Scavenge 283.2 (304.6) -> 267.7 (304.6) MB, 0.8 / 0.0 ms  (average mu = 0.989, current mu = 0.988) allocation failure; 
[6089:0x73fe720]    39191 ms: Scavenge 283.3 (304.6) -> 267.8 (304.6) MB, 1.0 / 0.0 ms  (average mu = 0.989, current mu = 0.988) allocation failure; 
[6089:0x73fe720]    39198 ms: Scavenge 283.3 (304.6) -> 267.8 (304.8) MB, 0.9 / 0.0 ms  (average mu = 0.989, current mu = 0.988) allocation failure; 
[6089:0x73fe720]    39206 ms: Scavenge 283.4 (304.8) -> 267.8 (304.8) MB, 0.9 / 0.0 ms  (average mu = 0.989, current mu = 0.988) allocation failure; 
[6089:0x73fe720]    39214 ms: Scavenge 283.4 (304.8) -> 267.9 (304.8) MB, 1.1 / 0.0 ms  (average mu = 0.989, current mu = 0.988) allocation failure; 
[6089:0x73fe720]    39221 ms: Scavenge 283.5 (304.8) -> 267.9 (304.8) MB, 1.3 / 0.0 ms  (average mu = 0.989, current mu = 0.988) allocation failure; 
[6089:0x73fe720]    39229 ms: Scavenge 283.5 (304.8) -> 268.0 (304.8) MB, 1.1 / 0.0 ms  (average mu = 0.989, current mu = 0.988) allocation failure; 
[6089:0x73fe720]    39237 ms: Scavenge 283.6 (304.8) -> 268.1 (305.1) MB, 1.1 / 0.0 ms  (average mu = 0.989, current mu = 0.988) allocation failure; 
[6089:0x73fe720]    39244 ms: Scavenge 283.6 (305.1) -> 268.1 (305.1) MB, 1.0 / 0.0 ms  (average mu = 0.989, current mu = 0.988) allocation failure; 
[6089:0x73fe720]    39252 ms: Scavenge 283.7 (305.1) -> 268.1 (305.3) MB, 1.2 / 0.0 ms  (average mu = 0.989, current mu = 0.988) allocation failure; 
[6089:0x73fe720]    39259 ms: Scavenge 283.7 (305.3) -> 268.2 (305.3) MB, 0.8 / 0.0 ms  (average mu = 0.989, current mu = 0.988) allocation failure; 
[6089:0x73fe720]    39266 ms: Scavenge 283.8 (305.3) -> 268.2 (305.3) MB, 1.0 / 0.0 ms  (average mu = 0.989, current mu = 0.988) allocation failure; 
[6089:0x73fe720]    39274 ms: Scavenge 283.8 (305.3) -> 268.3 (305.3) MB, 0.9 / 0.0 ms  (average mu = 0.989, current mu = 0.988) allocation failure; 
[6089:0x73fe720]    39281 ms: Scavenge 283.9 (305.3) -> 268.3 (305.3) MB, 0.9 / 0.0 ms  (average mu = 0.989, current mu = 0.988) allocation failure; 
[6089:0x73fe720]    39288 ms: Scavenge 283.9 (305.3) -> 268.4 (305.3) MB, 0.9 / 0.0 ms  (average mu = 0.989, current mu = 0.988) allocation failure; 
[6089:0x73fe720]    39296 ms: Scavenge 284.0 (305.3) -> 268.4 (305.3) MB, 0.9 / 0.0 ms  (average mu = 0.989, current mu = 0.988) allocation failure; 
[6089:0x73fe720]    39303 ms: Scavenge 284.0 (305.3) -> 268.5 (305.3) MB, 0.8 / 0.0 ms  (average mu = 0.989, current mu = 0.988) allocation failure; 
[6089:0x73fe720]    39311 ms: Scavenge 284.1 (305.3) -> 268.5 (305.6) MB, 1.2 / 0.0 ms  (average mu = 0.989, current mu = 0.988) allocation failure; 
[6089:0x73fe720]    39318 ms: Scavenge 284.1 (305.6) -> 268.6 (305.6) MB, 1.1 / 0.0 ms  (average mu = 0.989, current mu = 0.988) allocation failure; 
[6089:0x73fe720]    39326 ms: Scavenge 284.2 (305.6) -> 268.6 (305.6) MB, 1.2 / 0.0 ms  (average mu = 0.989, current mu = 0.988) allocation failure; 
[6089:0x73fe720]    39333 ms: Scavenge 284.2 (305.6) -> 268.7 (305.6) MB, 1.1 / 0.0 ms  (average mu = 0.989, current mu = 0.988) allocation failure; 
[6089:0x73fe720]    39340 ms: Scavenge 284.3 (305.6) -> 268.7 (305.6) MB, 1.0 / 0.0 ms  (average mu = 0.989, current mu = 0.988) allocation failure; 
[6089:0x73fe720]    39348 ms: Scavenge 284.3 (305.6) -> 268.8 (305.6) MB, 1.1 / 0.0 ms  (average mu = 0.989, current mu = 0.988) allocation failure; 
[6089:0x73fe720]    39355 ms: Scavenge 284.3 (305.6) -> 268.8 (305.8) MB, 1.1 / 0.0 ms  (average mu = 0.989, current mu = 0.988) allocation failure; 
[6089:0x73fe720]    39363 ms: Scavenge 284.4 (305.8) -> 268.9 (305.8) MB, 1.2 / 0.0 ms  (average mu = 0.989, current mu = 0.988) allocation failure; 
[6089:0x73fe720]    39370 ms: Scavenge 284.4 (305.8) -> 268.9 (305.8) MB, 1.0 / 0.0 ms  (average mu = 0.989, current mu = 0.988) allocation failure; 
[6089:0x73fe720]    39378 ms: Scavenge 284.5 (305.8) -> 268.9 (305.8) MB, 1.0 / 0.0 ms  (average mu = 0.989, current mu = 0.988) allocation failure; 
[6089:0x73fe720]    39385 ms: Scavenge 284.5 (305.8) -> 269.0 (305.8) MB, 1.2 / 0.0 ms  (average mu = 0.989, current mu = 0.988) allocation failure; 
[6089:0x73fe720]    39392 ms: Scavenge 284.6 (305.8) -> 269.0 (306.1) MB, 1.2 / 0.0 ms  (average mu = 0.989, current mu = 0.988) allocation failure; 
[6089:0x73fe720]    39400 ms: Scavenge 284.6 (306.1) -> 269.1 (306.1) MB, 0.9 / 0.0 ms  (average mu = 0.989, current mu = 0.988) allocation failure; 
[6089:0x73fe720]    39406 ms: Scavenge 284.7 (306.1) -> 269.1 (306.1) MB, 0.8 / 0.0 ms  (average mu = 0.989, current mu = 0.988) allocation failure; 
[6089:0x73fe720]    39414 ms: Scavenge 284.7 (306.1) -> 269.2 (306.1) MB, 1.4 / 0.0 ms  (average mu = 0.989, current mu = 0.988) allocation failure; 
[6089:0x73fe720]    39422 ms: Scavenge 284.8 (306.1) -> 269.2 (306.1) MB, 1.1 / 0.0 ms  (average mu = 0.989, current mu = 0.988) allocation failure; 
[6089:0x73fe720]    39430 ms: Scavenge 284.8 (306.1) -> 269.3 (306.3) MB, 1.6 / 0.0 ms  (average mu = 0.989, current mu = 0.988) allocation failure; 
[6089:0x73fe720]    39438 ms: Scavenge 284.9 (306.3) -> 269.3 (306.3) MB, 1.1 / 0.0 ms  (average mu = 0.989, current mu = 0.988) allocation failure; 
[6089:0x73fe720]    39445 ms: Scavenge 284.9 (306.3) -> 269.4 (306.3) MB, 1.0 / 0.0 ms  (average mu = 0.989, current mu = 0.988) allocation failure; 
[6089:0x73fe720]    39455 ms: Scavenge 285.0 (306.3) -> 269.4 (306.3) MB, 1.3 / 0.0 ms  (average mu = 0.989, current mu = 0.988) allocation failure; 
[6089:0x73fe720]    39463 ms: Scavenge 285.0 (306.3) -> 269.5 (306.3) MB, 1.0 / 0.0 ms  (average mu = 0.989, current mu = 0.988) allocation failure; 
[6089:0x73fe720]    39471 ms: Scavenge 285.1 (306.3) -> 269.5 (306.6) MB, 1.1 / 0.0 ms  (average mu = 0.989, current mu = 0.988) allocation failure; 
[6089:0x73fe720]    39478 ms: Scavenge 285.1 (306.6) -> 269.6 (306.6) MB, 0.9 / 0.0 ms  (average mu = 0.989, current mu = 0.988) allocation failure; 
[6089:0x73fe720]    39485 ms: Scavenge 285.2 (306.6) -> 269.6 (306.8) MB, 1.2 / 0.0 ms  (average mu = 0.989, current mu = 0.988) allocation failure; 
[6089:0x73fe720]    39493 ms: Scavenge 285.2 (306.8) -> 269.7 (306.8) MB, 1.2 / 0.0 ms  (average mu = 0.989, current mu = 0.988) allocation failure; 
[6089:0x73fe720]    39501 ms: Scavenge 285.3 (306.8) -> 269.7 (306.8) MB, 1.1 / 0.0 ms  (average mu = 0.989, current mu = 0.988) allocation failure; 
[6089:0x73fe720]    39508 ms: Scavenge 285.3 (306.8) -> 269.8 (306.8) MB, 1.1 / 0.0 ms  (average mu = 0.989, current mu = 0.988) allocation failure; 
[6089:0x73fe720]    39516 ms: Scavenge 285.4 (306.8) -> 269.8 (306.8) MB, 1.1 / 0.0 ms  (average mu = 0.989, current mu = 0.988) allocation failure; 
[6089:0x73fe720]    39524 ms: Scavenge 285.4 (306.8) -> 269.9 (306.8) MB, 1.3 / 0.0 ms  (average mu = 0.989, current mu = 0.988) allocation failure; 
[6089:0x73fe720]    39531 ms: Scavenge 285.4 (306.8) -> 269.9 (306.8) MB, 1.2 / 0.0 ms  (average mu = 0.989, current mu = 0.988) allocation failure; 
[6089:0x73fe720]    39539 ms: Scavenge 285.5 (306.8) -> 270.0 (306.8) MB, 1.0 / 0.0 ms  (average mu = 0.989, current mu = 0.988) allocation failure; 
[6089:0x73fe720]    39546 ms: Scavenge 285.5 (306.8) -> 270.0 (307.1) MB, 0.9 / 0.0 ms  (average mu = 0.989, current mu = 0.988) allocation failure; 
[6089:0x73fe720]    39556 ms: Scavenge 285.6 (307.1) -> 270.0 (307.1) MB, 0.9 / 0.0 ms  (average mu = 0.989, current mu = 0.988) allocation failure; 
[6089:0x73fe720]    39563 ms: Scavenge 285.6 (307.1) -> 270.1 (307.1) MB, 1.0 / 0.0 ms  (average mu = 0.989, current mu = 0.988) allocation failure; 
[6089:0x73fe720]    39571 ms: Scavenge 285.7 (307.1) -> 270.1 (307.1) MB, 1.2 / 0.0 ms  (average mu = 0.989, current mu = 0.988) allocation failure; 
[6089:0x73fe720]    39578 ms: Scavenge 285.7 (307.1) -> 270.2 (307.1) MB, 1.0 / 0.0 ms  (average mu = 0.989, current mu = 0.988) allocation failure; 
[6089:0x73fe720]    39586 ms: Scavenge 285.8 (307.1) -> 270.2 (307.3) MB, 1.0 / 0.0 ms  (average mu = 0.989, current mu = 0.988) allocation failure; 
[6089:0x73fe720]    39593 ms: Scavenge 285.8 (307.3) -> 270.3 (307.3) MB, 1.1 / 0.0 ms  (average mu = 0.989, current mu = 0.988) allocation failure; 
[6089:0x73fe720]    39600 ms: Scavenge 285.9 (307.3) -> 270.3 (307.3) MB, 0.9 / 0.0 ms  (average mu = 0.989, current mu = 0.988) allocation failure; 
[6089:0x73fe720]    39608 ms: Scavenge 285.9 (307.3) -> 270.4 (307.6) MB, 1.1 / 0.0 ms  (average mu = 0.989, current mu = 0.988) allocation failure; 
[6089:0x73fe720]    39616 ms: Scavenge 286.0 (307.6) -> 270.5 (307.6) MB, 1.2 / 0.0 ms  (average mu = 0.989, current mu = 0.988) allocation failure; 
[6089:0x73fe720]    39624 ms: Scavenge 286.0 (307.6) -> 270.5 (307.6) MB, 1.2 / 0.0 ms  (average mu = 0.989, current mu = 0.988) allocation failure; 
[6089:0x73fe720]    39632 ms: Scavenge 286.1 (307.6) -> 270.5 (307.6) MB, 1.2 / 0.0 ms  (average mu = 0.989, current mu = 0.988) allocation failure; 
[6089:0x73fe720]    39643 ms: Scavenge 286.1 (307.6) -> 270.6 (307.6) MB, 1.2 / 0.0 ms  (average mu = 0.989, current mu = 0.988) allocation failure; 
[6089:0x73fe720]    39654 ms: Scavenge 286.2 (307.6) -> 270.6 (307.6) MB, 0.9 / 0.0 ms  (average mu = 0.989, current mu = 0.988) allocation failure; 
[6089:0x73fe720]    39661 ms: Scavenge 286.2 (307.6) -> 270.7 (307.6) MB, 1.2 / 0.0 ms  (average mu = 0.989, current mu = 0.988) allocation failure; 
[6089:0x73fe720]    39669 ms: Scavenge 286.3 (307.6) -> 270.7 (307.6) MB, 1.0 / 0.0 ms  (average mu = 0.989, current mu = 0.988) allocation failure; 
[6089:0x73fe720]    39676 ms: Scavenge 286.3 (307.6) -> 270.8 (307.8) MB, 1.0 / 0.0 ms  (average mu = 0.989, current mu = 0.988) allocation failure; 
[6089:0x73fe720]    39684 ms: Scavenge 286.4 (307.8) -> 270.8 (307.8) MB, 0.9 / 0.0 ms  (average mu = 0.989, current mu = 0.988) allocation failure; 
[6089:0x73fe720]    39691 ms: Scavenge 286.4 (307.8) -> 270.9 (307.8) MB, 0.9 / 0.0 ms  (average mu = 0.989, current mu = 0.988) allocation failure; 
[6089:0x73fe720]    39699 ms: Scavenge 286.5 (307.8) -> 270.9 (307.8) MB, 1.1 / 0.0 ms  (average mu = 0.989, current mu = 0.988) allocation failure; 
[6089:0x73fe720]    39707 ms: Scavenge 286.5 (307.8) -> 271.0 (307.8) MB, 1.0 / 0.0 ms  (average mu = 0.989, current mu = 0.988) allocation failure; 
[6089:0x73fe720]    39716 ms: Scavenge 286.5 (307.8) -> 271.0 (308.1) MB, 1.8 / 0.0 ms  (average mu = 0.989, current mu = 0.988) allocation failure; 
[6089:0x73fe720]    39725 ms: Scavenge 286.6 (308.1) -> 271.1 (308.1) MB, 0.9 / 0.0 ms  (average mu = 0.989, current mu = 0.988) allocation failure; 
[6089:0x73fe720]    39732 ms: Scavenge 286.6 (308.1) -> 271.1 (308.1) MB, 0.9 / 0.0 ms  (average mu = 0.989, current mu = 0.988) allocation failure; 
[6089:0x73fe720]    39740 ms: Scavenge 286.7 (308.1) -> 271.1 (308.1) MB, 1.2 / 0.0 ms  (average mu = 0.989, current mu = 0.988) allocation failure; 
[6089:0x73fe720]    39747 ms: Scavenge 286.7 (308.1) -> 271.2 (308.1) MB, 0.9 / 0.0 ms  (average mu = 0.989, current mu = 0.988) allocation failure; 
[6089:0x73fe720]    39755 ms: Scavenge 286.8 (308.1) -> 271.2 (308.6) MB, 1.4 / 0.0 ms  (average mu = 0.989, current mu = 0.988) allocation failure; 
[6089:0x73fe720]    39762 ms: Scavenge 286.8 (308.6) -> 271.3 (308.6) MB, 1.0 / 0.0 ms  (average mu = 0.989, current mu = 0.988) allocation failure; 
[6089:0x73fe720]    39770 ms: Scavenge 286.9 (308.6) -> 271.3 (308.6) MB, 1.3 / 0.0 ms  (average mu = 0.989, current mu = 0.988) allocation failure; 
[6089:0x73fe720]    39778 ms: Scavenge 286.9 (308.6) -> 271.4 (308.6) MB, 1.2 / 0.0 ms  (average mu = 0.989, current mu = 0.988) allocation failure; 
[6089:0x73fe720]    39786 ms: Scavenge 287.0 (308.6) -> 271.4 (308.6) MB, 1.3 / 0.0 ms  (average mu = 0.989, current mu = 0.988) allocation failure; 
[6089:0x73fe720]    39794 ms: Scavenge 287.0 (308.6) -> 271.5 (308.6) MB, 1.3 / 0.0 ms  (average mu = 0.989, current mu = 0.988) allocation failure; 
[6089:0x73fe720]    39801 ms: Scavenge 287.1 (308.6) -> 271.5 (308.6) MB, 1.0 / 0.0 ms  (average mu = 0.989, current mu = 0.988) allocation failure; 
[6089:0x73fe720]    39809 ms: Scavenge 287.1 (308.6) -> 271.6 (308.6) MB, 0.8 / 0.0 ms  (average mu = 0.989, current mu = 0.988) allocation failure; 
[6089:0x73fe720]    39817 ms: Scavenge 287.2 (308.6) -> 271.6 (308.6) MB, 1.1 / 0.0 ms  (average mu = 0.989, current mu = 0.988) allocation failure; 
[6089:0x73fe720]    39824 ms: Scavenge 287.2 (308.6) -> 271.7 (308.6) MB, 1.1 / 0.0 ms  (average mu = 0.989, current mu = 0.988) allocation failure; 
[6089:0x73fe720]    39833 ms: Scavenge 287.3 (308.6) -> 271.7 (308.8) MB, 1.4 / 0.0 ms  (average mu = 0.989, current mu = 0.988) allocation failure; 
[6089:0x73fe720]    39841 ms: Scavenge 287.3 (308.8) -> 271.8 (308.8) MB, 1.0 / 0.0 ms  (average mu = 0.989, current mu = 0.988) allocation failure; 
[6089:0x73fe720]    39848 ms: Scavenge 287.4 (308.8) -> 271.8 (308.8) MB, 0.9 / 0.0 ms  (average mu = 0.989, current mu = 0.988) allocation failure; 
[6089:0x73fe720]    39856 ms: Scavenge 287.4 (308.8) -> 271.9 (308.8) MB, 1.1 / 0.0 ms  (average mu = 0.989, current mu = 0.988) allocation failure; 
[6089:0x73fe720]    39864 ms: Scavenge 287.5 (308.8) -> 271.9 (308.8) MB, 1.0 / 0.0 ms  (average mu = 0.989, current mu = 0.988) allocation failure; 
[6089:0x73fe720]    39871 ms: Scavenge 287.5 (308.8) -> 272.0 (309.1) MB, 0.9 / 0.0 ms  (average mu = 0.989, current mu = 0.988) allocation failure; 
[6089:0x73fe720]    39878 ms: Scavenge 287.6 (309.1) -> 272.0 (309.1) MB, 0.9 / 0.0 ms  (average mu = 0.989, current mu = 0.988) allocation failure; 
[6089:0x73fe720]    39885 ms: Scavenge 287.6 (309.1) -> 272.1 (309.1) MB, 0.9 / 0.0 ms  (average mu = 0.989, current mu = 0.988) allocation failure; 
[6089:0x73fe720]    39893 ms: Scavenge 287.6 (309.1) -> 272.1 (309.1) MB, 0.9 / 0.0 ms  (average mu = 0.989, current mu = 0.988) allocation failure; 
[6089:0x73fe720]    39901 ms: Scavenge 287.7 (309.1) -> 272.2 (309.1) MB, 1.1 / 0.0 ms  (average mu = 0.989, current mu = 0.988) allocation failure; 
[6089:0x73fe720]    39908 ms: Scavenge 287.7 (309.1) -> 272.2 (309.3) MB, 1.2 / 0.0 ms  (average mu = 0.989, current mu = 0.988) allocation failure; 
[6089:0x73fe720]    39916 ms: Scavenge 287.8 (309.3) -> 272.2 (309.3) MB, 1.3 / 0.0 ms  (average mu = 0.989, current mu = 0.988) allocation failure; 
[6089:0x73fe720]    39925 ms: Scavenge 287.8 (309.3) -> 272.3 (309.3) MB, 1.3 / 0.0 ms  (average mu = 0.989, current mu = 0.988) allocation failure; 
[6089:0x73fe720]    39932 ms: Scavenge 287.9 (309.3) -> 272.3 (309.3) MB, 1.1 / 0.0 ms  (average mu = 0.989, current mu = 0.988) allocation failure; 
[6089:0x73fe720]    39940 ms: Scavenge 287.9 (309.3) -> 272.4 (309.3) MB, 1.0 / 0.0 ms  (average mu = 0.989, current mu = 0.988) allocation failure; 
[6089:0x73fe720]    39948 ms: Scavenge 288.0 (309.3) -> 272.4 (309.3) MB, 0.9 / 0.0 ms  (average mu = 0.989, current mu = 0.988) allocation failure; 
[6089:0x73fe720]    39955 ms: Scavenge 288.0 (309.3) -> 272.5 (309.6) MB, 0.9 / 0.0 ms  (average mu = 0.989, current mu = 0.988) allocation failure; 
[6089:0x73fe720]    39964 ms: Scavenge 288.1 (309.6) -> 272.6 (309.6) MB, 1.2 / 0.0 ms  (average mu = 0.989, current mu = 0.988) allocation failure; 
[6089:0x73fe720]    39972 ms: Scavenge 288.1 (309.6) -> 272.6 (309.6) MB, 1.0 / 0.0 ms  (average mu = 0.989, current mu = 0.988) allocation failure; 
[6089:0x73fe720]    39980 ms: Scavenge 288.2 (309.6) -> 272.6 (309.6) MB, 1.1 / 0.0 ms  (average mu = 0.989, current mu = 0.988) allocation failure; 
[6089:0x73fe720]    39988 ms: Scavenge 288.2 (309.6) -> 272.7 (309.6) MB, 1.5 / 0.0 ms  (average mu = 0.989, current mu = 0.988) allocation failure; 
[6089:0x73fe720]    39996 ms: Scavenge 288.3 (309.6) -> 272.7 (309.8) MB, 1.2 / 0.0 ms  (average mu = 0.989, current mu = 0.988) allocation failure; 
[6089:0x73fe720]    40003 ms: Scavenge 288.3 (309.8) -> 272.8 (310.1) MB, 1.1 / 0.0 ms  (average mu = 0.989, current mu = 0.988) allocation failure; 
[6089:0x73fe720]    40012 ms: Scavenge 288.4 (310.1) -> 272.8 (310.1) MB, 1.3 / 0.0 ms  (average mu = 0.989, current mu = 0.988) allocation failure; 
[6089:0x73fe720]    40020 ms: Scavenge 288.4 (310.1) -> 272.9 (310.1) MB, 1.0 / 0.0 ms  (average mu = 0.989, current mu = 0.988) allocation failure; 
[6089:0x73fe720]    40027 ms: Scavenge 285.9 (310.1) -> 272.9 (310.1) MB, 1.3 / 0.0 ms  (average mu = 0.989, current mu = 0.988) task; 
[6089:0x73fe720]    40035 ms: Scavenge 288.5 (310.1) -> 273.0 (310.1) MB, 1.2 / 0.0 ms  (average mu = 0.989, current mu = 0.988) allocation failure; 
[6089:0x73fe720]    40043 ms: Scavenge 288.5 (310.1) -> 273.0 (310.1) MB, 1.3 / 0.0 ms  (average mu = 0.989, current mu = 0.988) allocation failure; 
[6089:0x73fe720]    40051 ms: Scavenge 288.6 (310.1) -> 273.1 (310.1) MB, 1.2 / 0.0 ms  (average mu = 0.989, current mu = 0.988) allocation failure; 
[6089:0x73fe720]    40060 ms: Scavenge 288.6 (310.1) -> 273.1 (310.1) MB, 1.1 / 0.0 ms  (average mu = 0.989, current mu = 0.988) allocation failure; 
[6089:0x73fe720]    40068 ms: Scavenge 288.7 (310.1) -> 273.2 (310.1) MB, 0.9 / 0.0 ms  (average mu = 0.989, current mu = 0.988) allocation failure; 
[6089:0x73fe720]    40079 ms: Scavenge 288.7 (310.1) -> 273.2 (310.3) MB, 1.0 / 0.0 ms  (average mu = 0.989, current mu = 0.988) allocation failure; 
[6089:0x73fe720]    40087 ms: Scavenge 288.8 (310.3) -> 273.3 (310.3) MB, 1.1 / 0.0 ms  (average mu = 0.989, current mu = 0.988) allocation failure; 
[6089:0x73fe720]    40096 ms: Scavenge 288.8 (310.3) -> 273.3 (310.3) MB, 1.5 / 0.0 ms  (average mu = 0.989, current mu = 0.988) allocation failure; 
[6089:0x73fe720]    40103 ms: Scavenge 288.9 (310.3) -> 273.3 (310.3) MB, 1.0 / 0.0 ms  (average mu = 0.989, current mu = 0.988) allocation failure; 
[6089:0x73fe720]    40111 ms: Scavenge 288.9 (310.3) -> 273.4 (310.3) MB, 1.3 / 0.0 ms  (average mu = 0.989, current mu = 0.988) allocation failure; 
[6089:0x73fe720]    40119 ms: Scavenge 289.0 (310.3) -> 273.4 (310.6) MB, 1.2 / 0.0 ms  (average mu = 0.989, current mu = 0.988) allocation failure; 
[6089:0x73fe720]    40128 ms: Scavenge 289.0 (310.6) -> 273.5 (310.6) MB, 1.5 / 0.0 ms  (average mu = 0.989, current mu = 0.988) allocation failure; 
[6089:0x73fe720]    40138 ms: Scavenge 289.1 (310.6) -> 273.5 (310.8) MB, 1.7 / 0.0 ms  (average mu = 0.989, current mu = 0.988) allocation failure; 
[6089:0x73fe720]    40147 ms: Scavenge 289.1 (310.8) -> 273.6 (310.8) MB, 1.1 / 0.0 ms  (average mu = 0.989, current mu = 0.988) allocation failure; 
[6089:0x73fe720]    40155 ms: Scavenge 289.2 (310.8) -> 273.7 (310.8) MB, 1.1 / 0.0 ms  (average mu = 0.989, current mu = 0.988) allocation failure; 
[6089:0x73fe720]    40163 ms: Scavenge 289.2 (310.8) -> 273.7 (310.8) MB, 0.9 / 0.0 ms  (average mu = 0.989, current mu = 0.988) allocation failure; 
[6089:0x73fe720]    40170 ms: Scavenge 289.3 (310.8) -> 273.7 (310.8) MB, 0.9 / 0.0 ms  (average mu = 0.989, current mu = 0.988) allocation failure; 
[6089:0x73fe720]    40178 ms: Scavenge 289.3 (310.8) -> 273.8 (310.8) MB, 0.9 / 0.0 ms  (average mu = 0.989, current mu = 0.988) allocation failure; 
[6089:0x73fe720]    40185 ms: Scavenge 289.4 (310.8) -> 273.8 (310.8) MB, 0.9 / 0.0 ms  (average mu = 0.989, current mu = 0.988) allocation failure; 
[6089:0x73fe720]    40192 ms: Scavenge 289.4 (310.8) -> 273.9 (310.8) MB, 1.1 / 0.0 ms  (average mu = 0.989, current mu = 0.988) allocation failure; 
[6089:0x73fe720]    40199 ms: Scavenge 289.5 (310.8) -> 273.9 (310.8) MB, 1.0 / 0.0 ms  (average mu = 0.989, current mu = 0.988) allocation failure; 
[6089:0x73fe720]    40207 ms: Scavenge 289.5 (310.8) -> 274.0 (311.1) MB, 1.3 / 0.0 ms  (average mu = 0.989, current mu = 0.988) allocation failure; 
[6089:0x73fe720]    40215 ms: Scavenge 289.6 (311.1) -> 274.0 (311.1) MB, 1.1 / 0.0 ms  (average mu = 0.989, current mu = 0.988) allocation failure; 
[6089:0x73fe720]    40223 ms: Scavenge 289.6 (311.1) -> 274.1 (311.1) MB, 1.1 / 0.0 ms  (average mu = 0.989, current mu = 0.988) allocation failure; 
[6089:0x73fe720]    40231 ms: Scavenge 289.6 (311.1) -> 274.1 (311.1) MB, 1.2 / 0.0 ms  (average mu = 0.989, current mu = 0.988) allocation failure; 
[6089:0x73fe720]    40239 ms: Scavenge 289.7 (311.1) -> 274.2 (311.1) MB, 1.2 / 0.0 ms  (average mu = 0.989, current mu = 0.988) allocation failure; 
[6089:0x73fe720]    40246 ms: Scavenge 289.7 (311.1) -> 274.2 (311.3) MB, 1.0 / 0.0 ms  (average mu = 0.989, current mu = 0.988) allocation failure; 
[6089:0x73fe720]    40254 ms: Scavenge 289.8 (311.3) -> 274.2 (311.3) MB, 1.0 / 0.0 ms  (average mu = 0.989, current mu = 0.988) allocation failure; 
[6089:0x73fe720]    40261 ms: Scavenge 289.8 (311.3) -> 274.3 (311.3) MB, 0.8 / 0.0 ms  (average mu = 0.989, current mu = 0.988) allocation failure; 
[6089:0x73fe720]    40270 ms: Scavenge 289.9 (311.3) -> 274.4 (311.6) MB, 1.5 / 0.0 ms  (average mu = 0.989, current mu = 0.988) allocation failure; 
[6089:0x73fe720]    40278 ms: Scavenge 289.9 (311.6) -> 274.4 (311.6) MB, 1.2 / 0.0 ms  (average mu = 0.989, current mu = 0.988) allocation failure; 
[6089:0x73fe720]    40286 ms: Scavenge 290.0 (311.6) -> 274.4 (311.6) MB, 1.0 / 0.0 ms  (average mu = 0.989, current mu = 0.988) allocation failure; 
[6089:0x73fe720]    40294 ms: Scavenge 290.0 (311.6) -> 274.5 (311.6) MB, 1.1 / 0.0 ms  (average mu = 0.989, current mu = 0.988) allocation failure; 
[6089:0x73fe720]    40302 ms: Scavenge 290.1 (311.6) -> 274.5 (311.6) MB, 0.9 / 0.0 ms  (average mu = 0.989, current mu = 0.988) allocation failure; 
[6089:0x73fe720]    40309 ms: Scavenge 290.1 (311.6) -> 274.6 (311.6) MB, 0.9 / 0.0 ms  (average mu = 0.989, current mu = 0.988) allocation failure; 
[6089:0x73fe720]    40317 ms: Scavenge 290.2 (311.6) -> 274.6 (311.6) MB, 0.9 / 0.0 ms  (average mu = 0.989, current mu = 0.988) allocation failure; 
[6089:0x73fe720]    40324 ms: Scavenge 290.2 (311.6) -> 274.7 (311.8) MB, 1.0 / 0.0 ms  (average mu = 0.989, current mu = 0.988) allocation failure; 
[6089:0x73fe720]    40332 ms: Scavenge 290.3 (311.8) -> 274.7 (311.8) MB, 1.1 / 0.0 ms  (average mu = 0.989, current mu = 0.988) allocation failure; 
[6089:0x73fe720]    40341 ms: Scavenge 290.3 (311.8) -> 274.8 (311.8) MB, 1.8 / 0.0 ms  (average mu = 0.989, current mu = 0.988) allocation failure; 
[6089:0x73fe720]    40349 ms: Scavenge 290.4 (311.8) -> 274.9 (311.8) MB, 1.3 / 0.0 ms  (average mu = 0.989, current mu = 0.988) allocation failure; 
[6089:0x73fe720]    40357 ms: Scavenge 290.4 (311.8) -> 274.9 (311.8) MB, 1.1 / 0.0 ms  (average mu = 0.989, current mu = 0.988) allocation failure; 
[6089:0x73fe720]    40364 ms: Scavenge 290.5 (311.8) -> 274.9 (312.1) MB, 1.2 / 0.0 ms  (average mu = 0.989, current mu = 0.988) allocation failure; 
[6089:0x73fe720]    40372 ms: Scavenge 290.5 (312.1) -> 275.0 (312.1) MB, 1.0 / 0.0 ms  (average mu = 0.989, current mu = 0.988) allocation failure; 
[6089:0x73fe720]    40380 ms: Scavenge 290.6 (312.1) -> 275.0 (312.1) MB, 1.2 / 0.0 ms  (average mu = 0.989, current mu = 0.988) allocation failure; 
[6089:0x73fe720]    40387 ms: Scavenge 290.6 (312.1) -> 275.1 (312.1) MB, 1.0 / 0.0 ms  (average mu = 0.989, current mu = 0.988) allocation failure; 
[6089:0x73fe720]    40396 ms: Scavenge 290.7 (312.1) -> 275.1 (312.1) MB, 1.2 / 0.0 ms  (average mu = 0.989, current mu = 0.988) allocation failure; 
[6089:0x73fe720]    40403 ms: Scavenge 290.7 (312.1) -> 275.2 (312.3) MB, 1.1 / 0.0 ms  (average mu = 0.989, current mu = 0.988) allocation failure; 
[6089:0x73fe720]    40411 ms: Scavenge 290.7 (312.3) -> 275.2 (312.3) MB, 1.0 / 0.0 ms  (average mu = 0.989, current mu = 0.988) allocation failure; 
[6089:0x73fe720]    40419 ms: Scavenge 290.8 (312.3) -> 275.3 (312.6) MB, 1.2 / 0.0 ms  (average mu = 0.989, current mu = 0.988) allocation failure; 
[6089:0x73fe720]    40427 ms: Scavenge 290.8 (312.6) -> 275.3 (312.6) MB, 1.1 / 0.0 ms  (average mu = 0.989, current mu = 0.988) allocation failure; 
[6089:0x73fe720]    40434 ms: Scavenge 290.9 (312.6) -> 275.3 (312.6) MB, 1.1 / 0.0 ms  (average mu = 0.989, current mu = 0.988) allocation failure; 
[6089:0x73fe720]    40443 ms: Scavenge 290.9 (312.6) -> 275.4 (312.6) MB, 1.5 / 0.0 ms  (average mu = 0.989, current mu = 0.988) allocation failure; 
[6089:0x73fe720]    40450 ms: Scavenge 291.0 (312.6) -> 275.4 (312.6) MB, 1.0 / 0.0 ms  (average mu = 0.989, current mu = 0.988) allocation failure; 
[6089:0x73fe720]    40458 ms: Scavenge 291.0 (312.6) -> 275.5 (312.6) MB, 1.1 / 0.0 ms  (average mu = 0.989, current mu = 0.988) allocation failure; 
[6089:0x73fe720]    40465 ms: Scavenge 291.1 (312.6) -> 275.5 (312.6) MB, 1.0 / 0.0 ms  (average mu = 0.989, current mu = 0.988) allocation failure; 
[6089:0x73fe720]    40473 ms: Scavenge 291.1 (312.6) -> 275.6 (312.6) MB, 1.0 / 0.0 ms  (average mu = 0.989, current mu = 0.988) allocation failure; 
[6089:0x73fe720]    40480 ms: Scavenge 291.2 (312.6) -> 275.6 (312.6) MB, 1.0 / 0.0 ms  (average mu = 0.989, current mu = 0.988) allocation failure; 
[6089:0x73fe720]    40488 ms: Scavenge 291.2 (312.6) -> 275.7 (312.8) MB, 1.1 / 0.0 ms  (average mu = 0.989, current mu = 0.988) allocation failure; 
[6089:0x73fe720]    40495 ms: Scavenge 291.3 (312.8) -> 275.7 (312.8) MB, 1.0 / 0.0 ms  (average mu = 0.989, current mu = 0.988) allocation failure; 
[6089:0x73fe720]    40503 ms: Scavenge 291.3 (312.8) -> 275.8 (312.8) MB, 1.0 / 0.0 ms  (average mu = 0.989, current mu = 0.988) allocation failure; 
[6089:0x73fe720]    40511 ms: Scavenge 291.4 (312.8) -> 275.8 (312.8) MB, 1.1 / 0.0 ms  (average mu = 0.989, current mu = 0.988) allocation failure; 
[6089:0x73fe720]    40518 ms: Scavenge 291.4 (312.8) -> 275.9 (312.8) MB, 1.0 / 0.0 ms  (average mu = 0.989, current mu = 0.988) allocation failure; 
[6089:0x73fe720]    40525 ms: Scavenge 291.5 (312.8) -> 275.9 (313.1) MB, 0.9 / 0.0 ms  (average mu = 0.989, current mu = 0.988) allocation failure; 
[6089:0x73fe720]    40533 ms: Scavenge 291.5 (313.1) -> 276.0 (313.1) MB, 1.0 / 0.0 ms  (average mu = 0.989, current mu = 0.988) allocation failure; 
[6089:0x73fe720]    40540 ms: Scavenge 291.6 (313.1) -> 276.0 (313.1) MB, 1.0 / 0.0 ms  (average mu = 0.989, current mu = 0.988) allocation failure; 
[6089:0x73fe720]    40548 ms: Scavenge 291.6 (313.1) -> 276.1 (313.1) MB, 1.4 / 0.0 ms  (average mu = 0.989, current mu = 0.988) allocation failure; 
[6089:0x73fe720]    40557 ms: Scavenge 291.7 (313.1) -> 276.1 (313.1) MB, 1.1 / 0.0 ms  (average mu = 0.989, current mu = 0.988) allocation failure; 
[6089:0x73fe720]    40564 ms: Scavenge 291.7 (313.1) -> 276.2 (313.3) MB, 1.0 / 0.0 ms  (average mu = 0.989, current mu = 0.988) allocation failure; 
[6089:0x73fe720]    40572 ms: Scavenge 291.8 (313.3) -> 276.2 (313.3) MB, 1.1 / 0.0 ms  (average mu = 0.989, current mu = 0.988) allocation failure; 
[6089:0x73fe720]    40579 ms: Scavenge 291.8 (313.3) -> 276.3 (313.3) MB, 1.0 / 0.0 ms  (average mu = 0.989, current mu = 0.988) allocation failure; 
[6089:0x73fe720]    40587 ms: Scavenge 291.8 (313.3) -> 276.3 (313.6) MB, 1.1 / 0.0 ms  (average mu = 0.989, current mu = 0.988) allocation failure; 
[6089:0x73fe720]    40594 ms: Scavenge 291.9 (313.6) -> 276.4 (313.6) MB, 1.0 / 0.0 ms  (average mu = 0.989, current mu = 0.988) allocation failure; 
[6089:0x73fe720]    40601 ms: Scavenge 291.9 (313.6) -> 276.4 (313.6) MB, 1.1 / 0.0 ms  (average mu = 0.989, current mu = 0.988) allocation failure; 
[6089:0x73fe720]    40608 ms: Scavenge 292.0 (313.6) -> 276.4 (313.6) MB, 0.9 / 0.0 ms  (average mu = 0.989, current mu = 0.988) allocation failure; 
[6089:0x73fe720]    40616 ms: Scavenge 292.0 (313.6) -> 276.5 (313.6) MB, 0.9 / 0.0 ms  (average mu = 0.989, current mu = 0.988) allocation failure; 
[6089:0x73fe720]    40623 ms: Scavenge 292.1 (313.6) -> 276.5 (313.6) MB, 1.0 / 0.0 ms  (average mu = 0.989, current mu = 0.988) allocation failure; 
[6089:0x73fe720]    40631 ms: Scavenge 292.1 (313.6) -> 276.6 (313.6) MB, 1.1 / 0.0 ms  (average mu = 0.989, current mu = 0.988) allocation failure; 
[6089:0x73fe720]    40639 ms: Scavenge 292.2 (313.6) -> 276.6 (313.8) MB, 1.0 / 0.0 ms  (average mu = 0.989, current mu = 0.988) allocation failure; 
[6089:0x73fe720]    40646 ms: Scavenge 292.2 (313.8) -> 276.7 (313.8) MB, 1.0 / 0.0 ms  (average mu = 0.989, current mu = 0.988) allocation failure; 
[6089:0x73fe720]    40654 ms: Scavenge 292.3 (313.8) -> 276.7 (313.8) MB, 1.4 / 0.0 ms  (average mu = 0.989, current mu = 0.988) allocation failure; 
[6089:0x73fe720]    40662 ms: Scavenge 292.3 (313.8) -> 276.8 (313.8) MB, 1.3 / 0.0 ms  (average mu = 0.989, current mu = 0.988) allocation failure; 
[6089:0x73fe720]    40669 ms: Scavenge 292.4 (313.8) -> 276.8 (313.8) MB, 1.0 / 0.0 ms  (average mu = 0.989, current mu = 0.988) allocation failure; 
[6089:0x73fe720]    40676 ms: Scavenge 292.4 (313.8) -> 276.9 (314.1) MB, 1.1 / 0.0 ms  (average mu = 0.989, current mu = 0.988) allocation failure; 
[6089:0x73fe720]    40684 ms: Scavenge 292.5 (314.1) -> 276.9 (314.1) MB, 1.0 / 0.0 ms  (average mu = 0.989, current mu = 0.988) allocation failure; 
[6089:0x73fe720]    40691 ms: Scavenge 292.5 (314.1) -> 277.0 (314.1) MB, 1.0 / 0.0 ms  (average mu = 0.989, current mu = 0.988) allocation failure; 
[6089:0x73fe720]    40698 ms: Scavenge 292.6 (314.1) -> 277.0 (314.1) MB, 0.9 / 0.0 ms  (average mu = 0.989, current mu = 0.988) allocation failure; 
[6089:0x73fe720]    40706 ms: Scavenge 292.6 (314.1) -> 277.1 (314.1) MB, 1.1 / 0.0 ms  (average mu = 0.989, current mu = 0.988) allocation failure; 
[6089:0x73fe720]    40714 ms: Scavenge 292.7 (314.1) -> 277.2 (314.3) MB, 1.3 / 0.0 ms  (average mu = 0.989, current mu = 0.988) allocation failure; 
[6089:0x73fe720]    40722 ms: Scavenge 292.7 (314.3) -> 277.2 (314.3) MB, 1.2 / 0.0 ms  (average mu = 0.989, current mu = 0.988) allocation failure; 
[6089:0x73fe720]    40730 ms: Scavenge 292.8 (314.3) -> 277.2 (314.6) MB, 1.3 / 0.0 ms  (average mu = 0.989, current mu = 0.988) allocation failure; 
[6089:0x73fe720]    40739 ms: Scavenge 292.8 (314.6) -> 277.3 (314.6) MB, 0.9 / 0.0 ms  (average mu = 0.989, current mu = 0.988) allocation failure; 
[6089:0x73fe720]    40746 ms: Scavenge 292.9 (314.6) -> 277.3 (314.6) MB, 1.1 / 0.0 ms  (average mu = 0.989, current mu = 0.988) allocation failure; 
[6089:0x73fe720]    40754 ms: Scavenge 292.9 (314.6) -> 277.4 (314.6) MB, 0.9 / 0.0 ms  (average mu = 0.989, current mu = 0.988) allocation failure; 
[6089:0x73fe720]    40762 ms: Scavenge 292.9 (314.6) -> 277.4 (314.6) MB, 1.0 / 0.0 ms  (average mu = 0.989, current mu = 0.988) allocation failure; 
[6089:0x73fe720]    40770 ms: Scavenge 293.0 (314.6) -> 277.5 (314.6) MB, 1.4 / 0.0 ms  (average mu = 0.989, current mu = 0.988) allocation failure; 
[6089:0x73fe720]    40777 ms: Scavenge 293.0 (314.6) -> 277.5 (314.6) MB, 1.2 / 0.0 ms  (average mu = 0.989, current mu = 0.988) allocation failure; 
[6089:0x73fe720]    40785 ms: Scavenge 293.1 (314.6) -> 277.5 (314.6) MB, 1.0 / 0.0 ms  (average mu = 0.989, current mu = 0.988) allocation failure; 
[6089:0x73fe720]    40792 ms: Scavenge 293.1 (314.6) -> 277.6 (314.6) MB, 0.9 / 0.0 ms  (average mu = 0.989, current mu = 0.988) allocation failure; 
[6089:0x73fe720]    40799 ms: Scavenge 293.2 (314.6) -> 277.6 (314.8) MB, 0.9 / 0.0 ms  (average mu = 0.989, current mu = 0.988) allocation failure; 
[6089:0x73fe720]    40806 ms: Scavenge 293.2 (314.8) -> 277.7 (314.8) MB, 0.8 / 0.0 ms  (average mu = 0.989, current mu = 0.988) allocation failure; 
[6089:0x73fe720]    40813 ms: Scavenge 293.3 (314.8) -> 277.7 (314.8) MB, 0.9 / 0.0 ms  (average mu = 0.989, current mu = 0.988) allocation failure; 
[6089:0x73fe720]    40820 ms: Scavenge 293.3 (314.8) -> 277.8 (314.8) MB, 0.9 / 0.0 ms  (average mu = 0.989, current mu = 0.988) allocation failure; 
[6089:0x73fe720]    40827 ms: Scavenge 293.4 (314.8) -> 277.8 (314.8) MB, 1.4 / 0.0 ms  (average mu = 0.989, current mu = 0.988) allocation failure; 
[6089:0x73fe720]    40834 ms: Scavenge 293.4 (314.8) -> 277.9 (315.1) MB, 0.9 / 0.0 ms  (average mu = 0.989, current mu = 0.988) allocation failure; 
[6089:0x73fe720]    40841 ms: Scavenge 293.5 (315.1) -> 277.9 (315.1) MB, 0.9 / 0.0 ms  (average mu = 0.989, current mu = 0.988) allocation failure; 
[6089:0x73fe720]    40848 ms: Scavenge 293.5 (315.1) -> 278.0 (315.1) MB, 0.9 / 0.0 ms  (average mu = 0.989, current mu = 0.988) allocation failure; 
[6089:0x73fe720]    40855 ms: Scavenge 293.6 (315.1) -> 278.0 (315.1) MB, 0.9 / 0.0 ms  (average mu = 0.989, current mu = 0.988) allocation failure; 
[6089:0x73fe720]    40862 ms: Scavenge 293.6 (315.1) -> 278.1 (315.1) MB, 1.0 / 0.0 ms  (average mu = 0.989, current mu = 0.988) allocation failure; 
[6089:0x73fe720]    40869 ms: Scavenge 293.7 (315.1) -> 278.1 (315.3) MB, 0.9 / 0.0 ms  (average mu = 0.989, current mu = 0.988) allocation failure; 
[6089:0x73fe720]    40876 ms: Scavenge 293.7 (315.3) -> 278.2 (315.3) MB, 0.9 / 0.0 ms  (average mu = 0.989, current mu = 0.988) allocation failure; 
[6089:0x73fe720]    40883 ms: Scavenge 293.8 (315.3) -> 278.2 (315.3) MB, 0.9 / 0.0 ms  (average mu = 0.989, current mu = 0.988) allocation failure; 
[6089:0x73fe720]    40890 ms: Scavenge 293.8 (315.3) -> 278.3 (315.3) MB, 1.1 / 0.0 ms  (average mu = 0.989, current mu = 0.988) allocation failure; 
[6089:0x73fe720]    40897 ms: Scavenge 293.9 (315.3) -> 278.3 (315.3) MB, 1.0 / 0.0 ms  (average mu = 0.989, current mu = 0.988) allocation failure; 
[6089:0x73fe720]    40905 ms: Scavenge 293.9 (315.3) -> 278.4 (315.6) MB, 0.9 / 0.0 ms  (average mu = 0.989, current mu = 0.988) allocation failure; 
[6089:0x73fe720]    40911 ms: Scavenge 294.0 (315.6) -> 278.4 (315.6) MB, 0.9 / 0.0 ms  (average mu = 0.989, current mu = 0.988) allocation failure; 
[6089:0x73fe720]    40919 ms: Scavenge 294.0 (315.6) -> 278.5 (315.6) MB, 0.9 / 0.0 ms  (average mu = 0.989, current mu = 0.988) allocation failure; 
[6089:0x73fe720]    40926 ms: Scavenge 294.0 (315.6) -> 278.5 (315.6) MB, 0.9 / 0.0 ms  (average mu = 0.989, current mu = 0.988) allocation failure; 
[6089:0x73fe720]    40933 ms: Scavenge 294.1 (315.6) -> 278.6 (315.6) MB, 0.8 / 0.0 ms  (average mu = 0.989, current mu = 0.988) allocation failure; 
[6089:0x73fe720]    40940 ms: Scavenge 294.1 (315.6) -> 278.6 (315.8) MB, 0.9 / 0.0 ms  (average mu = 0.989, current mu = 0.988) allocation failure; 
[6089:0x73fe720]    40946 ms: Scavenge 294.2 (315.8) -> 278.6 (315.8) MB, 0.9 / 0.0 ms  (average mu = 0.989, current mu = 0.988) allocation failure; 
[6089:0x73fe720]    40953 ms: Scavenge 294.2 (315.8) -> 278.7 (315.8) MB, 0.8 / 0.0 ms  (average mu = 0.989, current mu = 0.988) allocation failure; 
[6089:0x73fe720]    40960 ms: Scavenge 294.3 (315.8) -> 278.7 (315.8) MB, 0.9 / 0.0 ms  (average mu = 0.989, current mu = 0.988) allocation failure; 
[6089:0x73fe720]    40967 ms: Scavenge 294.3 (315.8) -> 278.8 (315.8) MB, 0.8 / 0.0 ms  (average mu = 0.989, current mu = 0.988) allocation failure; 
[6089:0x73fe720]    40973 ms: Scavenge 294.4 (315.8) -> 278.8 (316.1) MB, 0.9 / 0.0 ms  (average mu = 0.989, current mu = 0.988) allocation failure; 
[6089:0x73fe720]    40980 ms: Scavenge 294.4 (316.1) -> 278.9 (316.1) MB, 0.9 / 0.0 ms  (average mu = 0.989, current mu = 0.988) allocation failure; 
[6089:0x73fe720]    40987 ms: Scavenge 294.5 (316.1) -> 278.9 (316.1) MB, 0.9 / 0.0 ms  (average mu = 0.989, current mu = 0.988) allocation failure; 
[6089:0x73fe720]    40995 ms: Scavenge 294.5 (316.1) -> 279.0 (316.1) MB, 0.9 / 0.0 ms  (average mu = 0.989, current mu = 0.988) allocation failure; 
[6089:0x73fe720]    41002 ms: Scavenge 294.6 (316.1) -> 279.0 (316.1) MB, 1.0 / 0.0 ms  (average mu = 0.989, current mu = 0.988) allocation failure; 
[6089:0x73fe720]    41008 ms: Scavenge 294.6 (316.1) -> 279.1 (316.3) MB, 0.9 / 0.0 ms  (average mu = 0.989, current mu = 0.988) allocation failure; 
[6089:0x73fe720]    41015 ms: Scavenge 294.7 (316.3) -> 279.1 (316.3) MB, 0.9 / 0.0 ms  (average mu = 0.989, current mu = 0.988) allocation failure; 
[6089:0x73fe720]    41023 ms: Scavenge 294.7 (316.3) -> 279.2 (316.3) MB, 1.3 / 0.0 ms  (average mu = 0.989, current mu = 0.988) allocation failure; 
[6089:0x73fe720]    41031 ms: Scavenge 294.8 (316.3) -> 279.2 (316.3) MB, 1.0 / 0.0 ms  (average mu = 0.989, current mu = 0.988) allocation failure; 
[6089:0x73fe720]    41037 ms: Scavenge 294.8 (316.3) -> 279.3 (316.3) MB, 0.9 / 0.0 ms  (average mu = 0.989, current mu = 0.988) allocation failure; 
[6089:0x73fe720]    41045 ms: Scavenge 294.9 (316.3) -> 279.3 (316.3) MB, 0.8 / 0.0 ms  (average mu = 0.989, current mu = 0.988) allocation failure; 
[6089:0x73fe720]    41051 ms: Scavenge 294.9 (316.3) -> 279.4 (316.6) MB, 1.0 / 0.0 ms  (average mu = 0.989, current mu = 0.988) allocation failure; 
[6089:0x73fe720]    41058 ms: Scavenge 295.0 (316.6) -> 279.4 (316.6) MB, 0.8 / 0.0 ms  (average mu = 0.989, current mu = 0.988) allocation failure; 
[6089:0x73fe720]    41065 ms: Scavenge 295.0 (316.6) -> 279.5 (316.6) MB, 0.8 / 0.0 ms  (average mu = 0.989, current mu = 0.988) allocation failure; 
[6089:0x73fe720]    41071 ms: Scavenge 295.1 (316.6) -> 279.5 (316.6) MB, 0.9 / 0.0 ms  (average mu = 0.989, current mu = 0.988) allocation failure; 
[6089:0x73fe720]    41078 ms: Scavenge 295.1 (316.6) -> 279.6 (316.6) MB, 0.9 / 0.0 ms  (average mu = 0.989, current mu = 0.988) allocation failure; 
[6089:0x73fe720]    41085 ms: Scavenge 295.1 (316.6) -> 279.6 (316.8) MB, 0.9 / 0.0 ms  (average mu = 0.989, current mu = 0.988) allocation failure; 
[6089:0x73fe720]    41091 ms: Scavenge 295.2 (316.8) -> 279.7 (316.8) MB, 0.9 / 0.0 ms  (average mu = 0.989, current mu = 0.988) allocation failure; 
[6089:0x73fe720]    41098 ms: Scavenge 295.2 (316.8) -> 279.7 (316.8) MB, 1.2 / 0.0 ms  (average mu = 0.989, current mu = 0.988) allocation failure; 
[6089:0x73fe720]    41105 ms: Scavenge 295.3 (316.8) -> 279.8 (316.8) MB, 1.1 / 0.0 ms  (average mu = 0.989, current mu = 0.988) allocation failure; 
[6089:0x73fe720]    41112 ms: Scavenge 295.3 (316.8) -> 279.8 (316.8) MB, 0.9 / 0.0 ms  (average mu = 0.989, current mu = 0.988) allocation failure; 
[6089:0x73fe720]    41119 ms: Scavenge 295.4 (316.8) -> 279.8 (317.1) MB, 0.9 / 0.0 ms  (average mu = 0.989, current mu = 0.988) allocation failure; 
[6089:0x73fe720]    41126 ms: Scavenge 295.4 (317.1) -> 279.9 (317.1) MB, 0.8 / 0.0 ms  (average mu = 0.989, current mu = 0.988) allocation failure; 
[6089:0x73fe720]    41133 ms: Scavenge 295.5 (317.1) -> 279.9 (317.1) MB, 0.8 / 0.0 ms  (average mu = 0.989, current mu = 0.988) allocation failure; 
[6089:0x73fe720]    41139 ms: Scavenge 295.5 (317.1) -> 280.0 (317.1) MB, 0.9 / 0.0 ms  (average mu = 0.989, current mu = 0.988) allocation failure; 
[6089:0x73fe720]    41146 ms: Scavenge 295.6 (317.1) -> 280.0 (317.1) MB, 0.8 / 0.0 ms  (average mu = 0.989, current mu = 0.988) allocation failure; 
[6089:0x73fe720]    41153 ms: Scavenge 295.6 (317.1) -> 280.1 (317.3) MB, 0.9 / 0.0 ms  (average mu = 0.989, current mu = 0.988) allocation failure; 
[6089:0x73fe720]    41159 ms: Scavenge 295.7 (317.3) -> 280.1 (317.3) MB, 0.9 / 0.0 ms  (average mu = 0.989, current mu = 0.988) allocation failure; 
[6089:0x73fe720]    41166 ms: Scavenge 295.7 (317.3) -> 280.2 (317.3) MB, 0.9 / 0.0 ms  (average mu = 0.989, current mu = 0.988) allocation failure; 
[6089:0x73fe720]    41173 ms: Scavenge 295.8 (317.3) -> 280.2 (317.3) MB, 0.9 / 0.0 ms  (average mu = 0.989, current mu = 0.988) allocation failure; 
[6089:0x73fe720]    41180 ms: Scavenge 295.8 (317.3) -> 280.3 (317.3) MB, 1.1 / 0.0 ms  (average mu = 0.989, current mu = 0.988) allocation failure; 
[6089:0x73fe720]    41189 ms: Scavenge 295.9 (317.3) -> 280.3 (317.6) MB, 1.1 / 0.0 ms  (average mu = 0.989, current mu = 0.988) allocation failure; 
[6089:0x73fe720]    41198 ms: Scavenge 295.9 (317.6) -> 280.4 (317.6) MB, 1.1 / 0.0 ms  (average mu = 0.989, current mu = 0.988) allocation failure; 
[6089:0x73fe720]    41206 ms: Scavenge 296.0 (317.6) -> 280.4 (317.6) MB, 1.0 / 0.0 ms  (average mu = 0.989, current mu = 0.988) allocation failure; 
[6089:0x73fe720]    41212 ms: Scavenge 296.0 (317.6) -> 280.5 (317.6) MB, 0.9 / 0.0 ms  (average mu = 0.989, current mu = 0.988) allocation failure; 
[6089:0x73fe720]    41219 ms: Scavenge 296.1 (317.6) -> 280.5 (317.6) MB, 0.9 / 0.0 ms  (average mu = 0.989, current mu = 0.988) allocation failure; 
[6089:0x73fe720]    41226 ms: Scavenge 296.1 (317.6) -> 280.6 (317.8) MB, 1.0 / 0.0 ms  (average mu = 0.989, current mu = 0.988) allocation failure; 
[6089:0x73fe720]    41233 ms: Scavenge 296.2 (317.8) -> 280.6 (317.8) MB, 0.9 / 0.0 ms  (average mu = 0.989, current mu = 0.988) allocation failure; 
[6089:0x73fe720]    41239 ms: Scavenge 296.2 (317.8) -> 280.7 (317.8) MB, 0.9 / 0.0 ms  (average mu = 0.989, current mu = 0.988) allocation failure; 
[6089:0x73fe720]    41246 ms: Scavenge 296.2 (317.8) -> 280.7 (317.8) MB, 0.8 / 0.0 ms  (average mu = 0.989, current mu = 0.988) allocation failure; 
[6089:0x73fe720]    41253 ms: Scavenge 296.3 (317.8) -> 280.8 (317.8) MB, 0.9 / 0.0 ms  (average mu = 0.989, current mu = 0.988) allocation failure; 
[6089:0x73fe720]    41259 ms: Scavenge 296.3 (317.8) -> 280.8 (318.1) MB, 0.9 / 0.0 ms  (average mu = 0.989, current mu = 0.988) allocation failure; 
[6089:0x73fe720]    41266 ms: Scavenge 296.4 (318.1) -> 280.9 (318.1) MB, 0.8 / 0.0 ms  (average mu = 0.989, current mu = 0.988) allocation failure; 
[6089:0x73fe720]    41273 ms: Scavenge 296.4 (318.1) -> 280.9 (318.1) MB, 0.8 / 0.0 ms  (average mu = 0.989, current mu = 0.988) allocation failure; 
[6089:0x73fe720]    41279 ms: Scavenge 296.5 (318.1) -> 280.9 (318.1) MB, 0.9 / 0.0 ms  (average mu = 0.989, current mu = 0.988) allocation failure; 
[6089:0x73fe720]    41286 ms: Scavenge 296.5 (318.1) -> 281.0 (318.1) MB, 0.9 / 0.0 ms  (average mu = 0.989, current mu = 0.988) allocation failure; 
[6089:0x73fe720]    41292 ms: Scavenge 296.6 (318.1) -> 281.0 (318.1) MB, 0.9 / 0.0 ms  (average mu = 0.989, current mu = 0.988) allocation failure; 
[6089:0x73fe720]    41299 ms: Scavenge 296.6 (318.1) -> 281.1 (318.3) MB, 0.9 / 0.0 ms  (average mu = 0.989, current mu = 0.988) allocation failure; 
[6089:0x73fe720]    41306 ms: Scavenge 296.7 (318.3) -> 281.1 (318.3) MB, 0.9 / 0.0 ms  (average mu = 0.989, current mu = 0.988) allocation failure; 
[6089:0x73fe720]    41312 ms: Scavenge 296.7 (318.3) -> 281.2 (318.3) MB, 0.9 / 0.0 ms  (average mu = 0.989, current mu = 0.988) allocation failure; 
[6089:0x73fe720]    41319 ms: Scavenge 296.8 (318.3) -> 281.2 (318.3) MB, 0.9 / 0.0 ms  (average mu = 0.989, current mu = 0.988) allocation failure; 
[6089:0x73fe720]    41325 ms: Scavenge 296.8 (318.3) -> 281.3 (318.6) MB, 0.9 / 0.0 ms  (average mu = 0.989, current mu = 0.988) allocation failure; 
[6089:0x73fe720]    41332 ms: Scavenge 296.9 (318.6) -> 281.3 (318.6) MB, 1.0 / 0.0 ms  (average mu = 0.989, current mu = 0.988) allocation failure; 
[6089:0x73fe720]    41339 ms: Scavenge 296.9 (318.6) -> 281.4 (318.6) MB, 0.9 / 0.0 ms  (average mu = 0.989, current mu = 0.988) allocation failure; 
[6089:0x73fe720]    41345 ms: Scavenge 297.0 (318.6) -> 281.4 (318.6) MB, 0.9 / 0.0 ms  (average mu = 0.989, current mu = 0.988) allocation failure; 
[6089:0x73fe720]    41352 ms: Scavenge 297.0 (318.6) -> 281.5 (318.6) MB, 1.0 / 0.0 ms  (average mu = 0.989, current mu = 0.988) allocation failure; 
[6089:0x73fe720]    41359 ms: Scavenge 297.1 (318.6) -> 281.5 (318.6) MB, 0.9 / 0.0 ms  (average mu = 0.989, current mu = 0.988) allocation failure; 
[6089:0x73fe720]    41366 ms: Scavenge 297.1 (318.6) -> 281.6 (318.8) MB, 0.9 / 0.0 ms  (average mu = 0.989, current mu = 0.988) allocation failure; 
[6089:0x73fe720]    41372 ms: Scavenge 297.2 (318.8) -> 281.6 (318.8) MB, 0.9 / 0.0 ms  (average mu = 0.989, current mu = 0.988) allocation failure; 
[6089:0x73fe720]    41379 ms: Scavenge 297.2 (318.8) -> 281.7 (318.8) MB, 0.8 / 0.0 ms  (average mu = 0.989, current mu = 0.988) allocation failure; 
[6089:0x73fe720]    41385 ms: Scavenge 297.3 (318.8) -> 281.7 (318.8) MB, 0.8 / 0.0 ms  (average mu = 0.989, current mu = 0.988) allocation failure; 
[6089:0x73fe720]    41392 ms: Scavenge 297.3 (318.8) -> 281.8 (318.8) MB, 0.9 / 0.0 ms  (average mu = 0.989, current mu = 0.988) allocation failure; 
[6089:0x73fe720]    41399 ms: Scavenge 297.4 (318.8) -> 281.8 (319.1) MB, 0.9 / 0.0 ms  (average mu = 0.989, current mu = 0.988) allocation failure; 
[6089:0x73fe720]    41405 ms: Scavenge 297.4 (319.1) -> 281.9 (319.1) MB, 0.8 / 0.0 ms  (average mu = 0.989, current mu = 0.988) allocation failure; 
[6089:0x73fe720]    41412 ms: Scavenge 297.4 (319.1) -> 281.9 (319.1) MB, 0.9 / 0.0 ms  (average mu = 0.989, current mu = 0.988) allocation failure; 
[6089:0x73fe720]    41419 ms: Scavenge 297.5 (319.1) -> 282.0 (319.1) MB, 0.9 / 0.0 ms  (average mu = 0.989, current mu = 0.988) allocation failure; 
[6089:0x73fe720]    41426 ms: Scavenge 297.5 (319.1) -> 282.0 (319.1) MB, 1.0 / 0.0 ms  (average mu = 0.989, current mu = 0.988) allocation failure; 
[6089:0x73fe720]    41433 ms: Scavenge 297.6 (319.1) -> 282.0 (319.3) MB, 1.0 / 0.0 ms  (average mu = 0.989, current mu = 0.988) allocation failure; 
[6089:0x73fe720]    41439 ms: Scavenge 297.6 (319.3) -> 282.1 (319.3) MB, 0.9 / 0.0 ms  (average mu = 0.989, current mu = 0.988) allocation failure; 
[6089:0x73fe720]    41446 ms: Scavenge 297.7 (319.3) -> 282.1 (319.3) MB, 0.9 / 0.0 ms  (average mu = 0.989, current mu = 0.988) allocation failure; 
[6089:0x73fe720]    41453 ms: Scavenge 297.7 (319.3) -> 282.2 (319.3) MB, 0.9 / 0.0 ms  (average mu = 0.989, current mu = 0.988) allocation failure; 
[6089:0x73fe720]    41460 ms: Scavenge 297.8 (319.3) -> 282.2 (319.3) MB, 1.1 / 0.0 ms  (average mu = 0.989, current mu = 0.988) allocation failure; 
[6089:0x73fe720]    41466 ms: Scavenge 297.8 (319.3) -> 282.3 (319.6) MB, 0.9 / 0.0 ms  (average mu = 0.989, current mu = 0.988) allocation failure; 
[6089:0x73fe720]    41473 ms: Scavenge 297.9 (319.6) -> 282.3 (319.6) MB, 0.9 / 0.0 ms  (average mu = 0.989, current mu = 0.988) allocation failure; 
[6089:0x73fe720]    41480 ms: Scavenge 297.9 (319.6) -> 282.4 (319.6) MB, 0.9 / 0.0 ms  (average mu = 0.989, current mu = 0.988) allocation failure; 
[6089:0x73fe720]    41486 ms: Scavenge 298.0 (319.6) -> 282.4 (319.6) MB, 0.9 / 0.0 ms  (average mu = 0.989, current mu = 0.988) allocation failure; 
[6089:0x73fe720]    41493 ms: Scavenge 298.0 (319.6) -> 282.5 (319.6) MB, 0.9 / 0.0 ms  (average mu = 0.989, current mu = 0.988) allocation failure; 
[6089:0x73fe720]    41500 ms: Scavenge 298.1 (319.6) -> 282.5 (319.8) MB, 0.9 / 0.0 ms  (average mu = 0.989, current mu = 0.988) allocation failure; 
[6089:0x73fe720]    41507 ms: Scavenge 298.1 (319.8) -> 282.6 (319.8) MB, 0.9 / 0.0 ms  (average mu = 0.989, current mu = 0.988) allocation failure; 
[6089:0x73fe720]    41513 ms: Scavenge 298.2 (319.8) -> 282.6 (319.8) MB, 0.9 / 0.0 ms  (average mu = 0.989, current mu = 0.988) allocation failure; 
[6089:0x73fe720]    41520 ms: Scavenge 298.2 (319.8) -> 282.7 (319.8) MB, 0.9 / 0.0 ms  (average mu = 0.989, current mu = 0.988) allocation failure; 
[6089:0x73fe720]    41527 ms: Scavenge 298.3 (319.8) -> 282.7 (319.8) MB, 0.9 / 0.0 ms  (average mu = 0.989, current mu = 0.988) allocation failure; 
[6089:0x73fe720]    41534 ms: Scavenge 298.3 (319.8) -> 282.8 (319.8) MB, 1.1 / 0.0 ms  (average mu = 0.989, current mu = 0.988) allocation failure; 
[6089:0x73fe720]    41540 ms: Scavenge 298.4 (319.8) -> 282.8 (320.1) MB, 1.0 / 0.0 ms  (average mu = 0.989, current mu = 0.988) allocation failure; 
[6089:0x73fe720]    41547 ms: Scavenge 298.4 (320.1) -> 282.9 (320.1) MB, 1.0 / 0.0 ms  (average mu = 0.989, current mu = 0.988) allocation failure; 
[6089:0x73fe720]    41554 ms: Scavenge 298.5 (320.1) -> 282.9 (320.1) MB, 0.9 / 0.0 ms  (average mu = 0.989, current mu = 0.988) allocation failure; 
[6089:0x73fe720]    41560 ms: Scavenge 298.5 (320.1) -> 283.0 (320.1) MB, 0.9 / 0.0 ms  (average mu = 0.989, current mu = 0.988) allocation failure; 
[6089:0x73fe720]    41567 ms: Scavenge 298.5 (320.1) -> 283.0 (320.3) MB, 1.1 / 0.0 ms  (average mu = 0.989, current mu = 0.988) allocation failure; 
[6089:0x73fe720]    41574 ms: Scavenge 298.6 (320.3) -> 283.1 (320.3) MB, 0.9 / 0.0 ms  (average mu = 0.989, current mu = 0.988) allocation failure; 
[6089:0x73fe720]    41581 ms: Scavenge 298.6 (320.3) -> 283.1 (320.3) MB, 0.9 / 0.0 ms  (average mu = 0.989, current mu = 0.988) allocation failure; 
[6089:0x73fe720]    41587 ms: Scavenge 298.7 (320.3) -> 283.1 (320.3) MB, 0.9 / 0.0 ms  (average mu = 0.989, current mu = 0.988) allocation failure; 
[6089:0x73fe720]    41594 ms: Scavenge 298.7 (320.3) -> 283.2 (320.3) MB, 0.9 / 0.0 ms  (average mu = 0.989, current mu = 0.988) allocation failure; 
[6089:0x73fe720]    41600 ms: Scavenge 298.8 (320.3) -> 283.2 (320.3) MB, 0.9 / 0.0 ms  (average mu = 0.989, current mu = 0.988) allocation failure; 
[6089:0x73fe720]    41607 ms: Scavenge 298.8 (320.3) -> 283.3 (320.6) MB, 0.9 / 0.0 ms  (average mu = 0.989, current mu = 0.988) allocation failure; 
[6089:0x73fe720]    41614 ms: Scavenge 298.9 (320.6) -> 283.3 (320.6) MB, 0.9 / 0.0 ms  (average mu = 0.989, current mu = 0.988) allocation failure; 
[6089:0x73fe720]    41621 ms: Scavenge 298.9 (320.6) -> 283.4 (320.6) MB, 0.9 / 0.0 ms  (average mu = 0.989, current mu = 0.988) allocation failure; 
[6089:0x73fe720]    41628 ms: Scavenge 299.0 (320.6) -> 283.4 (320.6) MB, 0.9 / 0.0 ms  (average mu = 0.989, current mu = 0.988) allocation failure; 
[6089:0x73fe720]    41635 ms: Scavenge 299.0 (320.6) -> 283.5 (320.6) MB, 1.0 / 0.0 ms  (average mu = 0.989, current mu = 0.988) allocation failure; 
[6089:0x73fe720]    41642 ms: Scavenge 299.1 (320.6) -> 283.5 (320.8) MB, 0.9 / 0.0 ms  (average mu = 0.989, current mu = 0.988) allocation failure; 
[6089:0x73fe720]    41649 ms: Scavenge 299.1 (320.8) -> 283.6 (320.8) MB, 0.9 / 0.0 ms  (average mu = 0.989, current mu = 0.988) allocation failure; 
[6089:0x73fe720]    41656 ms: Scavenge 299.2 (320.8) -> 283.6 (320.8) MB, 0.9 / 0.0 ms  (average mu = 0.989, current mu = 0.988) allocation failure; 
[6089:0x73fe720]    41662 ms: Scavenge 299.2 (320.8) -> 283.7 (320.8) MB, 0.9 / 0.0 ms  (average mu = 0.989, current mu = 0.988) allocation failure; 
[6089:0x73fe720]    41669 ms: Scavenge 299.3 (320.8) -> 283.7 (320.8) MB, 0.9 / 0.0 ms  (average mu = 0.989, current mu = 0.988) allocation failure; 
[6089:0x73fe720]    41676 ms: Scavenge 299.3 (320.8) -> 283.8 (321.1) MB, 0.9 / 0.0 ms  (average mu = 0.989, current mu = 0.988) allocation failure; 
[6089:0x73fe720]    41683 ms: Scavenge 299.4 (321.1) -> 283.8 (321.1) MB, 0.9 / 0.0 ms  (average mu = 0.989, current mu = 0.988) allocation failure; 
[6089:0x73fe720]    41689 ms: Scavenge 299.4 (321.1) -> 283.9 (321.1) MB, 0.9 / 0.0 ms  (average mu = 0.989, current mu = 0.988) allocation failure; 
[6089:0x73fe720]    41696 ms: Scavenge 299.5 (321.1) -> 283.9 (321.1) MB, 0.9 / 0.0 ms  (average mu = 0.989, current mu = 0.988) allocation failure; 
[6089:0x73fe720]    41703 ms: Scavenge 299.5 (321.1) -> 284.0 (321.1) MB, 0.9 / 0.0 ms  (average mu = 0.989, current mu = 0.988) allocation failure; 
[6089:0x73fe720]    41709 ms: Scavenge 299.6 (321.1) -> 284.0 (321.3) MB, 0.9 / 0.0 ms  (average mu = 0.989, current mu = 0.988) allocation failure; 
[6089:0x73fe720]    41716 ms: Scavenge 299.6 (321.3) -> 284.1 (321.3) MB, 0.9 / 0.0 ms  (average mu = 0.989, current mu = 0.988) allocation failure; 
[6089:0x73fe720]    41723 ms: Scavenge 299.6 (321.3) -> 284.1 (321.3) MB, 0.9 / 0.0 ms  (average mu = 0.989, current mu = 0.988) allocation failure; 
[6089:0x73fe720]    41729 ms: Scavenge 299.7 (321.3) -> 284.2 (321.3) MB, 0.9 / 0.0 ms  (average mu = 0.989, current mu = 0.988) allocation failure; 
[6089:0x73fe720]    41736 ms: Scavenge 299.7 (321.3) -> 284.2 (321.3) MB, 0.9 / 0.0 ms  (average mu = 0.989, current mu = 0.988) allocation failure; 
[6089:0x73fe720]    41743 ms: Scavenge 299.8 (321.3) -> 284.2 (321.6) MB, 0.9 / 0.0 ms  (average mu = 0.989, current mu = 0.988) allocation failure; 
[6089:0x73fe720]    41750 ms: Scavenge 299.8 (321.6) -> 284.3 (321.6) MB, 0.9 / 0.0 ms  (average mu = 0.989, current mu = 0.988) allocation failure; 
[6089:0x73fe720]    41757 ms: Scavenge 299.9 (321.6) -> 284.3 (321.6) MB, 0.9 / 0.0 ms  (average mu = 0.989, current mu = 0.988) allocation failure; 
[6089:0x73fe720]    41763 ms: Scavenge 299.9 (321.6) -> 284.4 (321.6) MB, 0.9 / 0.0 ms  (average mu = 0.989, current mu = 0.988) allocation failure; 
[6089:0x73fe720]    41771 ms: Scavenge 300.0 (321.6) -> 284.4 (321.6) MB, 0.9 / 0.0 ms  (average mu = 0.989, current mu = 0.988) allocation failure; 
[6089:0x73fe720]    41778 ms: Scavenge 300.0 (321.6) -> 284.5 (321.6) MB, 0.9 / 0.0 ms  (average mu = 0.989, current mu = 0.988) allocation failure; 
[6089:0x73fe720]    41785 ms: Scavenge 300.1 (321.6) -> 284.5 (321.8) MB, 0.9 / 0.0 ms  (average mu = 0.989, current mu = 0.988) allocation failure; 
[6089:0x73fe720]    41791 ms: Scavenge 300.1 (321.8) -> 284.6 (321.8) MB, 0.9 / 0.0 ms  (average mu = 0.989, current mu = 0.988) allocation failure; 
[6089:0x73fe720]    41798 ms: Scavenge 300.2 (321.8) -> 284.6 (321.8) MB, 0.9 / 0.0 ms  (average mu = 0.989, current mu = 0.988) allocation failure; 
[6089:0x73fe720]    41805 ms: Scavenge 300.2 (321.8) -> 284.7 (321.8) MB, 0.9 / 0.0 ms  (average mu = 0.989, current mu = 0.988) allocation failure; 
[6089:0x73fe720]    41812 ms: Scavenge 300.3 (321.8) -> 284.7 (321.8) MB, 0.9 / 0.0 ms  (average mu = 0.989, current mu = 0.988) allocation failure; 
[6089:0x73fe720]    41818 ms: Scavenge 300.3 (321.8) -> 284.8 (322.1) MB, 1.0 / 0.0 ms  (average mu = 0.989, current mu = 0.988) allocation failure; 
[6089:0x73fe720]    41825 ms: Scavenge 300.4 (322.1) -> 284.8 (322.1) MB, 1.2 / 0.0 ms  (average mu = 0.989, current mu = 0.988) allocation failure; 
[6089:0x73fe720]    41832 ms: Scavenge 300.4 (322.1) -> 284.9 (322.1) MB, 1.1 / 0.0 ms  (average mu = 0.989, current mu = 0.988) allocation failure; 
[6089:0x73fe720]    41839 ms: Scavenge 300.5 (322.1) -> 284.9 (322.1) MB, 1.2 / 0.0 ms  (average mu = 0.989, current mu = 0.988) allocation failure; 
[6089:0x73fe720]    41846 ms: Scavenge 300.5 (322.1) -> 285.0 (322.1) MB, 1.1 / 0.0 ms  (average mu = 0.989, current mu = 0.988) allocation failure; 
[6089:0x73fe720]    41854 ms: Scavenge 300.6 (322.1) -> 285.0 (322.3) MB, 1.1 / 0.0 ms  (average mu = 0.989, current mu = 0.988) allocation failure; 
[6089:0x73fe720]    41861 ms: Scavenge 300.6 (322.3) -> 285.1 (322.3) MB, 0.9 / 0.0 ms  (average mu = 0.989, current mu = 0.988) allocation failure; 
[6089:0x73fe720]    41868 ms: Scavenge 300.7 (322.3) -> 285.1 (322.3) MB, 0.9 / 0.0 ms  (average mu = 0.989, current mu = 0.988) allocation failure; 
[6089:0x73fe720]    41874 ms: Scavenge 300.7 (322.3) -> 285.2 (322.3) MB, 0.9 / 0.0 ms  (average mu = 0.989, current mu = 0.988) allocation failure; 
[6089:0x73fe720]    41881 ms: Scavenge 300.7 (322.3) -> 285.2 (322.3) MB, 0.9 / 0.0 ms  (average mu = 0.989, current mu = 0.988) allocation failure; 
[6089:0x73fe720]    41888 ms: Scavenge 300.8 (322.3) -> 285.3 (322.8) MB, 1.0 / 0.0 ms  (average mu = 0.989, current mu = 0.988) allocation failure; 
[6089:0x73fe720]    41896 ms: Scavenge 300.8 (322.8) -> 285.3 (322.8) MB, 1.1 / 0.0 ms  (average mu = 0.989, current mu = 0.988) allocation failure; 
[6089:0x73fe720]    41903 ms: Scavenge 300.9 (322.8) -> 285.3 (322.8) MB, 1.0 / 0.0 ms  (average mu = 0.989, current mu = 0.988) allocation failure; 
[6089:0x73fe720]    41910 ms: Scavenge 300.9 (322.8) -> 285.4 (322.8) MB, 0.9 / 0.0 ms  (average mu = 0.989, current mu = 0.988) allocation failure; 
[6089:0x73fe720]    41917 ms: Scavenge 301.0 (322.8) -> 285.4 (322.8) MB, 0.9 / 0.0 ms  (average mu = 0.989, current mu = 0.988) allocation failure; 
[6089:0x73fe720]    41924 ms: Scavenge 301.0 (322.8) -> 285.5 (322.8) MB, 1.0 / 0.0 ms  (average mu = 0.989, current mu = 0.988) allocation failure; 
[6089:0x73fe720]    41932 ms: Scavenge 301.1 (322.8) -> 285.5 (322.8) MB, 0.9 / 0.0 ms  (average mu = 0.989, current mu = 0.988) allocation failure; 
[6089:0x73fe720]    41939 ms: Scavenge 301.1 (322.8) -> 285.6 (322.8) MB, 1.1 / 0.0 ms  (average mu = 0.989, current mu = 0.988) allocation failure; 
[6089:0x73fe720]    41946 ms: Scavenge 301.2 (322.8) -> 285.6 (322.8) MB, 0.9 / 0.0 ms  (average mu = 0.989, current mu = 0.988) allocation failure; 
[6089:0x73fe720]    41952 ms: Scavenge 301.2 (322.8) -> 285.7 (322.8) MB, 0.9 / 0.0 ms  (average mu = 0.989, current mu = 0.988) allocation failure; 
[6089:0x73fe720]    41959 ms: Scavenge 301.3 (322.8) -> 285.7 (323.1) MB, 0.9 / 0.0 ms  (average mu = 0.989, current mu = 0.988) allocation failure; 
[6089:0x73fe720]    41967 ms: Scavenge 301.3 (323.1) -> 285.8 (323.1) MB, 1.4 / 0.0 ms  (average mu = 0.989, current mu = 0.988) allocation failure; 
[6089:0x73fe720]    41973 ms: Scavenge 301.4 (323.1) -> 285.8 (323.1) MB, 0.8 / 0.0 ms  (average mu = 0.989, current mu = 0.988) allocation failure; 
[6089:0x73fe720]    41980 ms: Scavenge 301.4 (323.1) -> 285.9 (323.1) MB, 1.0 / 0.0 ms  (average mu = 0.989, current mu = 0.988) allocation failure; 
[6089:0x73fe720]    41987 ms: Scavenge 301.5 (323.1) -> 285.9 (323.1) MB, 0.9 / 0.0 ms  (average mu = 0.989, current mu = 0.988) allocation failure; 
[6089:0x73fe720]    41994 ms: Scavenge 301.5 (323.1) -> 286.0 (323.3) MB, 0.9 / 0.0 ms  (average mu = 0.989, current mu = 0.988) allocation failure; 
[6089:0x73fe720]    42001 ms: Scavenge 301.6 (323.3) -> 286.0 (323.3) MB, 0.9 / 0.0 ms  (average mu = 0.989, current mu = 0.988) allocation failure; 
[6089:0x73fe720]    42007 ms: Scavenge 301.6 (323.3) -> 286.1 (323.3) MB, 0.9 / 0.0 ms  (average mu = 0.989, current mu = 0.988) allocation failure; 
[6089:0x73fe720]    42014 ms: Scavenge 301.7 (323.3) -> 286.1 (323.3) MB, 0.9 / 0.0 ms  (average mu = 0.989, current mu = 0.988) allocation failure; 
[6089:0x73fe720]    42021 ms: Scavenge 301.7 (323.3) -> 286.2 (323.3) MB, 0.9 / 0.0 ms  (average mu = 0.989, current mu = 0.988) allocation failure; 
[6089:0x73fe720]    42027 ms: Scavenge 301.8 (323.3) -> 286.2 (323.6) MB, 0.9 / 0.0 ms  (average mu = 0.989, current mu = 0.988) allocation failure; 
[6089:0x73fe720]    42034 ms: Scavenge 301.8 (323.6) -> 286.3 (323.6) MB, 0.9 / 0.0 ms  (average mu = 0.989, current mu = 0.988) allocation failure; 
[6089:0x73fe720]    42041 ms: Scavenge 301.8 (323.6) -> 286.3 (323.6) MB, 0.9 / 0.0 ms  (average mu = 0.989, current mu = 0.988) allocation failure; 
[6089:0x73fe720]    42048 ms: Scavenge 301.9 (323.6) -> 286.4 (323.6) MB, 1.0 / 0.0 ms  (average mu = 0.989, current mu = 0.988) allocation failure; 
[6089:0x73fe720]    42054 ms: Scavenge 301.9 (323.6) -> 286.4 (323.6) MB, 0.9 / 0.0 ms  (average mu = 0.989, current mu = 0.988) allocation failure; 
[6089:0x73fe720]    42061 ms: Scavenge 302.0 (323.6) -> 286.4 (323.6) MB, 1.0 / 0.0 ms  (average mu = 0.989, current mu = 0.988) allocation failure; 
[6089:0x73fe720]    42068 ms: Scavenge 302.0 (323.6) -> 286.5 (323.8) MB, 1.0 / 0.0 ms  (average mu = 0.989, current mu = 0.988) allocation failure; 
[6089:0x73fe720]    42075 ms: Scavenge 302.1 (323.8) -> 286.5 (323.8) MB, 1.0 / 0.0 ms  (average mu = 0.989, current mu = 0.988) allocation failure; 
[6089:0x73fe720]    42082 ms: Scavenge 302.1 (323.8) -> 286.6 (323.8) MB, 1.0 / 0.0 ms  (average mu = 0.989, current mu = 0.988) allocation failure; 
[6089:0x73fe720]    42089 ms: Scavenge 302.2 (323.8) -> 286.6 (323.8) MB, 1.0 / 0.0 ms  (average mu = 0.989, current mu = 0.988) allocation failure; 
[6089:0x73fe720]    42096 ms: Scavenge 302.2 (323.8) -> 286.7 (323.8) MB, 1.2 / 0.0 ms  (average mu = 0.989, current mu = 0.988) allocation failure; 
[6089:0x73fe720]    42102 ms: Scavenge 302.3 (323.8) -> 286.7 (324.1) MB, 1.1 / 0.0 ms  (average mu = 0.989, current mu = 0.988) allocation failure; 
[6089:0x73fe720]    42109 ms: Scavenge 302.3 (324.1) -> 286.8 (324.1) MB, 1.0 / 0.0 ms  (average mu = 0.989, current mu = 0.988) allocation failure; 
[6089:0x73fe720]    42116 ms: Scavenge 302.4 (324.1) -> 286.8 (324.1) MB, 1.0 / 0.0 ms  (average mu = 0.989, current mu = 0.988) allocation failure; 
[6089:0x73fe720]    42123 ms: Scavenge 302.4 (324.1) -> 286.9 (324.1) MB, 0.9 / 0.0 ms  (average mu = 0.989, current mu = 0.988) allocation failure; 
[6089:0x73fe720]    42130 ms: Scavenge 302.5 (324.1) -> 286.9 (324.1) MB, 0.9 / 0.0 ms  (average mu = 0.989, current mu = 0.988) allocation failure; 
[6089:0x73fe720]    42136 ms: Scavenge 302.5 (324.1) -> 287.0 (324.3) MB, 0.9 / 0.0 ms  (average mu = 0.989, current mu = 0.988) allocation failure; 
[6089:0x73fe720]    42143 ms: Scavenge 302.6 (324.3) -> 287.0 (324.3) MB, 0.9 / 0.0 ms  (average mu = 0.989, current mu = 0.988) allocation failure; 
[6089:0x73fe720]    42150 ms: Scavenge 302.6 (324.3) -> 287.1 (324.3) MB, 0.9 / 0.0 ms  (average mu = 0.989, current mu = 0.988) allocation failure; 
[6089:0x73fe720]    42157 ms: Scavenge 302.7 (324.3) -> 287.1 (324.3) MB, 0.8 / 0.0 ms  (average mu = 0.989, current mu = 0.988) allocation failure; 
[6089:0x73fe720]    42163 ms: Scavenge 302.7 (324.3) -> 287.2 (324.3) MB, 1.0 / 0.0 ms  (average mu = 0.989, current mu = 0.988) allocation failure; 
[6089:0x73fe720]    42170 ms: Scavenge 302.8 (324.3) -> 287.2 (324.6) MB, 0.9 / 0.0 ms  (average mu = 0.989, current mu = 0.988) allocation failure; 
[6089:0x73fe720]    42177 ms: Scavenge 302.8 (324.6) -> 287.3 (324.6) MB, 0.9 / 0.0 ms  (average mu = 0.989, current mu = 0.988) allocation failure; 
[6089:0x73fe720]    42183 ms: Scavenge 302.9 (324.6) -> 287.3 (324.6) MB, 0.9 / 0.0 ms  (average mu = 0.989, current mu = 0.988) allocation failure; 
[6089:0x73fe720]    42190 ms: Scavenge 302.9 (324.6) -> 287.4 (324.6) MB, 0.9 / 0.0 ms  (average mu = 0.989, current mu = 0.988) allocation failure; 
[6089:0x73fe720]    42197 ms: Scavenge 302.9 (324.6) -> 287.4 (324.6) MB, 0.9 / 0.0 ms  (average mu = 0.989, current mu = 0.988) allocation failure; 
[6089:0x73fe720]    42204 ms: Scavenge 303.0 (324.6) -> 287.5 (324.8) MB, 0.9 / 0.0 ms  (average mu = 0.989, current mu = 0.988) allocation failure; 
[6089:0x73fe720]    42211 ms: Scavenge 303.0 (324.8) -> 287.5 (324.8) MB, 0.9 / 0.0 ms  (average mu = 0.989, current mu = 0.988) allocation failure; 
[6089:0x73fe720]    42217 ms: Scavenge 303.1 (324.8) -> 287.5 (324.8) MB, 0.9 / 0.0 ms  (average mu = 0.989, current mu = 0.988) allocation failure; 
[6089:0x73fe720]    42224 ms: Scavenge 303.1 (324.8) -> 287.6 (324.8) MB, 0.9 / 0.0 ms  (average mu = 0.989, current mu = 0.988) allocation failure; 
[6089:0x73fe720]    42231 ms: Scavenge 303.2 (324.8) -> 287.6 (324.8) MB, 0.9 / 0.0 ms  (average mu = 0.989, current mu = 0.988) allocation failure; 
[6089:0x73fe720]    42237 ms: Scavenge 303.2 (324.8) -> 287.7 (325.1) MB, 0.9 / 0.0 ms  (average mu = 0.989, current mu = 0.988) allocation failure; 
[6089:0x73fe720]    42244 ms: Scavenge 303.3 (325.1) -> 287.7 (325.1) MB, 0.8 / 0.0 ms  (average mu = 0.989, current mu = 0.988) allocation failure; 
[6089:0x73fe720]    42251 ms: Scavenge 303.3 (325.1) -> 287.8 (325.1) MB, 0.9 / 0.0 ms  (average mu = 0.989, current mu = 0.988) allocation failure; 
[6089:0x73fe720]    42257 ms: Scavenge 303.4 (325.1) -> 287.8 (325.1) MB, 0.9 / 0.0 ms  (average mu = 0.989, current mu = 0.988) allocation failure; 
[6089:0x73fe720]    42264 ms: Scavenge 303.4 (325.1) -> 287.9 (325.1) MB, 0.8 / 0.0 ms  (average mu = 0.989, current mu = 0.988) allocation failure; 
[6089:0x73fe720]    42271 ms: Scavenge 303.5 (325.1) -> 287.9 (325.3) MB, 0.9 / 0.0 ms  (average mu = 0.989, current mu = 0.988) allocation failure; 
[6089:0x73fe720]    42277 ms: Scavenge 303.5 (325.3) -> 288.0 (325.3) MB, 0.9 / 0.0 ms  (average mu = 0.989, current mu = 0.988) allocation failure; 
[6089:0x73fe720]    42293 ms: Scavenge 303.6 (325.3) -> 288.0 (325.3) MB, 3.3 / 0.0 ms  (average mu = 0.989, current mu = 0.988) allocation failure; 
[6089:0x73fe720]    42346 ms: Scavenge 303.6 (325.3) -> 288.1 (325.3) MB, 5.1 / 0.0 ms  (average mu = 0.989, current mu = 0.988) allocation failure; 
[6089:0x73fe720]    42390 ms: Scavenge 303.7 (325.3) -> 288.1 (325.3) MB, 3.5 / 0.0 ms  (average mu = 0.989, current mu = 0.988) allocation failure; 
[6089:0x73fe720]    42435 ms: Scavenge 303.7 (325.3) -> 288.2 (325.3) MB, 2.3 / 0.0 ms  (average mu = 0.989, current mu = 0.988) allocation failure; 
[6089:0x73fe720]    42468 ms: Mark-sweep 298.4 (325.3) -> 288.5 (327.3) MB, 5.0 / 0.0 ms  (+ 135.4 ms in 737 steps since start of marking, biggest step 4.3 ms, walltime since start of marking 186 ms) (average mu = 0.989, current mu = 0.988) finalize incremental marking via stack guard; GC in old space requested
[6089:0x73fe720]    42475 ms: Scavenge 304.3 (327.3) -> 288.6 (327.3) MB, 1.1 / 0.0 ms  (average mu = 0.989, current mu = 0.988) allocation failure; 
[6089:0x73fe720]    42484 ms: Scavenge 304.3 (327.3) -> 288.7 (327.3) MB, 2.4 / 0.0 ms  (average mu = 0.989, current mu = 0.988) allocation failure; 
[6089:0x73fe720]    42491 ms: Scavenge 304.3 (327.3) -> 288.8 (327.3) MB, 1.8 / 0.0 ms  (average mu = 0.989, current mu = 0.988) allocation failure; 
[6089:0x73fe720]    42499 ms: Scavenge 304.4 (327.3) -> 288.8 (327.3) MB, 1.9 / 0.0 ms  (average mu = 0.989, current mu = 0.988) allocation failure; 
[6089:0x73fe720]    42507 ms: Scavenge 304.4 (327.3) -> 288.9 (327.3) MB, 1.6 / 0.0 ms  (average mu = 0.989, current mu = 0.988) allocation failure; 
[6089:0x73fe720]    42514 ms: Scavenge 304.4 (327.3) -> 288.9 (327.3) MB, 1.2 / 0.0 ms  (average mu = 0.989, current mu = 0.988) allocation failure; 
[6089:0x73fe720]    42520 ms: Scavenge 304.5 (327.3) -> 289.0 (327.3) MB, 0.8 / 0.0 ms  (average mu = 0.989, current mu = 0.988) allocation failure; 
[6089:0x73fe720]    42527 ms: Scavenge 304.5 (327.3) -> 289.0 (327.3) MB, 0.8 / 0.0 ms  (average mu = 0.989, current mu = 0.988) allocation failure; 
[6089:0x73fe720]    42533 ms: Scavenge 304.6 (327.3) -> 289.0 (327.3) MB, 0.8 / 0.0 ms  (average mu = 0.989, current mu = 0.988) allocation failure; 
[6089:0x73fe720]    42540 ms: Scavenge 304.6 (327.3) -> 289.1 (327.3) MB, 0.8 / 0.0 ms  (average mu = 0.989, current mu = 0.988) allocation failure; 
[6089:0x73fe720]    42547 ms: Scavenge 304.7 (327.3) -> 289.1 (327.3) MB, 0.9 / 0.0 ms  (average mu = 0.989, current mu = 0.988) allocation failure; 
[6089:0x73fe720]    42554 ms: Scavenge 304.7 (327.3) -> 289.2 (327.3) MB, 1.0 / 0.0 ms  (average mu = 0.989, current mu = 0.988) allocation failure; 
[6089:0x73fe720]    42560 ms: Scavenge 304.8 (327.3) -> 289.2 (327.3) MB, 1.0 / 0.0 ms  (average mu = 0.989, current mu = 0.988) allocation failure; 
[6089:0x73fe720]    42568 ms: Scavenge 304.8 (327.3) -> 289.3 (327.3) MB, 0.9 / 0.0 ms  (average mu = 0.989, current mu = 0.988) allocation failure; 
[6089:0x73fe720]    42574 ms: Scavenge 304.9 (327.3) -> 289.3 (327.3) MB, 0.9 / 0.0 ms  (average mu = 0.989, current mu = 0.988) allocation failure; 
[6089:0x73fe720]    42581 ms: Scavenge 304.9 (327.3) -> 289.4 (327.3) MB, 0.8 / 0.0 ms  (average mu = 0.989, current mu = 0.988) allocation failure; 
[6089:0x73fe720]    42588 ms: Scavenge 305.0 (327.3) -> 289.4 (327.3) MB, 1.0 / 0.0 ms  (average mu = 0.989, current mu = 0.988) allocation failure; 
[6089:0x73fe720]    42595 ms: Scavenge 305.0 (327.3) -> 289.5 (327.3) MB, 0.9 / 0.0 ms  (average mu = 0.989, current mu = 0.988) allocation failure; 
[6089:0x73fe720]    42601 ms: Scavenge 305.1 (327.3) -> 289.5 (327.3) MB, 0.9 / 0.0 ms  (average mu = 0.989, current mu = 0.988) allocation failure; 
[6089:0x73fe720]    42608 ms: Scavenge 305.1 (327.3) -> 289.6 (327.3) MB, 0.9 / 0.0 ms  (average mu = 0.989, current mu = 0.988) allocation failure; 
[6089:0x73fe720]    42615 ms: Scavenge 305.2 (327.3) -> 289.6 (327.3) MB, 0.9 / 0.0 ms  (average mu = 0.989, current mu = 0.988) allocation failure; 
[6089:0x73fe720]    42621 ms: Scavenge 305.2 (327.3) -> 289.7 (327.3) MB, 0.9 / 0.0 ms  (average mu = 0.989, current mu = 0.988) allocation failure; 
[6089:0x73fe720]    42628 ms: Scavenge 305.3 (327.3) -> 289.7 (327.3) MB, 0.9 / 0.0 ms  (average mu = 0.989, current mu = 0.988) allocation failure; 
[6089:0x73fe720]    42635 ms: Scavenge 305.3 (327.3) -> 289.8 (327.3) MB, 0.9 / 0.0 ms  (average mu = 0.989, current mu = 0.988) allocation failure; 
[6089:0x73fe720]    42641 ms: Scavenge 305.4 (327.3) -> 289.8 (327.3) MB, 0.9 / 0.0 ms  (average mu = 0.989, current mu = 0.988) allocation failure; 
[6089:0x73fe720]    42648 ms: Scavenge 305.4 (327.3) -> 289.9 (327.3) MB, 0.9 / 0.0 ms  (average mu = 0.989, current mu = 0.988) allocation failure; 
[6089:0x73fe720]    42655 ms: Scavenge 305.5 (327.3) -> 289.9 (327.3) MB, 0.8 / 0.0 ms  (average mu = 0.989, current mu = 0.988) allocation failure; 
[6089:0x73fe720]    42661 ms: Scavenge 305.5 (327.3) -> 290.0 (327.3) MB, 0.9 / 0.0 ms  (average mu = 0.989, current mu = 0.988) allocation failure; 
[6089:0x73fe720]    42668 ms: Scavenge 305.5 (327.3) -> 290.0 (327.3) MB, 0.9 / 0.0 ms  (average mu = 0.989, current mu = 0.988) allocation failure; 
[6089:0x73fe720]    42675 ms: Scavenge 305.6 (327.3) -> 290.1 (327.3) MB, 0.9 / 0.0 ms  (average mu = 0.989, current mu = 0.988) allocation failure; 
[6089:0x73fe720]    42681 ms: Scavenge 305.6 (327.3) -> 290.1 (327.3) MB, 0.9 / 0.0 ms  (average mu = 0.989, current mu = 0.988) allocation failure; 
[6089:0x73fe720]    42688 ms: Scavenge 305.7 (327.3) -> 290.2 (327.6) MB, 1.0 / 0.0 ms  (average mu = 0.989, current mu = 0.988) allocation failure; 
[6089:0x73fe720]    42695 ms: Scavenge 305.7 (327.6) -> 290.2 (327.8) MB, 0.9 / 0.0 ms  (average mu = 0.989, current mu = 0.988) allocation failure; 
[6089:0x73fe720]    42702 ms: Scavenge 305.8 (327.8) -> 290.2 (327.8) MB, 1.1 / 0.0 ms  (average mu = 0.989, current mu = 0.988) allocation failure; 
[6089:0x73fe720]    42709 ms: Scavenge 305.8 (327.8) -> 290.3 (327.8) MB, 0.9 / 0.0 ms  (average mu = 0.989, current mu = 0.988) allocation failure; 
[6089:0x73fe720]    42715 ms: Scavenge 305.9 (327.8) -> 290.3 (327.8) MB, 0.9 / 0.0 ms  (average mu = 0.989, current mu = 0.988) allocation failure; 
[6089:0x73fe720]    42722 ms: Scavenge 305.9 (327.8) -> 290.4 (327.8) MB, 0.8 / 0.0 ms  (average mu = 0.989, current mu = 0.988) allocation failure; 
[6089:0x73fe720]    42729 ms: Scavenge 306.0 (327.8) -> 290.4 (327.8) MB, 1.1 / 0.0 ms  (average mu = 0.989, current mu = 0.988) allocation failure; 
[6089:0x73fe720]    42735 ms: Scavenge 306.0 (327.8) -> 290.5 (327.8) MB, 0.9 / 0.0 ms  (average mu = 0.989, current mu = 0.988) allocation failure; 
[6089:0x73fe720]    42742 ms: Scavenge 306.1 (327.8) -> 290.5 (327.8) MB, 0.9 / 0.0 ms  (average mu = 0.989, current mu = 0.988) allocation failure; 
[6089:0x73fe720]    42749 ms: Scavenge 306.1 (327.8) -> 290.6 (327.8) MB, 0.9 / 0.0 ms  (average mu = 0.989, current mu = 0.988) allocation failure; 
[6089:0x73fe720]    42755 ms: Scavenge 306.2 (327.8) -> 290.6 (327.8) MB, 0.9 / 0.0 ms  (average mu = 0.989, current mu = 0.988) allocation failure; 
[6089:0x73fe720]    42762 ms: Scavenge 306.2 (327.8) -> 290.7 (328.1) MB, 0.9 / 0.0 ms  (average mu = 0.989, current mu = 0.988) allocation failure; 
[6089:0x73fe720]    42769 ms: Scavenge 306.3 (328.1) -> 290.7 (328.1) MB, 0.9 / 0.0 ms  (average mu = 0.989, current mu = 0.988) allocation failure; 
[6089:0x73fe720]    42776 ms: Scavenge 306.3 (328.1) -> 290.8 (328.1) MB, 0.9 / 0.0 ms  (average mu = 0.989, current mu = 0.988) allocation failure; 
[6089:0x73fe720]    42782 ms: Scavenge 306.4 (328.1) -> 290.8 (328.1) MB, 0.9 / 0.0 ms  (average mu = 0.989, current mu = 0.988) allocation failure; 
[6089:0x73fe720]    42789 ms: Scavenge 306.4 (328.1) -> 290.9 (328.1) MB, 0.9 / 0.0 ms  (average mu = 0.989, current mu = 0.988) allocation failure; 
[6089:0x73fe720]    42796 ms: Scavenge 306.5 (328.1) -> 290.9 (328.3) MB, 1.3 / 0.0 ms  (average mu = 0.989, current mu = 0.988) allocation failure; 
[6089:0x73fe720]    42803 ms: Scavenge 306.5 (328.3) -> 291.0 (328.3) MB, 0.9 / 0.0 ms  (average mu = 0.989, current mu = 0.988) allocation failure; 
[6089:0x73fe720]    42810 ms: Scavenge 306.6 (328.3) -> 291.0 (328.3) MB, 0.9 / 0.0 ms  (average mu = 0.989, current mu = 0.988) allocation failure; 
[6089:0x73fe720]    42816 ms: Scavenge 306.6 (328.3) -> 291.1 (328.3) MB, 0.9 / 0.0 ms  (average mu = 0.989, current mu = 0.988) allocation failure; 
[6089:0x73fe720]    42823 ms: Scavenge 306.6 (328.3) -> 291.1 (328.3) MB, 0.9 / 0.0 ms  (average mu = 0.989, current mu = 0.988) allocation failure; 
[6089:0x73fe720]    42830 ms: Scavenge 306.7 (328.3) -> 291.2 (328.6) MB, 0.9 / 0.0 ms  (average mu = 0.989, current mu = 0.988) allocation failure; 
[6089:0x73fe720]    42836 ms: Scavenge 306.7 (328.6) -> 291.2 (328.6) MB, 0.9 / 0.0 ms  (average mu = 0.989, current mu = 0.988) allocation failure; 
[6089:0x73fe720]    42843 ms: Scavenge 306.8 (328.6) -> 291.2 (328.6) MB, 0.9 / 0.0 ms  (average mu = 0.989, current mu = 0.988) allocation failure; 
[6089:0x73fe720]    42850 ms: Scavenge 306.8 (328.6) -> 291.3 (328.8) MB, 0.9 / 0.0 ms  (average mu = 0.989, current mu = 0.988) allocation failure; 
[6089:0x73fe720]    42857 ms: Scavenge 306.9 (328.8) -> 291.3 (328.8) MB, 1.0 / 0.0 ms  (average mu = 0.989, current mu = 0.988) allocation failure; 
[6089:0x73fe720]    42863 ms: Scavenge 306.9 (328.8) -> 291.4 (328.8) MB, 0.9 / 0.0 ms  (average mu = 0.989, current mu = 0.988) allocation failure; 
[6089:0x73fe720]    42870 ms: Scavenge 307.0 (328.8) -> 291.4 (328.8) MB, 1.2 / 0.0 ms  (average mu = 0.989, current mu = 0.988) allocation failure; 
[6089:0x73fe720]    42877 ms: Scavenge 307.0 (328.8) -> 291.5 (328.8) MB, 1.0 / 0.0 ms  (average mu = 0.989, current mu = 0.988) allocation failure; 
[6089:0x73fe720]    42884 ms: Scavenge 307.1 (328.8) -> 291.5 (328.8) MB, 0.8 / 0.0 ms  (average mu = 0.989, current mu = 0.988) allocation failure; 
[6089:0x73fe720]    42891 ms: Scavenge 307.1 (328.8) -> 291.6 (328.8) MB, 1.1 / 0.0 ms  (average mu = 0.989, current mu = 0.988) allocation failure; 
[6089:0x73fe720]    42898 ms: Scavenge 307.2 (328.8) -> 291.6 (329.1) MB, 1.0 / 0.0 ms  (average mu = 0.989, current mu = 0.988) allocation failure; 
[6089:0x73fe720]    42905 ms: Scavenge 307.2 (329.1) -> 291.7 (329.1) MB, 0.9 / 0.0 ms  (average mu = 0.989, current mu = 0.988) allocation failure; 
[6089:0x73fe720]    42911 ms: Scavenge 307.3 (329.1) -> 291.7 (329.1) MB, 0.8 / 0.0 ms  (average mu = 0.989, current mu = 0.988) allocation failure; 
[6089:0x73fe720]    42919 ms: Scavenge 307.3 (329.1) -> 291.8 (329.1) MB, 1.1 / 0.0 ms  (average mu = 0.989, current mu = 0.988) allocation failure; 
[6089:0x73fe720]    42926 ms: Scavenge 307.4 (329.1) -> 291.8 (329.1) MB, 0.9 / 0.0 ms  (average mu = 0.989, current mu = 0.988) allocation failure; 
[6089:0x73fe720]    42933 ms: Scavenge 307.4 (329.1) -> 291.9 (329.3) MB, 0.9 / 0.0 ms  (average mu = 0.989, current mu = 0.988) allocation failure; 
[6089:0x73fe720]    42940 ms: Scavenge 307.5 (329.3) -> 291.9 (329.3) MB, 0.9 / 0.0 ms  (average mu = 0.989, current mu = 0.988) allocation failure; 
[6089:0x73fe720]    42946 ms: Scavenge 307.5 (329.3) -> 292.0 (329.3) MB, 0.9 / 0.0 ms  (average mu = 0.989, current mu = 0.988) allocation failure; 
[6089:0x73fe720]    42953 ms: Scavenge 307.6 (329.3) -> 292.0 (329.3) MB, 0.9 / 0.0 ms  (average mu = 0.989, current mu = 0.988) allocation failure; 
[6089:0x73fe720]    42960 ms: Scavenge 307.6 (329.3) -> 292.1 (329.3) MB, 0.9 / 0.0 ms  (average mu = 0.989, current mu = 0.988) allocation failure; 
[6089:0x73fe720]    42966 ms: Scavenge 307.7 (329.3) -> 292.1 (329.6) MB, 0.9 / 0.0 ms  (average mu = 0.989, current mu = 0.988) allocation failure; 
[6089:0x73fe720]    42973 ms: Scavenge 307.7 (329.6) -> 292.2 (329.6) MB, 0.9 / 0.0 ms  (average mu = 0.989, current mu = 0.988) allocation failure; 
[6089:0x73fe720]    42980 ms: Scavenge 307.7 (329.6) -> 292.2 (329.6) MB, 0.9 / 0.0 ms  (average mu = 0.989, current mu = 0.988) allocation failure; 
[6089:0x73fe720]    42987 ms: Scavenge 307.8 (329.6) -> 292.3 (329.6) MB, 0.9 / 0.0 ms  (average mu = 0.989, current mu = 0.988) allocation failure; 
[6089:0x73fe720]    42993 ms: Scavenge 307.8 (329.6) -> 292.3 (329.6) MB, 0.9 / 0.0 ms  (average mu = 0.989, current mu = 0.988) allocation failure; 
[6089:0x73fe720]    43000 ms: Scavenge 307.9 (329.6) -> 292.3 (329.6) MB, 0.9 / 0.0 ms  (average mu = 0.989, current mu = 0.988) allocation failure; 
[6089:0x73fe720]    43007 ms: Scavenge 307.9 (329.6) -> 292.4 (329.8) MB, 0.9 / 0.0 ms  (average mu = 0.989, current mu = 0.988) allocation failure; 
[6089:0x73fe720]    43013 ms: Scavenge 308.0 (329.8) -> 292.4 (329.8) MB, 0.9 / 0.0 ms  (average mu = 0.989, current mu = 0.988) allocation failure; 
[6089:0x73fe720]    43020 ms: Scavenge 308.0 (329.8) -> 292.5 (329.8) MB, 0.9 / 0.0 ms  (average mu = 0.989, current mu = 0.988) allocation failure; 
[6089:0x73fe720]    43027 ms: Scavenge 308.1 (329.8) -> 292.5 (329.8) MB, 0.9 / 0.0 ms  (average mu = 0.989, current mu = 0.988) allocation failure; 
[6089:0x73fe720]    43034 ms: Scavenge 308.1 (329.8) -> 292.6 (329.8) MB, 0.9 / 0.0 ms  (average mu = 0.989, current mu = 0.988) allocation failure; 
[6089:0x73fe720]    43040 ms: Scavenge 308.2 (329.8) -> 292.6 (330.1) MB, 0.9 / 0.0 ms  (average mu = 0.989, current mu = 0.988) allocation failure; 
[6089:0x73fe720]    43047 ms: Scavenge 308.2 (330.1) -> 292.7 (330.1) MB, 0.9 / 0.0 ms  (average mu = 0.989, current mu = 0.988) allocation failure; 
[6089:0x73fe720]    43054 ms: Scavenge 308.3 (330.1) -> 292.7 (330.1) MB, 0.9 / 0.0 ms  (average mu = 0.989, current mu = 0.988) allocation failure; 
[6089:0x73fe720]    43060 ms: Scavenge 308.3 (330.1) -> 292.8 (330.1) MB, 0.9 / 0.0 ms  (average mu = 0.989, current mu = 0.988) allocation failure; 
[6089:0x73fe720]    43067 ms: Scavenge 308.4 (330.1) -> 292.8 (330.1) MB, 0.8 / 0.0 ms  (average mu = 0.989, current mu = 0.988) allocation failure; 
[6089:0x73fe720]    43074 ms: Scavenge 308.4 (330.1) -> 292.9 (330.3) MB, 1.0 / 0.0 ms  (average mu = 0.989, current mu = 0.988) allocation failure; 
[6089:0x73fe720]    43080 ms: Scavenge 308.5 (330.3) -> 292.9 (330.3) MB, 0.9 / 0.0 ms  (average mu = 0.989, current mu = 0.988) allocation failure; 
[6089:0x73fe720]    43087 ms: Scavenge 308.5 (330.3) -> 293.0 (330.3) MB, 0.9 / 0.0 ms  (average mu = 0.989, current mu = 0.988) allocation failure; 
[6089:0x73fe720]    43094 ms: Scavenge 308.6 (330.3) -> 293.0 (330.3) MB, 0.9 / 0.0 ms  (average mu = 0.989, current mu = 0.988) allocation failure; 
[6089:0x73fe720]    43100 ms: Scavenge 308.6 (330.3) -> 293.1 (330.3) MB, 0.9 / 0.0 ms  (average mu = 0.989, current mu = 0.988) allocation failure; 
[6089:0x73fe720]    43107 ms: Scavenge 308.7 (330.3) -> 293.1 (330.6) MB, 1.0 / 0.0 ms  (average mu = 0.989, current mu = 0.988) allocation failure; 
[6089:0x73fe720]    43114 ms: Scavenge 308.7 (330.6) -> 293.2 (330.6) MB, 0.9 / 0.0 ms  (average mu = 0.989, current mu = 0.988) allocation failure; 
[6089:0x73fe720]    43121 ms: Scavenge 308.8 (330.6) -> 293.2 (330.6) MB, 0.9 / 0.0 ms  (average mu = 0.989, current mu = 0.988) allocation failure; 
[6089:0x73fe720]    43127 ms: Scavenge 308.8 (330.6) -> 293.3 (330.6) MB, 0.9 / 0.0 ms  (average mu = 0.989, current mu = 0.988) allocation failure; 
[6089:0x73fe720]    43134 ms: Scavenge 308.8 (330.6) -> 293.3 (330.6) MB, 0.8 / 0.0 ms  (average mu = 0.989, current mu = 0.988) allocation failure; 
[6089:0x73fe720]    43141 ms: Scavenge 308.9 (330.6) -> 293.4 (330.8) MB, 1.1 / 0.0 ms  (average mu = 0.989, current mu = 0.988) allocation failure; 
[6089:0x73fe720]    43148 ms: Scavenge 308.9 (330.8) -> 293.4 (330.8) MB, 0.9 / 0.0 ms  (average mu = 0.989, current mu = 0.988) allocation failure; 
[6089:0x73fe720]    43154 ms: Scavenge 309.0 (330.8) -> 293.4 (330.8) MB, 0.9 / 0.0 ms  (average mu = 0.989, current mu = 0.988) allocation failure; 
[6089:0x73fe720]    43161 ms: Scavenge 309.0 (330.8) -> 293.5 (330.8) MB, 1.1 / 0.0 ms  (average mu = 0.989, current mu = 0.988) allocation failure; 
[6089:0x73fe720]    43168 ms: Scavenge 309.1 (330.8) -> 293.5 (330.8) MB, 0.9 / 0.0 ms  (average mu = 0.989, current mu = 0.988) allocation failure; 
[6089:0x73fe720]    43175 ms: Scavenge 309.1 (330.8) -> 293.6 (331.1) MB, 0.9 / 0.0 ms  (average mu = 0.989, current mu = 0.988) allocation failure; 
[6089:0x73fe720]    43182 ms: Scavenge 309.2 (331.1) -> 293.6 (331.1) MB, 0.9 / 0.0 ms  (average mu = 0.989, current mu = 0.988) allocation failure; 
[6089:0x73fe720]    43189 ms: Scavenge 309.2 (331.1) -> 293.7 (331.3) MB, 1.0 / 0.0 ms  (average mu = 0.989, current mu = 0.988) allocation failure; 
[6089:0x73fe720]    43195 ms: Scavenge 309.3 (331.3) -> 293.7 (331.3) MB, 0.9 / 0.0 ms  (average mu = 0.989, current mu = 0.988) allocation failure; 
[6089:0x73fe720]    43202 ms: Scavenge 309.3 (331.3) -> 293.8 (331.3) MB, 0.9 / 0.0 ms  (average mu = 0.989, current mu = 0.988) allocation failure; 
[6089:0x73fe720]    43209 ms: Scavenge 309.4 (331.3) -> 293.8 (331.3) MB, 0.9 / 0.0 ms  (average mu = 0.989, current mu = 0.988) allocation failure; 
[6089:0x73fe720]    43215 ms: Scavenge 309.4 (331.3) -> 293.9 (331.3) MB, 0.9 / 0.0 ms  (average mu = 0.989, current mu = 0.988) allocation failure; 
[6089:0x73fe720]    43222 ms: Scavenge 309.5 (331.3) -> 293.9 (331.3) MB, 0.9 / 0.0 ms  (average mu = 0.989, current mu = 0.988) allocation failure; 
[6089:0x73fe720]    43229 ms: Scavenge 309.5 (331.3) -> 294.0 (331.3) MB, 0.9 / 0.0 ms  (average mu = 0.989, current mu = 0.988) allocation failure; 
[6089:0x73fe720]    43235 ms: Scavenge 309.6 (331.3) -> 294.0 (331.3) MB, 0.9 / 0.0 ms  (average mu = 0.989, current mu = 0.988) allocation failure; 
[6089:0x73fe720]    43242 ms: Scavenge 309.6 (331.3) -> 294.1 (331.3) MB, 0.9 / 0.0 ms  (average mu = 0.989, current mu = 0.988) allocation failure; 
[6089:0x73fe720]    43249 ms: Scavenge 309.7 (331.3) -> 294.1 (331.6) MB, 0.9 / 0.0 ms  (average mu = 0.989, current mu = 0.988) allocation failure; 
[6089:0x73fe720]    43255 ms: Scavenge 309.7 (331.6) -> 294.2 (331.6) MB, 0.9 / 0.0 ms  (average mu = 0.989, current mu = 0.988) allocation failure; 
[6089:0x73fe720]    43262 ms: Scavenge 309.8 (331.6) -> 294.2 (331.8) MB, 1.0 / 0.0 ms  (average mu = 0.989, current mu = 0.988) allocation failure; 
[6089:0x73fe720]    43269 ms: Scavenge 309.8 (331.8) -> 294.3 (331.8) MB, 0.9 / 0.0 ms  (average mu = 0.989, current mu = 0.988) allocation failure; 
[6089:0x73fe720]    43275 ms: Scavenge 309.9 (331.8) -> 294.3 (331.8) MB, 0.8 / 0.0 ms  (average mu = 0.989, current mu = 0.988) allocation failure; 
[6089:0x73fe720]    43282 ms: Scavenge 309.9 (331.8) -> 294.4 (331.8) MB, 1.2 / 0.0 ms  (average mu = 0.989, current mu = 0.988) allocation failure; 
[6089:0x73fe720]    43289 ms: Scavenge 309.9 (331.8) -> 294.4 (331.8) MB, 1.0 / 0.0 ms  (average mu = 0.989, current mu = 0.988) allocation failure; 
[6089:0x73fe720]    43296 ms: Scavenge 310.0 (331.8) -> 294.5 (331.8) MB, 0.9 / 0.0 ms  (average mu = 0.989, current mu = 0.988) allocation failure; 
[6089:0x73fe720]    43303 ms: Scavenge 310.0 (331.8) -> 294.5 (331.8) MB, 0.8 / 0.0 ms  (average mu = 0.989, current mu = 0.988) allocation failure; 
[6089:0x73fe720]    43310 ms: Scavenge 310.1 (331.8) -> 294.5 (331.8) MB, 1.1 / 0.0 ms  (average mu = 0.989, current mu = 0.988) allocation failure; 
[6089:0x73fe720]    43318 ms: Scavenge 310.1 (331.8) -> 294.6 (332.1) MB, 1.0 / 0.0 ms  (average mu = 0.989, current mu = 0.988) allocation failure; 
[6089:0x73fe720]    43325 ms: Scavenge 310.2 (332.1) -> 294.6 (332.1) MB, 1.0 / 0.0 ms  (average mu = 0.989, current mu = 0.988) allocation failure; 
[6089:0x73fe720]    43332 ms: Scavenge 310.2 (332.1) -> 294.7 (332.1) MB, 1.0 / 0.0 ms  (average mu = 0.989, current mu = 0.988) allocation failure; 
[6089:0x73fe720]    43339 ms: Scavenge 310.3 (332.1) -> 294.7 (332.1) MB, 1.1 / 0.0 ms  (average mu = 0.989, current mu = 0.988) allocation failure; 
[6089:0x73fe720]    43347 ms: Scavenge 310.3 (332.1) -> 294.8 (332.1) MB, 1.0 / 0.0 ms  (average mu = 0.989, current mu = 0.988) allocation failure; 
[6089:0x73fe720]    43355 ms: Scavenge 310.4 (332.1) -> 294.8 (332.3) MB, 1.4 / 0.0 ms  (average mu = 0.989, current mu = 0.988) allocation failure; 
[6089:0x73fe720]    43362 ms: Scavenge 310.4 (332.3) -> 294.9 (332.3) MB, 1.1 / 0.0 ms  (average mu = 0.989, current mu = 0.988) allocation failure; 
[6089:0x73fe720]    43369 ms: Scavenge 310.5 (332.3) -> 294.9 (332.3) MB, 1.2 / 0.0 ms  (average mu = 0.989, current mu = 0.988) allocation failure; 
[6089:0x73fe720]    43377 ms: Scavenge 310.5 (332.3) -> 295.0 (332.3) MB, 1.0 / 0.0 ms  (average mu = 0.989, current mu = 0.988) allocation failure; 
[6089:0x73fe720]    43384 ms: Scavenge 310.6 (332.3) -> 295.0 (332.3) MB, 1.1 / 0.0 ms  (average mu = 0.989, current mu = 0.988) allocation failure; 
[6089:0x73fe720]    43392 ms: Scavenge 310.6 (332.3) -> 295.1 (332.6) MB, 1.0 / 0.0 ms  (average mu = 0.989, current mu = 0.988) allocation failure; 
[6089:0x73fe720]    43399 ms: Scavenge 310.7 (332.6) -> 295.1 (332.6) MB, 0.9 / 0.0 ms  (average mu = 0.989, current mu = 0.988) allocation failure; 
[6089:0x73fe720]    43407 ms: Scavenge 310.7 (332.6) -> 295.2 (332.6) MB, 1.1 / 0.0 ms  (average mu = 0.989, current mu = 0.988) allocation failure; 
[6089:0x73fe720]    43414 ms: Scavenge 310.8 (332.6) -> 295.2 (332.6) MB, 0.9 / 0.0 ms  (average mu = 0.989, current mu = 0.988) allocation failure; 
[6089:0x73fe720]    43422 ms: Scavenge 310.8 (332.6) -> 295.3 (332.6) MB, 1.1 / 0.0 ms  (average mu = 0.989, current mu = 0.988) allocation failure; 
[6089:0x73fe720]    43429 ms: Scavenge 310.9 (332.6) -> 295.3 (332.8) MB, 1.1 / 0.0 ms  (average mu = 0.989, current mu = 0.988) allocation failure; 
[6089:0x73fe720]    43436 ms: Scavenge 310.9 (332.8) -> 295.4 (332.8) MB, 1.0 / 0.0 ms  (average mu = 0.989, current mu = 0.988) allocation failure; 
[6089:0x73fe720]    43443 ms: Scavenge 311.0 (332.8) -> 295.4 (332.8) MB, 0.9 / 0.0 ms  (average mu = 0.989, current mu = 0.988) allocation failure; 
[6089:0x73fe720]    43449 ms: Scavenge 311.0 (332.8) -> 295.5 (332.8) MB, 0.9 / 0.0 ms  (average mu = 0.989, current mu = 0.988) allocation failure; 
[6089:0x73fe720]    43456 ms: Scavenge 311.0 (332.8) -> 295.5 (332.8) MB, 0.9 / 0.0 ms  (average mu = 0.989, current mu = 0.988) allocation failure; 
[6089:0x73fe720]    43463 ms: Scavenge 311.1 (332.8) -> 295.6 (333.1) MB, 1.1 / 0.0 ms  (average mu = 0.989, current mu = 0.988) allocation failure; 
[6089:0x73fe720]    43470 ms: Scavenge 311.1 (333.1) -> 295.6 (333.1) MB, 0.9 / 0.0 ms  (average mu = 0.989, current mu = 0.988) allocation failure; 
[6089:0x73fe720]    43477 ms: Scavenge 311.2 (333.1) -> 295.6 (333.1) MB, 0.8 / 0.0 ms  (average mu = 0.989, current mu = 0.988) allocation failure; 
[6089:0x73fe720]    43483 ms: Scavenge 311.2 (333.1) -> 295.7 (333.1) MB, 0.8 / 0.0 ms  (average mu = 0.989, current mu = 0.988) allocation failure; 
[6089:0x73fe720]    43490 ms: Scavenge 311.3 (333.1) -> 295.7 (333.1) MB, 0.9 / 0.0 ms  (average mu = 0.989, current mu = 0.988) allocation failure; 
[6089:0x73fe720]    43496 ms: Scavenge 311.3 (333.1) -> 295.8 (333.1) MB, 0.8 / 0.0 ms  (average mu = 0.989, current mu = 0.988) allocation failure; 
[6089:0x73fe720]    43503 ms: Scavenge 311.4 (333.1) -> 295.8 (333.3) MB, 0.9 / 0.0 ms  (average mu = 0.989, current mu = 0.988) allocation failure; 
[6089:0x73fe720]    43509 ms: Scavenge 311.4 (333.3) -> 295.9 (333.3) MB, 0.8 / 0.0 ms  (average mu = 0.989, current mu = 0.988) allocation failure; 
[6089:0x73fe720]    43516 ms: Scavenge 311.5 (333.3) -> 295.9 (333.3) MB, 0.9 / 0.0 ms  (average mu = 0.989, current mu = 0.988) allocation failure; 
[6089:0x73fe720]    43522 ms: Scavenge 311.5 (333.3) -> 296.0 (333.3) MB, 0.9 / 0.0 ms  (average mu = 0.989, current mu = 0.988) allocation failure; 
[6089:0x73fe720]    43529 ms: Scavenge 311.6 (333.3) -> 296.0 (333.3) MB, 0.9 / 0.0 ms  (average mu = 0.989, current mu = 0.988) allocation failure; 
[6089:0x73fe720]    43535 ms: Scavenge 311.6 (333.3) -> 296.1 (333.6) MB, 1.0 / 0.0 ms  (average mu = 0.989, current mu = 0.988) allocation failure; 
[6089:0x73fe720]    43542 ms: Scavenge 311.7 (333.6) -> 296.1 (333.6) MB, 0.9 / 0.0 ms  (average mu = 0.989, current mu = 0.988) allocation failure; 
[6089:0x73fe720]    43549 ms: Scavenge 311.7 (333.6) -> 296.2 (333.6) MB, 0.9 / 0.0 ms  (average mu = 0.989, current mu = 0.988) allocation failure; 
[6089:0x73fe720]    43555 ms: Scavenge 311.8 (333.6) -> 296.2 (333.6) MB, 0.9 / 0.0 ms  (average mu = 0.989, current mu = 0.988) allocation failure; 
[6089:0x73fe720]    43562 ms: Scavenge 311.8 (333.6) -> 296.3 (333.6) MB, 0.9 / 0.0 ms  (average mu = 0.989, current mu = 0.988) allocation failure; 
[6089:0x73fe720]    43569 ms: Scavenge 311.9 (333.6) -> 296.3 (333.8) MB, 0.9 / 0.0 ms  (average mu = 0.989, current mu = 0.988) allocation failure; 
[6089:0x73fe720]    43576 ms: Scavenge 311.9 (333.8) -> 296.4 (333.8) MB, 0.9 / 0.0 ms  (average mu = 0.989, current mu = 0.988) allocation failure; 
[6089:0x73fe720]    43583 ms: Scavenge 312.0 (333.8) -> 296.4 (333.8) MB, 0.9 / 0.0 ms  (average mu = 0.989, current mu = 0.988) allocation failure; 
[6089:0x73fe720]    43589 ms: Scavenge 312.0 (333.8) -> 296.5 (333.8) MB, 0.9 / 0.0 ms  (average mu = 0.989, current mu = 0.988) allocation failure; 
[6089:0x73fe720]    43596 ms: Scavenge 312.1 (333.8) -> 296.5 (333.8) MB, 0.9 / 0.0 ms  (average mu = 0.989, current mu = 0.988) allocation failure; 
[6089:0x73fe720]    43603 ms: Scavenge 312.1 (333.8) -> 296.6 (334.1) MB, 1.0 / 0.0 ms  (average mu = 0.989, current mu = 0.988) allocation failure; 
[6089:0x73fe720]    43610 ms: Scavenge 312.1 (334.1) -> 296.6 (334.1) MB, 1.0 / 0.0 ms  (average mu = 0.989, current mu = 0.988) allocation failure; 
[6089:0x73fe720]    43616 ms: Scavenge 312.2 (334.1) -> 296.7 (334.1) MB, 1.0 / 0.0 ms  (average mu = 0.989, current mu = 0.988) allocation failure; 
[6089:0x73fe720]    43623 ms: Scavenge 312.2 (334.1) -> 296.7 (334.1) MB, 1.0 / 0.0 ms  (average mu = 0.989, current mu = 0.988) allocation failure; 
[6089:0x73fe720]    43630 ms: Scavenge 312.3 (334.1) -> 296.7 (334.1) MB, 1.0 / 0.0 ms  (average mu = 0.989, current mu = 0.988) allocation failure; 
[6089:0x73fe720]    43637 ms: Scavenge 312.3 (334.1) -> 296.8 (334.3) MB, 1.0 / 0.0 ms  (average mu = 0.989, current mu = 0.988) allocation failure; 
[6089:0x73fe720]    43644 ms: Scavenge 312.4 (334.3) -> 296.8 (334.3) MB, 1.0 / 0.0 ms  (average mu = 0.989, current mu = 0.988) allocation failure; 
[6089:0x73fe720]    43651 ms: Scavenge 312.4 (334.3) -> 296.9 (334.3) MB, 0.9 / 0.0 ms  (average mu = 0.989, current mu = 0.988) allocation failure; 
[6089:0x73fe720]    43657 ms: Scavenge 312.5 (334.3) -> 296.9 (334.3) MB, 0.9 / 0.0 ms  (average mu = 0.989, current mu = 0.988) allocation failure; 
[6089:0x73fe720]    43664 ms: Scavenge 312.5 (334.3) -> 297.0 (334.3) MB, 1.0 / 0.0 ms  (average mu = 0.989, current mu = 0.988) allocation failure; 
[6089:0x73fe720]    43672 ms: Scavenge 312.6 (334.3) -> 297.0 (334.6) MB, 1.2 / 0.0 ms  (average mu = 0.989, current mu = 0.988) allocation failure; 
[6089:0x73fe720]    43679 ms: Scavenge 312.6 (334.6) -> 297.1 (334.6) MB, 1.1 / 0.0 ms  (average mu = 0.989, current mu = 0.988) allocation failure; 
[6089:0x73fe720]    43687 ms: Scavenge 312.7 (334.6) -> 297.1 (334.6) MB, 1.0 / 0.0 ms  (average mu = 0.989, current mu = 0.988) allocation failure; 
[6089:0x73fe720]    43694 ms: Scavenge 312.7 (334.6) -> 297.2 (334.6) MB, 1.0 / 0.0 ms  (average mu = 0.989, current mu = 0.988) allocation failure; 
[6089:0x73fe720]    43701 ms: Scavenge 312.8 (334.6) -> 297.2 (334.6) MB, 1.1 / 0.0 ms  (average mu = 0.989, current mu = 0.988) allocation failure; 
[6089:0x73fe720]    43708 ms: Scavenge 312.8 (334.6) -> 297.3 (334.8) MB, 1.0 / 0.0 ms  (average mu = 0.989, current mu = 0.988) allocation failure; 
[6089:0x73fe720]    43715 ms: Scavenge 312.9 (334.8) -> 297.3 (334.8) MB, 0.9 / 0.0 ms  (average mu = 0.989, current mu = 0.988) allocation failure; 
[6089:0x73fe720]    43722 ms: Scavenge 312.9 (334.8) -> 297.4 (334.8) MB, 0.9 / 0.0 ms  (average mu = 0.989, current mu = 0.988) allocation failure; 
[6089:0x73fe720]    43729 ms: Scavenge 313.0 (334.8) -> 297.4 (334.8) MB, 0.9 / 0.0 ms  (average mu = 0.989, current mu = 0.988) allocation failure; 
[6089:0x73fe720]    43736 ms: Scavenge 313.0 (334.8) -> 297.5 (334.8) MB, 0.9 / 0.0 ms  (average mu = 0.989, current mu = 0.988) allocation failure; 
[6089:0x73fe720]    43742 ms: Scavenge 313.1 (334.8) -> 297.5 (335.1) MB, 0.9 / 0.0 ms  (average mu = 0.989, current mu = 0.988) allocation failure; 
[6089:0x73fe720]    43750 ms: Scavenge 313.1 (335.1) -> 297.6 (335.3) MB, 1.2 / 0.0 ms  (average mu = 0.989, current mu = 0.988) allocation failure; 
[6089:0x73fe720]    43764 ms: Scavenge 313.2 (335.3) -> 297.6 (335.3) MB, 1.6 / 0.0 ms  (average mu = 0.989, current mu = 0.988) allocation failure; 
[6089:0x73fe720]    43774 ms: Scavenge 313.2 (335.3) -> 297.7 (335.3) MB, 1.4 / 0.0 ms  (average mu = 0.989, current mu = 0.988) allocation failure; 
[6089:0x73fe720]    43787 ms: Scavenge 313.2 (335.3) -> 297.7 (335.3) MB, 1.3 / 0.0 ms  (average mu = 0.989, current mu = 0.988) allocation failure; 
[6089:0x73fe720]    43803 ms: Scavenge 313.3 (335.3) -> 297.8 (335.3) MB, 1.3 / 0.0 ms  (average mu = 0.989, current mu = 0.988) allocation failure; 
[6089:0x73fe720]    43811 ms: Scavenge 313.3 (335.3) -> 297.8 (335.3) MB, 1.1 / 0.0 ms  (average mu = 0.989, current mu = 0.988) allocation failure; 
[6089:0x73fe720]    43818 ms: Scavenge 313.4 (335.3) -> 297.8 (335.3) MB, 0.9 / 0.0 ms  (average mu = 0.989, current mu = 0.988) allocation failure; 
[6089:0x73fe720]    43825 ms: Scavenge 313.4 (335.3) -> 297.9 (335.3) MB, 1.0 / 0.0 ms  (average mu = 0.989, current mu = 0.988) allocation failure; 
[6089:0x73fe720]    43832 ms: Scavenge 313.5 (335.3) -> 297.9 (335.3) MB, 0.9 / 0.0 ms  (average mu = 0.989, current mu = 0.988) allocation failure; 
[6089:0x73fe720]    43839 ms: Scavenge 313.5 (335.3) -> 298.0 (335.3) MB, 1.0 / 0.0 ms  (average mu = 0.989, current mu = 0.988) allocation failure; 
[6089:0x73fe720]    43846 ms: Scavenge 313.6 (335.3) -> 298.0 (335.6) MB, 1.0 / 0.0 ms  (average mu = 0.989, current mu = 0.988) allocation failure; 
[6089:0x73fe720]    43854 ms: Scavenge 313.6 (335.6) -> 298.1 (335.6) MB, 0.9 / 0.0 ms  (average mu = 0.989, current mu = 0.988) allocation failure; 
[6089:0x73fe720]    43861 ms: Scavenge 313.7 (335.6) -> 298.1 (335.6) MB, 0.9 / 0.0 ms  (average mu = 0.989, current mu = 0.988) allocation failure; 
[6089:0x73fe720]    43868 ms: Scavenge 313.7 (335.6) -> 298.2 (335.6) MB, 0.9 / 0.0 ms  (average mu = 0.989, current mu = 0.988) allocation failure; 
[6089:0x73fe720]    43876 ms: Scavenge 313.8 (335.6) -> 298.2 (335.6) MB, 1.1 / 0.0 ms  (average mu = 0.989, current mu = 0.988) allocation failure; 
[6089:0x73fe720]    43883 ms: Scavenge 313.8 (335.6) -> 298.3 (336.1) MB, 1.0 / 0.0 ms  (average mu = 0.989, current mu = 0.988) allocation failure; 
[6089:0x73fe720]    43889 ms: Scavenge 313.9 (336.1) -> 298.3 (336.1) MB, 1.0 / 0.0 ms  (average mu = 0.989, current mu = 0.988) allocation failure; 
[6089:0x73fe720]    43896 ms: Scavenge 313.9 (336.1) -> 298.4 (336.1) MB, 1.1 / 0.0 ms  (average mu = 0.989, current mu = 0.988) allocation failure; 
[6089:0x73fe720]    43903 ms: Scavenge 314.0 (336.1) -> 298.4 (336.1) MB, 0.9 / 0.0 ms  (average mu = 0.989, current mu = 0.988) allocation failure; 
[6089:0x73fe720]    43910 ms: Scavenge 314.0 (336.1) -> 298.5 (336.1) MB, 1.0 / 0.0 ms  (average mu = 0.989, current mu = 0.988) allocation failure; 
[6089:0x73fe720]    43917 ms: Scavenge 314.1 (336.1) -> 298.6 (336.1) MB, 1.1 / 0.0 ms  (average mu = 0.989, current mu = 0.988) allocation failure; 
[6089:0x73fe720]    43927 ms: Scavenge 314.1 (336.1) -> 298.6 (336.3) MB, 1.5 / 0.0 ms  (average mu = 0.989, current mu = 0.988) allocation failure; 
[6089:0x73fe720]    43936 ms: Scavenge 314.2 (336.3) -> 298.6 (336.3) MB, 1.0 / 0.0 ms  (average mu = 0.989, current mu = 0.988) allocation failure; 
[6089:0x73fe720]    43943 ms: Scavenge 314.2 (336.3) -> 298.7 (336.3) MB, 1.2 / 0.0 ms  (average mu = 0.989, current mu = 0.988) allocation failure; 
[6089:0x73fe720]    43952 ms: Scavenge 314.3 (336.3) -> 298.7 (336.3) MB, 1.1 / 0.0 ms  (average mu = 0.989, current mu = 0.988) allocation failure; 
[6089:0x73fe720]    43959 ms: Scavenge 314.3 (336.3) -> 298.8 (336.3) MB, 0.9 / 0.0 ms  (average mu = 0.989, current mu = 0.988) allocation failure; 
[6089:0x73fe720]    43966 ms: Scavenge 314.3 (336.3) -> 298.8 (336.3) MB, 0.9 / 0.0 ms  (average mu = 0.989, current mu = 0.988) allocation failure; 
[6089:0x73fe720]    43973 ms: Scavenge 314.4 (336.3) -> 298.9 (336.3) MB, 0.9 / 0.0 ms  (average mu = 0.989, current mu = 0.988) allocation failure; 
[6089:0x73fe720]    43979 ms: Scavenge 314.4 (336.3) -> 298.9 (336.3) MB, 1.0 / 0.0 ms  (average mu = 0.989, current mu = 0.988) allocation failure; 
[6089:0x73fe720]    43986 ms: Scavenge 314.5 (336.3) -> 298.9 (336.3) MB, 0.9 / 0.0 ms  (average mu = 0.989, current mu = 0.988) allocation failure; 
[6089:0x73fe720]    43993 ms: Scavenge 314.5 (336.3) -> 299.0 (336.6) MB, 1.0 / 0.0 ms  (average mu = 0.989, current mu = 0.988) allocation failure; 
[6089:0x73fe720]    44000 ms: Scavenge 314.6 (336.6) -> 299.0 (336.6) MB, 0.9 / 0.0 ms  (average mu = 0.989, current mu = 0.988) allocation failure; 
[6089:0x73fe720]    44007 ms: Scavenge 314.6 (336.6) -> 299.1 (336.6) MB, 0.9 / 0.0 ms  (average mu = 0.989, current mu = 0.988) allocation failure; 
[6089:0x73fe720]    44013 ms: Scavenge 314.7 (336.6) -> 299.1 (336.6) MB, 0.9 / 0.0 ms  (average mu = 0.989, current mu = 0.988) allocation failure; 
[6089:0x73fe720]    44020 ms: Scavenge 314.7 (336.6) -> 299.2 (336.6) MB, 0.9 / 0.0 ms  (average mu = 0.989, current mu = 0.988) allocation failure; 
[6089:0x73fe720]    44027 ms: Scavenge 314.8 (336.6) -> 299.2 (336.8) MB, 0.9 / 0.0 ms  (average mu = 0.989, current mu = 0.988) allocation failure; 
[6089:0x73fe720]    44034 ms: Scavenge 314.8 (336.8) -> 299.3 (336.8) MB, 0.9 / 0.0 ms  (average mu = 0.989, current mu = 0.988) allocation failure; 
[6089:0x73fe720]    44040 ms: Scavenge 314.9 (336.8) -> 299.3 (336.8) MB, 0.9 / 0.0 ms  (average mu = 0.989, current mu = 0.988) allocation failure; 
[6089:0x73fe720]    44047 ms: Scavenge 314.9 (336.8) -> 299.4 (336.8) MB, 0.9 / 0.0 ms  (average mu = 0.989, current mu = 0.988) allocation failure; 
[6089:0x73fe720]    44054 ms: Scavenge 315.0 (336.8) -> 299.4 (336.8) MB, 0.9 / 0.0 ms  (average mu = 0.989, current mu = 0.988) allocation failure; 
[6089:0x73fe720]    44061 ms: Scavenge 315.0 (336.8) -> 299.5 (336.8) MB, 1.0 / 0.0 ms  (average mu = 0.989, current mu = 0.988) allocation failure; 
[6089:0x73fe720]    44067 ms: Scavenge 315.1 (336.8) -> 299.5 (337.1) MB, 0.9 / 0.0 ms  (average mu = 0.989, current mu = 0.988) allocation failure; 
[6089:0x73fe720]    44074 ms: Scavenge 315.1 (337.1) -> 299.6 (337.1) MB, 0.9 / 0.0 ms  (average mu = 0.989, current mu = 0.988) allocation failure; 
[6089:0x73fe720]    44081 ms: Scavenge 315.2 (337.1) -> 299.6 (337.1) MB, 0.9 / 0.0 ms  (average mu = 0.989, current mu = 0.988) allocation failure; 
[6089:0x73fe720]    44088 ms: Scavenge 315.2 (337.1) -> 299.7 (337.1) MB, 0.9 / 0.0 ms  (average mu = 0.989, current mu = 0.988) allocation failure; 
[6089:0x73fe720]    44094 ms: Scavenge 315.3 (337.1) -> 299.7 (337.1) MB, 0.9 / 0.0 ms  (average mu = 0.989, current mu = 0.988) allocation failure; 
[6089:0x73fe720]    44101 ms: Scavenge 315.3 (337.1) -> 299.8 (337.3) MB, 0.9 / 0.0 ms  (average mu = 0.989, current mu = 0.988) allocation failure; 
[6089:0x73fe720]    44108 ms: Scavenge 315.4 (337.3) -> 299.8 (337.3) MB, 0.9 / 0.0 ms  (average mu = 0.989, current mu = 0.988) allocation failure; 
[6089:0x73fe720]    44114 ms: Scavenge 315.4 (337.3) -> 299.9 (337.3) MB, 0.9 / 0.0 ms  (average mu = 0.989, current mu = 0.988) allocation failure; 
[6089:0x73fe720]    44121 ms: Scavenge 315.4 (337.3) -> 299.9 (337.3) MB, 0.9 / 0.0 ms  (average mu = 0.989, current mu = 0.988) allocation failure; 
[6089:0x73fe720]    44128 ms: Scavenge 315.5 (337.3) -> 300.0 (337.3) MB, 0.9 / 0.0 ms  (average mu = 0.989, current mu = 0.988) allocation failure; 
[6089:0x73fe720]    44134 ms: Scavenge 315.5 (337.3) -> 300.0 (337.6) MB, 0.9 / 0.0 ms  (average mu = 0.989, current mu = 0.988) allocation failure; 
[6089:0x73fe720]    44141 ms: Scavenge 315.6 (337.6) -> 300.1 (337.6) MB, 0.9 / 0.0 ms  (average mu = 0.989, current mu = 0.988) allocation failure; 
[6089:0x73fe720]    44148 ms: Scavenge 315.6 (337.6) -> 300.1 (337.6) MB, 0.9 / 0.0 ms  (average mu = 0.989, current mu = 0.988) allocation failure; 
[6089:0x73fe720]    44154 ms: Scavenge 315.7 (337.6) -> 300.1 (337.6) MB, 0.9 / 0.0 ms  (average mu = 0.989, current mu = 0.988) allocation failure; 
[6089:0x73fe720]    44161 ms: Scavenge 315.7 (337.6) -> 300.2 (337.6) MB, 0.9 / 0.0 ms  (average mu = 0.989, current mu = 0.988) allocation failure; 
[6089:0x73fe720]    44168 ms: Scavenge 315.8 (337.6) -> 300.2 (337.8) MB, 0.9 / 0.0 ms  (average mu = 0.989, current mu = 0.988) allocation failure; 
[6089:0x73fe720]    44175 ms: Scavenge 315.8 (337.8) -> 300.3 (338.1) MB, 1.3 / 0.0 ms  (average mu = 0.989, current mu = 0.988) allocation failure; 
[6089:0x73fe720]    44182 ms: Scavenge 315.9 (338.1) -> 300.3 (338.1) MB, 0.9 / 0.0 ms  (average mu = 0.989, current mu = 0.988) allocation failure; 
[6089:0x73fe720]    44188 ms: Scavenge 315.9 (338.1) -> 300.4 (338.1) MB, 0.9 / 0.0 ms  (average mu = 0.989, current mu = 0.988) allocation failure; 
[6089:0x73fe720]    44195 ms: Scavenge 316.0 (338.1) -> 300.4 (338.1) MB, 0.9 / 0.0 ms  (average mu = 0.989, current mu = 0.988) allocation failure; 
[6089:0x73fe720]    44202 ms: Scavenge 316.0 (338.1) -> 300.5 (338.1) MB, 0.9 / 0.0 ms  (average mu = 0.989, current mu = 0.988) allocation failure; 
[6089:0x73fe720]    44209 ms: Scavenge 316.1 (338.1) -> 300.5 (338.1) MB, 0.9 / 0.0 ms  (average mu = 0.989, current mu = 0.988) allocation failure; 
[6089:0x73fe720]    44215 ms: Scavenge 316.1 (338.1) -> 300.6 (338.1) MB, 0.9 / 0.0 ms  (average mu = 0.989, current mu = 0.988) allocation failure; 
[6089:0x73fe720]    44222 ms: Scavenge 316.2 (338.1) -> 300.6 (338.1) MB, 0.8 / 0.0 ms  (average mu = 0.989, current mu = 0.988) allocation failure; 
[6089:0x73fe720]    44228 ms: Scavenge 316.2 (338.1) -> 300.7 (338.1) MB, 0.8 / 0.0 ms  (average mu = 0.989, current mu = 0.988) allocation failure; 
[6089:0x73fe720]    44234 ms: Scavenge 316.3 (338.1) -> 300.7 (338.3) MB, 0.9 / 0.0 ms  (average mu = 0.989, current mu = 0.988) allocation failure; 
[6089:0x73fe720]    44241 ms: Scavenge 316.3 (338.3) -> 300.8 (338.3) MB, 0.8 / 0.0 ms  (average mu = 0.989, current mu = 0.988) allocation failure; 
[6089:0x73fe720]    44247 ms: Scavenge 316.4 (338.3) -> 300.8 (338.3) MB, 0.9 / 0.0 ms  (average mu = 0.989, current mu = 0.988) allocation failure; 
[6089:0x73fe720]    44254 ms: Scavenge 316.4 (338.3) -> 300.9 (338.3) MB, 0.8 / 0.0 ms  (average mu = 0.989, current mu = 0.988) allocation failure; 
[6089:0x73fe720]    44260 ms: Scavenge 316.5 (338.3) -> 300.9 (338.3) MB, 0.8 / 0.0 ms  (average mu = 0.989, current mu = 0.988) allocation failure; 
[6089:0x73fe720]    44267 ms: Scavenge 316.5 (338.3) -> 301.0 (338.6) MB, 1.0 / 0.0 ms  (average mu = 0.989, current mu = 0.988) allocation failure; 
[6089:0x73fe720]    44273 ms: Scavenge 316.6 (338.6) -> 301.0 (338.6) MB, 0.9 / 0.0 ms  (average mu = 0.989, current mu = 0.988) allocation failure; 
[6089:0x73fe720]    44280 ms: Scavenge 316.6 (338.6) -> 301.1 (338.6) MB, 0.9 / 0.0 ms  (average mu = 0.989, current mu = 0.988) allocation failure; 
[6089:0x73fe720]    44287 ms: Scavenge 316.6 (338.6) -> 301.1 (338.6) MB, 0.9 / 0.0 ms  (average mu = 0.989, current mu = 0.988) allocation failure; 
[6089:0x73fe720]    44293 ms: Scavenge 316.7 (338.6) -> 301.2 (338.6) MB, 0.9 / 0.0 ms  (average mu = 0.989, current mu = 0.988) allocation failure; 
[6089:0x73fe720]    44300 ms: Scavenge 316.7 (338.6) -> 301.2 (338.6) MB, 0.9 / 0.0 ms  (average mu = 0.989, current mu = 0.988) allocation failure; 
[6089:0x73fe720]    44307 ms: Scavenge 316.8 (338.6) -> 301.2 (338.8) MB, 0.9 / 0.0 ms  (average mu = 0.989, current mu = 0.988) allocation failure; 
[6089:0x73fe720]    44313 ms: Scavenge 316.8 (338.8) -> 301.3 (338.8) MB, 0.9 / 0.0 ms  (average mu = 0.989, current mu = 0.988) allocation failure; 
[6089:0x73fe720]    44320 ms: Scavenge 316.9 (338.8) -> 301.3 (338.8) MB, 0.9 / 0.0 ms  (average mu = 0.989, current mu = 0.988) allocation failure; 
[6089:0x73fe720]    44327 ms: Scavenge 316.9 (338.8) -> 301.4 (338.8) MB, 0.9 / 0.0 ms  (average mu = 0.989, current mu = 0.988) allocation failure; 
[6089:0x73fe720]    44333 ms: Scavenge 317.0 (338.8) -> 301.4 (338.8) MB, 0.8 / 0.0 ms  (average mu = 0.989, current mu = 0.988) allocation failure; 
[6089:0x73fe720]    44340 ms: Scavenge 317.0 (338.8) -> 301.5 (339.1) MB, 1.0 / 0.0 ms  (average mu = 0.989, current mu = 0.988) allocation failure; 
[6089:0x73fe720]    44347 ms: Scavenge 317.1 (339.1) -> 301.5 (339.1) MB, 0.9 / 0.0 ms  (average mu = 0.989, current mu = 0.988) allocation failure; 
[6089:0x73fe720]    44353 ms: Scavenge 317.1 (339.1) -> 301.6 (339.1) MB, 0.9 / 0.0 ms  (average mu = 0.989, current mu = 0.988) allocation failure; 
[6089:0x73fe720]    44360 ms: Scavenge 317.2 (339.1) -> 301.6 (339.1) MB, 1.0 / 0.0 ms  (average mu = 0.989, current mu = 0.988) allocation failure; 
[6089:0x73fe720]    44367 ms: Scavenge 317.2 (339.1) -> 301.7 (339.1) MB, 0.9 / 0.0 ms  (average mu = 0.989, current mu = 0.988) allocation failure; 
[6089:0x73fe720]    44373 ms: Scavenge 317.3 (339.1) -> 301.7 (339.3) MB, 0.9 / 0.0 ms  (average mu = 0.989, current mu = 0.988) allocation failure; 
[6089:0x73fe720]    44380 ms: Scavenge 317.3 (339.3) -> 301.8 (339.3) MB, 0.9 / 0.0 ms  (average mu = 0.989, current mu = 0.988) allocation failure; 
[6089:0x73fe720]    44387 ms: Scavenge 317.4 (339.3) -> 301.8 (339.3) MB, 0.9 / 0.0 ms  (average mu = 0.989, current mu = 0.988) allocation failure; 
[6089:0x73fe720]    44395 ms: Scavenge 317.4 (339.3) -> 301.9 (339.3) MB, 0.9 / 0.0 ms  (average mu = 0.989, current mu = 0.988) allocation failure; 
[6089:0x73fe720]    44401 ms: Scavenge 317.5 (339.3) -> 301.9 (339.3) MB, 0.9 / 0.0 ms  (average mu = 0.989, current mu = 0.988) allocation failure; 
[6089:0x73fe720]    44408 ms: Scavenge 317.5 (339.3) -> 302.0 (339.6) MB, 0.8 / 0.0 ms  (average mu = 0.989, current mu = 0.988) allocation failure; 
[6089:0x73fe720]    44415 ms: Scavenge 317.6 (339.6) -> 302.0 (339.6) MB, 0.9 / 0.0 ms  (average mu = 0.989, current mu = 0.988) allocation failure; 
[6089:0x73fe720]    44421 ms: Scavenge 317.6 (339.6) -> 302.1 (339.6) MB, 0.9 / 0.0 ms  (average mu = 0.989, current mu = 0.988) allocation failure; 
[6089:0x73fe720]    44428 ms: Scavenge 317.7 (339.6) -> 302.1 (339.6) MB, 0.9 / 0.0 ms  (average mu = 0.989, current mu = 0.988) allocation failure; 
[6089:0x73fe720]    44435 ms: Scavenge 317.7 (339.6) -> 302.2 (339.6) MB, 0.8 / 0.0 ms  (average mu = 0.989, current mu = 0.988) allocation failure; 
[6089:0x73fe720]    44441 ms: Scavenge 317.7 (339.6) -> 302.2 (339.8) MB, 0.9 / 0.0 ms  (average mu = 0.989, current mu = 0.988) allocation failure; 
[6089:0x73fe720]    44448 ms: Scavenge 317.8 (339.8) -> 302.3 (339.8) MB, 0.9 / 0.0 ms  (average mu = 0.989, current mu = 0.988) allocation failure; 
[6089:0x73fe720]    44455 ms: Scavenge 317.8 (339.8) -> 302.3 (339.8) MB, 1.1 / 0.0 ms  (average mu = 0.989, current mu = 0.988) allocation failure; 
[6089:0x73fe720]    44462 ms: Scavenge 317.9 (339.8) -> 302.3 (339.8) MB, 0.9 / 0.0 ms  (average mu = 0.989, current mu = 0.988) allocation failure; 
[6089:0x73fe720]    44468 ms: Scavenge 317.9 (339.8) -> 302.4 (339.8) MB, 0.9 / 0.0 ms  (average mu = 0.989, current mu = 0.988) allocation failure; 
[6089:0x73fe720]    44475 ms: Scavenge 318.0 (339.8) -> 302.4 (340.1) MB, 0.9 / 0.0 ms  (average mu = 0.989, current mu = 0.988) allocation failure; 
[6089:0x73fe720]    44482 ms: Scavenge 318.0 (340.1) -> 302.5 (340.1) MB, 0.9 / 0.0 ms  (average mu = 0.989, current mu = 0.988) allocation failure; 
[6089:0x73fe720]    44489 ms: Scavenge 318.1 (340.1) -> 302.5 (340.1) MB, 0.9 / 0.0 ms  (average mu = 0.989, current mu = 0.988) allocation failure; 
[6089:0x73fe720]    44495 ms: Scavenge 318.1 (340.1) -> 302.6 (340.1) MB, 1.0 / 0.0 ms  (average mu = 0.989, current mu = 0.988) allocation failure; 
[6089:0x73fe720]    44502 ms: Scavenge 318.2 (340.1) -> 302.6 (340.1) MB, 0.9 / 0.0 ms  (average mu = 0.989, current mu = 0.988) allocation failure; 
[6089:0x73fe720]    44509 ms: Scavenge 318.2 (340.1) -> 302.7 (340.3) MB, 0.9 / 0.0 ms  (average mu = 0.989, current mu = 0.988) allocation failure; 
[6089:0x73fe720]    44515 ms: Scavenge 318.3 (340.3) -> 302.7 (340.3) MB, 0.8 / 0.0 ms  (average mu = 0.989, current mu = 0.988) allocation failure; 
[6089:0x73fe720]    44522 ms: Scavenge 318.3 (340.3) -> 302.8 (340.3) MB, 0.9 / 0.0 ms  (average mu = 0.989, current mu = 0.988) allocation failure; 
[6089:0x73fe720]    44529 ms: Scavenge 318.4 (340.3) -> 302.8 (340.3) MB, 0.8 / 0.0 ms  (average mu = 0.989, current mu = 0.988) allocation failure; 
[6089:0x73fe720]    44535 ms: Scavenge 318.4 (340.3) -> 302.9 (340.3) MB, 0.9 / 0.0 ms  (average mu = 0.989, current mu = 0.988) allocation failure; 
[6089:0x73fe720]    44542 ms: Scavenge 318.5 (340.3) -> 302.9 (340.3) MB, 0.9 / 0.0 ms  (average mu = 0.989, current mu = 0.988) allocation failure; 
[6089:0x73fe720]    44549 ms: Scavenge 318.5 (340.3) -> 303.0 (340.6) MB, 1.2 / 0.0 ms  (average mu = 0.989, current mu = 0.988) allocation failure; 
[6089:0x73fe720]    44555 ms: Scavenge 318.6 (340.6) -> 303.0 (340.6) MB, 0.8 / 0.0 ms  (average mu = 0.989, current mu = 0.988) allocation failure; 
[6089:0x73fe720]    44562 ms: Scavenge 318.6 (340.6) -> 303.1 (340.6) MB, 0.8 / 0.0 ms  (average mu = 0.989, current mu = 0.988) allocation failure; 
[6089:0x73fe720]    44568 ms: Scavenge 318.7 (340.6) -> 303.1 (340.6) MB, 0.8 / 0.0 ms  (average mu = 0.989, current mu = 0.988) allocation failure; 
[6089:0x73fe720]    44575 ms: Scavenge 318.7 (340.6) -> 303.2 (340.6) MB, 0.9 / 0.0 ms  (average mu = 0.989, current mu = 0.988) allocation failure; 
[6089:0x73fe720]    44582 ms: Scavenge 318.8 (340.6) -> 303.2 (340.8) MB, 0.9 / 0.0 ms  (average mu = 0.989, current mu = 0.988) allocation failure; 
[6089:0x73fe720]    44589 ms: Scavenge 318.8 (340.8) -> 303.3 (340.8) MB, 0.9 / 0.0 ms  (average mu = 0.989, current mu = 0.988) allocation failure; 
[6089:0x73fe720]    44596 ms: Scavenge 318.8 (340.8) -> 303.3 (340.8) MB, 0.9 / 0.0 ms  (average mu = 0.989, current mu = 0.988) allocation failure; 
[6089:0x73fe720]    44602 ms: Scavenge 318.9 (340.8) -> 303.4 (340.8) MB, 0.9 / 0.0 ms  (average mu = 0.989, current mu = 0.988) allocation failure; 
[6089:0x73fe720]    44609 ms: Scavenge 318.9 (340.8) -> 303.4 (340.8) MB, 0.9 / 0.0 ms  (average mu = 0.989, current mu = 0.988) allocation failure; 
[6089:0x73fe720]    44616 ms: Scavenge 319.0 (340.8) -> 303.4 (341.1) MB, 1.1 / 0.0 ms  (average mu = 0.989, current mu = 0.988) allocation failure; 
[6089:0x73fe720]    44623 ms: Scavenge 319.0 (341.1) -> 303.5 (341.1) MB, 1.1 / 0.0 ms  (average mu = 0.989, current mu = 0.988) allocation failure; 
[6089:0x73fe720]    44629 ms: Scavenge 317.5 (341.1) -> 303.5 (341.1) MB, 0.9 / 0.0 ms  (average mu = 0.989, current mu = 0.988) task; 
[6089:0x73fe720]    44636 ms: Scavenge 319.1 (341.1) -> 303.6 (341.1) MB, 0.9 / 0.0 ms  (average mu = 0.989, current mu = 0.988) allocation failure; 
[6089:0x73fe720]    44643 ms: Scavenge 319.2 (341.1) -> 303.6 (341.1) MB, 0.9 / 0.0 ms  (average mu = 0.989, current mu = 0.988) allocation failure; 
[6089:0x73fe720]    44649 ms: Scavenge 319.2 (341.1) -> 303.7 (341.3) MB, 0.9 / 0.0 ms  (average mu = 0.989, current mu = 0.988) allocation failure; 
[6089:0x73fe720]    44656 ms: Scavenge 319.3 (341.3) -> 303.7 (341.3) MB, 0.8 / 0.0 ms  (average mu = 0.989, current mu = 0.988) allocation failure; 
[6089:0x73fe720]    44663 ms: Scavenge 319.3 (341.3) -> 303.8 (341.3) MB, 0.9 / 0.0 ms  (average mu = 0.989, current mu = 0.988) allocation failure; 
[6089:0x73fe720]    44669 ms: Scavenge 319.4 (341.3) -> 303.8 (341.3) MB, 0.9 / 0.0 ms  (average mu = 0.989, current mu = 0.988) allocation failure; 
[6089:0x73fe720]    44676 ms: Scavenge 319.4 (341.3) -> 303.9 (341.3) MB, 0.9 / 0.0 ms  (average mu = 0.989, current mu = 0.988) allocation failure; 
[6089:0x73fe720]    44683 ms: Scavenge 319.5 (341.3) -> 303.9 (341.6) MB, 0.9 / 0.0 ms  (average mu = 0.989, current mu = 0.988) allocation failure; 
[6089:0x73fe720]    44689 ms: Scavenge 319.5 (341.6) -> 304.0 (341.6) MB, 0.9 / 0.0 ms  (average mu = 0.989, current mu = 0.988) allocation failure; 
[6089:0x73fe720]    44696 ms: Scavenge 319.6 (341.6) -> 304.0 (341.6) MB, 0.9 / 0.0 ms  (average mu = 0.989, current mu = 0.988) allocation failure; 
[6089:0x73fe720]    44703 ms: Scavenge 319.6 (341.6) -> 304.1 (341.6) MB, 0.9 / 0.0 ms  (average mu = 0.989, current mu = 0.988) allocation failure; 
[6089:0x73fe720]    44709 ms: Scavenge 319.7 (341.6) -> 304.1 (341.6) MB, 0.9 / 0.0 ms  (average mu = 0.989, current mu = 0.988) allocation failure; 
[6089:0x73fe720]    44716 ms: Scavenge 319.7 (341.6) -> 304.2 (341.8) MB, 0.9 / 0.0 ms  (average mu = 0.989, current mu = 0.988) allocation failure; 
[6089:0x73fe720]    44723 ms: Scavenge 319.8 (341.8) -> 304.2 (341.8) MB, 0.9 / 0.0 ms  (average mu = 0.989, current mu = 0.988) allocation failure; 
[6089:0x73fe720]    44729 ms: Scavenge 319.8 (341.8) -> 304.3 (341.8) MB, 0.9 / 0.0 ms  (average mu = 0.989, current mu = 0.988) allocation failure; 
[6089:0x73fe720]    44736 ms: Scavenge 319.8 (341.8) -> 304.3 (341.8) MB, 1.2 / 0.0 ms  (average mu = 0.989, current mu = 0.988) allocation failure; 
[6089:0x73fe720]    44743 ms: Scavenge 319.9 (341.8) -> 304.4 (341.8) MB, 1.0 / 0.0 ms  (average mu = 0.989, current mu = 0.988) allocation failure; 
[6089:0x73fe720]    44750 ms: Scavenge 319.9 (341.8) -> 304.4 (342.1) MB, 0.9 / 0.0 ms  (average mu = 0.989, current mu = 0.988) allocation failure; 
[6089:0x73fe720]    44756 ms: Scavenge 320.0 (342.1) -> 304.4 (342.1) MB, 0.9 / 0.0 ms  (average mu = 0.989, current mu = 0.988) allocation failure; 
[6089:0x73fe720]    44763 ms: Scavenge 320.0 (342.1) -> 304.5 (342.1) MB, 0.9 / 0.0 ms  (average mu = 0.989, current mu = 0.988) allocation failure; 
[6089:0x73fe720]    44770 ms: Scavenge 320.1 (342.1) -> 304.5 (342.1) MB, 0.9 / 0.0 ms  (average mu = 0.989, current mu = 0.988) allocation failure; 
[6089:0x73fe720]    44776 ms: Scavenge 320.1 (342.1) -> 304.6 (342.1) MB, 0.9 / 0.0 ms  (average mu = 0.989, current mu = 0.988) allocation failure; 
[6089:0x73fe720]    44783 ms: Scavenge 320.2 (342.1) -> 304.6 (342.1) MB, 0.9 / 0.0 ms  (average mu = 0.989, current mu = 0.988) allocation failure; 
[6089:0x73fe720]    44790 ms: Scavenge 320.2 (342.1) -> 304.7 (342.3) MB, 1.0 / 0.0 ms  (average mu = 0.989, current mu = 0.988) allocation failure; 
[6089:0x73fe720]    44797 ms: Scavenge 320.3 (342.3) -> 304.7 (342.3) MB, 1.0 / 0.0 ms  (average mu = 0.989, current mu = 0.988) allocation failure; 
[6089:0x73fe720]    44803 ms: Scavenge 320.3 (342.3) -> 304.8 (342.3) MB, 1.0 / 0.0 ms  (average mu = 0.989, current mu = 0.988) allocation failure; 
[6089:0x73fe720]    44810 ms: Scavenge 320.4 (342.3) -> 304.8 (342.3) MB, 1.0 / 0.0 ms  (average mu = 0.989, current mu = 0.988) allocation failure; 
[6089:0x73fe720]    44817 ms: Scavenge 320.4 (342.3) -> 304.9 (342.3) MB, 1.0 / 0.0 ms  (average mu = 0.989, current mu = 0.988) allocation failure; 
[6089:0x73fe720]    44824 ms: Scavenge 320.5 (342.3) -> 304.9 (342.6) MB, 0.9 / 0.0 ms  (average mu = 0.989, current mu = 0.988) allocation failure; 
[6089:0x73fe720]    44830 ms: Scavenge 320.5 (342.6) -> 305.0 (342.6) MB, 0.9 / 0.0 ms  (average mu = 0.989, current mu = 0.988) allocation failure; 
[6089:0x73fe720]    44837 ms: Scavenge 320.6 (342.6) -> 305.0 (342.6) MB, 0.9 / 0.0 ms  (average mu = 0.989, current mu = 0.988) allocation failure; 
[6089:0x73fe720]    44844 ms: Scavenge 320.6 (342.6) -> 305.1 (342.6) MB, 0.9 / 0.0 ms  (average mu = 0.989, current mu = 0.988) allocation failure; 
[6089:0x73fe720]    44851 ms: Scavenge 320.7 (342.6) -> 305.1 (342.6) MB, 1.1 / 0.0 ms  (average mu = 0.989, current mu = 0.988) allocation failure; 
[6089:0x73fe720]    44858 ms: Scavenge 320.7 (342.6) -> 305.2 (342.8) MB, 0.9 / 0.0 ms  (average mu = 0.989, current mu = 0.988) allocation failure; 
[6089:0x73fe720]    44865 ms: Scavenge 320.8 (342.8) -> 305.2 (342.8) MB, 0.9 / 0.0 ms  (average mu = 0.989, current mu = 0.988) allocation failure; 
[6089:0x73fe720]    44871 ms: Scavenge 320.8 (342.8) -> 305.3 (342.8) MB, 0.9 / 0.0 ms  (average mu = 0.989, current mu = 0.988) allocation failure; 
[6089:0x73fe720]    44878 ms: Scavenge 320.9 (342.8) -> 305.3 (342.8) MB, 0.9 / 0.0 ms  (average mu = 0.989, current mu = 0.988) allocation failure; 
[6089:0x73fe720]    44885 ms: Scavenge 320.9 (342.8) -> 305.4 (342.8) MB, 0.9 / 0.0 ms  (average mu = 0.989, current mu = 0.988) allocation failure; 
[6089:0x73fe720]    44891 ms: Scavenge 320.9 (342.8) -> 305.4 (343.1) MB, 0.9 / 0.0 ms  (average mu = 0.989, current mu = 0.988) allocation failure; 
[6089:0x73fe720]    44898 ms: Scavenge 321.0 (343.1) -> 305.5 (343.1) MB, 0.9 / 0.0 ms  (average mu = 0.989, current mu = 0.988) allocation failure; 
[6089:0x73fe720]    44904 ms: Scavenge 321.0 (343.1) -> 305.5 (343.1) MB, 0.8 / 0.0 ms  (average mu = 0.989, current mu = 0.988) allocation failure; 
[6089:0x73fe720]    44911 ms: Scavenge 321.1 (343.1) -> 305.5 (343.1) MB, 0.9 / 0.0 ms  (average mu = 0.989, current mu = 0.988) allocation failure; 
[6089:0x73fe720]    44918 ms: Scavenge 321.1 (343.1) -> 305.6 (343.1) MB, 0.9 / 0.0 ms  (average mu = 0.989, current mu = 0.988) allocation failure; 
[6089:0x73fe720]    44924 ms: Scavenge 321.2 (343.1) -> 305.6 (343.3) MB, 0.9 / 0.0 ms  (average mu = 0.989, current mu = 0.988) allocation failure; 
[6089:0x73fe720]    44931 ms: Scavenge 321.2 (343.3) -> 305.7 (343.3) MB, 0.9 / 0.0 ms  (average mu = 0.989, current mu = 0.988) allocation failure; 
[6089:0x73fe720]    44938 ms: Scavenge 321.3 (343.3) -> 305.7 (343.3) MB, 0.9 / 0.0 ms  (average mu = 0.989, current mu = 0.988) allocation failure; 
[6089:0x73fe720]    44944 ms: Scavenge 321.3 (343.3) -> 305.8 (343.3) MB, 0.9 / 0.0 ms  (average mu = 0.989, current mu = 0.988) allocation failure; 
[6089:0x73fe720]    44951 ms: Scavenge 321.4 (343.3) -> 305.8 (343.3) MB, 0.9 / 0.0 ms  (average mu = 0.989, current mu = 0.988) allocation failure; 
[6089:0x73fe720]    44958 ms: Scavenge 321.4 (343.3) -> 305.9 (343.6) MB, 0.9 / 0.0 ms  (average mu = 0.989, current mu = 0.988) allocation failure; 
[6089:0x73fe720]    44965 ms: Scavenge 321.5 (343.6) -> 305.9 (343.6) MB, 0.9 / 0.0 ms  (average mu = 0.989, current mu = 0.988) allocation failure; 
[6089:0x73fe720]    44971 ms: Scavenge 321.5 (343.6) -> 306.0 (343.6) MB, 0.9 / 0.0 ms  (average mu = 0.989, current mu = 0.988) allocation failure; 
[6089:0x73fe720]    44978 ms: Scavenge 321.6 (343.6) -> 306.0 (343.6) MB, 0.9 / 0.0 ms  (average mu = 0.989, current mu = 0.988) allocation failure; 
[6089:0x73fe720]    44985 ms: Scavenge 321.6 (343.6) -> 306.1 (343.6) MB, 0.9 / 0.0 ms  (average mu = 0.989, current mu = 0.988) allocation failure; 
[6089:0x73fe720]    44991 ms: Scavenge 321.7 (343.6) -> 306.1 (343.8) MB, 1.0 / 0.0 ms  (average mu = 0.989, current mu = 0.988) allocation failure; 
[6089:0x73fe720]    44999 ms: Scavenge 321.7 (343.8) -> 306.2 (343.8) MB, 1.6 / 0.0 ms  (average mu = 0.989, current mu = 0.988) allocation failure; 
[6089:0x73fe720]    45006 ms: Scavenge 321.8 (343.8) -> 306.2 (343.8) MB, 0.9 / 0.0 ms  (average mu = 0.989, current mu = 0.988) allocation failure; 
[6089:0x73fe720]    45012 ms: Scavenge 321.8 (343.8) -> 306.3 (343.8) MB, 1.1 / 0.0 ms  (average mu = 0.989, current mu = 0.988) allocation failure; 
[6089:0x73fe720]    45019 ms: Scavenge 321.9 (343.8) -> 306.3 (343.8) MB, 0.9 / 0.0 ms  (average mu = 0.989, current mu = 0.988) allocation failure; 
[6089:0x73fe720]    45026 ms: Scavenge 321.9 (343.8) -> 306.4 (343.8) MB, 1.0 / 0.0 ms  (average mu = 0.989, current mu = 0.988) allocation failure; 
[6089:0x73fe720]    45033 ms: Scavenge 322.0 (343.8) -> 306.4 (344.1) MB, 0.9 / 0.0 ms  (average mu = 0.989, current mu = 0.988) allocation failure; 
[6089:0x73fe720]    45039 ms: Scavenge 322.0 (344.1) -> 306.5 (344.1) MB, 0.8 / 0.0 ms  (average mu = 0.989, current mu = 0.988) allocation failure; 
[6089:0x73fe720]    45046 ms: Scavenge 322.0 (344.1) -> 306.5 (344.1) MB, 1.1 / 0.0 ms  (average mu = 0.989, current mu = 0.988) allocation failure; 
[6089:0x73fe720]    45053 ms: Scavenge 322.1 (344.1) -> 306.6 (344.1) MB, 0.9 / 0.0 ms  (average mu = 0.989, current mu = 0.988) allocation failure; 
[6089:0x73fe720]    45060 ms: Scavenge 322.1 (344.1) -> 306.6 (344.1) MB, 1.0 / 0.0 ms  (average mu = 0.989, current mu = 0.988) allocation failure; 
[6089:0x73fe720]    45068 ms: Scavenge 322.2 (344.1) -> 306.6 (344.3) MB, 1.4 / 0.0 ms  (average mu = 0.989, current mu = 0.988) allocation failure; 
[6089:0x73fe720]    45075 ms: Scavenge 322.2 (344.3) -> 306.7 (344.3) MB, 1.0 / 0.0 ms  (average mu = 0.989, current mu = 0.988) allocation failure; 
[6089:0x73fe720]    45081 ms: Scavenge 322.3 (344.3) -> 306.8 (344.3) MB, 0.8 / 0.0 ms  (average mu = 0.989, current mu = 0.988) allocation failure; 
[6089:0x73fe720]    45088 ms: Scavenge 322.3 (344.3) -> 306.8 (344.3) MB, 1.1 / 0.0 ms  (average mu = 0.989, current mu = 0.988) allocation failure; 
[6089:0x73fe720]    45095 ms: Scavenge 322.4 (344.3) -> 306.8 (344.3) MB, 0.9 / 0.0 ms  (average mu = 0.989, current mu = 0.988) allocation failure; 
[6089:0x73fe720]    45102 ms: Scavenge 322.4 (344.3) -> 306.9 (344.6) MB, 0.9 / 0.0 ms  (average mu = 0.989, current mu = 0.988) allocation failure; 
[6089:0x73fe720]    45108 ms: Scavenge 322.5 (344.6) -> 306.9 (344.6) MB, 0.9 / 0.0 ms  (average mu = 0.989, current mu = 0.988) allocation failure; 
[6089:0x73fe720]    45115 ms: Scavenge 322.5 (344.6) -> 307.0 (344.6) MB, 0.8 / 0.0 ms  (average mu = 0.989, current mu = 0.988) allocation failure; 
[6089:0x73fe720]    45121 ms: Scavenge 322.6 (344.6) -> 307.0 (344.6) MB, 0.8 / 0.0 ms  (average mu = 0.989, current mu = 0.988) allocation failure; 
[6089:0x73fe720]    45128 ms: Scavenge 322.6 (344.6) -> 307.1 (344.6) MB, 0.9 / 0.0 ms  (average mu = 0.989, current mu = 0.988) allocation failure; 
[6089:0x73fe720]    45135 ms: Scavenge 322.7 (344.6) -> 307.1 (344.8) MB, 0.9 / 0.0 ms  (average mu = 0.989, current mu = 0.988) allocation failure; 
[6089:0x73fe720]    45141 ms: Scavenge 322.7 (344.8) -> 307.2 (344.8) MB, 0.9 / 0.0 ms  (average mu = 0.989, current mu = 0.988) allocation failure; 
[6089:0x73fe720]    45148 ms: Scavenge 322.8 (344.8) -> 307.2 (344.8) MB, 0.9 / 0.0 ms  (average mu = 0.989, current mu = 0.988) allocation failure; 
[6089:0x73fe720]    45155 ms: Scavenge 322.8 (344.8) -> 307.3 (344.8) MB, 0.9 / 0.0 ms  (average mu = 0.989, current mu = 0.988) allocation failure; 
[6089:0x73fe720]    45162 ms: Scavenge 322.9 (344.8) -> 307.3 (344.8) MB, 1.0 / 0.0 ms  (average mu = 0.989, current mu = 0.988) allocation failure; 
[6089:0x73fe720]    45168 ms: Scavenge 322.9 (344.8) -> 307.4 (345.1) MB, 0.9 / 0.0 ms  (average mu = 0.989, current mu = 0.988) allocation failure; 
[6089:0x73fe720]    45175 ms: Scavenge 323.0 (345.1) -> 307.4 (345.1) MB, 0.8 / 0.0 ms  (average mu = 0.989, current mu = 0.988) allocation failure; 
[6089:0x73fe720]    45181 ms: Scavenge 323.0 (345.1) -> 307.5 (345.1) MB, 0.8 / 0.0 ms  (average mu = 0.989, current mu = 0.988) allocation failure; 
[6089:0x73fe720]    45188 ms: Scavenge 323.1 (345.1) -> 307.5 (345.1) MB, 0.8 / 0.0 ms  (average mu = 0.989, current mu = 0.988) allocation failure; 
[6089:0x73fe720]    45194 ms: Scavenge 323.1 (345.1) -> 307.6 (345.1) MB, 0.9 / 0.0 ms  (average mu = 0.989, current mu = 0.988) allocation failure; 
[6089:0x73fe720]    45201 ms: Scavenge 323.1 (345.1) -> 307.6 (345.3) MB, 0.9 / 0.0 ms  (average mu = 0.989, current mu = 0.988) allocation failure; 
[6089:0x73fe720]    45207 ms: Scavenge 323.2 (345.3) -> 307.7 (345.3) MB, 0.8 / 0.0 ms  (average mu = 0.989, current mu = 0.988) allocation failure; 
[6089:0x73fe720]    45213 ms: Scavenge 323.2 (345.3) -> 307.7 (345.3) MB, 0.8 / 0.0 ms  (average mu = 0.989, current mu = 0.988) allocation failure; 
[6089:0x73fe720]    45220 ms: Scavenge 323.3 (345.3) -> 307.7 (345.3) MB, 0.8 / 0.0 ms  (average mu = 0.989, current mu = 0.988) allocation failure; 
[6089:0x73fe720]    45226 ms: Scavenge 323.3 (345.3) -> 307.8 (345.3) MB, 1.1 / 0.0 ms  (average mu = 0.989, current mu = 0.988) allocation failure; 
[6089:0x73fe720]    45232 ms: Scavenge 323.4 (345.3) -> 307.8 (345.6) MB, 0.9 / 0.0 ms  (average mu = 0.989, current mu = 0.988) allocation failure; 
[6089:0x73fe720]    45239 ms: Scavenge 323.4 (345.6) -> 307.9 (345.6) MB, 0.8 / 0.0 ms  (average mu = 0.989, current mu = 0.988) allocation failure; 
[6089:0x73fe720]    45245 ms: Scavenge 323.5 (345.6) -> 307.9 (345.6) MB, 0.8 / 0.0 ms  (average mu = 0.989, current mu = 0.988) allocation failure; 
[6089:0x73fe720]    45251 ms: Scavenge 323.5 (345.6) -> 308.0 (345.6) MB, 0.8 / 0.0 ms  (average mu = 0.989, current mu = 0.988) allocation failure; 
[6089:0x73fe720]    45257 ms: Scavenge 323.6 (345.6) -> 308.0 (345.6) MB, 0.7 / 0.0 ms  (average mu = 0.989, current mu = 0.988) allocation failure; 
[6089:0x73fe720]    45263 ms: Scavenge 323.6 (345.6) -> 308.1 (345.6) MB, 1.0 / 0.0 ms  (average mu = 0.989, current mu = 0.988) allocation failure; 
[6089:0x73fe720]    45269 ms: Scavenge 323.7 (345.6) -> 308.1 (345.8) MB, 0.9 / 0.0 ms  (average mu = 0.989, current mu = 0.988) allocation failure; 
[6089:0x73fe720]    45275 ms: Scavenge 323.7 (345.8) -> 308.2 (345.8) MB, 0.8 / 0.0 ms  (average mu = 0.989, current mu = 0.988) allocation failure; 
[6089:0x73fe720]    45282 ms: Scavenge 323.8 (345.8) -> 308.2 (345.8) MB, 0.8 / 0.0 ms  (average mu = 0.989, current mu = 0.988) allocation failure; 
[6089:0x73fe720]    45288 ms: Scavenge 323.8 (345.8) -> 308.3 (345.8) MB, 0.8 / 0.0 ms  (average mu = 0.989, current mu = 0.988) allocation failure; 
[6089:0x73fe720]    45294 ms: Scavenge 323.9 (345.8) -> 308.3 (345.8) MB, 0.8 / 0.0 ms  (average mu = 0.989, current mu = 0.988) allocation failure; 
[6089:0x73fe720]    45300 ms: Scavenge 323.9 (345.8) -> 308.4 (346.1) MB, 0.8 / 0.0 ms  (average mu = 0.989, current mu = 0.988) allocation failure; 
[6089:0x73fe720]    45310 ms: Scavenge 330.6 (352.7) -> 315.1 (352.7) MB, 2.2 / 0.0 ms  (average mu = 0.989, current mu = 0.988) allocation failure; 
[6089:0x73fe720]    45316 ms: Scavenge 330.6 (352.7) -> 315.1 (353.0) MB, 0.9 / 0.0 ms  (average mu = 0.989, current mu = 0.988) allocation failure; 
[6089:0x73fe720]    45322 ms: Scavenge 330.7 (353.0) -> 315.1 (353.0) MB, 0.8 / 0.0 ms  (average mu = 0.989, current mu = 0.988) allocation failure; 
[6089:0x73fe720]    45328 ms: Scavenge 330.7 (353.0) -> 315.2 (353.0) MB, 0.8 / 0.0 ms  (average mu = 0.989, current mu = 0.988) allocation failure; 
[6089:0x73fe720]    45335 ms: Scavenge 330.8 (353.0) -> 315.3 (353.0) MB, 1.0 / 0.0 ms  (average mu = 0.989, current mu = 0.988) allocation failure; 
[6089:0x73fe720]    45341 ms: Scavenge 330.8 (353.0) -> 315.3 (353.0) MB, 0.9 / 0.0 ms  (average mu = 0.989, current mu = 0.988) allocation failure; 
[6089:0x73fe720]    45347 ms: Scavenge 330.9 (353.0) -> 315.3 (353.0) MB, 0.8 / 0.0 ms  (average mu = 0.989, current mu = 0.988) allocation failure; 
[6089:0x73fe720]    45353 ms: Scavenge 330.9 (353.0) -> 315.4 (353.0) MB, 0.7 / 0.0 ms  (average mu = 0.989, current mu = 0.988) allocation failure; 
[6089:0x73fe720]    45359 ms: Scavenge 331.0 (353.0) -> 315.4 (353.0) MB, 0.8 / 0.0 ms  (average mu = 0.989, current mu = 0.988) allocation failure; 
[6089:0x73fe720]    45365 ms: Scavenge 331.0 (353.0) -> 315.5 (353.2) MB, 0.9 / 0.0 ms  (average mu = 0.989, current mu = 0.988) allocation failure; 
[6089:0x73fe720]    45372 ms: Scavenge 331.1 (353.2) -> 315.5 (353.2) MB, 0.9 / 0.0 ms  (average mu = 0.989, current mu = 0.988) allocation failure; 
[6089:0x73fe720]    45378 ms: Scavenge 331.1 (353.2) -> 315.6 (353.2) MB, 0.8 / 0.0 ms  (average mu = 0.989, current mu = 0.988) allocation failure; 
[6089:0x73fe720]    45384 ms: Scavenge 331.2 (353.2) -> 315.6 (353.2) MB, 0.8 / 0.0 ms  (average mu = 0.989, current mu = 0.988) allocation failure; 
[6089:0x73fe720]    45391 ms: Scavenge 331.2 (353.2) -> 315.7 (353.2) MB, 0.8 / 0.0 ms  (average mu = 0.989, current mu = 0.988) allocation failure; 
